Initialized from retained incumbent: /Users/utshaho/Documents/GitHub/rl4rl/data/raw/autoresearch/sol-xhigh-overnight-20260814/state/incumbent.pt
Model: 2,112 parameters
Config: d=16, h=2, L=2, ff=10
Device: mps

INITIAL VAL 19.35%

Fine-tuning for up to 10000 steps...
  step   500 | loss 0.114595 | lr 0.000100 | 0.1min
  VAL 99.95%
  TEST 99.9800%
  *** New best: 99.9800% ***
  step  1000 | loss 0.114174 | lr 0.000099 | 0.3min
  VAL 100.00%
  TEST 99.9800%
  step  1500 | loss 0.114282 | lr 0.000096 | 0.4min
  VAL 100.00%
  TEST 99.9700%
  step  2000 | loss 0.110559 | lr 0.000093 | 0.6min
  VAL 100.00%
  TEST 99.9800%
  step  2500 | loss 0.110718 | lr 0.000088 | 0.7min
  VAL 100.00%
  TEST 99.9800%
  step  3000 | loss 0.108992 | lr 0.000082 | 0.8min
  VAL 99.95%
  TEST 99.9600%
  step  3500 | loss 0.107763 | lr 0.000075 | 1.0min
  VAL 100.00%
  TEST 99.9800%
  step  4000 | loss 0.104582 | lr 0.000068 | 1.1min
  VAL 99.95%
  TEST 99.9900%
  *** New best: 99.9900% ***
  step  4500 | loss 0.108690 | lr 0.000060 | 1.2min
  VAL 100.00%
  TEST 99.9900%
  step  5000 | loss 0.103356 | lr 0.000052 | 1.4min
  VAL 100.00%
  TEST 99.9600%
  step  5500 | loss 0.105353 | lr 0.000044 | 1.5min
  VAL 100.00%
  TEST 99.9900%
  step  6000 | loss 0.103742 | lr 0.000036 | 1.7min
  VAL 99.90%
  TEST 99.9900%
  step  6500 | loss 0.104391 | lr 0.000029 | 1.8min
  VAL 99.95%
  TEST 100.0000%
  *** New best: 100.0000% ***
Fine-tuned candidate reached the early-stop target.
