Initialized from retained incumbent: /Users/utshaho/Documents/GitHub/rl4rl/data/raw/autoresearch/sol-xhigh-overnight-20260814/state/incumbent.pt
Model: 2,015 parameters
Config: d=16, h=2, L=2, ff=10
Device: mps

INITIAL VAL 73.65%

Fine-tuning for up to 10000 steps...
  step   500 | loss 0.081063 | lr 0.000100 | 0.1min
  VAL 99.40%
  TEST 99.2500%
  *** New best: 99.2500% ***
  step  1000 | loss 0.080758 | lr 0.000099 | 0.3min
  VAL 99.75%
  TEST 99.4500%
  *** New best: 99.4500% ***
  step  1500 | loss 0.081153 | lr 0.000096 | 0.4min
  VAL 99.20%
  TEST 98.7200%
  step  2000 | loss 0.081345 | lr 0.000093 | 0.6min
  VAL 99.95%
  TEST 99.7700%
  *** New best: 99.7700% ***
Fine-tuned candidate reached the early-stop target.
