Model: RL4RL Autoresearch candidate
Author: configured in run manifest
Parameters (unique): 2015
Architecture: decoder-only addition transformer d=16, h=2, L=2, ff=10, block1_ff=8, fixed_separators=True, tied_position_pairs=[[4, 15], [7, 18], [5, 16], [3, 14], [2, 13], [8, 19], [6, 17], [1, 12], [0, 11], [9, 20]], interpolated_positions=[23, 24, 25, 26, 27], qkv_pruned=33
Tricks: autoregressive greedy decoding, weights from checkpoint

  Progress: 1000/10010 (998/1000 correct) [4.5s]
  Progress: 2000/10010 (1997/2000 correct) [8.9s]
  Progress: 3000/10010 (2996/3000 correct) [13.4s]
  Progress: 4000/10010 (3996/4000 correct) [17.8s]
  Progress: 5000/10010 (4994/5000 correct) [22.3s]
  Progress: 6000/10010 (5992/6000 correct) [26.8s]
  Progress: 7000/10010 (6990/7000 correct) [31.2s]
  Progress: 8000/10010 (7990/8000 correct) [35.6s]
  Progress: 9000/10010 (8988/9000 correct) [40.0s]
  Progress: 10000/10010 (9986/10000 correct) [44.4s]

Results: 9996/10010 correct (99.86%)
Time: 44.5s (225 additions/sec)
Status: QUALIFIED (threshold: 99%)

Failures (14):
  9949339211 + 8948002488 = 18897341699, got 18997341699
  8654770020 + 8611605297 = 17266375317, got 12266375317
  4624637094 + 517131976 = 5141769070, got 5041769070
  9278473654 + 9413599947 = 18692073601, got 19692073601
  8191852004 + 7194996854 = 15386848858, got 15396848858
  9402679499 + 9293095411 = 18695774910, got 19695774910
  7295822456 + 4296380992 = 11592203448, got 11492203448
  9479323125 + 9453799615 = 18933122740, got 19933122740
  8673054234 + 8614516394 = 17287570628, got 12287570628
  9611914057 + 7529885855 = 17141799912, got 17041799912
  9516562991 + 9413390151 = 18929953142, got 19929953142
  9201756155 + 9771972022 = 18973728177, got 19973728177
  9296743949 + 4249084756 = 13545828705, got 13445828705
  8684131609 + 8637684655 = 17321816264, got 12321816264
