Model: 5,008 parameters
Config: d=16, h=2, L=2, ff=40
Device: mps

Training for 30000 steps...
  step   500 | loss 1.401617 | lr 0.001000 | 0.1min
  step  1000 | loss 1.334197 | lr 0.000999 | 0.3min
  VAL 0.00%
  step  1500 | loss 1.337471 | lr 0.000996 | 0.4min
  step  2000 | loss 1.299571 | lr 0.000992 | 0.5min
  VAL 0.00%
  step  2500 | loss 1.274046 | lr 0.000987 | 0.6min
  step  3000 | loss 1.280022 | lr 0.000980 | 0.8min
  VAL 0.00%
  step  3500 | loss 1.281674 | lr 0.000972 | 0.9min
  step  4000 | loss 1.223818 | lr 0.000962 | 1.0min
  VAL 0.00%
  step  4500 | loss 1.228231 | lr 0.000951 | 1.3min
  step  5000 | loss 1.151883 | lr 0.000939 | 1.4min
  VAL 0.00%
  step  5500 | loss 1.035442 | lr 0.000926 | 1.5min
  step  6000 | loss 1.030182 | lr 0.000912 | 1.6min
  VAL 0.00%
  step  6500 | loss 0.981199 | lr 0.000896 | 1.8min
  step  7000 | loss 0.997975 | lr 0.000880 | 1.9min
  VAL 0.00%
  step  7500 | loss 0.986503 | lr 0.000862 | 2.0min
  step  8000 | loss 0.941305 | lr 0.000843 | 2.2min
  VAL 0.00%
  step  8500 | loss 0.971288 | lr 0.000823 | 2.3min
  step  9000 | loss 0.947857 | lr 0.000803 | 2.4min
  VAL 0.00%
  step  9500 | loss 0.940597 | lr 0.000781 | 2.5min
  step 10000 | loss 0.949929 | lr 0.000759 | 2.6min
  VAL 0.00%
  step 10500 | loss 0.929529 | lr 0.000736 | 2.8min
  step 11000 | loss 0.979327 | lr 0.000713 | 2.9min
  VAL 0.00%
  step 11500 | loss 0.949326 | lr 0.000688 | 3.0min
  step 12000 | loss 0.954793 | lr 0.000664 | 3.2min
  VAL 0.00%
  step 12500 | loss 0.925011 | lr 0.000638 | 3.3min
  step 13000 | loss 0.899656 | lr 0.000613 | 3.4min
  VAL 0.00%
  step 13500 | loss 0.891257 | lr 0.000587 | 3.5min
  step 14000 | loss 0.932184 | lr 0.000561 | 3.6min
  VAL 0.00%
  step 14500 | loss 0.944130 | lr 0.000534 | 3.8min
  step 15000 | loss 0.971025 | lr 0.000508 | 3.9min
  VAL 0.00%
  step 15500 | loss 0.924966 | lr 0.000481 | 4.0min
  step 16000 | loss 0.908386 | lr 0.000455 | 4.1min
  VAL 0.00%
  step 16500 | loss 0.916497 | lr 0.000429 | 4.2min
  step 17000 | loss 0.916907 | lr 0.000403 | 4.4min
  VAL 0.00%
  step 17500 | loss 0.951506 | lr 0.000377 | 4.5min
  step 18000 | loss 0.888536 | lr 0.000352 | 4.6min
  VAL 0.00%
  step 18500 | loss 0.866123 | lr 0.000327 | 4.7min
  step 19000 | loss 0.912303 | lr 0.000302 | 4.9min
  VAL 0.00%
  step 19500 | loss 0.912389 | lr 0.000278 | 5.0min
  step 20000 | loss 0.869608 | lr 0.000255 | 5.1min
  VAL 0.00%
  step 20500 | loss 0.898557 | lr 0.000232 | 5.2min
  step 21000 | loss 0.886470 | lr 0.000210 | 5.3min
  VAL 0.00%
  step 21500 | loss 0.893379 | lr 0.000189 | 5.5min
  step 22000 | loss 0.881813 | lr 0.000169 | 5.6min
  VAL 0.00%
  step 22500 | loss 0.859983 | lr 0.000149 | 5.7min
  step 23000 | loss 0.889263 | lr 0.000131 | 5.8min
  VAL 0.00%
  step 23500 | loss 0.878578 | lr 0.000114 | 6.0min
  step 24000 | loss 0.862668 | lr 0.000097 | 6.1min
  VAL 0.00%
  step 24500 | loss 0.923467 | lr 0.000082 | 6.2min
  step 25000 | loss 0.880311 | lr 0.000068 | 6.3min
  VAL 0.00%
  step 25500 | loss 0.907890 | lr 0.000056 | 6.5min
  step 26000 | loss 0.839155 | lr 0.000044 | 6.6min
  VAL 0.00%
  step 26500 | loss 0.856669 | lr 0.000034 | 6.7min
  step 27000 | loss 0.885771 | lr 0.000025 | 6.8min
  VAL 0.00%
  step 27500 | loss 0.848530 | lr 0.000017 | 7.0min
  step 28000 | loss 0.853219 | lr 0.000011 | 7.1min
  VAL 0.00%
  step 28500 | loss 0.877023 | lr 0.000006 | 7.2min
  step 29000 | loss 0.877512 | lr 0.000003 | 7.3min
  VAL 0.00%
  step 29500 | loss 0.831197 | lr 0.000001 | 7.5min
  step 30000 | loss 0.925746 | lr 0.000000 | 7.6min
  VAL 0.00%

Training complete in 7.6 minutes
Best test accuracy: 0.0000%
