Model: RL4RL Autoresearch candidate
Author: configured in run manifest
Parameters (unique): 1666
Architecture: decoder-only addition transformer d=16, h=2, L=2, ff=16
Tricks: autoregressive greedy decoding, weights from checkpoint

  Progress: 1000/10010 (0/1000 correct) [7.1s]
  Progress: 2000/10010 (0/2000 correct) [13.8s]
  Progress: 3000/10010 (0/3000 correct) [20.8s]
  Progress: 4000/10010 (0/4000 correct) [27.4s]
  Progress: 5000/10010 (0/5000 correct) [34.3s]
  Progress: 6000/10010 (0/6000 correct) [40.8s]
  Progress: 7000/10010 (0/7000 correct) [47.5s]
  Progress: 8000/10010 (0/8000 correct) [54.2s]
  Progress: 9000/10010 (0/9000 correct) [60.7s]
  Progress: 10000/10010 (0/10000 correct) [67.5s]

Results: 0/10010 correct (0.00%)
Time: 67.5s (148 additions/sec)
Status: NOT QUALIFIED (threshold: 99%)

First 20 failures (of 10010):
  0 + 0 = 0, got 20000104
  0 + 1 = 1, got 20000104
  9999999999 + 0 = 9999999999, got 11090792016
  9999999999 + 1 = 10000000000, got 11090792016
  9999999999 + 9999999999 = 19999999998, got 10088789087
  5000000000 + 5000000000 = 10000000000, got 18020000105
  1111111111 + 8888888889 = 10000000000, got 21020900186
  1234567890 + 9876543210 = 11111111100, got 11129900056
  9999999999 + 9999999999 = 19999999998, got 10088789087
  1 + 9999999999 = 10000000000, got 11130800216
  2395527356 + 9334186774 = 11729714130, got 21127811227
  4296888873 + 8475224721 = 12772113594, got 22176003016
  2446880696 + 4577514554 = 7024395250, got 21235593346
  1721735679 + 186192860 = 1907928539, got 11127837335
  3295396137 + 8512642381 = 11808038518, got 21207931106
  4721664841 + 8801376086 = 13523040927, got 22934831326
  8709633390 + 2191376109 = 10901009499, got 21931710226
  813236058 + 3041824170 = 3855060228, got 9144858965
  7038162399 + 8251837442 = 15289999841, got 19950790227
  3917771074 + 2558389380 = 6476160454, got 22227260355
