Model: RL4RL Autoresearch candidate
Author: configured in run manifest
Parameters (unique): 2352
Architecture: decoder-only addition transformer d=16, h=2, L=2, ff=10, block1_ff=8
Tricks: autoregressive greedy decoding, weights from checkpoint

  Progress: 1000/10010 (984/1000 correct) [4.2s]
  Progress: 2000/10010 (1972/2000 correct) [8.4s]
  Progress: 3000/10010 (2964/3000 correct) [12.6s]
  Progress: 4000/10010 (3955/4000 correct) [16.7s]
  Progress: 5000/10010 (4948/5000 correct) [20.9s]
  Progress: 6000/10010 (5940/6000 correct) [25.0s]
  Progress: 7000/10010 (6934/7000 correct) [29.2s]
  Progress: 8000/10010 (7923/8000 correct) [33.3s]
  Progress: 9000/10010 (8912/9000 correct) [37.5s]
  Progress: 10000/10010 (9905/10000 correct) [41.7s]

Results: 9915/10010 correct (99.05%)
Time: 41.7s (240 additions/sec)
Status: QUALIFIED (threshold: 99%)

First 20 failures (of 95):
  7762054627 + 4857921319 = 12619975946, got 12629975946
  8663696916 + 4447789936 = 13111486852, got 12111486852
  4569444916 + 8538942433 = 13108387349, got 12108387349
  4290461506 + 8830344091 = 13120805597, got 12120805597
  2536203353 + 8631955822 = 11168159175, got 11268159175
  7194558397 + 5495045311 = 12689603708, got 12699603708
  8693822958 + 4911429359 = 13605252317, got 12605252317
  5326553614 + 6662354459 = 11988908073, got 12988908073
  5302550042 + 6296125709 = 11598675751, got 12598675751
  4724775892 + 8282782074 = 13007557966, got 12007557966
  8555181831 + 4641387687 = 13196569518, got 12296569518
  9949339211 + 8948002488 = 18897341699, got 18997341699
  5486060967 + 6400555880 = 11886616847, got 12886616847
  6116232171 + 6692893101 = 12809125272, got 11809125272
  9796571914 + 3893185616 = 13689757530, got 13699757530
  5661988635 + 535665446 = 6197654081, got 6297654081
  8513509244 + 4675876835 = 13189386079, got 12289386079
  532507764 + 5664574730 = 6197082494, got 6297082494
  4535326060 + 4644399062 = 9179725122, got 9279725122
  3547370879 + 3649495060 = 7196865939, got 7296865939
