Model: RL4RL Autoresearch candidate
Author: configured in run manifest
Parameters (unique): 1623
Architecture: decoder-only addition transformer d=16, h=2, L=2, ff=16
Tricks: autoregressive greedy decoding, weights from checkpoint

  Progress: 1000/10010 (984/1000 correct) [6.9s]
  Progress: 2000/10010 (1975/2000 correct) [13.8s]
  Progress: 3000/10010 (2966/3000 correct) [20.6s]
  Progress: 4000/10010 (3959/4000 correct) [27.7s]
  Progress: 5000/10010 (4952/5000 correct) [34.5s]
  Progress: 6000/10010 (5945/6000 correct) [41.4s]
  Progress: 7000/10010 (6929/7000 correct) [48.6s]
  Progress: 8000/10010 (7921/8000 correct) [55.2s]
  Progress: 9000/10010 (8911/9000 correct) [62.3s]
  Progress: 10000/10010 (9904/10000 correct) [69.1s]

Results: 9914/10010 correct (99.04%)
Time: 69.2s (145 additions/sec)
Status: QUALIFIED (threshold: 99%)

First 20 failures (of 96):
  6337327306 + 4000359568 = 10337686874, got 337686874
  7197773205 + 9077000387 = 16274773592, got 6274773592
  6509152292 + 9209120080 = 15718272372, got 15818272372
  6969938512 + 1800378914 = 8770317426, got 8670317426
  9229471617 + 9474184142 = 18703655759, got 17703655759
  9802221894 + 7858087157 = 17660309051, got 17560309051
  1976493916 + 1906487771 = 3882981687, got 3782981687
  5468975900 + 1438734356 = 6907710256, got 5907710256
  2383813986 + 5194289640 = 7578103626, got 8578103626
  6832437373 + 3830048430 = 10662485803, got 10562485803
  2060434325 + 4050653496 = 6111087821, got 6011087821
  5909551252 + 6873659338 = 12783210590, got 12683210590
  1978347876 + 4802489172 = 6780837048, got 6680837048
  8922508953 + 8744108725 = 17666617678, got 27666617678
  8953485676 + 8712760635 = 17666246311, got 27666246311
  6840669308 + 801434060 = 7642103368, got 7542103368
  4890126842 + 3800011500 = 8690138342, got 8590138342
  8608289211 + 6807338109 = 15415627320, got 14415627320
  5603460909 + 6036423440 = 11639884349, got 1639884349
  3501935208 + 9726184827 = 13228120035, got 12228120035
