Model: RL4RL Autoresearch candidate
Author: configured in run manifest
Parameters (unique): 1448
Architecture: decoder-only addition transformer d=16, h=2, L=2, ff=16
Tricks: autoregressive greedy decoding, weights from checkpoint

  Progress: 1000/10010 (990/1000 correct) [8.9s]
  Progress: 2000/10010 (1981/2000 correct) [16.5s]
  Progress: 3000/10010 (2974/3000 correct) [24.0s]
  Progress: 4000/10010 (3967/4000 correct) [31.7s]
  Progress: 5000/10010 (4959/5000 correct) [40.1s]
  Progress: 6000/10010 (5952/6000 correct) [47.4s]
  Progress: 7000/10010 (6935/7000 correct) [54.7s]
  Progress: 8000/10010 (7920/8000 correct) [61.8s]
  Progress: 9000/10010 (8909/9000 correct) [69.2s]
  Progress: 10000/10010 (9902/10000 correct) [76.4s]

Results: 9912/10010 correct (99.02%)
Time: 76.5s (131 additions/sec)
Status: QUALIFIED (threshold: 99%)

First 20 failures (of 98):
  6969938512 + 1800378914 = 8770317426, got 8670317426
  9229471617 + 9474184142 = 18703655759, got 17703655759
  1976493916 + 1906487771 = 3882981687, got 3782981687
  5468975900 + 1438734356 = 6907710256, got 5907710256
  2383813986 + 5194289640 = 7578103626, got 8578103626
  5909551252 + 6873659338 = 12783210590, got 12683210590
  1978347876 + 4802489172 = 6780837048, got 6680837048
  8953485676 + 8712760635 = 17666246311, got 27666246311
  8783077237 + 7358001994 = 16141079231, got 16141079221
  6840669308 + 801434060 = 7642103368, got 7542103368
  4890126842 + 3800011500 = 8690138342, got 8590138342
  5603460909 + 6036423440 = 11639884349, got 1639884349
  3501935208 + 9726184827 = 13228120035, got 12228120035
  5068301911 + 2389048768 = 7457350679, got 8457350679
  2763076017 + 9267356007 = 12030432024, got 12030433024
  9093595501 + 9827769033 = 18921364534, got 17921364534
  3156085673 + 9095035109 = 12251120782, got 12241120782
  7190183396 + 7497382532 = 14687565928, got 15687565928
  2194094483 + 6296971782 = 8491066265, got 9491066265
  4979903411 + 8570506424 = 13550409835, got 13450409835
