Model: 4,160 parameters
Config: d=16, h=2, L=2, ff=18
Device: mps

Training for 30000 steps...
  step   500 | loss 1.442496 | lr 0.001000 | 0.2min
  step  1000 | loss 1.356998 | lr 0.000999 | 0.3min
  VAL 0.00%
  step  1500 | loss 1.343573 | lr 0.000996 | 0.4min
  step  2000 | loss 1.348847 | lr 0.000992 | 0.6min
  VAL 0.00%
  step  2500 | loss 1.274012 | lr 0.000987 | 0.7min
  step  3000 | loss 1.274126 | lr 0.000980 | 0.9min
  VAL 0.00%
  step  3500 | loss 1.184941 | lr 0.000972 | 1.0min
  step  4000 | loss 0.994854 | lr 0.000962 | 1.2min
  VAL 0.00%
  step  4500 | loss 0.602703 | lr 0.000951 | 1.3min
  step  5000 | loss 0.518612 | lr 0.000939 | 1.4min
  VAL 0.45%
  step  5500 | loss 0.493121 | lr 0.000926 | 1.6min
  step  6000 | loss 0.468310 | lr 0.000912 | 1.7min
  VAL 0.65%
  step  6500 | loss 0.457434 | lr 0.000896 | 1.8min
  step  7000 | loss 0.442749 | lr 0.000880 | 2.0min
  VAL 1.30%
  step  7500 | loss 0.439053 | lr 0.000862 | 2.1min
  step  8000 | loss 0.431968 | lr 0.000843 | 2.3min
  VAL 0.70%
  step  8500 | loss 0.293892 | lr 0.000823 | 2.4min
  step  9000 | loss 0.243539 | lr 0.000803 | 2.5min
  VAL 8.10%
  step  9500 | loss 0.235481 | lr 0.000781 | 2.7min
  step 10000 | loss 0.228224 | lr 0.000759 | 2.8min
  VAL 9.15%
  step 10500 | loss 0.224635 | lr 0.000736 | 2.9min
  step 11000 | loss 0.219371 | lr 0.000713 | 3.1min
  VAL 10.25%
  step 11500 | loss 0.218669 | lr 0.000688 | 3.2min
  step 12000 | loss 0.216173 | lr 0.000664 | 3.4min
  VAL 9.30%
  step 12500 | loss 0.214416 | lr 0.000638 | 3.5min
  step 13000 | loss 0.212805 | lr 0.000613 | 3.7min
  VAL 9.00%
  step 13500 | loss 0.212723 | lr 0.000587 | 3.8min
  step 14000 | loss 0.209475 | lr 0.000561 | 3.9min
  VAL 9.10%
  step 14500 | loss 0.208898 | lr 0.000534 | 4.1min
  step 15000 | loss 0.206862 | lr 0.000508 | 4.2min
  VAL 9.90%
  step 15500 | loss 0.205959 | lr 0.000481 | 4.4min
  step 16000 | loss 0.204793 | lr 0.000455 | 4.5min
  VAL 9.25%
  step 16500 | loss 0.204634 | lr 0.000429 | 4.6min
  step 17000 | loss 0.202994 | lr 0.000403 | 4.8min
  VAL 9.90%
  step 17500 | loss 0.202700 | lr 0.000377 | 4.9min
  step 18000 | loss 0.200936 | lr 0.000352 | 5.1min
  VAL 8.80%
  step 18500 | loss 0.201762 | lr 0.000327 | 5.2min
  step 19000 | loss 0.200067 | lr 0.000302 | 5.4min
  VAL 9.60%
  step 19500 | loss 0.200511 | lr 0.000278 | 5.5min
  step 20000 | loss 0.200173 | lr 0.000255 | 5.6min
  VAL 8.80%
  step 20500 | loss 0.200113 | lr 0.000232 | 5.8min
  step 21000 | loss 0.198763 | lr 0.000210 | 5.9min
  VAL 10.80%
  step 21500 | loss 0.197940 | lr 0.000189 | 6.1min
  step 22000 | loss 0.198466 | lr 0.000169 | 6.2min
  VAL 9.30%
  step 22500 | loss 0.197953 | lr 0.000149 | 6.4min
  step 23000 | loss 0.197147 | lr 0.000131 | 6.5min
  VAL 9.95%
  step 23500 | loss 0.197242 | lr 0.000114 | 6.6min
  step 24000 | loss 0.197228 | lr 0.000097 | 6.7min
  VAL 9.65%
  step 24500 | loss 0.196607 | lr 0.000082 | 6.9min
  step 25000 | loss 0.196519 | lr 0.000068 | 7.0min
  VAL 9.75%
  step 25500 | loss 0.196429 | lr 0.000056 | 7.1min
  step 26000 | loss 0.196001 | lr 0.000044 | 7.2min
  VAL 9.45%
  step 26500 | loss 0.195883 | lr 0.000034 | 7.4min
  step 27000 | loss 0.195779 | lr 0.000025 | 7.5min
  VAL 10.95%
  step 27500 | loss 0.195724 | lr 0.000017 | 7.6min
  step 28000 | loss 0.195880 | lr 0.000011 | 7.7min
  VAL 9.90%
  step 28500 | loss 0.195872 | lr 0.000006 | 7.8min
  step 29000 | loss 0.195825 | lr 0.000003 | 8.0min
  VAL 10.40%
  step 29500 | loss 0.195861 | lr 0.000001 | 8.1min
  step 30000 | loss 0.195777 | lr 0.000000 | 8.2min
  VAL 9.80%

Training complete in 8.2 minutes
Best test accuracy: 0.0000%
