Model: RL4RL Autoresearch candidate
Author: configured in run manifest
Parameters (unique): 4160
Architecture: decoder-only addition transformer d=16, h=2, L=2, ff=18
Tricks: autoregressive greedy decoding, weights from checkpoint

  Progress: 1000/10010 (105/1000 correct) [6.9s]
  Progress: 2000/10010 (198/2000 correct) [13.6s]
  Progress: 3000/10010 (302/3000 correct) [23.2s]
  Progress: 4000/10010 (388/4000 correct) [33.6s]
  Progress: 5000/10010 (483/5000 correct) [44.1s]
  Progress: 6000/10010 (586/6000 correct) [54.6s]
  Progress: 7000/10010 (702/7000 correct) [65.0s]
  Progress: 8000/10010 (815/8000 correct) [75.7s]
  Progress: 9000/10010 (920/9000 correct) [86.1s]
  Progress: 10000/10010 (1020/10000 correct) [96.6s]

Results: 1023/10010 correct (10.22%)
Time: 96.8s (103 additions/sec)
Status: NOT QUALIFIED (threshold: 99%)

First 20 failures (of 8987):
  0 + 0 = 0, got 5
  0 + 1 = 1, got 5
  9999999999 + 0 = 9999999999, got 9999999997
  9999999999 + 1 = 10000000000, got 10000000007
  9999999999 + 9999999999 = 19999999998, got 19999999999
  5000000000 + 5000000000 = 10000000000, got 10000000005
  1111111111 + 8888888889 = 10000000000, got 10000000005
  1234567890 + 9876543210 = 11111111100, got 11111111101
  9999999999 + 9999999999 = 19999999998, got 19999999999
  1 + 9999999999 = 10000000000, got 10000000007
  2395527356 + 9334186774 = 11729714130, got 11729714131
  4296888873 + 8475224721 = 12772113594, got 12772113593
  2446880696 + 4577514554 = 7024395250, got 7024395251
  1721735679 + 186192860 = 1907928539, got 1907928535
  3295396137 + 8512642381 = 11808038518, got 11808038521
  4721664841 + 8801376086 = 13523040927, got 13523040921
  8709633390 + 2191376109 = 10901009499, got 10901009505
  813236058 + 3041824170 = 3855060228, got 3855060225
  3917771074 + 2558389380 = 6476160454, got 6476160453
  2345623234 + 894115330 = 3239738564, got 3239738561
