Model: RL4RL Autoresearch candidate
Author: configured in run manifest
Parameters (unique): 1480
Architecture: decoder-only addition transformer d=16, h=2, L=2, ff=16
Tricks: autoregressive greedy decoding, weights from checkpoint

  Progress: 1000/10010 (981/1000 correct) [7.0s]
  Progress: 2000/10010 (1958/2000 correct) [13.7s]
  Progress: 3000/10010 (2936/3000 correct) [20.4s]
  Progress: 4000/10010 (3925/4000 correct) [27.1s]
  Progress: 5000/10010 (4899/5000 correct) [33.8s]
  Progress: 6000/10010 (5884/6000 correct) [40.4s]
  Progress: 7000/10010 (6858/7000 correct) [47.1s]
  Progress: 8000/10010 (7839/8000 correct) [53.8s]
  Progress: 9000/10010 (8815/9000 correct) [60.5s]
  Progress: 10000/10010 (9805/10000 correct) [67.3s]

Results: 9814/10010 correct (98.04%)
Time: 67.4s (149 additions/sec)
Status: NOT QUALIFIED (threshold: 99%)

First 20 failures (of 196):
  5353030368 + 2525515399 = 7878545767, got 7978545767
  6337327306 + 4000359568 = 10337686874, got 337686874
  4963550812 + 3701297277 = 8664848089, got 8664848189
  586723281 + 5302547239 = 5889270520, got 5989270520
  7030025180 + 614554226 = 7644579406, got 7634579406
  7197773205 + 9077000387 = 16274773592, got 6274773592
  6509152292 + 9209120080 = 15718272372, got 15818272372
  4309178838 + 4579489714 = 8888668552, got 8988668552
  9229471617 + 9474184142 = 18703655759, got 17703655759
  9089267194 + 4171613667 = 13260880861, got 14260880861
  2383813986 + 5194289640 = 7578103626, got 8578103626
  8456922853 + 7332349232 = 15789272085, got 15789272185
  7558647068 + 7318059319 = 14876706387, got 14976706387
  9292780371 + 305129899 = 9597910270, got 10597910270
  47488598 + 2469000008 = 2516488606, got 2516388606
  8953485676 + 8712760635 = 17666246311, got 27666246311
  6620082962 + 1410213 = 6621493175, got 6621393175
  7316149219 + 8599939458 = 15916088677, got 16016088687
  6657316084 + 2728707406 = 9386023490, got 9386023390
  845532018 + 3707476966 = 4553008984, got 3553008984
