Initialized from retained incumbent: /Users/utshaho/Documents/GitHub/rl4rl/data/raw/autoresearch/sol-xhigh-overnight-20260814/state/incumbent.pt
Model: 4,032 parameters
Config: d=16, h=2, L=2, ff=16
Device: mps

INITIAL VAL 0.00%

Fine-tuning for up to 10000 steps...
  step   500 | loss 0.000346 | lr 0.000100 | 0.1min
  VAL 99.95%
  TEST 99.9800%
  *** New best: 99.9800% ***
  step  1000 | loss 0.000045 | lr 0.000099 | 0.3min
  VAL 100.00%
  TEST 99.9600%
  step  1500 | loss 0.000033 | lr 0.000096 | 0.5min
  VAL 100.00%
  TEST 99.9900%
  *** New best: 99.9900% ***
  step  2000 | loss 0.000021 | lr 0.000093 | 0.6min
  VAL 100.00%
  TEST 99.9900%
  step  2500 | loss 0.000022 | lr 0.000088 | 0.8min
  VAL 100.00%
  TEST 99.9900%
  step  3000 | loss 0.000014 | lr 0.000082 | 1.0min
  VAL 100.00%
  TEST 100.0000%
  *** New best: 100.0000% ***
Fine-tuned candidate reached the early-stop target.
