Model: RL4RL Autoresearch candidate
Author: configured in run manifest
Parameters (unique): 1973
Architecture: decoder-only addition transformer d=16, h=2, L=2, ff=10, block1_ff=8, fixed_separators=True, tied_position_pairs=[[4, 15], [7, 18], [5, 16], [3, 14], [2, 13], [8, 19], [6, 17], [1, 12], [0, 11], [9, 20]], interpolated_positions=[23, 24, 25, 26, 27], qkv_pruned=75
Tricks: autoregressive greedy decoding, weights from checkpoint

  Progress: 1000/10010 (999/1000 correct) [4.5s]
  Progress: 2000/10010 (1998/2000 correct) [8.9s]
  Progress: 3000/10010 (2995/3000 correct) [13.5s]
  Progress: 4000/10010 (3992/4000 correct) [18.1s]
  Progress: 5000/10010 (4991/5000 correct) [22.5s]
  Progress: 6000/10010 (5987/6000 correct) [27.0s]
  Progress: 7000/10010 (6987/7000 correct) [31.4s]
  Progress: 8000/10010 (7987/8000 correct) [35.9s]
  Progress: 9000/10010 (8986/9000 correct) [40.3s]
  Progress: 10000/10010 (9983/10000 correct) [44.8s]

Results: 9993/10010 correct (99.83%)
Time: 44.8s (223 additions/sec)
Status: QUALIFIED (threshold: 99%)

Failures (17):
  2419324703 + 3516291980 = 5935616683, got 5835616683
  2414276349 + 2517436867 = 4931713216, got 4831713216
  9278473654 + 9413599947 = 18692073601, got 19692073601
  5254066650 + 9287720511 = 14541787161, got 14441787161
  3029838603 + 4424373860 = 7454212463, got 7444212463
  1415015538 + 2519348781 = 3934364319, got 3834364319
  6258014553 + 8283570450 = 14541585003, got 14441585003
  9217700662 + 9448597295 = 18666297957, got 19666297957
  9402679499 + 9293095411 = 18695774910, got 19695774910
  4204529550 + 296440191 = 4500969741, got 4400969741
  7295822456 + 4296380992 = 11592203448, got 11492203448
  2828982940 + 2171822219 = 5000805159, got 4000805159
  9479323125 + 9453799615 = 18933122740, got 19933122740
  9201756155 + 9771972022 = 18973728177, got 19973728177
  9296743949 + 4249084756 = 13545828705, got 13445828705
  9322270328 + 9340964837 = 18663235165, got 19663235165
  2068770581 + 2967666774 = 5036437355, got 4036437355
