Model: RL4RL Autoresearch candidate
Author: configured in run manifest
Parameters (unique): 2880
Architecture: decoder-only addition transformer d=16, h=2, L=2, ff=10
Tricks: autoregressive greedy decoding, weights from checkpoint

  Progress: 1000/10010 (999/1000 correct) [5.9s]
  Progress: 2000/10010 (1999/2000 correct) [11.9s]
  Progress: 3000/10010 (2999/3000 correct) [17.8s]
  Progress: 4000/10010 (3999/4000 correct) [23.7s]
  Progress: 5000/10010 (4998/5000 correct) [29.7s]
  Progress: 6000/10010 (5998/6000 correct) [35.7s]
  Progress: 7000/10010 (6998/7000 correct) [41.6s]
  Progress: 8000/10010 (7998/8000 correct) [47.5s]
  Progress: 9000/10010 (8998/9000 correct) [53.5s]
  Progress: 10000/10010 (9998/10000 correct) [59.5s]

Results: 10008/10010 correct (99.98%)
Time: 59.5s (168 additions/sec)
Status: QUALIFIED (threshold: 99%)

Failures (2):
  6411217581 + 4618156788 = 11029374369, got 10029374369
  6333361504 + 4685972164 = 11019333668, got 10019333668
