Initialized from retained incumbent: /Users/utshaho/Documents/GitHub/rl4rl/data/raw/autoresearch/sol-xhigh-overnight-20260814/state/incumbent.pt
Model: 2,064 parameters
Config: d=16, h=2, L=2, ff=10
Device: mps

INITIAL VAL 0.00%

Fine-tuning for up to 10000 steps...
  step   500 | loss 1.138552 | lr 0.000100 | 0.1min
  VAL 0.00%
  step  1000 | loss 0.873814 | lr 0.000099 | 0.3min
  VAL 0.00%
  step  1500 | loss 0.728871 | lr 0.000096 | 0.3min
  VAL 0.00%
  step  2000 | loss 0.676271 | lr 0.000093 | 0.5min
  VAL 0.00%
  step  2500 | loss 0.639629 | lr 0.000088 | 0.6min
  VAL 0.00%
  step  3000 | loss 0.599692 | lr 0.000082 | 0.7min
  VAL 0.05%
  step  3500 | loss 0.574232 | lr 0.000075 | 0.8min
  VAL 0.00%
  step  4000 | loss 0.552873 | lr 0.000068 | 0.9min
  VAL 0.00%
  step  4500 | loss 0.560774 | lr 0.000060 | 1.0min
  VAL 0.05%
  step  5000 | loss 0.523765 | lr 0.000052 | 1.1min
  VAL 0.05%
  step  5500 | loss 0.534237 | lr 0.000044 | 1.2min
  VAL 0.10%
  step  6000 | loss 0.524984 | lr 0.000036 | 1.3min
  VAL 0.20%
  step  6500 | loss 0.496476 | lr 0.000029 | 1.4min
  VAL 0.10%
  step  7000 | loss 0.529780 | lr 0.000022 | 1.5min
  VAL 0.15%
  step  7500 | loss 0.519430 | lr 0.000016 | 1.6min
  VAL 0.20%
  step  8000 | loss 0.522826 | lr 0.000010 | 1.7min
  VAL 0.15%
  step  8500 | loss 0.538198 | lr 0.000006 | 1.8min
  VAL 0.15%
  step  9000 | loss 0.513164 | lr 0.000003 | 1.9min
  VAL 0.10%
  step  9500 | loss 0.525371 | lr 0.000001 | 2.0min
  VAL 0.10%
  step 10000 | loss 0.536932 | lr 0.000000 | 2.1min
  VAL 0.10%

Training complete in 2.1 minutes
Best test accuracy: 0.0000%
