Model: 2,916 parameters
Config: d=12, h=2, L=2, ff=33
Device: mps

Training for 30000 steps...
  step   500 | loss 1.476792 | lr 0.001000 | 0.2min
  step  1000 | loss 1.362211 | lr 0.000999 | 0.3min
  VAL 0.00%
  step  1500 | loss 1.336274 | lr 0.000996 | 0.4min
  step  2000 | loss 1.301808 | lr 0.000992 | 0.6min
  VAL 0.00%
  step  2500 | loss 1.244777 | lr 0.000987 | 0.7min
  step  3000 | loss 1.269007 | lr 0.000980 | 0.9min
  VAL 0.00%
  step  3500 | loss 1.194464 | lr 0.000972 | 1.0min
  step  4000 | loss 0.862586 | lr 0.000962 | 1.1min
  VAL 0.00%
  step  4500 | loss 0.656021 | lr 0.000951 | 1.3min
  step  5000 | loss 0.592332 | lr 0.000939 | 1.4min
  VAL 0.05%
  step  5500 | loss 0.367401 | lr 0.000926 | 1.5min
  step  6000 | loss 0.318197 | lr 0.000912 | 1.7min
  VAL 8.00%
  step  6500 | loss 0.292049 | lr 0.000896 | 1.8min
  step  7000 | loss 0.271968 | lr 0.000880 | 2.0min
  VAL 8.20%
  step  7500 | loss 0.259007 | lr 0.000862 | 2.1min
  step  8000 | loss 0.246040 | lr 0.000843 | 2.3min
  VAL 8.35%
  step  8500 | loss 0.235826 | lr 0.000823 | 2.4min
  step  9000 | loss 0.233727 | lr 0.000803 | 2.5min
  VAL 9.20%
  step  9500 | loss 0.222731 | lr 0.000781 | 2.7min
  step 10000 | loss 0.221070 | lr 0.000759 | 2.8min
  VAL 9.00%
  step 10500 | loss 0.216585 | lr 0.000736 | 2.9min
  step 11000 | loss 0.214111 | lr 0.000713 | 3.1min
  VAL 9.95%
  step 11500 | loss 0.213771 | lr 0.000688 | 3.2min
  step 12000 | loss 0.209239 | lr 0.000664 | 3.4min
  VAL 9.20%
  step 12500 | loss 0.208275 | lr 0.000638 | 3.5min
  step 13000 | loss 0.207708 | lr 0.000613 | 3.6min
  VAL 8.15%
  step 13500 | loss 0.205786 | lr 0.000587 | 3.8min
  step 14000 | loss 0.205873 | lr 0.000561 | 3.9min
  VAL 8.45%
  step 14500 | loss 0.208332 | lr 0.000534 | 4.0min
  step 15000 | loss 0.205516 | lr 0.000508 | 4.2min
  VAL 8.45%
  step 15500 | loss 0.205680 | lr 0.000481 | 4.3min
  step 16000 | loss 0.204837 | lr 0.000455 | 4.5min
  VAL 8.50%
  step 16500 | loss 0.202343 | lr 0.000429 | 4.6min
  step 17000 | loss 0.202453 | lr 0.000403 | 4.7min
  VAL 9.65%
  step 17500 | loss 0.202175 | lr 0.000377 | 4.9min
  step 18000 | loss 0.201549 | lr 0.000352 | 5.0min
  VAL 9.30%
  step 18500 | loss 0.202032 | lr 0.000327 | 5.1min
  step 19000 | loss 0.201223 | lr 0.000302 | 5.3min
  VAL 8.25%
  step 19500 | loss 0.200786 | lr 0.000278 | 5.4min
  step 20000 | loss 0.201744 | lr 0.000255 | 5.5min
  VAL 9.65%
  step 20500 | loss 0.200069 | lr 0.000232 | 5.7min
  step 21000 | loss 0.199474 | lr 0.000210 | 5.8min
  VAL 9.95%
  step 21500 | loss 0.200868 | lr 0.000189 | 6.0min
  step 22000 | loss 0.200163 | lr 0.000169 | 6.1min
  VAL 9.90%
  step 22500 | loss 0.199639 | lr 0.000149 | 6.2min
  step 23000 | loss 0.199790 | lr 0.000131 | 6.4min
  VAL 10.00%
  step 23500 | loss 0.199326 | lr 0.000114 | 6.5min
  step 24000 | loss 0.199062 | lr 0.000097 | 6.6min
  VAL 10.80%
  step 24500 | loss 0.198185 | lr 0.000082 | 6.8min
  step 25000 | loss 0.197858 | lr 0.000068 | 6.9min
  VAL 10.40%
  step 25500 | loss 0.197915 | lr 0.000056 | 7.1min
  step 26000 | loss 0.198654 | lr 0.000044 | 7.2min
  VAL 8.45%
  step 26500 | loss 0.198206 | lr 0.000034 | 7.3min
  step 27000 | loss 0.198014 | lr 0.000025 | 7.5min
  VAL 8.80%
  step 27500 | loss 0.198332 | lr 0.000017 | 7.6min
  step 28000 | loss 0.197764 | lr 0.000011 | 7.8min
  VAL 9.95%
  step 28500 | loss 0.198019 | lr 0.000006 | 7.9min
  step 29000 | loss 0.197516 | lr 0.000003 | 8.1min
  VAL 9.70%
  step 29500 | loss 0.197887 | lr 0.000001 | 8.2min
  step 30000 | loss 0.197637 | lr 0.000000 | 8.3min
  VAL 10.60%

Training complete in 8.3 minutes
Best test accuracy: 0.0000%
