Model: RL4RL Autoresearch candidate
Author: configured in run manifest
Parameters (unique): 2916
Architecture: decoder-only addition transformer d=12, h=2, L=2, ff=33
Tricks: autoregressive greedy decoding, weights from checkpoint

  Progress: 1000/10010 (106/1000 correct) [8.9s]
  Progress: 2000/10010 (224/2000 correct) [17.9s]
  Progress: 3000/10010 (327/3000 correct) [26.8s]
  Progress: 4000/10010 (436/4000 correct) [43.8s]
  Progress: 5000/10010 (538/5000 correct) [52.7s]
  Progress: 6000/10010 (641/6000 correct) [61.8s]
  Progress: 7000/10010 (723/7000 correct) [70.1s]
  Progress: 8000/10010 (826/8000 correct) [77.3s]
  Progress: 9000/10010 (919/9000 correct) [84.3s]
  Progress: 10000/10010 (1034/10000 correct) [91.4s]

Results: 1035/10010 correct (10.34%)
Time: 91.4s (109 additions/sec)
Status: NOT QUALIFIED (threshold: 99%)

First 20 failures (of 8975):
  0 + 0 = 0, got 4
  0 + 1 = 1, got 4
  9999999999 + 0 = 9999999999, got 10000000006
  9999999999 + 1 = 10000000000, got 10000000006
  9999999999 + 9999999999 = 19999999998, got 19999999992
  5000000000 + 5000000000 = 10000000000, got 4
  1111111111 + 8888888889 = 10000000000, got 10000000003
  1234567890 + 9876543210 = 11111111100, got 11111111102
  9999999999 + 9999999999 = 19999999998, got 19999999992
  1 + 9999999999 = 10000000000, got 10000000006
  2395527356 + 9334186774 = 11729714130, got 11729714133
  4296888873 + 8475224721 = 12772113594, got 12772113602
  2446880696 + 4577514554 = 7024395250, got 7024395255
  1721735679 + 186192860 = 1907928539, got 1907928540
  3295396137 + 8512642381 = 11808038518, got 11808038519
  4721664841 + 8801376086 = 13523040927, got 13523040926
  8709633390 + 2191376109 = 10901009499, got 10901009501
  813236058 + 3041824170 = 3855060228, got 3855060229
  7038162399 + 8251837442 = 15289999841, got 15289999843
  3917771074 + 2558389380 = 6476160454, got 6476160456
