Model: 3,381 parameters
Config: d=14, h=2, L=2, ff=20
Device: mps

Training for 45000 steps...
  step   500 | loss 1.452050 | lr 0.001000 | 0.1min
  step  1000 | loss 1.352731 | lr 0.000999 | 0.3min
  VAL 0.00%
  step  1500 | loss 1.339696 | lr 0.000998 | 0.4min
  step  2000 | loss 1.292185 | lr 0.000997 | 0.5min
  VAL 0.00%
  step  2500 | loss 1.246688 | lr 0.000995 | 0.6min
  step  3000 | loss 1.203783 | lr 0.000992 | 0.8min
  VAL 0.00%
  step  3500 | loss 1.165693 | lr 0.000989 | 0.9min
  step  4000 | loss 1.098885 | lr 0.000985 | 1.0min
  VAL 0.00%
  step  4500 | loss 0.947193 | lr 0.000981 | 1.2min
  step  5000 | loss 0.697564 | lr 0.000976 | 1.3min
  VAL 0.00%
  step  5500 | loss 0.519156 | lr 0.000970 | 1.4min
  step  6000 | loss 0.368826 | lr 0.000964 | 1.6min
  VAL 0.80%
  step  6500 | loss 0.292423 | lr 0.000958 | 1.7min
  step  7000 | loss 0.257390 | lr 0.000951 | 1.8min
  VAL 4.40%
  step  7500 | loss 0.231895 | lr 0.000944 | 1.9min
  step  8000 | loss 0.224887 | lr 0.000936 | 2.1min
  VAL 7.40%
  step  8500 | loss 0.219990 | lr 0.000927 | 2.2min
  step  9000 | loss 0.216953 | lr 0.000918 | 2.3min
  VAL 8.90%
  step  9500 | loss 0.208344 | lr 0.000909 | 2.4min
  step 10000 | loss 0.205796 | lr 0.000899 | 2.5min
  VAL 8.90%
  step 10500 | loss 0.204142 | lr 0.000889 | 2.7min
  step 11000 | loss 0.203897 | lr 0.000879 | 2.8min
  VAL 9.05%
  step 11500 | loss 0.202581 | lr 0.000868 | 2.9min
  step 12000 | loss 0.203133 | lr 0.000856 | 3.1min
  VAL 9.30%
  step 12500 | loss 0.201459 | lr 0.000844 | 3.2min
  step 13000 | loss 0.200229 | lr 0.000832 | 3.3min
  VAL 9.80%
  step 13500 | loss 0.199291 | lr 0.000820 | 3.5min
  step 14000 | loss 0.201023 | lr 0.000807 | 3.6min
  VAL 10.80%
  step 14500 | loss 0.010026 | lr 0.000794 | 3.7min
  step 15000 | loss 0.009282 | lr 0.000780 | 3.9min
  VAL 93.90%
  step 15500 | loss 0.007172 | lr 0.000767 | 4.0min
  step 16000 | loss 0.006048 | lr 0.000753 | 4.1min
  VAL 94.70%
  step 16500 | loss 0.007657 | lr 0.000739 | 4.2min
  step 17000 | loss 0.006592 | lr 0.000724 | 4.3min
  VAL 96.90%
  step 17500 | loss 0.005783 | lr 0.000709 | 4.5min
  step 18000 | loss 0.005921 | lr 0.000694 | 4.6min
  VAL 96.60%
  step 18500 | loss 0.005320 | lr 0.000679 | 4.7min
  step 19000 | loss 0.003841 | lr 0.000664 | 4.8min
  VAL 97.35%
  step 19500 | loss 0.004274 | lr 0.000649 | 4.9min
  step 20000 | loss 0.003936 | lr 0.000633 | 5.1min
  VAL 97.55%
  step 20500 | loss 0.004039 | lr 0.000618 | 5.2min
  step 21000 | loss 0.003975 | lr 0.000602 | 5.4min
  VAL 98.70%
  step 21500 | loss 0.003661 | lr 0.000586 | 5.5min
  step 22000 | loss 0.003723 | lr 0.000571 | 5.6min
  VAL 98.95%
  step 22500 | loss 0.003409 | lr 0.000555 | 5.8min
  step 23000 | loss 0.002885 | lr 0.000539 | 5.9min
  VAL 99.25%
  TEST 99.3500%
  *** New best: 99.3500% ***
  step 23500 | loss 0.003052 | lr 0.000523 | 6.1min
  step 24000 | loss 0.002663 | lr 0.000507 | 6.2min
  VAL 98.95%
  step 24500 | loss 0.002540 | lr 0.000492 | 6.3min
  step 25000 | loss 0.003075 | lr 0.000476 | 6.4min
  VAL 99.10%
  TEST 99.3500%
  step 25500 | loss 0.002262 | lr 0.000460 | 6.6min
  step 26000 | loss 0.002432 | lr 0.000445 | 6.7min
  VAL 99.35%
  TEST 99.5200%
  *** New best: 99.5200% ***
  step 26500 | loss 0.002520 | lr 0.000430 | 6.9min
  step 27000 | loss 0.002356 | lr 0.000415 | 7.0min
  VAL 99.40%
  TEST 99.4500%
  step 27500 | loss 0.002006 | lr 0.000400 | 7.2min
  step 28000 | loss 0.001932 | lr 0.000385 | 7.3min
  VAL 99.55%
  TEST 99.5200%
  step 28500 | loss 0.002582 | lr 0.000370 | 7.5min
  step 29000 | loss 0.001826 | lr 0.000356 | 7.7min
  VAL 99.60%
  TEST 99.7700%
  *** New best: 99.7700% ***
  step 29500 | loss 0.001886 | lr 0.000342 | 7.9min
  step 30000 | loss 0.001996 | lr 0.000328 | 8.0min
  VAL 99.65%
  TEST 99.7900%
  *** New best: 99.7900% ***
  step 30500 | loss 0.001680 | lr 0.000314 | 8.1min
  step 31000 | loss 0.001609 | lr 0.000301 | 8.2min
  VAL 99.65%
  TEST 99.7600%
  step 31500 | loss 0.001530 | lr 0.000288 | 8.4min
  step 32000 | loss 0.001540 | lr 0.000275 | 8.5min
  VAL 99.60%
  TEST 99.6000%
  step 32500 | loss 0.001578 | lr 0.000263 | 8.7min
  step 33000 | loss 0.001396 | lr 0.000251 | 8.8min
  VAL 99.65%
  TEST 99.7300%
  step 33500 | loss 0.001445 | lr 0.000239 | 9.0min
  step 34000 | loss 0.001148 | lr 0.000228 | 9.1min
  VAL 99.65%
  TEST 99.6600%
  step 34500 | loss 0.001300 | lr 0.000217 | 9.3min
  step 35000 | loss 0.001112 | lr 0.000207 | 9.5min
  VAL 99.75%
  TEST 99.8500%
  *** New best: 99.8500% ***
  step 35500 | loss 0.001083 | lr 0.000197 | 9.7min
  step 36000 | loss 0.001102 | lr 0.000187 | 9.8min
  VAL 99.75%
  TEST 99.8600%
  *** New best: 99.8600% ***
  step 36500 | loss 0.001049 | lr 0.000178 | 10.0min
  step 37000 | loss 0.001054 | lr 0.000169 | 10.1min
  VAL 99.75%
  TEST 99.8600%
  step 37500 | loss 0.001001 | lr 0.000161 | 10.2min
  step 38000 | loss 0.000953 | lr 0.000153 | 10.3min
  VAL 99.75%
  TEST 99.8600%
  step 38500 | loss 0.000957 | lr 0.000146 | 10.5min
  step 39000 | loss 0.000891 | lr 0.000139 | 10.6min
  VAL 99.90%
  TEST 99.9200%
  *** New best: 99.9200% ***
  step 39500 | loss 0.000892 | lr 0.000133 | 10.8min
  step 40000 | loss 0.000879 | lr 0.000128 | 10.9min
  VAL 99.75%
  TEST 99.8600%
  step 40500 | loss 0.000885 | lr 0.000122 | 11.1min
  step 41000 | loss 0.000817 | lr 0.000118 | 11.2min
  VAL 99.80%
  TEST 99.9000%
  step 41500 | loss 0.000794 | lr 0.000114 | 11.4min
  step 42000 | loss 0.000808 | lr 0.000110 | 11.5min
  VAL 99.75%
  TEST 99.8600%
  step 42500 | loss 0.000813 | lr 0.000107 | 11.7min
  step 43000 | loss 0.000776 | lr 0.000104 | 11.9min
  VAL 99.95%
  TEST 99.9400%
  *** New best: 99.9400% ***
  step 43500 | loss 0.000729 | lr 0.000102 | 12.0min
  step 44000 | loss 0.000681 | lr 0.000101 | 12.2min
  VAL 99.80%
  TEST 99.9100%
  step 44500 | loss 0.000786 | lr 0.000100 | 12.3min
  step 45000 | loss 0.000733 | lr 0.000100 | 12.5min
  VAL 99.80%
  TEST 99.9100%

Training complete in 12.5 minutes
Best test accuracy: 99.9400%
