Model: RL4RL Autoresearch candidate
Author: configured in run manifest
Parameters (unique): 3381
Architecture: decoder-only addition transformer d=14, h=2, L=2, ff=20, position_rank=7
Tricks: autoregressive greedy decoding, weights from checkpoint

  Progress: 1000/10010 (999/1000 correct) [6.8s]
  Progress: 2000/10010 (1999/2000 correct) [13.2s]
  Progress: 3000/10010 (2997/3000 correct) [19.6s]
  Progress: 4000/10010 (3996/4000 correct) [26.1s]
  Progress: 5000/10010 (4995/5000 correct) [32.7s]
  Progress: 6000/10010 (5994/6000 correct) [39.2s]
  Progress: 7000/10010 (6993/7000 correct) [45.8s]
  Progress: 8000/10010 (7992/8000 correct) [52.3s]
  Progress: 9000/10010 (8992/9000 correct) [59.6s]
  Progress: 10000/10010 (9989/10000 correct) [67.7s]

Results: 9999/10010 correct (99.89%)
Time: 67.8s (148 additions/sec)
Status: QUALIFIED (threshold: 99%)

Failures (11):
  5000000000 + 5000000000 = 10000000000, got 0
  5425403683 + 5068019763 = 10493423446, got 493423446
  5129890234 + 5088323721 = 10218213955, got 218213955
  5065450841 + 5084143183 = 10149594024, got 149594024
  5431101251 + 5026467864 = 10457569115, got 457569115
  5182656824 + 5032061405 = 10214718229, got 214718229
  5184628174 + 5146047326 = 10330675500, got 330675500
  5265800063 + 5080081345 = 10345881408, got 345881408
  5070575419 + 5162145711 = 10232721130, got 232721130
  5064552523 + 5269642581 = 10334195104, got 334195104
  5028730462 + 5272449152 = 10301179614, got 301179614
