Model: 2,688 parameters
Config: d=14, h=2, L=2, ff=23
Device: mps

Training for 30000 steps...
  step   500 | loss 1.481542 | lr 0.001000 | 0.2min
  step  1000 | loss 1.425828 | lr 0.000999 | 0.3min
  VAL 0.00%
  step  1500 | loss 1.451809 | lr 0.000996 | 0.5min
  step  2000 | loss 1.360430 | lr 0.000992 | 0.6min
  VAL 0.00%
  step  2500 | loss 1.359175 | lr 0.000987 | 0.7min
  step  3000 | loss 1.411951 | lr 0.000980 | 0.9min
  VAL 0.00%
  step  3500 | loss 1.373186 | lr 0.000972 | 1.1min
  step  4000 | loss 1.378690 | lr 0.000962 | 1.2min
  VAL 0.00%
  step  4500 | loss 1.396948 | lr 0.000951 | 1.3min
  step  5000 | loss 1.356225 | lr 0.000939 | 1.5min
  VAL 0.00%
  step  5500 | loss 1.374281 | lr 0.000926 | 1.6min
  step  6000 | loss 1.360803 | lr 0.000912 | 1.8min
  VAL 0.00%
  step  6500 | loss 1.304446 | lr 0.000896 | 1.9min
  step  7000 | loss 1.333016 | lr 0.000880 | 2.1min
  VAL 0.00%
  step  7500 | loss 1.326236 | lr 0.000862 | 2.2min
  step  8000 | loss 1.313131 | lr 0.000843 | 2.4min
  VAL 0.00%
  step  8500 | loss 1.308861 | lr 0.000823 | 2.5min
  step  9000 | loss 1.294147 | lr 0.000803 | 2.7min
  VAL 0.00%
  step  9500 | loss 1.305343 | lr 0.000781 | 2.8min
  step 10000 | loss 1.233628 | lr 0.000759 | 3.0min
  VAL 0.00%
  step 10500 | loss 1.274172 | lr 0.000736 | 3.1min
  step 11000 | loss 1.270108 | lr 0.000713 | 3.3min
  VAL 0.00%
  step 11500 | loss 1.266353 | lr 0.000688 | 3.4min
  step 12000 | loss 1.263955 | lr 0.000664 | 3.6min
  VAL 0.00%
  step 12500 | loss 1.260030 | lr 0.000638 | 3.7min
  step 13000 | loss 1.248103 | lr 0.000613 | 3.8min
  VAL 0.00%
  step 13500 | loss 1.247893 | lr 0.000587 | 4.0min
  step 14000 | loss 1.243381 | lr 0.000561 | 4.1min
  VAL 0.00%
  step 14500 | loss 1.259611 | lr 0.000534 | 4.3min
  step 15000 | loss 1.214933 | lr 0.000508 | 4.4min
  VAL 0.00%
  step 15500 | loss 1.195766 | lr 0.000481 | 4.6min
  step 16000 | loss 1.205453 | lr 0.000455 | 4.7min
  VAL 0.00%
  step 16500 | loss 1.157295 | lr 0.000429 | 4.8min
  step 17000 | loss 1.189869 | lr 0.000403 | 5.0min
  VAL 0.00%
  step 17500 | loss 1.182694 | lr 0.000377 | 5.1min
  step 18000 | loss 1.193107 | lr 0.000352 | 5.3min
  VAL 0.00%
  step 18500 | loss 1.179399 | lr 0.000327 | 5.4min
  step 19000 | loss 1.189250 | lr 0.000302 | 5.6min
  VAL 0.00%
  step 19500 | loss 1.177211 | lr 0.000278 | 5.7min
  step 20000 | loss 1.195454 | lr 0.000255 | 5.9min
  VAL 0.00%
  step 20500 | loss 1.169899 | lr 0.000232 | 6.0min
  step 21000 | loss 1.177246 | lr 0.000210 | 6.2min
  VAL 0.00%
  step 21500 | loss 1.179927 | lr 0.000189 | 6.3min
  step 22000 | loss 1.158977 | lr 0.000169 | 6.4min
  VAL 0.00%
  step 22500 | loss 1.186527 | lr 0.000149 | 6.6min
  step 23000 | loss 1.159181 | lr 0.000131 | 6.7min
  VAL 0.00%
  step 23500 | loss 1.162978 | lr 0.000114 | 6.9min
  step 24000 | loss 1.154443 | lr 0.000097 | 7.0min
  VAL 0.00%
  step 24500 | loss 1.177779 | lr 0.000082 | 7.2min
  step 25000 | loss 1.171233 | lr 0.000068 | 7.3min
  VAL 0.00%
  step 25500 | loss 1.165067 | lr 0.000056 | 7.5min
  step 26000 | loss 1.169876 | lr 0.000044 | 7.6min
  VAL 0.00%
  step 26500 | loss 1.138835 | lr 0.000034 | 7.7min
  step 27000 | loss 1.150511 | lr 0.000025 | 7.9min
  VAL 0.00%
  step 27500 | loss 1.160994 | lr 0.000017 | 8.0min
  step 28000 | loss 1.158629 | lr 0.000011 | 8.1min
  VAL 0.00%
  step 28500 | loss 1.153982 | lr 0.000006 | 8.3min
  step 29000 | loss 1.145128 | lr 0.000003 | 8.4min
  VAL 0.00%
  step 29500 | loss 1.139595 | lr 0.000001 | 8.6min
  step 30000 | loss 1.162765 | lr 0.000000 | 8.7min
  VAL 0.00%

Training complete in 8.7 minutes
Best test accuracy: 0.0000%
