Model: RL4RL Autoresearch candidate
Author: configured in run manifest
Parameters (unique): 2688
Architecture: decoder-only addition transformer d=14, h=2, L=2, ff=23
Tricks: autoregressive greedy decoding, weights from checkpoint

  Progress: 1000/10010 (1/1000 correct) [11.3s]
  Progress: 2000/10010 (1/2000 correct) [22.7s]
  Progress: 3000/10010 (1/3000 correct) [32.4s]
  Progress: 4000/10010 (1/4000 correct) [41.4s]
  Progress: 5000/10010 (1/5000 correct) [50.4s]
  Progress: 6000/10010 (1/6000 correct) [59.4s]
  Progress: 7000/10010 (1/7000 correct) [68.1s]
  Progress: 8000/10010 (1/8000 correct) [77.1s]
  Progress: 9000/10010 (1/9000 correct) [86.0s]
  Progress: 10000/10010 (1/10000 correct) [94.9s]

Results: 1/10010 correct (0.01%)
Time: 95.0s (105 additions/sec)
Status: NOT QUALIFIED (threshold: 99%)

First 20 failures (of 10009):
  0 + 0 = 0, got 1
  9999999999 + 0 = 9999999999, got 9900005554
  9999999999 + 1 = 10000000000, got 9910005554
  9999999999 + 9999999999 = 19999999998, got 19998876554
  5000000000 + 5000000000 = 10000000000, got 5000055554
  1111111111 + 8888888889 = 10000000000, got 11000055554
  1234567890 + 9876543210 = 11111111100, got 19988765555
  9999999999 + 9999999999 = 19999999998, got 19998876554
  1 + 9999999999 = 10000000000, got 9919999999
  2395527356 + 9334186774 = 11729714130, got 14555555555
  4296888873 + 8475224721 = 12772113594, got 15555555554
  2446880696 + 4577514554 = 7024395250, got 5655555555
  1721735679 + 186192860 = 1907928539, got 1928655555
  3295396137 + 8512642381 = 11808038518, got 14655555554
  4721664841 + 8801376086 = 13523040927, got 15888765555
  8709633390 + 2191376109 = 10901009499, got 15998865555
  813236058 + 3041824170 = 3855060228, got 3824555555
  7038162399 + 8251837442 = 15289999841, got 12245555554
  3917771074 + 2558389380 = 6476160454, got 14666655555
  2345623234 + 894115330 = 3239738564, got 2055555555
