Model: RL4RL Autoresearch candidate
Author: configured in run manifest
Parameters (unique): 1874
Architecture: decoder-only addition transformer d=16, h=2, L=2, ff=10, block1_ff=8, fixed_separators=True, tied_position_pairs=[[4, 15], [7, 18], [5, 16], [3, 14], [2, 13], [8, 19], [6, 17], [1, 12], [0, 11], [9, 20]], interpolated_positions=[23, 24, 25, 26, 27], qkv_pruned=174
Tricks: autoregressive greedy decoding, weights from checkpoint

  Progress: 1000/10010 (1000/1000 correct) [4.4s]
  Progress: 2000/10010 (1999/2000 correct) [8.8s]
  Progress: 3000/10010 (2999/3000 correct) [13.3s]
  Progress: 4000/10010 (3999/4000 correct) [17.7s]
  Progress: 5000/10010 (4999/5000 correct) [22.2s]
  Progress: 6000/10010 (5997/6000 correct) [26.6s]
  Progress: 7000/10010 (6997/7000 correct) [31.0s]
  Progress: 8000/10010 (7995/8000 correct) [35.4s]
  Progress: 9000/10010 (8993/9000 correct) [40.0s]
  Progress: 10000/10010 (9992/10000 correct) [44.7s]

Results: 10002/10010 correct (99.92%)
Time: 44.8s (224 additions/sec)
Status: QUALIFIED (threshold: 99%)

Failures (8):
  6047119139 + 5060676488 = 11107795627, got 10107795627
  2828982940 + 2171822219 = 5000805159, got 4000805159
  2597748763 + 2430595917 = 5028344680, got 4028344680
  2796828290 + 2206270606 = 5003098896, got 4003098896
  2561962598 + 2448131904 = 5010094502, got 4010094502
  9201756155 + 9771972022 = 18973728177, got 19973728177
  2544951434 + 2456781784 = 5001733218, got 4001733218
  2068770581 + 2967666774 = 5036437355, got 4036437355
