Model: RL4RL Autoresearch candidate
Author: configured in run manifest
Parameters (unique): 1658
Architecture: decoder-only addition transformer d=16, h=2, L=2, ff=16
Tricks: autoregressive greedy decoding, weights from checkpoint

  Progress: 1000/10010 (0/1000 correct) [6.2s]
  Progress: 2000/10010 (0/2000 correct) [12.3s]
  Progress: 3000/10010 (0/3000 correct) [18.8s]
  Progress: 4000/10010 (0/4000 correct) [24.9s]
  Progress: 5000/10010 (0/5000 correct) [30.9s]
  Progress: 6000/10010 (0/6000 correct) [37.1s]
  Progress: 7000/10010 (0/7000 correct) [43.2s]
  Progress: 8000/10010 (0/8000 correct) [49.4s]
  Progress: 9000/10010 (0/9000 correct) [55.6s]
  Progress: 10000/10010 (0/10000 correct) [61.8s]

Results: 0/10010 correct (0.00%)
Time: 61.8s (162 additions/sec)
Status: NOT QUALIFIED (threshold: 99%)

First 20 failures (of 10010):
  0 + 0 = 0, got 8080808000
  0 + 1 = 1, got 8080808002
  9999999999 + 0 = 9999999999, got 13835250502
  9999999999 + 1 = 10000000000, got 5052148392
  9999999999 + 9999999999 = 19999999998, got 16656666666
  5000000000 + 5000000000 = 10000000000, got 6080808000
  1111111111 + 8888888889 = 10000000000, got 12323222222
  1234567890 + 9876543210 = 11111111100, got 13224814130
  9999999999 + 9999999999 = 19999999998, got 16656666666
  1 + 9999999999 = 10000000000, got 13835250502
  2395527356 + 9334186774 = 11729714130, got 13740624321
  4296888873 + 8475224721 = 12772113594, got 14851223544
  2446880696 + 4577514554 = 7024395250, got 16814321560
  1721735679 + 186192860 = 1907928539, got 12326149442
  3295396137 + 8512642381 = 11808038518, got 14837036435
  4721664841 + 8801376086 = 13523040927, got 22424144925
  8709633390 + 2191376109 = 10901009499, got 22414140492
  813236058 + 3041824170 = 3855060228, got 5354259324
  7038162399 + 8251837442 = 15289999841, got 15382304703
  3917771074 + 2558389380 = 6476160454, got 12585452244
