Model: RL4RL Autoresearch candidate
Author: configured in run manifest
Parameters (unique): 1985
Architecture: decoder-only addition transformer d=16, h=2, L=2, ff=10, block1_ff=8, fixed_separators=True, tied_position_pairs=[[4, 15], [7, 18], [5, 16], [3, 14], [2, 13], [8, 19], [6, 17], [1, 12], [0, 11], [9, 20]], interpolated_positions=[23, 24, 25, 26, 27], qkv_pruned=63
Tricks: autoregressive greedy decoding, weights from checkpoint

  Progress: 1000/10010 (998/1000 correct) [4.5s]
  Progress: 2000/10010 (1996/2000 correct) [8.9s]
  Progress: 3000/10010 (2992/3000 correct) [13.4s]
  Progress: 4000/10010 (3991/4000 correct) [17.9s]
  Progress: 5000/10010 (4988/5000 correct) [22.3s]
  Progress: 6000/10010 (5984/6000 correct) [26.7s]
  Progress: 7000/10010 (6979/7000 correct) [31.1s]
  Progress: 8000/10010 (7978/8000 correct) [35.8s]
  Progress: 9000/10010 (8974/9000 correct) [40.5s]
  Progress: 10000/10010 (9972/10000 correct) [45.2s]

Results: 9982/10010 correct (99.72%)
Time: 45.3s (221 additions/sec)
Status: QUALIFIED (threshold: 99%)

First 20 failures (of 28):
  8555181831 + 4641387687 = 13196569518, got 13296569518
  9949339211 + 8948002488 = 18897341699, got 18997341699
  8946513248 + 1971558909 = 10918072157, got 11018072157
  9586808679 + 9343185470 = 18929994149, got 19929994149
  1754701630 + 6156600650 = 7911302280, got 7911302180
  6343443347 + 8961045915 = 15304489262, got 15404489262
  9278473654 + 9413599947 = 18692073601, got 19692073601
  6932957980 + 5956539163 = 12889497143, got 12989497143
  9217700662 + 9448597295 = 18666297957, got 19666297957
  8191852004 + 7194996854 = 15386848858, got 15396848858
  9402679499 + 9293095411 = 18695774910, got 19695774910
  9964543372 + 5945248928 = 15909792300, got 16009792300
  7646880009 + 2551938226 = 10198818235, got 10298818235
  4945526394 + 5960538870 = 10906065264, got 11006065264
  9479323125 + 9453799615 = 18933122740, got 19933122740
  9444829971 + 9344612303 = 18789442274, got 19789442274
  9360408474 + 9213913869 = 18574322343, got 19574322343
  7944477584 + 6864655285 = 14809132869, got 14909132869
  8921818742 + 972234647 = 9894053389, got 9994053389
  1940146330 + 1969387127 = 3909533457, got 4009533457
