Model: RL4RL Autoresearch candidate
Author: configured in run manifest
Parameters (unique): 2047
Architecture: decoder-only addition transformer d=16, h=2, L=2, ff=10, block1_ff=8, fixed_separators=True, tied_position_pairs=[[4, 15], [7, 18], [5, 16], [3, 14], [2, 13], [8, 19], [6, 17], [1, 12], [0, 11], [9, 20]], interpolated_positions=[23, 24, 25, 26, 27], qkv_pruned=1
Tricks: autoregressive greedy decoding, weights from checkpoint

  Progress: 1000/10010 (995/1000 correct) [4.4s]
  Progress: 2000/10010 (1991/2000 correct) [8.8s]
  Progress: 3000/10010 (2985/3000 correct) [13.1s]
  Progress: 4000/10010 (3980/4000 correct) [17.5s]
  Progress: 5000/10010 (4976/5000 correct) [21.9s]
  Progress: 6000/10010 (5970/6000 correct) [26.2s]
  Progress: 7000/10010 (6967/7000 correct) [30.7s]
  Progress: 8000/10010 (7966/8000 correct) [35.1s]
  Progress: 9000/10010 (8964/9000 correct) [39.5s]
  Progress: 10000/10010 (9959/10000 correct) [43.9s]

Results: 9969/10010 correct (99.59%)
Time: 43.9s (228 additions/sec)
Status: QUALIFIED (threshold: 99%)

First 20 failures (of 41):
  6780533471 + 5090190326 = 11870723797, got 10870723797
  2419324703 + 3516291980 = 5935616683, got 5835616683
  8261688289 + 8707679052 = 16969367341, got 17969367341
  4501354141 + 9409669647 = 13911023788, got 13811023788
  9949339211 + 8948002488 = 18897341699, got 18997341699
  2414276349 + 2517436867 = 4931713216, got 4831713216
  4624637094 + 517131976 = 5141769070, got 5041769070
  6047119139 + 5060676488 = 11107795627, got 10107795627
  5199705329 + 6225705022 = 11425410351, got 10425410351
  6268963137 + 5180516162 = 11449479299, got 10449479299
  5073074988 + 6351264488 = 11424339476, got 10424339476
  6660112625 + 5142876686 = 11802989311, got 10802989311
  9278473654 + 9413599947 = 18692073601, got 19692073601
  5254066650 + 9287720511 = 14541787161, got 14441787161
  3439094253 + 1591035692 = 5030129945, got 5020129945
  6220808416 + 5189773965 = 11410582381, got 10410582381
  1415015538 + 2519348781 = 3934364319, got 3834364319
  1965085837 + 3760032072 = 5725117909, got 5715117909
  6258014553 + 8283570450 = 14541585003, got 14441585003
  9217700662 + 9448597295 = 18666297957, got 19666297957
