Model: 2,966 parameters
Config: d=14, h=2, L=2, ff=19
Device: mps

Training for 45000 steps...
  step   500 | loss 1.848168 | lr 0.001000 | 0.1min
  step  1000 | loss 1.436967 | lr 0.000999 | 0.3min
  VAL 0.00%
  step  1500 | loss 1.394675 | lr 0.000998 | 0.4min
  step  2000 | loss 1.457787 | lr 0.000997 | 0.5min
  VAL 0.00%
  step  2500 | loss 1.368638 | lr 0.000995 | 0.6min
  step  3000 | loss 1.398829 | lr 0.000992 | 0.8min
  VAL 0.00%
  step  3500 | loss 1.380888 | lr 0.000989 | 0.9min
  step  4000 | loss 1.387522 | lr 0.000985 | 1.1min
  VAL 0.00%
  step  4500 | loss 1.347777 | lr 0.000981 | 1.2min
  step  5000 | loss 1.404618 | lr 0.000976 | 1.3min
  VAL 0.00%
  step  5500 | loss 1.382693 | lr 0.000970 | 1.4min
  step  6000 | loss 1.346661 | lr 0.000964 | 1.6min
  VAL 0.00%
  step  6500 | loss 1.348584 | lr 0.000958 | 1.7min
  step  7000 | loss 1.298226 | lr 0.000951 | 1.8min
  VAL 0.00%
  step  7500 | loss 1.258547 | lr 0.000944 | 2.0min
  step  8000 | loss 1.231353 | lr 0.000936 | 2.1min
  VAL 0.00%
  step  8500 | loss 1.252861 | lr 0.000927 | 2.2min
  step  9000 | loss 1.170004 | lr 0.000918 | 2.4min
  VAL 0.00%
  step  9500 | loss 1.120095 | lr 0.000909 | 2.5min
  step 10000 | loss 1.094977 | lr 0.000899 | 2.7min
  VAL 0.00%
  step 10500 | loss 1.063313 | lr 0.000889 | 2.8min
  step 11000 | loss 1.061824 | lr 0.000879 | 2.9min
  VAL 0.00%
  step 11500 | loss 1.057899 | lr 0.000868 | 3.0min
  step 12000 | loss 1.037508 | lr 0.000856 | 3.2min
  VAL 0.00%
  step 12500 | loss 1.022557 | lr 0.000844 | 3.3min
  step 13000 | loss 1.041567 | lr 0.000832 | 3.5min
  VAL 0.00%
  step 13500 | loss 1.036531 | lr 0.000820 | 3.6min
  step 14000 | loss 1.044022 | lr 0.000807 | 3.7min
  VAL 0.00%
  step 14500 | loss 0.997816 | lr 0.000794 | 3.9min
  step 15000 | loss 1.012937 | lr 0.000780 | 4.0min
  VAL 0.00%
  step 15500 | loss 1.008583 | lr 0.000767 | 4.1min
  step 16000 | loss 1.003379 | lr 0.000753 | 4.3min
  VAL 0.00%
  step 16500 | loss 0.983793 | lr 0.000739 | 4.4min
  step 17000 | loss 0.974184 | lr 0.000724 | 4.6min
  VAL 0.00%
  step 17500 | loss 0.984561 | lr 0.000709 | 4.8min
  step 18000 | loss 0.989694 | lr 0.000694 | 4.9min
  VAL 0.00%
  step 18500 | loss 0.956056 | lr 0.000679 | 5.0min
  step 19000 | loss 0.973151 | lr 0.000664 | 5.2min
  VAL 0.00%
  step 19500 | loss 0.975073 | lr 0.000649 | 5.3min
  step 20000 | loss 0.961381 | lr 0.000633 | 5.4min
  VAL 0.00%
  step 20500 | loss 0.965330 | lr 0.000618 | 5.6min
  step 21000 | loss 0.943998 | lr 0.000602 | 5.7min
  VAL 0.00%
  step 21500 | loss 0.954956 | lr 0.000586 | 5.9min
  step 22000 | loss 0.978167 | lr 0.000571 | 6.0min
  VAL 0.00%
  step 22500 | loss 0.973644 | lr 0.000555 | 6.1min
  step 23000 | loss 0.946757 | lr 0.000539 | 6.2min
  VAL 0.00%
  step 23500 | loss 0.962325 | lr 0.000523 | 6.4min
  step 24000 | loss 0.964751 | lr 0.000507 | 6.5min
  VAL 0.00%
  step 24500 | loss 0.973154 | lr 0.000492 | 6.7min
  step 25000 | loss 0.920184 | lr 0.000476 | 6.8min
  VAL 0.00%
  step 25500 | loss 0.946626 | lr 0.000460 | 6.9min
  step 26000 | loss 0.960771 | lr 0.000445 | 7.1min
  VAL 0.00%
  step 26500 | loss 0.938319 | lr 0.000430 | 7.2min
  step 27000 | loss 0.971059 | lr 0.000415 | 7.3min
  VAL 0.00%
  step 27500 | loss 0.950813 | lr 0.000400 | 7.5min
  step 28000 | loss 0.954415 | lr 0.000385 | 7.6min
  VAL 0.00%
  step 28500 | loss 0.931353 | lr 0.000370 | 7.7min
  step 29000 | loss 0.975682 | lr 0.000356 | 7.9min
  VAL 0.00%
  step 29500 | loss 0.920349 | lr 0.000342 | 8.0min
  step 30000 | loss 0.925262 | lr 0.000328 | 8.1min
  VAL 0.00%
  step 30500 | loss 0.942238 | lr 0.000314 | 8.3min
  step 31000 | loss 0.933232 | lr 0.000301 | 8.4min
  VAL 0.00%
  step 31500 | loss 0.932156 | lr 0.000288 | 8.5min
  step 32000 | loss 0.950953 | lr 0.000275 | 8.7min
  VAL 0.00%
  step 32500 | loss 0.924449 | lr 0.000263 | 8.8min
  step 33000 | loss 0.919523 | lr 0.000251 | 8.9min
  VAL 0.00%
  step 33500 | loss 0.919588 | lr 0.000239 | 9.1min
  step 34000 | loss 0.916642 | lr 0.000228 | 9.2min
  VAL 0.00%
  step 34500 | loss 0.920135 | lr 0.000217 | 9.3min
  step 35000 | loss 0.935530 | lr 0.000207 | 9.4min
  VAL 0.00%
  step 35500 | loss 0.923378 | lr 0.000197 | 9.6min
  step 36000 | loss 0.921175 | lr 0.000187 | 9.7min
  VAL 0.00%
  step 36500 | loss 0.895145 | lr 0.000178 | 9.8min
  step 37000 | loss 0.921817 | lr 0.000169 | 9.9min
  VAL 0.00%
  step 37500 | loss 0.922947 | lr 0.000161 | 10.1min
  step 38000 | loss 0.924653 | lr 0.000153 | 10.2min
  VAL 0.00%
  step 38500 | loss 0.915085 | lr 0.000146 | 10.3min
  step 39000 | loss 0.889570 | lr 0.000139 | 10.4min
  VAL 0.00%
  step 39500 | loss 0.907998 | lr 0.000133 | 10.6min
  step 40000 | loss 0.921356 | lr 0.000128 | 10.7min
  VAL 0.00%
  step 40500 | loss 0.883720 | lr 0.000122 | 10.8min
  step 41000 | loss 0.896924 | lr 0.000118 | 11.0min
  VAL 0.00%
  step 41500 | loss 0.913924 | lr 0.000114 | 11.1min
  step 42000 | loss 0.890919 | lr 0.000110 | 11.2min
  VAL 0.00%
  step 42500 | loss 0.916559 | lr 0.000107 | 11.3min
  step 43000 | loss 0.898056 | lr 0.000104 | 11.5min
  VAL 0.00%
  step 43500 | loss 0.902448 | lr 0.000102 | 11.6min
  step 44000 | loss 0.886198 | lr 0.000101 | 11.7min
  VAL 0.00%
  step 44500 | loss 0.907734 | lr 0.000100 | 11.8min
  step 45000 | loss 0.884579 | lr 0.000100 | 12.0min
  VAL 0.00%

Training complete in 12.0 minutes
Best test accuracy: 0.0000%
