Initialized from retained incumbent: /Users/utshaho/Documents/GitHub/rl4rl/data/raw/autoresearch/sol-xhigh-overnight-20260814/state/incumbent.pt
Model: 2,032 parameters
Config: d=16, h=2, L=2, ff=10
Device: mps

INITIAL VAL 10.60%

Fine-tuning for up to 10000 steps...
  step   500 | loss 0.261666 | lr 0.000100 | 0.1min
  VAL 10.00%
  step  1000 | loss 0.240317 | lr 0.000099 | 0.2min
  VAL 10.15%
  step  1500 | loss 0.262220 | lr 0.000096 | 0.3min
  VAL 10.00%
  step  2000 | loss 0.255986 | lr 0.000093 | 0.4min
  VAL 10.25%
  step  2500 | loss 0.264553 | lr 0.000088 | 0.5min
  VAL 9.90%
  step  3000 | loss 0.229196 | lr 0.000082 | 0.7min
  VAL 9.90%
  step  3500 | loss 0.261195 | lr 0.000075 | 0.8min
  VAL 10.10%
  step  4000 | loss 0.240107 | lr 0.000068 | 0.9min
  VAL 9.90%
  step  4500 | loss 0.255306 | lr 0.000060 | 1.0min
  VAL 9.90%
  step  5000 | loss 0.254219 | lr 0.000052 | 1.1min
  VAL 10.05%
  step  5500 | loss 0.270324 | lr 0.000044 | 1.2min
  VAL 10.20%
  step  6000 | loss 0.241635 | lr 0.000036 | 1.3min
  VAL 10.40%
  step  6500 | loss 0.248300 | lr 0.000029 | 1.4min
  VAL 10.30%
  step  7000 | loss 0.245334 | lr 0.000022 | 2.4min
  VAL 10.45%
  step  7500 | loss 0.228109 | lr 0.000016 | 2.5min
  VAL 10.35%
  step  8000 | loss 0.222488 | lr 0.000010 | 2.6min
  VAL 10.40%
  step  8500 | loss 0.232527 | lr 0.000006 | 2.6min
  VAL 10.30%
  step  9000 | loss 0.246291 | lr 0.000003 | 2.8min
  VAL 10.30%
  step  9500 | loss 0.239592 | lr 0.000001 | 2.8min
  VAL 10.40%
  step 10000 | loss 0.237503 | lr 0.000000 | 3.0min
  VAL 10.40%

Training complete in 3.0 minutes
Best test accuracy: 0.0000%
