Model: RL4RL Autoresearch candidate
Author: configured in run manifest
Parameters (unique): 1634
Architecture: decoder-only addition transformer d=16, h=2, L=2, ff=16
Tricks: autoregressive greedy decoding, weights from checkpoint

  Progress: 1000/10010 (0/1000 correct) [8.0s]
  Progress: 2000/10010 (0/2000 correct) [14.5s]
  Progress: 3000/10010 (0/3000 correct) [21.5s]
  Progress: 4000/10010 (0/4000 correct) [28.1s]
  Progress: 5000/10010 (0/5000 correct) [34.9s]
  Progress: 6000/10010 (0/6000 correct) [41.8s]
  Progress: 7000/10010 (0/7000 correct) [48.6s]
  Progress: 8000/10010 (0/8000 correct) [55.8s]
  Progress: 9000/10010 (0/9000 correct) [62.4s]
  Progress: 10000/10010 (0/10000 correct) [68.9s]

Results: 0/10010 correct (0.00%)
Time: 68.9s (145 additions/sec)
Status: NOT QUALIFIED (threshold: 99%)

First 20 failures (of 10010):
  0 + 0 = 0, got 3333332246
  0 + 1 = 1, got 3333332246
  9999999999 + 0 = 9999999999, got 30766631146
  9999999999 + 1 = 10000000000, got 30766631146
  9999999999 + 9999999999 = 19999999998, got 38777780976
  5000000000 + 5000000000 = 10000000000, got 4433332246
  1111111111 + 8888888889 = 10000000000, got 39777731266
  1234567890 + 9876543210 = 11111111100, got 30755544246
  9999999999 + 9999999999 = 19999999998, got 38777780976
  1 + 9999999999 = 10000000000, got 30766630066
  2395527356 + 9334186774 = 11729714130, got 35556534456
  4296888873 + 8475224721 = 12772113594, got 35665644456
  2446880696 + 4577514554 = 7024395250, got 35656524456
  1721735679 + 186192860 = 1907928539, got 3476645556
  3295396137 + 8512642381 = 11808038518, got 34666545456
  4721664841 + 8801376086 = 13523040927, got 35544444356
  8709633390 + 2191376109 = 10901009499, got 30766534446
  813236058 + 3041824170 = 3855060228, got 3654743456
  7038162399 + 8251837442 = 15289999841, got 7667742556
  3917771074 + 2558389380 = 6476160454, got 35566440466
