Initialized from retained incumbent: /Users/utshaho/Documents/GitHub/rl4rl/data/raw/autoresearch/sol-xhigh-overnight-20260814/state/incumbent.pt
Model: 2,320 parameters
Config: d=16, h=2, L=2, ff=10
Device: mps

INITIAL VAL 0.25%

Fine-tuning for up to 20000 steps...
  step   500 | loss 0.226134 | lr 0.000100 | 0.1min
  VAL 65.65%
  step  1000 | loss 0.195544 | lr 0.000100 | 0.2min
  VAL 85.25%
  step  1500 | loss 0.187507 | lr 0.000099 | 0.3min
  VAL 88.85%
  step  2000 | loss 0.178687 | lr 0.000098 | 0.4min
  VAL 90.50%
  step  2500 | loss 0.173932 | lr 0.000097 | 0.5min
  VAL 89.45%
  step  3000 | loss 0.172252 | lr 0.000095 | 0.6min
  VAL 90.45%
  step  3500 | loss 0.163721 | lr 0.000094 | 0.7min
  VAL 89.15%
  step  4000 | loss 0.168569 | lr 0.000092 | 0.8min
  VAL 90.50%
  step  4500 | loss 0.169358 | lr 0.000089 | 0.9min
  VAL 91.30%
  step  5000 | loss 0.163387 | lr 0.000087 | 1.0min
  VAL 91.85%
  step  5500 | loss 0.160712 | lr 0.000084 | 1.1min
  VAL 93.05%
  step  6000 | loss 0.161245 | lr 0.000081 | 1.2min
  VAL 92.40%
  step  6500 | loss 0.159679 | lr 0.000077 | 1.3min
  VAL 92.95%
  step  7000 | loss 0.156434 | lr 0.000074 | 1.4min
  VAL 94.60%
  step  7500 | loss 0.157428 | lr 0.000071 | 1.5min
  VAL 94.65%
  step  8000 | loss 0.151353 | lr 0.000067 | 1.6min
  VAL 94.60%
  step  8500 | loss 0.151555 | lr 0.000063 | 1.7min
  VAL 94.35%
  step  9000 | loss 0.147492 | lr 0.000059 | 1.8min
  VAL 94.60%
  step  9500 | loss 0.151837 | lr 0.000055 | 1.9min
  VAL 94.55%
  step 10000 | loss 0.146786 | lr 0.000051 | 2.0min
  VAL 94.75%
  step 10500 | loss 0.148712 | lr 0.000047 | 2.1min
  VAL 95.15%
  step 11000 | loss 0.144115 | lr 0.000043 | 2.2min
  VAL 94.95%
  step 11500 | loss 0.145177 | lr 0.000039 | 2.3min
  VAL 94.85%
  step 12000 | loss 0.144015 | lr 0.000035 | 2.4min
  VAL 95.20%
  step 12500 | loss 0.141648 | lr 0.000032 | 2.5min
  VAL 95.40%
  step 13000 | loss 0.141560 | lr 0.000028 | 2.6min
  VAL 95.00%
  step 13500 | loss 0.143053 | lr 0.000025 | 2.7min
  VAL 95.25%
  step 14000 | loss 0.141413 | lr 0.000021 | 2.8min
  VAL 95.45%
  step 14500 | loss 0.141325 | lr 0.000018 | 2.9min
  VAL 95.20%
  step 15000 | loss 0.140850 | lr 0.000015 | 3.0min
  VAL 95.55%
  step 15500 | loss 0.135772 | lr 0.000012 | 3.0min
  VAL 95.25%
  step 16000 | loss 0.137526 | lr 0.000010 | 3.2min
  VAL 95.35%
  step 16500 | loss 0.138396 | lr 0.000008 | 3.2min
  VAL 95.45%
  step 17000 | loss 0.137183 | lr 0.000006 | 3.4min
  VAL 95.65%
  step 17500 | loss 0.136580 | lr 0.000004 | 3.4min
  VAL 95.50%
  step 18000 | loss 0.139974 | lr 0.000003 | 3.5min
  VAL 95.35%
  step 18500 | loss 0.137256 | lr 0.000001 | 3.6min
  VAL 95.55%
  step 19000 | loss 0.140948 | lr 0.000001 | 3.7min
  VAL 95.50%
  step 19500 | loss 0.137799 | lr 0.000000 | 3.8min
  VAL 95.50%
  step 20000 | loss 0.138027 | lr 0.000000 | 3.9min
  VAL 95.55%

Training complete in 3.9 minutes
Best test accuracy: 0.0000%
