Model: RL4RL Autoresearch candidate
Author: configured in run manifest
Parameters (unique): 4800
Architecture: decoder-only addition transformer d=16, h=2, L=2, ff=28
Tricks: autoregressive greedy decoding, weights from checkpoint

  Progress: 1000/10010 (1000/1000 correct) [10.7s]
  Progress: 2000/10010 (2000/2000 correct) [21.4s]
  Progress: 3000/10010 (3000/3000 correct) [32.0s]
  Progress: 4000/10010 (4000/4000 correct) [42.6s]
  Progress: 5000/10010 (5000/5000 correct) [53.4s]
  Progress: 6000/10010 (6000/6000 correct) [64.0s]
  Progress: 7000/10010 (7000/7000 correct) [74.7s]
  Progress: 8000/10010 (8000/8000 correct) [85.5s]
  Progress: 9000/10010 (8999/9000 correct) [94.9s]
  Progress: 10000/10010 (9999/10000 correct) [103.3s]

Results: 10009/10010 correct (99.99%)
Time: 103.4s (97 additions/sec)
Status: QUALIFIED (threshold: 99%)

Failures (1):
  4095130848 + 9036795778 = 13131926626, got 3131926626
