Model: 5,520 parameters
Config: d=16, h=2, L=2, ff=48
Device: mps

Training for 30000 steps...
  step   500 | loss 1.387420 | lr 0.001000 | 0.1min
  step  1000 | loss 1.397237 | lr 0.000999 | 0.3min
  VAL 0.00%
  step  1500 | loss 1.349091 | lr 0.000996 | 0.4min
  step  2000 | loss 1.350121 | lr 0.000992 | 0.6min
  VAL 0.00%
  step  2500 | loss 1.312179 | lr 0.000987 | 0.7min
  step  3000 | loss 1.312322 | lr 0.000980 | 0.9min
  VAL 0.00%
  step  3500 | loss 1.300007 | lr 0.000972 | 1.0min
  step  4000 | loss 1.319177 | lr 0.000962 | 1.1min
  VAL 0.00%
  step  4500 | loss 1.259523 | lr 0.000951 | 1.3min
  step  5000 | loss 1.256605 | lr 0.000939 | 1.4min
  VAL 0.00%
  step  5500 | loss 1.211860 | lr 0.000926 | 1.5min
  step  6000 | loss 1.172879 | lr 0.000912 | 1.7min
  VAL 0.00%
  step  6500 | loss 1.154782 | lr 0.000896 | 1.8min
  step  7000 | loss 1.100031 | lr 0.000880 | 2.0min
  VAL 0.00%
  step  7500 | loss 1.082669 | lr 0.000862 | 2.1min
  step  8000 | loss 1.061879 | lr 0.000843 | 2.3min
  VAL 0.00%
  step  8500 | loss 1.047311 | lr 0.000823 | 2.4min
  step  9000 | loss 1.020819 | lr 0.000803 | 2.6min
  VAL 0.00%
  step  9500 | loss 1.011862 | lr 0.000781 | 2.7min
  step 10000 | loss 1.018427 | lr 0.000759 | 2.8min
  VAL 0.00%
  step 10500 | loss 0.983117 | lr 0.000736 | 3.0min
  step 11000 | loss 1.004634 | lr 0.000713 | 3.1min
  VAL 0.00%
  step 11500 | loss 1.006686 | lr 0.000688 | 3.3min
  step 12000 | loss 0.993845 | lr 0.000664 | 3.4min
  VAL 0.00%
  step 12500 | loss 1.000555 | lr 0.000638 | 3.6min
  step 13000 | loss 0.988560 | lr 0.000613 | 3.7min
  VAL 0.00%
  step 13500 | loss 0.959393 | lr 0.000587 | 3.9min
  step 14000 | loss 0.981952 | lr 0.000561 | 4.1min
  VAL 0.00%
  step 14500 | loss 0.996945 | lr 0.000534 | 4.2min
  step 15000 | loss 0.945060 | lr 0.000508 | 4.3min
  VAL 0.00%
  step 15500 | loss 0.954041 | lr 0.000481 | 4.5min
  step 16000 | loss 0.968855 | lr 0.000455 | 4.7min
  VAL 0.00%
  step 16500 | loss 0.961351 | lr 0.000429 | 4.8min
  step 17000 | loss 0.959698 | lr 0.000403 | 5.0min
  VAL 0.00%
  step 17500 | loss 0.905235 | lr 0.000377 | 5.1min
  step 18000 | loss 0.939943 | lr 0.000352 | 5.3min
  VAL 0.00%
  step 18500 | loss 0.930480 | lr 0.000327 | 5.4min
  step 19000 | loss 0.934252 | lr 0.000302 | 5.6min
  VAL 0.00%
  step 19500 | loss 0.955986 | lr 0.000278 | 5.7min
  step 20000 | loss 0.908738 | lr 0.000255 | 5.9min
  VAL 0.00%
  step 20500 | loss 0.925729 | lr 0.000232 | 6.0min
  step 21000 | loss 0.927166 | lr 0.000210 | 6.2min
  VAL 0.00%
  step 21500 | loss 0.927106 | lr 0.000189 | 6.3min
  step 22000 | loss 0.905178 | lr 0.000169 | 6.5min
  VAL 0.00%
  step 22500 | loss 0.894931 | lr 0.000149 | 6.7min
  step 23000 | loss 0.943763 | lr 0.000131 | 6.8min
  VAL 0.00%
  step 23500 | loss 0.927453 | lr 0.000114 | 7.0min
  step 24000 | loss 0.913734 | lr 0.000097 | 7.1min
  VAL 0.00%
  step 24500 | loss 0.893779 | lr 0.000082 | 7.3min
  step 25000 | loss 0.917903 | lr 0.000068 | 7.4min
  VAL 0.00%
  step 25500 | loss 0.912223 | lr 0.000056 | 7.6min
  step 26000 | loss 0.913996 | lr 0.000044 | 7.7min
  VAL 0.00%
  step 26500 | loss 0.907134 | lr 0.000034 | 7.9min
  step 27000 | loss 0.932812 | lr 0.000025 | 8.0min
  VAL 0.00%
  step 27500 | loss 0.893336 | lr 0.000017 | 8.2min
  step 28000 | loss 0.933896 | lr 0.000011 | 8.3min
  VAL 0.00%
  step 28500 | loss 0.895054 | lr 0.000006 | 8.5min
  step 29000 | loss 0.871452 | lr 0.000003 | 8.6min
  VAL 0.00%
  step 29500 | loss 0.913126 | lr 0.000001 | 8.8min
  step 30000 | loss 0.910612 | lr 0.000000 | 8.9min
  VAL 0.00%

Training complete in 8.9 minutes
Best test accuracy: 0.0000%
