Model: RL4RL Autoresearch candidate
Author: configured in run manifest
Parameters (unique): 5024
Architecture: decoder-only addition transformer d=16, h=2, L=2, ff=32
Tricks: autoregressive greedy decoding, weights from checkpoint

  Progress: 1000/10010 (998/1000 correct) [6.8s]
  Progress: 2000/10010 (1997/2000 correct) [13.7s]
  Progress: 3000/10010 (2994/3000 correct) [20.4s]
  Progress: 4000/10010 (3993/4000 correct) [27.2s]
  Progress: 5000/10010 (4993/5000 correct) [33.9s]
  Progress: 6000/10010 (5992/6000 correct) [40.8s]
  Progress: 7000/10010 (6992/7000 correct) [47.6s]
  Progress: 8000/10010 (7990/8000 correct) [54.4s]
  Progress: 9000/10010 (8989/9000 correct) [61.3s]
  Progress: 10000/10010 (9988/10000 correct) [68.1s]

Results: 9998/10010 correct (99.88%)
Time: 68.1s (147 additions/sec)
Status: QUALIFIED (threshold: 99%)

Failures (12):
  5000000000 + 5000000000 = 10000000000, got 0
  2395527356 + 9334186774 = 11729714130, got 11829714130
  2979331316 + 6664160898 = 9643492214, got 19643492214
  2757266156 + 6908818039 = 9666084195, got 19666084195
  2894393345 + 6701893507 = 9596286852, got 19596286852
  5129890234 + 5088323721 = 10218213955, got 218213955
  5065450841 + 5084143183 = 10149594024, got 149594024
  5182656824 + 5032061405 = 10214718229, got 214718229
  6966849017 + 2935435146 = 9902284163, got 19902284163
  2739627867 + 9239115731 = 11978743598, got 12078743598
  2900621222 + 6809313908 = 9709935130, got 19709935130
  5028730462 + 5272449152 = 10301179614, got 301179614
