Initialized from retained incumbent: /Users/utshaho/Documents/GitHub/rl4rl/data/raw/autoresearch/sol-xhigh-overnight-20260814/state/incumbent.pt
Model: 2,320 parameters
Config: d=16, h=2, L=2, ff=10
Device: mps

INITIAL VAL 9.60%

Fine-tuning for up to 10000 steps...
  step   500 | loss 0.160278 | lr 0.000100 | 0.1min
  VAL 97.75%
  step  1000 | loss 0.161110 | lr 0.000099 | 0.2min
  VAL 98.25%
  step  1500 | loss 0.159456 | lr 0.000096 | 0.3min
  VAL 98.15%
  step  2000 | loss 0.161563 | lr 0.000093 | 0.4min
  VAL 98.20%
  step  2500 | loss 0.151991 | lr 0.000088 | 0.5min
  VAL 98.80%
  step  3000 | loss 0.154625 | lr 0.000082 | 0.6min
  VAL 99.55%
  TEST 99.2900%
  *** New best: 99.2900% ***
  step  3500 | loss 0.151803 | lr 0.000075 | 0.8min
  VAL 98.40%
  step  4000 | loss 0.150057 | lr 0.000068 | 0.9min
  VAL 98.90%
  step  4500 | loss 0.151050 | lr 0.000060 | 1.0min
  VAL 98.90%
  step  5000 | loss 0.149921 | lr 0.000052 | 1.1min
  VAL 99.45%
  TEST 99.1300%
  step  5500 | loss 0.145159 | lr 0.000044 | 1.2min
  VAL 99.20%
  TEST 98.9300%
  step  6000 | loss 0.145033 | lr 0.000036 | 1.3min
  VAL 99.55%
  TEST 99.4500%
  *** New best: 99.4500% ***
  step  6500 | loss 0.146631 | lr 0.000029 | 1.5min
  VAL 99.40%
  TEST 99.4800%
  *** New best: 99.4800% ***
  step  7000 | loss 0.142947 | lr 0.000022 | 1.6min
  VAL 99.35%
  TEST 99.4300%
  step  7500 | loss 0.142612 | lr 0.000016 | 1.7min
  VAL 99.45%
  TEST 99.3300%
  step  8000 | loss 0.144233 | lr 0.000010 | 1.9min
  VAL 99.60%
  TEST 99.5100%
  *** New best: 99.5100% ***
  step  8500 | loss 0.139502 | lr 0.000006 | 2.0min
  VAL 99.65%
  TEST 99.6300%
  *** New best: 99.6300% ***
  step  9000 | loss 0.142022 | lr 0.000003 | 2.2min
  VAL 99.50%
  TEST 99.4600%
  step  9500 | loss 0.141638 | lr 0.000001 | 2.3min
  VAL 99.50%
  TEST 99.4800%
  step 10000 | loss 0.140097 | lr 0.000000 | 2.4min
  VAL 99.50%
  TEST 99.5100%

Training complete in 2.5 minutes
Best test accuracy: 99.6300%
