Initialized from retained incumbent: /Users/utshaho/Documents/GitHub/rl4rl/data/raw/autoresearch/sol-xhigh-overnight-20260814/state/incumbent.pt
Model: 3,392 parameters
Config: d=16, h=2, L=2, ff=10
Device: mps

INITIAL VAL 84.30%

Fine-tuning for up to 10000 steps...
  step   500 | loss 0.265044 | lr 0.000100 | 0.2min
  VAL 97.70%
  step  1000 | loss 0.258138 | lr 0.000099 | 0.3min
  VAL 99.60%
  TEST 99.7100%
  *** New best: 99.7100% ***
  step  1500 | loss 0.257076 | lr 0.000096 | 0.5min
  VAL 99.95%
  TEST 99.8300%
  *** New best: 99.8300% ***
  step  2000 | loss 0.253306 | lr 0.000093 | 0.6min
  VAL 99.40%
  TEST 99.2800%
  step  2500 | loss 0.242569 | lr 0.000088 | 0.8min
  VAL 99.85%
  TEST 99.7900%
  step  3000 | loss 0.246166 | lr 0.000082 | 0.9min
  VAL 99.60%
  TEST 99.7300%
  step  3500 | loss 0.239167 | lr 0.000075 | 1.1min
  VAL 99.95%
  TEST 99.9100%
  *** New best: 99.9100% ***
  step  4000 | loss 0.239628 | lr 0.000068 | 1.2min
  VAL 99.90%
  TEST 99.8500%
  step  4500 | loss 0.234462 | lr 0.000060 | 1.4min
  VAL 99.75%
  TEST 99.8500%
  step  5000 | loss 0.231651 | lr 0.000052 | 1.6min
  VAL 99.95%
  TEST 99.9200%
  *** New best: 99.9200% ***
  step  5500 | loss 0.228681 | lr 0.000044 | 1.7min
  VAL 99.90%
  TEST 99.9100%
  step  6000 | loss 0.222113 | lr 0.000036 | 1.9min
  VAL 99.95%
  TEST 99.9100%
  step  6500 | loss 0.223758 | lr 0.000029 | 2.0min
  VAL 99.65%
  TEST 99.7300%
  step  7000 | loss 0.222118 | lr 0.000022 | 2.2min
  VAL 99.80%
  TEST 99.9000%
  step  7500 | loss 0.217741 | lr 0.000016 | 2.3min
  VAL 99.90%
  TEST 99.9300%
  *** New best: 99.9300% ***
  step  8000 | loss 0.224715 | lr 0.000010 | 2.5min
  VAL 99.90%
  TEST 99.9500%
  *** New best: 99.9500% ***
  step  8500 | loss 0.219774 | lr 0.000006 | 2.6min
  VAL 99.80%
  TEST 99.9500%
  step  9000 | loss 0.225472 | lr 0.000003 | 2.8min
  VAL 99.85%
  TEST 99.9300%
  step  9500 | loss 0.221774 | lr 0.000001 | 2.9min
  VAL 99.90%
  TEST 99.9700%
  *** New best: 99.9700% ***
  step 10000 | loss 0.223298 | lr 0.000000 | 3.1min
  VAL 99.85%
  TEST 99.9600%

Training complete in 3.1 minutes
Best test accuracy: 99.9700%
