Model: RL4RL Autoresearch candidate
Author: configured in run manifest
Parameters (unique): 3392
Architecture: decoder-only addition transformer d=16, h=2, L=2, ff=10
Tricks: autoregressive greedy decoding, weights from checkpoint

  Progress: 1000/10010 (999/1000 correct) [6.0s]
  Progress: 2000/10010 (1999/2000 correct) [12.0s]
  Progress: 3000/10010 (2999/3000 correct) [18.0s]
  Progress: 4000/10010 (3998/4000 correct) [24.2s]
  Progress: 5000/10010 (4996/5000 correct) [30.4s]
  Progress: 6000/10010 (5995/6000 correct) [36.5s]
  Progress: 7000/10010 (6994/7000 correct) [42.6s]
  Progress: 8000/10010 (7994/8000 correct) [48.8s]
  Progress: 9000/10010 (8994/9000 correct) [54.9s]
  Progress: 10000/10010 (9994/10000 correct) [61.1s]

Results: 10004/10010 correct (99.94%)
Time: 61.2s (164 additions/sec)
Status: QUALIFIED (threshold: 99%)

Failures (6):
  6411217581 + 4618156788 = 11029374369, got 10029374369
  6403342674 + 4627421652 = 11030764326, got 10030764326
  6333361504 + 4685972164 = 11019333668, got 10019333668
  6777607533 + 4230213925 = 11007821458, got 10007821458
  6937848309 + 4087435228 = 11025283537, got 10025283537
  1481163266 + 1614020002 = 3095183268, got 4095183268
