Model: 3,073 parameters
Config: d=14, h=2, L=2, ff=19
Device: mps

Training for 45000 steps...
  step   500 | loss 1.596135 | lr 0.001000 | 0.2min
  step  1000 | loss 1.376293 | lr 0.000999 | 0.3min
  VAL 0.00%
  step  1500 | loss 1.336488 | lr 0.000998 | 0.4min
  step  2000 | loss 1.355544 | lr 0.000997 | 0.6min
  VAL 0.00%
  step  2500 | loss 1.302862 | lr 0.000995 | 0.7min
  step  3000 | loss 1.193391 | lr 0.000992 | 0.8min
  VAL 0.00%
  step  3500 | loss 1.014076 | lr 0.000989 | 0.9min
  step  4000 | loss 0.759548 | lr 0.000985 | 1.1min
  VAL 0.00%
  step  4500 | loss 0.682326 | lr 0.000981 | 1.2min
  step  5000 | loss 0.621918 | lr 0.000976 | 1.3min
  VAL 0.00%
  step  5500 | loss 0.591693 | lr 0.000970 | 1.5min
  step  6000 | loss 0.555879 | lr 0.000964 | 1.6min
  VAL 0.10%
  step  6500 | loss 0.552761 | lr 0.000958 | 1.7min
  step  7000 | loss 0.505924 | lr 0.000951 | 1.9min
  VAL 0.10%
  step  7500 | loss 0.502507 | lr 0.000944 | 2.0min
  step  8000 | loss 0.489794 | lr 0.000936 | 2.1min
  VAL 0.25%
  step  8500 | loss 0.475250 | lr 0.000927 | 2.2min
  step  9000 | loss 0.454970 | lr 0.000918 | 2.4min
  VAL 0.25%
  step  9500 | loss 0.446188 | lr 0.000909 | 2.5min
  step 10000 | loss 0.435968 | lr 0.000899 | 2.6min
  VAL 0.50%
  step 10500 | loss 0.435037 | lr 0.000889 | 2.8min
  step 11000 | loss 0.422036 | lr 0.000879 | 2.9min
  VAL 0.40%
  step 11500 | loss 0.419346 | lr 0.000868 | 3.0min
  step 12000 | loss 0.417557 | lr 0.000856 | 3.2min
  VAL 0.75%
  step 12500 | loss 0.413709 | lr 0.000844 | 3.3min
  step 13000 | loss 0.413493 | lr 0.000832 | 3.5min
  VAL 0.60%
  step 13500 | loss 0.409448 | lr 0.000820 | 3.6min
  step 14000 | loss 0.409973 | lr 0.000807 | 3.7min
  VAL 0.85%
  step 14500 | loss 0.406504 | lr 0.000794 | 3.9min
  step 15000 | loss 0.402132 | lr 0.000780 | 4.0min
  VAL 0.85%
  step 15500 | loss 0.402592 | lr 0.000767 | 4.2min
  step 16000 | loss 0.398510 | lr 0.000753 | 4.3min
  VAL 0.90%
  step 16500 | loss 0.399087 | lr 0.000739 | 4.4min
  step 17000 | loss 0.399553 | lr 0.000724 | 4.6min
  VAL 0.95%
  step 17500 | loss 0.397597 | lr 0.000709 | 4.7min
  step 18000 | loss 0.210620 | lr 0.000694 | 4.9min
  VAL 8.10%
  step 18500 | loss 0.210069 | lr 0.000679 | 5.0min
  step 19000 | loss 0.208996 | lr 0.000664 | 5.1min
  VAL 8.30%
  step 19500 | loss 0.206088 | lr 0.000649 | 5.3min
  step 20000 | loss 0.207290 | lr 0.000633 | 5.4min
  VAL 9.30%
  step 20500 | loss 0.206039 | lr 0.000618 | 5.6min
  step 21000 | loss 0.016611 | lr 0.000602 | 5.7min
  VAL 85.20%
  step 21500 | loss 0.016822 | lr 0.000586 | 5.8min
  step 22000 | loss 0.015991 | lr 0.000571 | 6.0min
  VAL 88.50%
  step 22500 | loss 0.015936 | lr 0.000555 | 6.1min
  step 23000 | loss 0.015128 | lr 0.000539 | 6.2min
  VAL 91.15%
  step 23500 | loss 0.012764 | lr 0.000523 | 6.4min
  step 24000 | loss 0.013769 | lr 0.000507 | 6.5min
  VAL 95.35%
  step 24500 | loss 0.012342 | lr 0.000492 | 6.7min
  step 25000 | loss 0.013060 | lr 0.000476 | 6.8min
  VAL 95.90%
  step 25500 | loss 0.012569 | lr 0.000460 | 6.9min
  step 26000 | loss 0.011145 | lr 0.000445 | 7.1min
  VAL 97.20%
  step 26500 | loss 0.010848 | lr 0.000430 | 7.2min
  step 27000 | loss 0.009577 | lr 0.000415 | 7.3min
  VAL 97.55%
  step 27500 | loss 0.009870 | lr 0.000400 | 7.5min
  step 28000 | loss 0.008864 | lr 0.000385 | 7.6min
  VAL 97.30%
  step 28500 | loss 0.009563 | lr 0.000370 | 7.7min
  step 29000 | loss 0.008850 | lr 0.000356 | 7.9min
  VAL 96.40%
  step 29500 | loss 0.007890 | lr 0.000342 | 8.0min
  step 30000 | loss 0.007847 | lr 0.000328 | 8.1min
  VAL 98.05%
  step 30500 | loss 0.006609 | lr 0.000314 | 8.3min
  step 31000 | loss 0.007488 | lr 0.000301 | 8.4min
  VAL 98.75%
  step 31500 | loss 0.007265 | lr 0.000288 | 8.6min
  step 32000 | loss 0.006135 | lr 0.000275 | 8.7min
  VAL 97.60%
  step 32500 | loss 0.005649 | lr 0.000263 | 8.8min
  step 33000 | loss 0.005379 | lr 0.000251 | 8.9min
  VAL 98.35%
  step 33500 | loss 0.005581 | lr 0.000239 | 9.1min
  step 34000 | loss 0.005006 | lr 0.000228 | 9.2min
  VAL 97.95%
  step 34500 | loss 0.005126 | lr 0.000217 | 9.4min
  step 35000 | loss 0.005425 | lr 0.000207 | 9.5min
  VAL 99.10%
  TEST 99.2200%
  *** New best: 99.2200% ***
  step 35500 | loss 0.004336 | lr 0.000197 | 9.7min
  step 36000 | loss 0.004547 | lr 0.000187 | 9.8min
  VAL 98.70%
  step 36500 | loss 0.004188 | lr 0.000178 | 10.0min
  step 37000 | loss 0.003850 | lr 0.000169 | 10.2min
  VAL 99.65%
  TEST 99.6100%
  *** New best: 99.6100% ***
  step 37500 | loss 0.003598 | lr 0.000161 | 10.4min
  step 38000 | loss 0.003672 | lr 0.000153 | 10.5min
  VAL 99.70%
  TEST 99.7100%
  *** New best: 99.7100% ***
  step 38500 | loss 0.003491 | lr 0.000146 | 10.7min
  step 39000 | loss 0.003338 | lr 0.000139 | 10.8min
  VAL 99.65%
  TEST 99.5600%
  step 39500 | loss 0.003173 | lr 0.000133 | 11.0min
  step 40000 | loss 0.003079 | lr 0.000128 | 11.1min
  VAL 99.60%
  TEST 99.6400%
  step 40500 | loss 0.002828 | lr 0.000122 | 11.3min
  step 41000 | loss 0.002798 | lr 0.000118 | 11.5min
  VAL 99.70%
  TEST 99.5900%
  step 41500 | loss 0.002812 | lr 0.000114 | 11.7min
  step 42000 | loss 0.002762 | lr 0.000110 | 11.8min
  VAL 99.75%
  TEST 99.6300%
  step 42500 | loss 0.002610 | lr 0.000107 | 12.0min
  step 43000 | loss 0.002479 | lr 0.000104 | 12.1min
  VAL 99.90%
  TEST 99.8300%
  *** New best: 99.8300% ***
  step 43500 | loss 0.002367 | lr 0.000102 | 12.3min
  step 44000 | loss 0.002246 | lr 0.000101 | 12.4min
  VAL 99.80%
  TEST 99.6800%
  step 44500 | loss 0.002189 | lr 0.000100 | 12.6min
  step 45000 | loss 0.002198 | lr 0.000100 | 12.7min
  VAL 99.75%
  TEST 99.7800%

Training complete in 12.8 minutes
Best test accuracy: 99.8300%
