Model: RL4RL Autoresearch candidate
Author: configured in run manifest
Parameters (unique): 3073
Architecture: decoder-only addition transformer d=14, h=2, L=2, ff=19, position_rank=3, tie_norms_across_layers=True
Tricks: autoregressive greedy decoding, weights from checkpoint

  Progress: 1000/10010 (996/1000 correct) [8.2s]
  Progress: 2000/10010 (1993/2000 correct) [16.2s]
  Progress: 3000/10010 (2987/3000 correct) [24.3s]
  Progress: 4000/10010 (3984/4000 correct) [32.8s]
  Progress: 5000/10010 (4982/5000 correct) [41.5s]
  Progress: 6000/10010 (5979/6000 correct) [49.9s]
  Progress: 7000/10010 (6977/7000 correct) [58.4s]
  Progress: 8000/10010 (7977/8000 correct) [65.6s]
  Progress: 9000/10010 (8973/9000 correct) [72.1s]
  Progress: 10000/10010 (9971/10000 correct) [78.6s]

Results: 9981/10010 correct (99.71%)
Time: 78.7s (127 additions/sec)
Status: QUALIFIED (threshold: 99%)

First 20 failures (of 29):
  5541457967 + 4314580997 = 9856038964, got 19856038964
  9130138496 + 1043580814 = 10173719310, got 173719310
  9008276723 + 1061168960 = 10069445683, got 69445683
  4463237865 + 5519084920 = 9982322785, got 19982322785
  1187966435 + 9088317174 = 10276283609, got 276283609
  1141453291 + 9181574292 = 10323027583, got 323027583
  1026427274 + 9182547056 = 10208974330, got 208974330
  1147294489 + 9085324166 = 10232618655, got 232618655
  4382081856 + 5551512927 = 9933594783, got 19933594783
  1218558853 + 9062033940 = 10280592793, got 280592793
  2096009540 + 8156924670 = 10252934210, got 252934210
  7031074082 + 3112768751 = 10143842833, got 143842833
  3072712464 + 7078219145 = 10150931609, got 150931609
  1121731067 + 9098840335 = 10220571402, got 220571402
  7176553972 + 3105792641 = 10282346613, got 282346613
  8126908990 + 2164202340 = 10291111330, got 291111330
  1065768291 + 9280734723 = 10346503014, got 346503014
  7126568783 + 3065591481 = 10192160264, got 192160264
  5522796472 + 4353469203 = 9876265675, got 19876265675
  1141815866 + 9016025386 = 10157841252, got 157841252
