Model: RL4RL Autoresearch candidate
Author: configured in run manifest
Parameters (unique): 2080
Architecture: decoder-only addition transformer d=16, h=2, L=2, ff=10, block1_ff=8, fixed_separators=True, tied_position_pairs=[[4, 15], [7, 18], [5, 16], [3, 14], [2, 13], [8, 19], [6, 17], [1, 12], [0, 11], [9, 20]], interpolated_positions=[23, 24, 25]
Tricks: autoregressive greedy decoding, weights from checkpoint

  Progress: 1000/10010 (999/1000 correct) [4.4s]
  Progress: 2000/10010 (1999/2000 correct) [8.7s]
  Progress: 3000/10010 (2999/3000 correct) [13.0s]
  Progress: 4000/10010 (3999/4000 correct) [17.4s]
  Progress: 5000/10010 (4999/5000 correct) [21.8s]
  Progress: 6000/10010 (5997/6000 correct) [26.1s]
  Progress: 7000/10010 (6997/7000 correct) [30.5s]
  Progress: 8000/10010 (7997/8000 correct) [34.9s]
  Progress: 9000/10010 (8993/9000 correct) [39.3s]
  Progress: 10000/10010 (9991/10000 correct) [43.6s]

Results: 10001/10010 correct (99.91%)
Time: 43.7s (229 additions/sec)
Status: QUALIFIED (threshold: 99%)

Failures (9):
  9949339211 + 8948002488 = 18897341699, got 18997341699
  8918493315 + 4192479048 = 13110972363, got 12110972363
  9479323125 + 9453799615 = 18933122740, got 19933122740
  4976077648 + 8127685554 = 13103763202, got 12103763202
  7820651290 + 47602210 = 7868253500, got 7868153500
  9516562991 + 9413390151 = 18929953142, got 19929953142
  9201756155 + 9771972022 = 18973728177, got 19973728177
  6095020661 + 6494923769 = 12589944430, got 12599944430
  2195739399 + 3894014086 = 6089753485, got 6099753485
