Model: 3,120 parameters
Config: d=16, h=2, L=2, ff=16
Device: mps

Training for 30000 steps...
  step   500 | loss 1.472657 | lr 0.001000 | 0.1min
  step  1000 | loss 1.378651 | lr 0.000999 | 0.3min
  VAL 0.00%
  step  1500 | loss 1.202046 | lr 0.000996 | 0.4min
  step  2000 | loss 0.978012 | lr 0.000992 | 0.6min
  VAL 0.00%
  step  2500 | loss 0.390817 | lr 0.000987 | 0.7min
  step  3000 | loss 0.223241 | lr 0.000980 | 0.8min
  VAL 23.90%
  step  3500 | loss 0.168784 | lr 0.000972 | 0.9min
  step  4000 | loss 0.121118 | lr 0.000962 | 1.1min
  VAL 70.20%
  step  4500 | loss 0.099167 | lr 0.000951 | 1.2min
  step  5000 | loss 0.080062 | lr 0.000939 | 1.3min
  VAL 88.25%
  step  5500 | loss 0.062296 | lr 0.000926 | 1.5min
  step  6000 | loss 0.059098 | lr 0.000912 | 1.6min
  VAL 93.65%
  step  6500 | loss 0.042656 | lr 0.000896 | 1.7min
  step  7000 | loss 0.036090 | lr 0.000880 | 1.9min
  VAL 97.20%
  step  7500 | loss 0.029217 | lr 0.000862 | 2.0min
  step  8000 | loss 0.023274 | lr 0.000843 | 2.2min
  VAL 97.35%
  step  8500 | loss 0.020003 | lr 0.000823 | 2.3min
  step  9000 | loss 0.017288 | lr 0.000803 | 2.4min
  VAL 97.90%
  step  9500 | loss 0.016603 | lr 0.000781 | 2.6min
  step 10000 | loss 0.011687 | lr 0.000759 | 2.7min
  VAL 98.75%
  step 10500 | loss 0.010431 | lr 0.000736 | 2.8min
  step 11000 | loss 0.009857 | lr 0.000713 | 2.9min
  VAL 99.50%
  TEST 99.3800%
  *** New best: 99.3800% ***
  step 11500 | loss 0.007657 | lr 0.000688 | 3.1min
  step 12000 | loss 0.007774 | lr 0.000664 | 3.2min
  VAL 99.65%
  TEST 99.3400%
  step 12500 | loss 0.007463 | lr 0.000638 | 3.3min
  step 13000 | loss 0.006459 | lr 0.000613 | 3.5min
  VAL 99.85%
  TEST 99.6600%
  *** New best: 99.6600% ***
  step 13500 | loss 0.005764 | lr 0.000587 | 3.6min
  step 14000 | loss 0.005038 | lr 0.000561 | 3.8min
  VAL 99.90%
  TEST 99.7700%
  *** New best: 99.7700% ***
  step 14500 | loss 0.004903 | lr 0.000534 | 3.9min
  step 15000 | loss 0.004697 | lr 0.000508 | 4.1min
  VAL 100.00%
  TEST 99.8500%
  *** New best: 99.8500% ***
  step 15500 | loss 0.003848 | lr 0.000481 | 4.2min
  step 16000 | loss 0.003234 | lr 0.000455 | 4.4min
  VAL 99.85%
  TEST 99.8300%
  step 16500 | loss 0.002947 | lr 0.000429 | 4.5min
  step 17000 | loss 0.002996 | lr 0.000403 | 4.7min
  VAL 99.95%
  TEST 99.8800%
  *** New best: 99.8800% ***
  step 17500 | loss 0.002529 | lr 0.000377 | 4.8min
  step 18000 | loss 0.002202 | lr 0.000352 | 5.0min
  VAL 99.95%
  TEST 99.9000%
  *** New best: 99.9000% ***
  step 18500 | loss 0.001929 | lr 0.000327 | 5.2min
  step 19000 | loss 0.001743 | lr 0.000302 | 5.3min
  VAL 100.00%
  TEST 99.9400%
  *** New best: 99.9400% ***
  step 19500 | loss 0.001724 | lr 0.000278 | 5.5min
  step 20000 | loss 0.001665 | lr 0.000255 | 5.6min
  VAL 100.00%
  TEST 99.9700%
  *** New best: 99.9700% ***
  step 20500 | loss 0.001426 | lr 0.000232 | 5.8min
  step 21000 | loss 0.001223 | lr 0.000210 | 5.9min
  VAL 100.00%
  TEST 99.9900%
  *** New best: 99.9900% ***
  step 21500 | loss 0.001237 | lr 0.000189 | 6.1min
  step 22000 | loss 0.001190 | lr 0.000169 | 6.2min
  VAL 100.00%
  TEST 99.9700%
  step 22500 | loss 0.001024 | lr 0.000149 | 6.4min
  step 23000 | loss 0.000999 | lr 0.000131 | 6.5min
  VAL 100.00%
  TEST 100.0000%
  *** New best: 100.0000% ***
  step 23500 | loss 0.000946 | lr 0.000114 | 6.7min
  step 24000 | loss 0.000962 | lr 0.000097 | 6.9min
  VAL 100.00%
  TEST 100.0000%
  step 24500 | loss 0.000893 | lr 0.000082 | 7.0min
  step 25000 | loss 0.000805 | lr 0.000068 | 7.2min
  VAL 100.00%
  TEST 100.0000%
  step 25500 | loss 0.000792 | lr 0.000056 | 7.4min
  step 26000 | loss 0.000732 | lr 0.000044 | 7.5min
  VAL 100.00%
  TEST 100.0000%
  step 26500 | loss 0.000724 | lr 0.000034 | 7.7min
  step 27000 | loss 0.000687 | lr 0.000025 | 7.8min
  VAL 100.00%
  TEST 100.0000%
  step 27500 | loss 0.000747 | lr 0.000017 | 8.0min
  step 28000 | loss 0.000667 | lr 0.000011 | 8.1min
  VAL 100.00%
  TEST 100.0000%
  step 28500 | loss 0.000653 | lr 0.000006 | 8.3min
  step 29000 | loss 0.000662 | lr 0.000003 | 8.4min
  VAL 100.00%
  TEST 100.0000%
  step 29500 | loss 0.000658 | lr 0.000001 | 8.6min
  step 30000 | loss 0.000660 | lr 0.000000 | 8.7min
  VAL 100.00%
  TEST 100.0000%

Training complete in 8.7 minutes
Best test accuracy: 100.0000%
