Model: RL4RL Autoresearch candidate
Author: configured in run manifest
Parameters (unique): 3120
Architecture: decoder-only addition transformer d=16, h=2, L=2, ff=16
Tricks: autoregressive greedy decoding, weights from checkpoint

  Progress: 1000/10010 (994/1000 correct) [9.0s]
  Progress: 2000/10010 (1994/2000 correct) [18.1s]
  Progress: 3000/10010 (2994/3000 correct) [27.1s]
  Progress: 4000/10010 (3994/4000 correct) [36.1s]
  Progress: 5000/10010 (4994/5000 correct) [45.1s]
  Progress: 6000/10010 (5993/6000 correct) [54.1s]
  Progress: 7000/10010 (6993/7000 correct) [63.2s]
  Progress: 8000/10010 (7993/8000 correct) [71.7s]
  Progress: 9000/10010 (8992/9000 correct) [80.7s]
  Progress: 10000/10010 (9992/10000 correct) [89.7s]

Results: 10002/10010 correct (99.92%)
Time: 89.8s (111 additions/sec)
Status: QUALIFIED (threshold: 99%)

Failures (8):
  9999999999 + 1 = 10000000000, got 0
  9999999999 + 9999999999 = 19999999998, got 99999999998
  5000000000 + 5000000000 = 10000000000, got 0
  1111111111 + 8888888889 = 10000000000, got 0
  9999999999 + 9999999999 = 19999999998, got 99999999998
  1 + 9999999999 = 10000000000, got 0
  1050911330 + 9098600541 = 10149511871, got 149511871
  9870494545 + 9937826413 = 19808320958, got 18808320958
