Model: RL4RL Autoresearch candidate
Author: configured in run manifest
Parameters (unique): 1837
Architecture: decoder-only addition transformer d=16, h=2, L=2, ff=10, block1_ff=8, fixed_separators=True, tied_position_pairs=[[4, 15], [7, 18], [5, 16], [3, 14], [2, 13], [8, 19], [6, 17], [1, 12], [0, 11], [9, 20]], interpolated_positions=[23, 24, 25, 26, 27], qkv_pruned=211
Tricks: autoregressive greedy decoding, weights from checkpoint

  Progress: 1000/10010 (1000/1000 correct) [4.6s]
  Progress: 2000/10010 (1999/2000 correct) [9.1s]
  Progress: 3000/10010 (2998/3000 correct) [13.8s]
  Progress: 4000/10010 (3998/4000 correct) [18.3s]
  Progress: 5000/10010 (4997/5000 correct) [22.7s]
  Progress: 6000/10010 (5995/6000 correct) [27.1s]
  Progress: 7000/10010 (6995/7000 correct) [31.5s]
  Progress: 8000/10010 (7994/8000 correct) [35.9s]
  Progress: 9000/10010 (8993/9000 correct) [40.3s]
  Progress: 10000/10010 (9992/10000 correct) [44.6s]

Results: 10002/10010 correct (99.92%)
Time: 44.6s (224 additions/sec)
Status: QUALIFIED (threshold: 99%)

Failures (8):
  6047119139 + 5060676488 = 11107795627, got 10107795627
  6660112625 + 5142876686 = 11802989311, got 10802989311
  5634381845 + 6168469548 = 11802851393, got 10802851393
  6005893433 + 5803299494 = 11809192927, got 10809192927
  2828982940 + 2171822219 = 5000805159, got 4000805159
  2561962598 + 2448131904 = 5010094502, got 4010094502
  2544951434 + 2456781784 = 5001733218, got 4001733218
  2068770581 + 2967666774 = 5036437355, got 4036437355
