Model: RL4RL Autoresearch candidate
Author: configured in run manifest
Parameters (unique): 1465
Architecture: decoder-only addition transformer d=16, h=2, L=2, ff=16
Tricks: autoregressive greedy decoding, weights from checkpoint

  Progress: 1000/10010 (0/1000 correct) [6.8s]
  Progress: 2000/10010 (0/2000 correct) [13.3s]
  Progress: 3000/10010 (0/3000 correct) [19.8s]
  Progress: 4000/10010 (0/4000 correct) [26.3s]
  Progress: 5000/10010 (0/5000 correct) [32.8s]
  Progress: 6000/10010 (0/6000 correct) [39.4s]
  Progress: 7000/10010 (0/7000 correct) [46.0s]
  Progress: 8000/10010 (0/8000 correct) [52.5s]
  Progress: 9000/10010 (0/9000 correct) [59.1s]
  Progress: 10000/10010 (0/10000 correct) [65.8s]

Results: 0/10010 correct (0.00%)
Time: 65.9s (152 additions/sec)
Status: NOT QUALIFIED (threshold: 99%)

First 20 failures (of 10010):
  0 + 0 = 0, got 3335100004
  0 + 1 = 1, got 3335100003
  9999999999 + 0 = 9999999999, got 3344210033
  9999999999 + 1 = 10000000000, got 3344210033
  9999999999 + 9999999999 = 19999999998, got 14344211332
  5000000000 + 5000000000 = 10000000000, got 1335100003
  1111111111 + 8888888889 = 10000000000, got 3344211032
  1234567890 + 9876543210 = 11111111100, got 3311110003
  9999999999 + 9999999999 = 19999999998, got 14344211332
  1 + 9999999999 = 10000000000, got 3344210002
  2395527356 + 9334186774 = 11729714130, got 4051111001
  4296888873 + 8475224721 = 12772113594, got 12042211201
  2446880696 + 4577514554 = 7024395250, got 8022210030
  1721735679 + 186192860 = 1907928539, got 3342210203
  3295396137 + 8512642381 = 11808038518, got 12049110002
  4721664841 + 8801376086 = 13523040927, got 12366110031
  8709633390 + 2191376109 = 10901009499, got 13344110002
  813236058 + 3041824170 = 3855060228, got 3308290003
  7038162399 + 8251837442 = 15289999841, got 13394210002
  3917771074 + 2558389380 = 6476160454, got 7304120033
