Model: RL4RL Autoresearch candidate
Author: configured in run manifest
Parameters (unique): 1656
Architecture: decoder-only addition transformer d=16, h=2, L=2, ff=16
Tricks: autoregressive greedy decoding, weights from checkpoint

  Progress: 1000/10010 (151/1000 correct) [6.6s]
  Progress: 2000/10010 (302/2000 correct) [13.3s]
  Progress: 3000/10010 (480/3000 correct) [19.9s]
  Progress: 4000/10010 (650/4000 correct) [27.1s]
  Progress: 5000/10010 (816/5000 correct) [33.9s]
  Progress: 6000/10010 (964/6000 correct) [40.6s]
  Progress: 7000/10010 (1114/7000 correct) [47.5s]
  Progress: 8000/10010 (1266/8000 correct) [54.2s]
  Progress: 9000/10010 (1430/9000 correct) [61.1s]
  Progress: 10000/10010 (1590/10000 correct) [67.8s]

Results: 1593/10010 correct (15.91%)
Time: 67.8s (148 additions/sec)
Status: NOT QUALIFIED (threshold: 99%)

First 20 failures (of 8417):
  9999999999 + 0 = 9999999999, got 9999999990
  9999999999 + 1 = 10000000000, got 10000000001
  9999999999 + 9999999999 = 19999999998, got 18999999998
  1111111111 + 8888888889 = 10000000000, got 10000000009
  1234567890 + 9876543210 = 11111111100, got 11101111100
  9999999999 + 9999999999 = 19999999998, got 18999999998
  1 + 9999999999 = 10000000000, got 9999999919
  2395527356 + 9334186774 = 11729714130, got 11729814130
  4296888873 + 8475224721 = 12772113594, got 23772113584
  2446880696 + 4577514554 = 7024395250, got 7024395350
  1721735679 + 186192860 = 1907928539, got 1910928440
  3295396137 + 8512642381 = 11808038518, got 11808038529
  4721664841 + 8801376086 = 13523040927, got 24523040936
  8709633390 + 2191376109 = 10901009499, got 10901009598
  813236058 + 3041824170 = 3855060228, got 3855060229
  7038162399 + 8251837442 = 15289999841, got 15189999832
  3917771074 + 2558389380 = 6476160454, got 6476160455
  2345623234 + 894115330 = 3239738564, got 3239838565
  9635552803 + 139097711 = 9774650514, got 9776650514
  5487960534 + 2479695299 = 7967655833, got 8967655933
