Model: 2,641 parameters
Config: d=14, h=2, L=2, ff=23
Device: mps

Training for 50000 steps...
  step   500 | loss 1.488031 | lr 0.001000 | 0.2min
  step  1000 | loss 1.348391 | lr 0.001000 | 0.3min
  VAL 0.00%
  step  1500 | loss 1.350490 | lr 0.000999 | 0.4min
  step  2000 | loss 1.311241 | lr 0.000997 | 0.6min
  VAL 0.00%
  step  2500 | loss 1.205706 | lr 0.000995 | 0.7min
  step  3000 | loss 1.170694 | lr 0.000993 | 0.9min
  VAL 0.00%
  step  3500 | loss 0.913222 | lr 0.000990 | 1.0min
  step  4000 | loss 0.835408 | lr 0.000986 | 1.1min
  VAL 0.00%
  step  4500 | loss 0.690962 | lr 0.000982 | 1.3min
  step  5000 | loss 0.627596 | lr 0.000978 | 1.4min
  VAL 0.00%
  step  5500 | loss 0.582438 | lr 0.000973 | 1.5min
  step  6000 | loss 0.551472 | lr 0.000968 | 1.7min
  VAL 0.15%
  step  6500 | loss 0.540541 | lr 0.000962 | 1.8min
  step  7000 | loss 0.517382 | lr 0.000956 | 2.0min
  VAL 0.05%
  step  7500 | loss 0.517038 | lr 0.000949 | 2.1min
  step  8000 | loss 0.515409 | lr 0.000942 | 2.2min
  VAL 0.35%
  step  8500 | loss 0.519272 | lr 0.000934 | 2.4min
  step  9000 | loss 0.501301 | lr 0.000926 | 2.5min
  VAL 0.35%
  step  9500 | loss 0.486217 | lr 0.000918 | 2.7min
  step 10000 | loss 0.468645 | lr 0.000909 | 2.8min
  VAL 0.40%
  step 10500 | loss 0.472385 | lr 0.000900 | 2.9min
  step 11000 | loss 0.465728 | lr 0.000890 | 3.1min
  VAL 0.45%
  step 11500 | loss 0.467113 | lr 0.000880 | 3.2min
  step 12000 | loss 0.460009 | lr 0.000869 | 3.4min
  VAL 0.45%
  step 12500 | loss 0.463060 | lr 0.000859 | 3.5min
  step 13000 | loss 0.450836 | lr 0.000847 | 3.6min
  VAL 0.30%
  step 13500 | loss 0.448000 | lr 0.000836 | 3.8min
  step 14000 | loss 0.445475 | lr 0.000824 | 3.9min
  VAL 0.65%
  step 14500 | loss 0.453390 | lr 0.000812 | 4.0min
  step 15000 | loss 0.446807 | lr 0.000799 | 4.2min
  VAL 0.55%
  step 15500 | loss 0.449181 | lr 0.000786 | 4.3min
  step 16000 | loss 0.438218 | lr 0.000773 | 4.5min
  VAL 0.55%
  step 16500 | loss 0.434247 | lr 0.000760 | 4.6min
  step 17000 | loss 0.437524 | lr 0.000746 | 4.7min
  VAL 0.45%
  step 17500 | loss 0.417076 | lr 0.000732 | 4.9min
  step 18000 | loss 0.417833 | lr 0.000718 | 5.0min
  VAL 0.55%
  step 18500 | loss 0.420482 | lr 0.000704 | 5.1min
  step 19000 | loss 0.433964 | lr 0.000690 | 5.3min
  VAL 0.65%
  step 19500 | loss 0.407046 | lr 0.000675 | 5.4min
  step 20000 | loss 0.403351 | lr 0.000660 | 5.6min
  VAL 0.65%
  step 20500 | loss 0.415271 | lr 0.000645 | 5.7min
  step 21000 | loss 0.412518 | lr 0.000630 | 5.9min
  VAL 0.90%
  step 21500 | loss 0.404256 | lr 0.000614 | 6.0min
  step 22000 | loss 0.403006 | lr 0.000599 | 6.1min
  VAL 0.80%
  step 22500 | loss 0.399070 | lr 0.000583 | 6.3min
  step 23000 | loss 0.399260 | lr 0.000568 | 6.4min
  VAL 0.95%
  step 23500 | loss 0.398215 | lr 0.000552 | 6.6min
  step 24000 | loss 0.393434 | lr 0.000536 | 6.7min
  VAL 0.75%
  step 24500 | loss 0.395756 | lr 0.000521 | 6.8min
  step 25000 | loss 0.400244 | lr 0.000505 | 6.9min
  VAL 0.90%
  step 25500 | loss 0.392375 | lr 0.000489 | 7.1min
  step 26000 | loss 0.388891 | lr 0.000473 | 7.2min
  VAL 0.85%
  step 26500 | loss 0.392788 | lr 0.000457 | 7.4min
  step 27000 | loss 0.392404 | lr 0.000442 | 7.5min
  VAL 0.70%
  step 27500 | loss 0.394912 | lr 0.000426 | 7.7min
  step 28000 | loss 0.389844 | lr 0.000410 | 7.8min
  VAL 0.75%
  step 28500 | loss 0.389244 | lr 0.000395 | 7.9min
  step 29000 | loss 0.387109 | lr 0.000380 | 8.1min
  VAL 0.95%
  step 29500 | loss 0.391826 | lr 0.000364 | 8.2min
  step 30000 | loss 0.386372 | lr 0.000349 | 8.3min
  VAL 0.95%
  step 30500 | loss 0.377486 | lr 0.000334 | 8.5min
  step 31000 | loss 0.388012 | lr 0.000319 | 8.6min
  VAL 1.25%
  step 31500 | loss 0.385783 | lr 0.000305 | 8.8min
  step 32000 | loss 0.382749 | lr 0.000290 | 8.9min
  VAL 0.80%
  step 32500 | loss 0.390184 | lr 0.000276 | 9.0min
  step 33000 | loss 0.388847 | lr 0.000262 | 9.1min
  VAL 0.70%
  step 33500 | loss 0.379761 | lr 0.000248 | 9.3min
  step 34000 | loss 0.386330 | lr 0.000235 | 9.4min
  VAL 0.90%
  step 34500 | loss 0.384509 | lr 0.000221 | 9.6min
  step 35000 | loss 0.379874 | lr 0.000208 | 9.7min
  VAL 0.60%
  step 35500 | loss 0.382380 | lr 0.000196 | 9.9min
  step 36000 | loss 0.387109 | lr 0.000183 | 10.0min
  VAL 0.85%
  step 36500 | loss 0.381258 | lr 0.000171 | 10.1min
  step 37000 | loss 0.382758 | lr 0.000160 | 10.3min
  VAL 0.75%
  step 37500 | loss 0.380720 | lr 0.000148 | 10.4min
  step 38000 | loss 0.385998 | lr 0.000137 | 10.5min
  VAL 0.80%
  step 38500 | loss 0.384711 | lr 0.000126 | 10.7min
  step 39000 | loss 0.379415 | lr 0.000116 | 10.8min
  VAL 0.70%
  step 39500 | loss 0.377306 | lr 0.000106 | 11.0min
  step 40000 | loss 0.378936 | lr 0.000097 | 11.1min
  VAL 0.85%
  step 40500 | loss 0.381420 | lr 0.000087 | 11.2min
  step 41000 | loss 0.383792 | lr 0.000079 | 11.4min
  VAL 0.80%
  step 41500 | loss 0.381729 | lr 0.000070 | 11.5min
  step 42000 | loss 0.376605 | lr 0.000063 | 11.7min
  VAL 1.05%
  step 42500 | loss 0.379230 | lr 0.000055 | 11.8min
  step 43000 | loss 0.382118 | lr 0.000048 | 11.9min
  VAL 0.50%
  step 43500 | loss 0.382790 | lr 0.000042 | 12.1min
  step 44000 | loss 0.378431 | lr 0.000036 | 12.2min
  VAL 0.65%
  step 44500 | loss 0.377366 | lr 0.000030 | 12.3min
  step 45000 | loss 0.380490 | lr 0.000025 | 12.5min
  VAL 0.85%
  step 45500 | loss 0.381099 | lr 0.000020 | 12.6min
  step 46000 | loss 0.382962 | lr 0.000016 | 12.8min
  VAL 0.75%
  step 46500 | loss 0.379662 | lr 0.000012 | 12.9min
  step 47000 | loss 0.379481 | lr 0.000009 | 13.0min
  VAL 0.85%
  step 47500 | loss 0.381238 | lr 0.000006 | 13.2min
  step 48000 | loss 0.382597 | lr 0.000004 | 13.3min
  VAL 0.70%
  step 48500 | loss 0.380119 | lr 0.000002 | 13.4min
  step 49000 | loss 0.376586 | lr 0.000001 | 13.6min
  VAL 0.65%
  step 49500 | loss 0.378094 | lr 0.000000 | 13.7min
  step 50000 | loss 0.379218 | lr 0.000000 | 13.9min
  VAL 0.65%

Training complete in 13.9 minutes
Best test accuracy: 0.0000%
