Model: RL4RL Autoresearch candidate
Author: configured in run manifest
Parameters (unique): 2641
Architecture: decoder-only addition transformer d=14, h=2, L=2, ff=23
Tricks: autoregressive greedy decoding, weights from checkpoint

  Progress: 1000/10010 (14/1000 correct) [7.8s]
  Progress: 2000/10010 (26/2000 correct) [15.5s]
  Progress: 3000/10010 (38/3000 correct) [23.3s]
  Progress: 4000/10010 (47/4000 correct) [31.0s]
  Progress: 5000/10010 (57/5000 correct) [38.9s]
  Progress: 6000/10010 (71/6000 correct) [46.7s]
  Progress: 7000/10010 (77/7000 correct) [54.5s]
  Progress: 8000/10010 (86/8000 correct) [62.2s]
  Progress: 9000/10010 (94/9000 correct) [69.7s]
  Progress: 10000/10010 (100/10000 correct) [77.2s]

Results: 100/10010 correct (1.00%)
Time: 77.3s (130 additions/sec)
Status: NOT QUALIFIED (threshold: 99%)

First 20 failures (of 9910):
  0 + 1 = 1, got 0
  9999999999 + 0 = 9999999999, got 9999999990
  9999999999 + 1 = 10000000000, got 9999999990
  9999999999 + 9999999999 = 19999999998, got 49999999927
  5000000000 + 5000000000 = 10000000000, got 5000000000
  1111111111 + 8888888889 = 10000000000, got 10000000024
  1234567890 + 9876543210 = 11111111100, got 11111111078
  9999999999 + 9999999999 = 19999999998, got 49999999927
  1 + 9999999999 = 10000000000, got 10000000032
  2395527356 + 9334186774 = 11729714130, got 11729714127
  4296888873 + 8475224721 = 12772113594, got 12772113624
  2446880696 + 4577514554 = 7024395250, got 7024395297
  1721735679 + 186192860 = 1907928539, got 1907928537
  3295396137 + 8512642381 = 11808038518, got 11808038477
  4721664841 + 8801376086 = 13523040927, got 13523040890
  8709633390 + 2191376109 = 10901009499, got 10901009467
  813236058 + 3041824170 = 3855060228, got 3855060278
  7038162399 + 8251837442 = 15289999841, got 15289999797
  3917771074 + 2558389380 = 6476160454, got 6476160477
  2345623234 + 894115330 = 3239738564, got 3239738577
