Model: RL4RL Autoresearch candidate
Author: configured in run manifest
Parameters (unique): 1422
Architecture: decoder-only addition transformer d=16, h=2, L=2, ff=16
Tricks: autoregressive greedy decoding, weights from checkpoint

  Progress: 1000/10010 (993/1000 correct) [8.4s]
  Progress: 2000/10010 (1984/2000 correct) [16.6s]
  Progress: 3000/10010 (2980/3000 correct) [24.9s]
  Progress: 4000/10010 (3973/4000 correct) [33.1s]
  Progress: 5000/10010 (4963/5000 correct) [41.4s]
  Progress: 6000/10010 (5956/6000 correct) [49.7s]
  Progress: 7000/10010 (6942/7000 correct) [57.3s]
  Progress: 8000/10010 (7930/8000 correct) [64.0s]
  Progress: 9000/10010 (8920/9000 correct) [70.8s]
  Progress: 10000/10010 (9915/10000 correct) [77.5s]

Results: 9925/10010 correct (99.15%)
Time: 77.6s (129 additions/sec)
Status: QUALIFIED (threshold: 99%)

First 20 failures (of 85):
  7197773205 + 9077000387 = 16274773592, got 6274773592
  9229471617 + 9474184142 = 18703655759, got 17703655759
  2383813986 + 5194289640 = 7578103626, got 8578103626
  1978347876 + 4802489172 = 6780837048, got 6680837048
  8953485676 + 8712760635 = 17666246311, got 27666246311
  9624214473 + 4329676626 = 13953891099, got 13953791099
  6840669308 + 801434060 = 7642103368, got 7542103368
  4890126842 + 3800011500 = 8690138342, got 8590138342
  4295262158 + 4953251124 = 9248513282, got 19248513282
  3501935208 + 9726184827 = 13228120035, got 12228120035
  9093595501 + 9827769033 = 18921364534, got 17921364534
  3156085673 + 9095035109 = 12251120782, got 12241120782
  4852919719 + 6296009553 = 11148929272, got 11147929272
  7190183396 + 7497382532 = 14687565928, got 15687565928
  9081659111 + 9043816252 = 18125475363, got 17125475363
  2194094483 + 6296971782 = 8491066265, got 9491066265
  4979903411 + 8570506424 = 13550409835, got 13450409835
  9386157601 + 9524346701 = 18910504302, got 17910504302
  6476362474 + 6596865789 = 13073228263, got 14073228263
  8512244419 + 9221503805 = 17733748224, got 16733748224
