Model: 2,933 parameters
Config: d=14, h=2, L=2, ff=23
Device: mps

Training for 30000 steps...
  step   500 | loss 1.455522 | lr 0.001000 | 0.2min
  step  1000 | loss 1.387348 | lr 0.000999 | 0.3min
  VAL 0.00%
  step  1500 | loss 1.373569 | lr 0.000996 | 0.4min
  step  2000 | loss 1.340899 | lr 0.000992 | 0.6min
  VAL 0.00%
  step  2500 | loss 1.318925 | lr 0.000987 | 0.7min
  step  3000 | loss 1.233249 | lr 0.000980 | 0.9min
  VAL 0.00%
  step  3500 | loss 1.019858 | lr 0.000972 | 1.0min
  step  4000 | loss 0.789201 | lr 0.000962 | 1.1min
  VAL 0.00%
  step  4500 | loss 0.651950 | lr 0.000951 | 1.2min
  step  5000 | loss 0.559030 | lr 0.000939 | 1.4min
  VAL 0.00%
  step  5500 | loss 0.501358 | lr 0.000926 | 1.5min
  step  6000 | loss 0.464178 | lr 0.000912 | 1.7min
  VAL 0.15%
  step  6500 | loss 0.433797 | lr 0.000896 | 1.8min
  step  7000 | loss 0.417838 | lr 0.000880 | 1.9min
  VAL 0.40%
  step  7500 | loss 0.408561 | lr 0.000862 | 2.1min
  step  8000 | loss 0.401552 | lr 0.000843 | 2.2min
  VAL 0.55%
  step  8500 | loss 0.395151 | lr 0.000823 | 2.3min
  step  9000 | loss 0.392394 | lr 0.000803 | 2.5min
  VAL 1.00%
  step  9500 | loss 0.388672 | lr 0.000781 | 2.6min
  step 10000 | loss 0.196843 | lr 0.000759 | 2.7min
  VAL 14.95%
  step 10500 | loss 0.014915 | lr 0.000736 | 2.8min
  step 11000 | loss 0.006340 | lr 0.000713 | 3.0min
  VAL 94.35%
  step 11500 | loss 0.003922 | lr 0.000688 | 3.1min
  step 12000 | loss 0.002081 | lr 0.000664 | 3.2min
  VAL 98.70%
  step 12500 | loss 0.002733 | lr 0.000638 | 3.3min
  step 13000 | loss 0.001011 | lr 0.000613 | 3.4min
  VAL 99.75%
  TEST 99.6300%
  *** New best: 99.6300% ***
  step 13500 | loss 0.000735 | lr 0.000587 | 3.6min
  step 14000 | loss 0.000535 | lr 0.000561 | 3.7min
  VAL 99.80%
  TEST 99.7700%
  *** New best: 99.7700% ***
  step 14500 | loss 0.086866 | lr 0.000534 | 3.9min
  step 15000 | loss 0.000440 | lr 0.000508 | 4.0min
  VAL 99.95%
  TEST 99.9600%
  *** New best: 99.9600% ***
  step 15500 | loss 0.000279 | lr 0.000481 | 4.2min
  step 16000 | loss 0.096989 | lr 0.000455 | 4.3min
  VAL 99.00%
  TEST 98.5400%
  step 16500 | loss 0.002184 | lr 0.000429 | 4.5min
  step 17000 | loss 0.000128 | lr 0.000403 | 4.6min
  VAL 100.00%
  TEST 99.9800%
  *** New best: 99.9800% ***
  step 17500 | loss 0.000081 | lr 0.000377 | 4.8min
  step 18000 | loss 0.000068 | lr 0.000352 | 4.9min
  VAL 100.00%
  TEST 100.0000%
  *** New best: 100.0000% ***
  step 18500 | loss 0.000061 | lr 0.000327 | 5.1min
  step 19000 | loss 0.000049 | lr 0.000302 | 5.2min
  VAL 100.00%
  TEST 100.0000%
  step 19500 | loss 0.000149 | lr 0.000278 | 5.4min
  step 20000 | loss 0.000035 | lr 0.000255 | 5.5min
  VAL 100.00%
  TEST 100.0000%
  step 20500 | loss 0.000043 | lr 0.000232 | 5.7min
  step 21000 | loss 0.000040 | lr 0.000210 | 5.8min
  VAL 100.00%
  TEST 100.0000%
  step 21500 | loss 0.000021 | lr 0.000189 | 6.0min
  step 22000 | loss 0.000026 | lr 0.000169 | 6.1min
  VAL 100.00%
  TEST 99.9900%
  step 22500 | loss 0.000017 | lr 0.000149 | 6.3min
  step 23000 | loss 0.000014 | lr 0.000131 | 6.4min
  VAL 100.00%
  TEST 100.0000%
  step 23500 | loss 0.000012 | lr 0.000114 | 6.6min
  step 24000 | loss 0.000012 | lr 0.000097 | 6.7min
  VAL 100.00%
  TEST 100.0000%
  step 24500 | loss 0.000011 | lr 0.000082 | 6.9min
  step 25000 | loss 0.000009 | lr 0.000068 | 7.1min
  VAL 100.00%
  TEST 100.0000%
  step 25500 | loss 0.000008 | lr 0.000056 | 7.3min
  step 26000 | loss 0.000008 | lr 0.000044 | 7.4min
  VAL 100.00%
  TEST 100.0000%
  step 26500 | loss 0.000007 | lr 0.000034 | 7.6min
  step 27000 | loss 0.000007 | lr 0.000025 | 7.7min
  VAL 100.00%
  TEST 100.0000%
  step 27500 | loss 0.000007 | lr 0.000017 | 7.9min
  step 28000 | loss 0.000006 | lr 0.000011 | 8.0min
  VAL 100.00%
  TEST 100.0000%
  step 28500 | loss 0.000006 | lr 0.000006 | 8.2min
  step 29000 | loss 0.000006 | lr 0.000003 | 8.3min
  VAL 100.00%
  TEST 100.0000%
  step 29500 | loss 0.000006 | lr 0.000001 | 8.5min
  step 30000 | loss 0.000006 | lr 0.000000 | 8.6min
  VAL 100.00%
  TEST 100.0000%

Training complete in 8.6 minutes
Best test accuracy: 100.0000%
