Model: RL4RL Autoresearch candidate
Author: configured in run manifest
Parameters (unique): 1478
Architecture: decoder-only addition transformer d=16, h=2, L=2, ff=16
Tricks: autoregressive greedy decoding, weights from checkpoint

  Progress: 1000/10010 (992/1000 correct) [6.5s]
  Progress: 2000/10010 (1973/2000 correct) [13.0s]
  Progress: 3000/10010 (2962/3000 correct) [19.5s]
  Progress: 4000/10010 (3955/4000 correct) [26.0s]
  Progress: 5000/10010 (4941/5000 correct) [32.4s]
  Progress: 6000/10010 (5930/6000 correct) [38.9s]
  Progress: 7000/10010 (6910/7000 correct) [45.5s]
  Progress: 8000/10010 (7899/8000 correct) [52.1s]
  Progress: 9000/10010 (8885/9000 correct) [58.6s]
  Progress: 10000/10010 (9875/10000 correct) [65.1s]

Results: 9885/10010 correct (98.75%)
Time: 65.1s (154 additions/sec)
Status: NOT QUALIFIED (threshold: 99%)

First 20 failures (of 125):
  8282255987 + 7185177148 = 15467433135, got 16467433135
  2383813986 + 5194289640 = 7578103626, got 8578103626
  3331209691 + 6292771681 = 9623981372, got 9623881372
  6693380656 + 6733498333 = 13426878989, got 12426878989
  8953485676 + 8712760635 = 17666246311, got 27666246311
  6281237899 + 8603743118 = 14884981017, got 14884881017
  2157681322 + 8344481533 = 10502162855, got 20502162855
  3971604760 + 6593147422 = 10564752182, got 10464752182
  6635776683 + 108123777 = 6743900460, got 6743800460
  4890126842 + 3800011500 = 8690138342, got 8590138342
  825222054 + 7131970315 = 7957192369, got 7957182369
  8608289211 + 6807338109 = 15415627320, got 14415627320
  9364241837 + 8640739585 = 18004981422, got 18004881422
  4295262158 + 4953251124 = 9248513282, got 19248513282
  8830779373 + 3424422172 = 12255201545, got 22255201545
  3501935208 + 9726184827 = 13228120035, got 12228120035
  7159920387 + 6599099491 = 13759019878, got 13749019878
  6148724244 + 1987975086 = 8136699330, got 8136689330
  9093595501 + 9827769033 = 18921364534, got 17921364534
  8082198935 + 8094589167 = 16176788102, got 17176788102
