Model: 3,129 parameters
Config: d=14, h=2, L=2, ff=19
Device: mps

Training for 45000 steps...
  step   500 | loss 1.474148 | lr 0.001000 | 0.1min
  step  1000 | loss 1.375244 | lr 0.000999 | 0.3min
  VAL 0.00%
  step  1500 | loss 1.359929 | lr 0.000998 | 0.4min
  step  2000 | loss 1.256003 | lr 0.000997 | 0.5min
  VAL 0.00%
  step  2500 | loss 1.136241 | lr 0.000995 | 0.7min
  step  3000 | loss 1.016037 | lr 0.000992 | 0.8min
  VAL 0.00%
  step  3500 | loss 0.837148 | lr 0.000989 | 0.9min
  step  4000 | loss 0.767317 | lr 0.000985 | 1.1min
  VAL 0.00%
  step  4500 | loss 0.722126 | lr 0.000981 | 1.2min
  step  5000 | loss 0.641678 | lr 0.000976 | 1.4min
  VAL 0.00%
  step  5500 | loss 0.455776 | lr 0.000970 | 1.5min
  step  6000 | loss 0.395464 | lr 0.000964 | 1.7min
  VAL 5.45%
  step  6500 | loss 0.371021 | lr 0.000958 | 1.8min
  step  7000 | loss 0.328646 | lr 0.000951 | 2.0min
  VAL 7.20%
  step  7500 | loss 0.307936 | lr 0.000944 | 2.1min
  step  8000 | loss 0.296449 | lr 0.000936 | 2.2min
  VAL 8.75%
  step  8500 | loss 0.287350 | lr 0.000927 | 2.3min
  step  9000 | loss 0.272599 | lr 0.000918 | 2.5min
  VAL 8.85%
  step  9500 | loss 0.266042 | lr 0.000909 | 2.6min
  step 10000 | loss 0.263845 | lr 0.000899 | 2.7min
  VAL 9.10%
  step 10500 | loss 0.256273 | lr 0.000889 | 2.8min
  step 11000 | loss 0.251707 | lr 0.000879 | 3.0min
  VAL 9.45%
  step 11500 | loss 0.247962 | lr 0.000868 | 3.1min
  step 12000 | loss 0.245317 | lr 0.000856 | 3.2min
  VAL 9.10%
  step 12500 | loss 0.241172 | lr 0.000844 | 3.3min
  step 13000 | loss 0.241255 | lr 0.000832 | 3.5min
  VAL 9.25%
  step 13500 | loss 0.238237 | lr 0.000820 | 3.6min
  step 14000 | loss 0.235598 | lr 0.000807 | 3.8min
  VAL 9.20%
  step 14500 | loss 0.233570 | lr 0.000794 | 3.9min
  step 15000 | loss 0.231108 | lr 0.000780 | 4.0min
  VAL 9.00%
  step 15500 | loss 0.248778 | lr 0.000767 | 4.2min
  step 16000 | loss 0.228846 | lr 0.000753 | 4.3min
  VAL 8.45%
  step 16500 | loss 0.228045 | lr 0.000739 | 4.4min
  step 17000 | loss 0.228206 | lr 0.000724 | 4.6min
  VAL 8.25%
  step 17500 | loss 0.205414 | lr 0.000709 | 4.7min
  step 18000 | loss 0.049392 | lr 0.000694 | 4.9min
  VAL 81.40%
  step 18500 | loss 0.042696 | lr 0.000679 | 5.0min
  step 19000 | loss 0.039674 | lr 0.000664 | 5.1min
  VAL 94.70%
  step 19500 | loss 0.034034 | lr 0.000649 | 5.2min
  step 20000 | loss 0.031560 | lr 0.000633 | 5.4min
  VAL 97.70%
  step 20500 | loss 0.032218 | lr 0.000618 | 5.5min
  step 21000 | loss 0.029715 | lr 0.000602 | 5.7min
  VAL 97.90%
  step 21500 | loss 0.031829 | lr 0.000586 | 5.8min
  step 22000 | loss 0.028595 | lr 0.000571 | 5.9min
  VAL 98.40%
  step 22500 | loss 0.025552 | lr 0.000555 | 6.1min
  step 23000 | loss 0.026723 | lr 0.000539 | 6.2min
  VAL 98.85%
  step 23500 | loss 0.023051 | lr 0.000523 | 6.4min
  step 24000 | loss 0.023547 | lr 0.000507 | 6.5min
  VAL 97.80%
  step 24500 | loss 0.024315 | lr 0.000492 | 6.6min
  step 25000 | loss 0.021095 | lr 0.000476 | 6.8min
  VAL 98.95%
  step 25500 | loss 0.022726 | lr 0.000460 | 6.9min
  step 26000 | loss 0.021381 | lr 0.000445 | 7.0min
  VAL 99.00%
  TEST 98.4200%
  *** New best: 98.4200% ***
  step 26500 | loss 0.019699 | lr 0.000430 | 7.2min
  step 27000 | loss 0.019753 | lr 0.000415 | 7.3min
  VAL 98.20%
  step 27500 | loss 0.018967 | lr 0.000400 | 7.5min
  step 28000 | loss 0.018991 | lr 0.000385 | 7.6min
  VAL 98.60%
  step 28500 | loss 0.018638 | lr 0.000370 | 7.7min
  step 29000 | loss 0.017546 | lr 0.000356 | 7.9min
  VAL 98.10%
  step 29500 | loss 0.017422 | lr 0.000342 | 8.0min
  step 30000 | loss 0.016648 | lr 0.000328 | 8.1min
  VAL 98.55%
  step 30500 | loss 0.016350 | lr 0.000314 | 8.3min
  step 31000 | loss 0.016159 | lr 0.000301 | 8.4min
  VAL 98.70%
  step 31500 | loss 0.016807 | lr 0.000288 | 8.6min
  step 32000 | loss 0.016075 | lr 0.000275 | 8.7min
  VAL 98.15%
  step 32500 | loss 0.015233 | lr 0.000263 | 8.8min
  step 33000 | loss 0.014885 | lr 0.000251 | 8.9min
  VAL 97.80%
  step 33500 | loss 0.014362 | lr 0.000239 | 9.1min
  step 34000 | loss 0.014293 | lr 0.000228 | 9.2min
  VAL 98.60%
  step 34500 | loss 0.014181 | lr 0.000217 | 9.3min
  step 35000 | loss 0.013631 | lr 0.000207 | 9.4min
  VAL 98.15%
  step 35500 | loss 0.013197 | lr 0.000197 | 9.6min
  step 36000 | loss 0.013372 | lr 0.000187 | 9.7min
  VAL 98.30%
  step 36500 | loss 0.012882 | lr 0.000178 | 9.9min
  step 37000 | loss 0.012149 | lr 0.000169 | 10.0min
  VAL 98.50%
  step 37500 | loss 0.012209 | lr 0.000161 | 10.2min
  step 38000 | loss 0.011859 | lr 0.000153 | 10.3min
  VAL 98.65%
  step 38500 | loss 0.011528 | lr 0.000146 | 10.4min
  step 39000 | loss 0.011697 | lr 0.000139 | 10.6min
  VAL 99.10%
  TEST 98.9900%
  *** New best: 98.9900% ***
  step 39500 | loss 0.011352 | lr 0.000133 | 10.8min
  step 40000 | loss 0.011037 | lr 0.000128 | 10.9min
  VAL 98.90%
  step 40500 | loss 0.010763 | lr 0.000122 | 11.1min
  step 41000 | loss 0.010624 | lr 0.000118 | 11.2min
  VAL 99.05%
  TEST 99.1100%
  *** New best: 99.1100% ***
  step 41500 | loss 0.010465 | lr 0.000114 | 11.4min
  step 42000 | loss 0.010296 | lr 0.000110 | 11.5min
  VAL 99.10%
  TEST 99.1600%
  *** New best: 99.1600% ***
  step 42500 | loss 0.010257 | lr 0.000107 | 11.7min
  step 43000 | loss 0.010059 | lr 0.000104 | 11.8min
  VAL 99.10%
  TEST 98.9600%
  step 43500 | loss 0.009426 | lr 0.000102 | 12.0min
  step 44000 | loss 0.009480 | lr 0.000101 | 12.1min
  VAL 99.45%
  TEST 99.2300%
  *** New best: 99.2300% ***
  step 44500 | loss 0.009981 | lr 0.000100 | 12.3min
  step 45000 | loss 0.009425 | lr 0.000100 | 12.4min
  VAL 99.35%
  TEST 99.2600%
  *** New best: 99.2600% ***

Training complete in 12.4 minutes
Best test accuracy: 99.2600%
