Model: RL4RL Autoresearch candidate
Author: configured in run manifest
Parameters (unique): 3129
Architecture: decoder-only addition transformer d=14, h=2, L=2, ff=19, position_rank=3
Tricks: autoregressive greedy decoding, weights from checkpoint

  Progress: 1000/10010 (986/1000 correct) [6.7s]
  Progress: 2000/10010 (1980/2000 correct) [13.5s]
  Progress: 3000/10010 (2969/3000 correct) [20.2s]
  Progress: 4000/10010 (3961/4000 correct) [27.0s]
  Progress: 5000/10010 (4953/5000 correct) [33.8s]
  Progress: 6000/10010 (5943/6000 correct) [40.5s]
  Progress: 7000/10010 (6938/7000 correct) [47.3s]
  Progress: 8000/10010 (7932/8000 correct) [54.0s]
  Progress: 9000/10010 (8924/9000 correct) [60.7s]
  Progress: 10000/10010 (9919/10000 correct) [68.0s]

Results: 9929/10010 correct (99.19%)
Time: 68.1s (147 additions/sec)
Status: QUALIFIED (threshold: 99%)

First 20 failures (of 81):
  5000000000 + 5000000000 = 10000000000, got 0
  2540728468 + 2766259025 = 5306987493, got 15306987493
  4184380900 + 6023296350 = 10207677250, got 207677250
  4146862030 + 6987939170 = 11134801200, got 1134801200
  2345658649 + 7463078229 = 9808736878, got 19808736878
  7502486342 + 2034329219 = 9536815561, got 19536815561
  7892138182 + 2864177163 = 10756315345, got 20756315345
  2814178262 + 2561137188 = 5375315450, got 15375315450
  4901972583 + 3669618193 = 8571590776, got 18571590776
  2244209748 + 7606576242 = 9850785990, got 19850785990
  2604548082 + 2928362298 = 5532910380, got 15532910380
  2934881779 + 1855617798 = 4790499577, got 14790499577
  7426937356 + 2510271219 = 9937208575, got 19937208575
  7385554988 + 2329036147 = 9714591135, got 19714591135
  2414276349 + 2517436867 = 4931713216, got 14931713216
  6362182980 + 4270965430 = 10633148410, got 633148410
  2636639156 + 2952507142 = 5589146298, got 15589146298
  7775422209 + 2159952509 = 9935374718, got 19935374718
  8435111749 + 8373672352 = 16808784101, got 16808784102
  2653300125 + 2870249989 = 5523550114, got 15523550114
