Model: 2,857 parameters
Config: d=14, h=2, L=2, ff=19
Device: mps

Training for 75000 steps...
  step   500 | loss 1.671750 | lr 0.001000 | 0.2min
  step  1000 | loss 1.399651 | lr 0.000999 | 0.3min
  VAL 0.00%
  step  1500 | loss 1.341675 | lr 0.000998 | 0.5min
  step  2000 | loss 1.354314 | lr 0.000997 | 0.6min
  VAL 0.00%
  step  2500 | loss 1.343933 | lr 0.000995 | 0.8min
  step  3000 | loss 1.350418 | lr 0.000992 | 1.0min
  VAL 0.00%
  step  3500 | loss 1.357205 | lr 0.000989 | 1.1min
  step  4000 | loss 1.307089 | lr 0.000985 | 1.3min
  VAL 0.00%
  step  4500 | loss 1.318921 | lr 0.000981 | 1.5min
  step  5000 | loss 1.347375 | lr 0.000976 | 1.7min
  VAL 0.00%
  step  5500 | loss 1.305062 | lr 0.000970 | 1.8min
  step  6000 | loss 1.305696 | lr 0.000964 | 2.0min
  VAL 0.00%
  step  6500 | loss 1.346032 | lr 0.000958 | 2.1min
  step  7000 | loss 1.305311 | lr 0.000951 | 2.4min
  VAL 0.00%
  step  7500 | loss 1.316626 | lr 0.000944 | 2.5min
  step  8000 | loss 1.286547 | lr 0.000936 | 2.7min
  VAL 0.00%
  step  8500 | loss 1.320574 | lr 0.000927 | 2.9min
  step  9000 | loss 1.243457 | lr 0.000918 | 3.1min
  VAL 0.00%
  step  9500 | loss 1.244137 | lr 0.000909 | 3.3min
  step 10000 | loss 1.221686 | lr 0.000899 | 3.5min
  VAL 0.00%
  step 10500 | loss 1.206982 | lr 0.000889 | 3.7min
  step 11000 | loss 1.167800 | lr 0.000879 | 3.8min
  VAL 0.00%
  step 11500 | loss 1.187799 | lr 0.000868 | 4.0min
  step 12000 | loss 1.173234 | lr 0.000856 | 4.2min
  VAL 0.00%
  step 12500 | loss 1.170791 | lr 0.000844 | 4.4min
  step 13000 | loss 1.115980 | lr 0.000832 | 4.6min
  VAL 0.00%
  step 13500 | loss 1.146093 | lr 0.000820 | 4.8min
  step 14000 | loss 1.086033 | lr 0.000807 | 5.0min
  VAL 0.00%
  step 14500 | loss 1.075613 | lr 0.000794 | 5.2min
  step 15000 | loss 1.045190 | lr 0.000780 | 5.4min
  VAL 0.00%
  step 15500 | loss 1.045596 | lr 0.000767 | 5.5min
  step 16000 | loss 1.047719 | lr 0.000753 | 5.8min
  VAL 0.00%
  step 16500 | loss 1.054887 | lr 0.000739 | 5.9min
  step 17000 | loss 1.022994 | lr 0.000724 | 6.1min
  VAL 0.00%
  step 17500 | loss 1.079659 | lr 0.000709 | 6.3min
  step 18000 | loss 1.046405 | lr 0.000694 | 6.5min
  VAL 0.00%
  step 18500 | loss 1.033596 | lr 0.000679 | 6.7min
  step 19000 | loss 1.052152 | lr 0.000664 | 6.9min
  VAL 0.00%
  step 19500 | loss 1.033274 | lr 0.000649 | 7.1min
  step 20000 | loss 1.056297 | lr 0.000633 | 7.3min
  VAL 0.00%
  step 20500 | loss 1.012154 | lr 0.000618 | 7.5min
  step 21000 | loss 1.015270 | lr 0.000602 | 7.6min
  VAL 0.00%
  step 21500 | loss 0.997833 | lr 0.000586 | 7.8min
  step 22000 | loss 1.009337 | lr 0.000571 | 7.9min
  VAL 0.00%
  step 22500 | loss 0.999791 | lr 0.000555 | 8.0min
  step 23000 | loss 1.038323 | lr 0.000539 | 8.1min
  VAL 0.00%
  step 23500 | loss 0.994270 | lr 0.000523 | 8.3min
  step 24000 | loss 0.996068 | lr 0.000507 | 8.4min
  VAL 0.00%
  step 24500 | loss 0.977456 | lr 0.000492 | 8.6min
  step 25000 | loss 0.994784 | lr 0.000476 | 8.7min
  VAL 0.00%
  step 25500 | loss 0.999504 | lr 0.000460 | 8.9min
  step 26000 | loss 0.974969 | lr 0.000445 | 9.0min
  VAL 0.00%
  step 26500 | loss 0.935623 | lr 0.000430 | 9.1min
  step 27000 | loss 0.959408 | lr 0.000415 | 9.3min
  VAL 0.00%
  step 27500 | loss 0.963994 | lr 0.000400 | 9.4min
  step 28000 | loss 0.934244 | lr 0.000385 | 9.5min
  VAL 0.00%
  step 28500 | loss 0.941772 | lr 0.000370 | 9.7min
  step 29000 | loss 0.941438 | lr 0.000356 | 9.8min
  VAL 0.00%
  step 29500 | loss 0.939132 | lr 0.000342 | 10.0min
  step 30000 | loss 0.930694 | lr 0.000328 | 10.1min
  VAL 0.00%
  step 30500 | loss 0.930208 | lr 0.000314 | 10.3min
  step 31000 | loss 0.917701 | lr 0.000301 | 10.4min
  VAL 0.00%
  step 31500 | loss 0.914940 | lr 0.000288 | 10.6min
  step 32000 | loss 0.933729 | lr 0.000275 | 10.7min
  VAL 0.00%
  step 32500 | loss 0.902179 | lr 0.000263 | 10.9min
  step 33000 | loss 0.903374 | lr 0.000251 | 11.0min
  VAL 0.00%
  step 33500 | loss 0.915364 | lr 0.000239 | 11.2min
  step 34000 | loss 0.951643 | lr 0.000228 | 11.3min
  VAL 0.00%
  step 34500 | loss 0.883096 | lr 0.000217 | 11.5min
  step 35000 | loss 0.902957 | lr 0.000207 | 11.6min
  VAL 0.00%
  step 35500 | loss 0.882180 | lr 0.000197 | 11.8min
  step 36000 | loss 0.913635 | lr 0.000187 | 11.9min
  VAL 0.00%
  step 36500 | loss 0.858464 | lr 0.000178 | 12.1min
  step 37000 | loss 0.902311 | lr 0.000169 | 12.2min
  VAL 0.00%
  step 37500 | loss 0.875698 | lr 0.000161 | 12.3min
  step 38000 | loss 0.879320 | lr 0.000153 | 12.4min
  VAL 0.00%
  step 38500 | loss 0.883008 | lr 0.000146 | 12.6min
  step 39000 | loss 0.869467 | lr 0.000139 | 12.7min
  VAL 0.00%
  step 39500 | loss 0.879344 | lr 0.000133 | 12.8min
  step 40000 | loss 0.877762 | lr 0.000128 | 13.0min
  VAL 0.00%
  step 40500 | loss 0.849899 | lr 0.000122 | 13.1min
  step 41000 | loss 0.858718 | lr 0.000118 | 13.2min
  VAL 0.00%
  step 41500 | loss 0.845080 | lr 0.000114 | 13.4min
  step 42000 | loss 0.861340 | lr 0.000110 | 13.5min
  VAL 0.00%
  step 42500 | loss 0.832953 | lr 0.000107 | 13.6min
  step 43000 | loss 0.837728 | lr 0.000104 | 13.8min
  VAL 0.00%
  step 43500 | loss 0.862506 | lr 0.000102 | 13.9min
  step 44000 | loss 0.842079 | lr 0.000101 | 14.0min
  VAL 0.00%
  step 44500 | loss 0.840302 | lr 0.000100 | 14.2min
  step 45000 | loss 0.823061 | lr 0.000100 | 14.3min
  VAL 0.00%
  step 45500 | loss 0.811175 | lr 0.000100 | 14.4min
  step 46000 | loss 0.833559 | lr 0.000100 | 14.6min
  VAL 0.00%
  step 46500 | loss 0.804860 | lr 0.000100 | 14.7min
  step 47000 | loss 0.812013 | lr 0.000100 | 14.8min
  VAL 0.00%
  step 47500 | loss 0.824548 | lr 0.000100 | 14.9min
  step 48000 | loss 0.803478 | lr 0.000100 | 15.1min
  VAL 0.00%
  step 48500 | loss 0.791701 | lr 0.000100 | 15.2min
  step 49000 | loss 0.809031 | lr 0.000100 | 15.3min
  VAL 0.00%
  step 49500 | loss 0.810447 | lr 0.000100 | 15.5min
  step 50000 | loss 0.808488 | lr 0.000100 | 15.6min
  VAL 0.00%
  step 50500 | loss 0.800576 | lr 0.000100 | 15.7min
  step 51000 | loss 0.798628 | lr 0.000100 | 15.9min
  VAL 0.00%
  step 51500 | loss 0.810141 | lr 0.000100 | 16.0min
  step 52000 | loss 0.803827 | lr 0.000100 | 16.3min
  VAL 0.00%
  step 52500 | loss 0.807111 | lr 0.000100 | 16.5min
  step 53000 | loss 0.788811 | lr 0.000100 | 16.7min
  VAL 0.00%
  step 53500 | loss 0.781648 | lr 0.000100 | 17.0min
  step 54000 | loss 0.797892 | lr 0.000100 | 17.1min
  VAL 0.00%
  step 54500 | loss 0.790314 | lr 0.000100 | 17.3min
  step 55000 | loss 0.792389 | lr 0.000100 | 17.4min
  VAL 0.00%
  step 55500 | loss 0.802325 | lr 0.000100 | 17.5min
  step 56000 | loss 0.783754 | lr 0.000100 | 17.6min
  VAL 0.00%
  step 56500 | loss 0.792650 | lr 0.000100 | 17.8min
  step 57000 | loss 0.797108 | lr 0.000100 | 17.9min
  VAL 0.00%
  step 57500 | loss 0.774714 | lr 0.000100 | 18.0min
  step 58000 | loss 0.763278 | lr 0.000100 | 18.1min
  VAL 0.00%
  step 58500 | loss 0.790803 | lr 0.000100 | 18.3min
  step 59000 | loss 0.792278 | lr 0.000100 | 18.4min
  VAL 0.00%
  step 59500 | loss 0.766798 | lr 0.000100 | 18.5min
  step 60000 | loss 0.778429 | lr 0.000100 | 18.7min
  VAL 0.00%
  step 60500 | loss 0.783623 | lr 0.000100 | 18.8min
  step 61000 | loss 0.777050 | lr 0.000100 | 19.0min
  VAL 0.00%
  step 61500 | loss 0.768633 | lr 0.000100 | 19.1min
  step 62000 | loss 0.789952 | lr 0.000100 | 19.2min
  VAL 0.00%
  step 62500 | loss 0.764989 | lr 0.000100 | 19.4min
  step 63000 | loss 0.783362 | lr 0.000100 | 19.5min
  VAL 0.00%
  step 63500 | loss 0.797311 | lr 0.000100 | 19.7min
  step 64000 | loss 0.776604 | lr 0.000100 | 19.8min
  VAL 0.00%
  step 64500 | loss 0.773010 | lr 0.000100 | 20.0min
  step 65000 | loss 0.754415 | lr 0.000100 | 20.1min
  VAL 0.00%
  step 65500 | loss 0.772910 | lr 0.000100 | 20.3min
  step 66000 | loss 0.757048 | lr 0.000100 | 20.4min
  VAL 0.00%
  step 66500 | loss 0.749746 | lr 0.000100 | 20.5min
  step 67000 | loss 0.757195 | lr 0.000100 | 20.7min
  VAL 0.00%
  step 67500 | loss 0.770848 | lr 0.000100 | 20.8min
  step 68000 | loss 0.751626 | lr 0.000100 | 21.0min
  VAL 0.00%
  step 68500 | loss 0.754630 | lr 0.000100 | 21.1min
  step 69000 | loss 0.754484 | lr 0.000100 | 21.2min
  VAL 0.05%
  step 69500 | loss 0.764836 | lr 0.000100 | 21.4min
  step 70000 | loss 0.754045 | lr 0.000100 | 21.5min
  VAL 0.05%
  step 70500 | loss 0.769631 | lr 0.000100 | 21.7min
  step 71000 | loss 0.754881 | lr 0.000100 | 21.8min
  VAL 0.10%
  step 71500 | loss 0.765875 | lr 0.000100 | 22.0min
  step 72000 | loss 0.749677 | lr 0.000100 | 22.1min
  VAL 0.05%
  step 72500 | loss 0.748807 | lr 0.000100 | 22.2min
  step 73000 | loss 0.741398 | lr 0.000100 | 22.3min
  VAL 0.05%
  step 73500 | loss 0.750621 | lr 0.000100 | 22.5min
  step 74000 | loss 0.746664 | lr 0.000100 | 22.6min
  VAL 0.00%
  step 74500 | loss 0.755933 | lr 0.000100 | 22.7min
  step 75000 | loss 0.749081 | lr 0.000100 | 22.8min
  VAL 0.00%

Training complete in 22.8 minutes
Best test accuracy: 0.0000%
