Model: 2,000 parameters
Config: d=16, h=2, L=2, ff=16
Device: mps

Training for 45000 steps...
  step   500 | loss 1.569768 | lr 0.001000 | 0.1min
  step  1000 | loss 1.523506 | lr 0.000999 | 0.3min
  VAL 0.00%
  step  1500 | loss 1.483437 | lr 0.000998 | 0.4min
  step  2000 | loss 1.443149 | lr 0.000996 | 0.5min
  VAL 0.00%
  step  2500 | loss 1.109247 | lr 0.000994 | 0.6min
  step  3000 | loss 0.551443 | lr 0.000991 | 0.7min
  VAL 0.05%
  step  3500 | loss 0.358756 | lr 0.000987 | 0.8min
  step  4000 | loss 0.267882 | lr 0.000983 | 0.9min
  VAL 6.35%
  step  4500 | loss 0.207013 | lr 0.000978 | 1.0min
  step  5000 | loss 0.183934 | lr 0.000973 | 1.1min
  VAL 15.55%
  step  5500 | loss 0.157342 | lr 0.000967 | 1.2min
  step  6000 | loss 0.135764 | lr 0.000960 | 1.4min
  VAL 23.30%
  step  6500 | loss 0.121848 | lr 0.000953 | 1.4min
  step  7000 | loss 0.106943 | lr 0.000946 | 1.6min
  VAL 31.10%
  step  7500 | loss 0.094431 | lr 0.000937 | 1.7min
  step  8000 | loss 0.092494 | lr 0.000929 | 1.8min
  VAL 34.20%
  step  8500 | loss 0.085689 | lr 0.000919 | 1.9min
  step  9000 | loss 0.075280 | lr 0.000909 | 2.0min
  VAL 38.70%
  step  9500 | loss 0.071093 | lr 0.000899 | 2.1min
  step 10000 | loss 0.084354 | lr 0.000888 | 2.2min
  VAL 45.45%
  step 10500 | loss 0.070284 | lr 0.000877 | 2.3min
  step 11000 | loss 0.065537 | lr 0.000865 | 2.4min
  VAL 51.85%
  step 11500 | loss 0.065719 | lr 0.000853 | 2.5min
  step 12000 | loss 0.063949 | lr 0.000840 | 2.6min
  VAL 57.85%
  step 12500 | loss 0.056251 | lr 0.000827 | 2.7min
  step 13000 | loss 0.057028 | lr 0.000814 | 2.9min
  VAL 53.05%
  step 13500 | loss 0.050307 | lr 0.000800 | 3.0min
  step 14000 | loss 0.046820 | lr 0.000786 | 3.1min
  VAL 70.50%
  step 14500 | loss 0.046394 | lr 0.000771 | 3.2min
  step 15000 | loss 0.046432 | lr 0.000756 | 3.3min
  VAL 68.85%
  step 15500 | loss 0.044584 | lr 0.000741 | 3.4min
  step 16000 | loss 0.046441 | lr 0.000725 | 3.5min
  VAL 72.95%
  step 16500 | loss 0.042239 | lr 0.000709 | 3.6min
  step 17000 | loss 0.038067 | lr 0.000693 | 3.8min
  VAL 71.45%
  step 17500 | loss 0.041838 | lr 0.000677 | 3.8min
  step 18000 | loss 0.040311 | lr 0.000661 | 4.0min
  VAL 80.35%
  step 18500 | loss 0.037443 | lr 0.000644 | 4.1min
  step 19000 | loss 0.038651 | lr 0.000627 | 4.2min
  VAL 81.85%
  step 19500 | loss 0.037056 | lr 0.000610 | 4.3min
  step 20000 | loss 0.035666 | lr 0.000593 | 4.4min
  VAL 78.50%
  step 20500 | loss 0.035048 | lr 0.000575 | 4.5min
  step 21000 | loss 0.032009 | lr 0.000558 | 4.6min
  VAL 80.30%
  step 21500 | loss 0.034483 | lr 0.000540 | 4.8min
  step 22000 | loss 0.034398 | lr 0.000523 | 4.8min
  VAL 84.00%
  step 22500 | loss 0.033664 | lr 0.000505 | 5.0min
  step 23000 | loss 0.031661 | lr 0.000488 | 5.0min
  VAL 83.25%
  step 23500 | loss 0.028494 | lr 0.000470 | 5.2min
  step 24000 | loss 0.029679 | lr 0.000453 | 5.3min
  VAL 87.25%
  step 24500 | loss 0.032235 | lr 0.000435 | 5.4min
  step 25000 | loss 0.029149 | lr 0.000418 | 5.5min
  VAL 88.30%
  step 25500 | loss 0.025946 | lr 0.000401 | 5.6min
  step 26000 | loss 0.026905 | lr 0.000383 | 5.7min
  VAL 87.25%
  step 26500 | loss 0.027417 | lr 0.000366 | 5.8min
  step 27000 | loss 0.023361 | lr 0.000350 | 5.9min
  VAL 89.55%
  step 27500 | loss 0.026252 | lr 0.000333 | 6.1min
  step 28000 | loss 0.025298 | lr 0.000316 | 6.1min
  VAL 88.85%
  step 28500 | loss 0.027162 | lr 0.000300 | 6.3min
  step 29000 | loss 0.024149 | lr 0.000284 | 6.4min
  VAL 91.95%
  step 29500 | loss 0.022817 | lr 0.000268 | 6.5min
  step 30000 | loss 0.024132 | lr 0.000253 | 6.6min
  VAL 92.85%
  step 30500 | loss 0.023041 | lr 0.000238 | 6.7min
  step 31000 | loss 0.021759 | lr 0.000223 | 6.8min
  VAL 93.15%
  step 31500 | loss 0.021143 | lr 0.000209 | 6.9min
  step 32000 | loss 0.020890 | lr 0.000195 | 7.0min
  VAL 94.40%
  step 32500 | loss 0.021379 | lr 0.000181 | 7.1min
  step 33000 | loss 0.020019 | lr 0.000168 | 7.2min
  VAL 94.30%
  step 33500 | loss 0.020364 | lr 0.000155 | 7.4min
  step 34000 | loss 0.019406 | lr 0.000142 | 7.4min
  VAL 95.30%
  step 34500 | loss 0.019270 | lr 0.000130 | 7.6min
  step 35000 | loss 0.020228 | lr 0.000118 | 7.7min
  VAL 95.15%
  step 35500 | loss 0.018285 | lr 0.000107 | 7.8min
  step 36000 | loss 0.018592 | lr 0.000097 | 7.9min
  VAL 95.95%
  step 36500 | loss 0.019266 | lr 0.000087 | 8.0min
  step 37000 | loss 0.017103 | lr 0.000077 | 8.1min
  VAL 96.15%
  step 37500 | loss 0.017829 | lr 0.000068 | 8.2min
  step 38000 | loss 0.018864 | lr 0.000059 | 8.3min
  VAL 96.80%
  step 38500 | loss 0.016913 | lr 0.000051 | 8.4min
  step 39000 | loss 0.017313 | lr 0.000044 | 8.5min
  VAL 97.30%
  step 39500 | loss 0.016591 | lr 0.000037 | 8.6min
  step 40000 | loss 0.015452 | lr 0.000031 | 8.7min
  VAL 97.20%
  step 40500 | loss 0.015666 | lr 0.000025 | 8.9min
  step 41000 | loss 0.015439 | lr 0.000020 | 9.0min
  VAL 97.35%
  step 41500 | loss 0.016118 | lr 0.000015 | 9.1min
  step 42000 | loss 0.015425 | lr 0.000011 | 9.2min
  VAL 97.85%
  step 42500 | loss 0.015536 | lr 0.000008 | 9.3min
  step 43000 | loss 0.014836 | lr 0.000005 | 9.4min
  VAL 97.70%
  step 43500 | loss 0.015861 | lr 0.000003 | 9.5min
  step 44000 | loss 0.014480 | lr 0.000001 | 9.7min
  VAL 97.60%
  step 44500 | loss 0.013826 | lr 0.000000 | 9.8min
  step 45000 | loss 0.015582 | lr 0.000000 | 9.9min
  VAL 97.80%

Training complete in 9.9 minutes
Best test accuracy: 0.0000%
