Model: RL4RL Autoresearch candidate
Author: configured in run manifest
Parameters (unique): 2031
Architecture: decoder-only addition transformer d=16, h=2, L=2, ff=10, block1_ff=8, fixed_separators=True, tied_position_pairs=[[4, 15], [7, 18], [5, 16], [3, 14], [2, 13], [8, 19], [6, 17], [1, 12], [0, 11], [9, 20]], interpolated_positions=[23, 24, 25, 26, 27], qkv_pruned=17
Tricks: autoregressive greedy decoding, weights from checkpoint

  Progress: 1000/10010 (997/1000 correct) [4.4s]
  Progress: 2000/10010 (1995/2000 correct) [9.2s]
  Progress: 3000/10010 (2993/3000 correct) [13.6s]
  Progress: 4000/10010 (3991/4000 correct) [17.8s]
  Progress: 5000/10010 (4990/5000 correct) [22.2s]
  Progress: 6000/10010 (5986/6000 correct) [26.6s]
  Progress: 7000/10010 (6983/7000 correct) [30.9s]
  Progress: 8000/10010 (7983/8000 correct) [35.2s]
  Progress: 9000/10010 (8979/9000 correct) [39.6s]
  Progress: 10000/10010 (9978/10000 correct) [43.9s]

Results: 9988/10010 correct (99.78%)
Time: 44.0s (228 additions/sec)
Status: QUALIFIED (threshold: 99%)

First 20 failures (of 22):
  2419324703 + 3516291980 = 5935616683, got 5835616683
  4501354141 + 9409669647 = 13911023788, got 13811023788
  8654770020 + 8611605297 = 17266375317, got 12266375317
  2414276349 + 2517436867 = 4931713216, got 4831713216
  4624637094 + 517131976 = 5141769070, got 5041769070
  5254066650 + 9287720511 = 14541787161, got 14441787161
  3029838603 + 4424373860 = 7454212463, got 7444212463
  1415015538 + 2519348781 = 3934364319, got 3834364319
  6258014553 + 8283570450 = 14541585003, got 14441585003
  8191852004 + 7194996854 = 15386848858, got 15396848858
  4204529550 + 296440191 = 4500969741, got 4400969741
  9286919757 + 9253558462 = 18540478219, got 18440478219
  7295822456 + 4296380992 = 11592203448, got 11492203448
  9479323125 + 9453799615 = 18933122740, got 19933122740
  8673054234 + 8614516394 = 17287570628, got 12287570628
  9611914057 + 7529885855 = 17141799912, got 17041799912
  2984714356 + 399178727 = 3383893083, got 3384893083
  727175643 + 6327422462 = 7054598105, got 7044598105
  405989949 + 5525825456 = 5931815405, got 5831815405
  9516562991 + 9413390151 = 18929953142, got 19929953142
