Model: 3,776 parameters
Config: d=16, h=2, L=2, ff=20
Device: mps

Training for 30000 steps...
  step   500 | loss 1.437705 | lr 0.001000 | 0.2min
  step  1000 | loss 1.352478 | lr 0.000999 | 0.3min
  VAL 0.00%
  step  1500 | loss 1.345144 | lr 0.000996 | 0.5min
  step  2000 | loss 1.310430 | lr 0.000992 | 0.6min
  VAL 0.00%
  step  2500 | loss 0.964333 | lr 0.000987 | 0.7min
  step  3000 | loss 0.833004 | lr 0.000980 | 0.9min
  VAL 0.00%
  step  3500 | loss 0.528652 | lr 0.000972 | 1.0min
  step  4000 | loss 0.447299 | lr 0.000962 | 1.2min
  VAL 2.15%
  step  4500 | loss 0.404748 | lr 0.000951 | 1.3min
  step  5000 | loss 0.370165 | lr 0.000939 | 1.5min
  VAL 5.60%
  step  5500 | loss 0.333932 | lr 0.000926 | 1.6min
  step  6000 | loss 0.303906 | lr 0.000912 | 1.7min
  VAL 8.85%
  step  6500 | loss 0.289151 | lr 0.000896 | 1.9min
  step  7000 | loss 0.275276 | lr 0.000880 | 2.0min
  VAL 7.75%
  step  7500 | loss 0.263354 | lr 0.000862 | 2.2min
  step  8000 | loss 0.256321 | lr 0.000843 | 2.3min
  VAL 9.15%
  step  8500 | loss 0.249963 | lr 0.000823 | 2.5min
  step  9000 | loss 0.247553 | lr 0.000803 | 2.6min
  VAL 9.70%
  step  9500 | loss 0.241429 | lr 0.000781 | 2.7min
  step 10000 | loss 0.236056 | lr 0.000759 | 2.9min
  VAL 9.60%
  step 10500 | loss 0.233045 | lr 0.000736 | 3.0min
  step 11000 | loss 0.227212 | lr 0.000713 | 3.2min
  VAL 9.00%
  step 11500 | loss 0.228843 | lr 0.000688 | 3.3min
  step 12000 | loss 0.226398 | lr 0.000664 | 3.5min
  VAL 9.55%
  step 12500 | loss 0.223959 | lr 0.000638 | 3.6min
  step 13000 | loss 0.222184 | lr 0.000613 | 3.7min
  VAL 10.55%
  step 13500 | loss 0.219223 | lr 0.000587 | 3.9min
  step 14000 | loss 0.217649 | lr 0.000561 | 4.0min
  VAL 10.90%
  step 14500 | loss 0.216163 | lr 0.000534 | 4.2min
  step 15000 | loss 0.215092 | lr 0.000508 | 4.3min
  VAL 9.10%
  step 15500 | loss 0.212180 | lr 0.000481 | 4.4min
  step 16000 | loss 0.212505 | lr 0.000455 | 4.6min
  VAL 10.65%
  step 16500 | loss 0.212679 | lr 0.000429 | 4.7min
  step 17000 | loss 0.209584 | lr 0.000403 | 4.9min
  VAL 9.25%
  step 17500 | loss 0.206211 | lr 0.000377 | 5.0min
  step 18000 | loss 0.206219 | lr 0.000352 | 5.1min
  VAL 9.70%
  step 18500 | loss 0.204451 | lr 0.000327 | 5.3min
  step 19000 | loss 0.203496 | lr 0.000302 | 5.4min
  VAL 9.75%
  step 19500 | loss 0.202463 | lr 0.000278 | 5.6min
  step 20000 | loss 0.202020 | lr 0.000255 | 5.7min
  VAL 9.30%
  step 20500 | loss 0.013964 | lr 0.000232 | 5.9min
  step 21000 | loss 0.009859 | lr 0.000210 | 6.0min
  VAL 99.90%
  TEST 99.9200%
  *** New best: 99.9200% ***
  step 21500 | loss 0.008807 | lr 0.000189 | 6.2min
  step 22000 | loss 0.007473 | lr 0.000169 | 6.3min
  VAL 100.00%
  TEST 99.9800%
  *** New best: 99.9800% ***
  step 22500 | loss 0.006844 | lr 0.000149 | 6.5min
  step 23000 | loss 0.005898 | lr 0.000131 | 6.6min
  VAL 100.00%
  TEST 99.9900%
  *** New best: 99.9900% ***
  step 23500 | loss 0.005300 | lr 0.000114 | 6.9min
  step 24000 | loss 0.004845 | lr 0.000097 | 7.0min
  VAL 100.00%
  TEST 100.0000%
  *** New best: 100.0000% ***
  step 24500 | loss 0.004279 | lr 0.000082 | 7.2min
  step 25000 | loss 0.004074 | lr 0.000068 | 7.3min
  VAL 100.00%
  TEST 100.0000%
  step 25500 | loss 0.003662 | lr 0.000056 | 7.5min
  step 26000 | loss 0.003582 | lr 0.000044 | 7.6min
  VAL 100.00%
  TEST 100.0000%
  step 26500 | loss 0.003270 | lr 0.000034 | 7.8min
  step 27000 | loss 0.003222 | lr 0.000025 | 8.0min
  VAL 100.00%
  TEST 100.0000%
  step 27500 | loss 0.003129 | lr 0.000017 | 8.2min
  step 28000 | loss 0.003049 | lr 0.000011 | 8.3min
  VAL 100.00%
  TEST 100.0000%
  step 28500 | loss 0.002830 | lr 0.000006 | 8.6min
  step 29000 | loss 0.002930 | lr 0.000003 | 8.7min
  VAL 100.00%
  TEST 100.0000%
  step 29500 | loss 0.002946 | lr 0.000001 | 8.9min
  step 30000 | loss 0.002872 | lr 0.000000 | 9.0min
  VAL 100.00%
  TEST 100.0000%

Training complete in 9.1 minutes
Best test accuracy: 100.0000%
