Model: RL4RL Autoresearch candidate
Author: configured in run manifest
Parameters (unique): 3776
Architecture: decoder-only addition transformer d=16, h=2, L=2, ff=20
Tricks: autoregressive greedy decoding, weights from checkpoint

  Progress: 1000/10010 (995/1000 correct) [8.8s]
  Progress: 2000/10010 (1995/2000 correct) [17.6s]
  Progress: 3000/10010 (2995/3000 correct) [26.0s]
  Progress: 4000/10010 (3995/4000 correct) [34.8s]
  Progress: 5000/10010 (4995/5000 correct) [43.6s]
  Progress: 6000/10010 (5995/6000 correct) [52.4s]
  Progress: 7000/10010 (6995/7000 correct) [61.5s]
  Progress: 8000/10010 (7995/8000 correct) [70.4s]
  Progress: 9000/10010 (8995/9000 correct) [79.3s]
  Progress: 10000/10010 (9995/10000 correct) [88.2s]

Results: 10005/10010 correct (99.95%)
Time: 88.3s (113 additions/sec)
Status: QUALIFIED (threshold: 99%)

Failures (5):
  9999999999 + 9999999999 = 19999999998, got 9999999998
  5000000000 + 5000000000 = 10000000000, got 0
  9999999999 + 9999999999 = 19999999998, got 9999999998
  6920152642 + 6939063813 = 13859216455, got 13959216455
  9008276723 + 1061168960 = 10069445683, got 69445683
