Model: RL4RL Autoresearch candidate
Author: configured in run manifest
Parameters (unique): 1961
Architecture: decoder-only addition transformer d=16, h=2, L=2, ff=10, block1_ff=8, fixed_separators=True, tied_position_pairs=[[4, 15], [7, 18], [5, 16], [3, 14], [2, 13], [8, 19], [6, 17], [1, 12], [0, 11], [9, 20]], interpolated_positions=[23, 24, 25, 26, 27], qkv_pruned=87
Tricks: autoregressive greedy decoding, weights from checkpoint

  Progress: 1000/10010 (996/1000 correct) [4.4s]
  Progress: 2000/10010 (1993/2000 correct) [8.8s]
  Progress: 3000/10010 (2990/3000 correct) [13.2s]
  Progress: 4000/10010 (3982/4000 correct) [17.6s]
  Progress: 5000/10010 (4977/5000 correct) [22.0s]
  Progress: 6000/10010 (5971/6000 correct) [26.4s]
  Progress: 7000/10010 (6969/7000 correct) [30.8s]
  Progress: 8000/10010 (7962/8000 correct) [35.3s]
  Progress: 9000/10010 (8958/9000 correct) [39.7s]
  Progress: 10000/10010 (9952/10000 correct) [44.1s]

Results: 9962/10010 correct (99.52%)
Time: 44.1s (227 additions/sec)
Status: QUALIFIED (threshold: 99%)

First 20 failures (of 48):
  7829306287 + 1024919386 = 8854225673, got 8844225673
  1288730988 + 8305219676 = 9593950664, got 9493950664
  1210752972 + 9296797901 = 10507550873, got 10407550873
  2232675064 + 2974813910 = 5207488974, got 4207488974
  5218993085 + 6285094792 = 11504087877, got 11404087877
  5295810452 + 6238977555 = 11534788007, got 11434788007
  2768988876 + 2639699150 = 5408688026, got 4408688026
  6272824454 + 9372257380 = 15645081834, got 15595081834
  5254066650 + 9287720511 = 14541787161, got 14441787161
  3029838603 + 4424373860 = 7454212463, got 7444212463
  2561917936 + 2988158038 = 5550075974, got 4550075974
  8728617220 + 2722666687 = 11451283907, got 10951283907
  387554814 + 2203845720 = 2591400534, got 2491400534
  8127121699 + 525989056 = 8653110755, got 8643110755
  1728591427 + 3825887437 = 5554478864, got 5544478864
  4717858466 + 2775506463 = 7493364929, got 7993364929
  6258014553 + 8283570450 = 14541585003, got 14441585003
  1305982567 + 5285437246 = 6591419813, got 6491419813
  9270808277 + 1299806028 = 10570614305, got 10470614305
  5709201191 + 9702757099 = 15411958290, got 14911958290
