Model: 2,588 parameters
Config: d=14, h=2, L=2, ff=19
Device: mps

Training for 45000 steps...
  step   500 | loss 1.508159 | lr 0.001000 | 0.2min
  step  1000 | loss 1.464616 | lr 0.000999 | 0.3min
  VAL 0.00%
  step  1500 | loss 1.450072 | lr 0.000998 | 0.4min
  step  2000 | loss 1.434128 | lr 0.000997 | 0.6min
  VAL 0.00%
  step  2500 | loss 1.421325 | lr 0.000995 | 0.7min
  step  3000 | loss 1.416411 | lr 0.000992 | 0.8min
  VAL 0.00%
  step  3500 | loss 1.418306 | lr 0.000989 | 0.9min
  step  4000 | loss 1.415015 | lr 0.000985 | 1.1min
  VAL 0.00%
  step  4500 | loss 1.380724 | lr 0.000981 | 1.2min
  step  5000 | loss 1.396964 | lr 0.000976 | 1.3min
  VAL 0.00%
  step  5500 | loss 1.381750 | lr 0.000970 | 1.5min
  step  6000 | loss 1.386952 | lr 0.000964 | 1.6min
  VAL 0.00%
  step  6500 | loss 1.370258 | lr 0.000958 | 1.7min
  step  7000 | loss 1.380941 | lr 0.000951 | 1.9min
  VAL 0.00%
  step  7500 | loss 1.369452 | lr 0.000944 | 2.0min
  step  8000 | loss 1.361610 | lr 0.000936 | 2.1min
  VAL 0.00%
  step  8500 | loss 1.362632 | lr 0.000927 | 2.3min
  step  9000 | loss 1.381171 | lr 0.000918 | 2.4min
  VAL 0.00%
  step  9500 | loss 1.391768 | lr 0.000909 | 2.5min
  step 10000 | loss 1.371629 | lr 0.000899 | 2.7min
  VAL 0.00%
  step 10500 | loss 1.337475 | lr 0.000889 | 2.8min
  step 11000 | loss 1.332473 | lr 0.000879 | 3.0min
  VAL 0.00%
  step 11500 | loss 1.300696 | lr 0.000868 | 3.1min
  step 12000 | loss 1.278187 | lr 0.000856 | 3.2min
  VAL 0.00%
  step 12500 | loss 1.216746 | lr 0.000844 | 3.3min
  step 13000 | loss 1.135823 | lr 0.000832 | 3.5min
  VAL 0.00%
  step 13500 | loss 0.995273 | lr 0.000820 | 3.6min
  step 14000 | loss 0.915709 | lr 0.000807 | 3.8min
  VAL 0.00%
  step 14500 | loss 0.722698 | lr 0.000794 | 3.9min
  step 15000 | loss 0.633491 | lr 0.000780 | 4.0min
  VAL 0.10%
  step 15500 | loss 0.580080 | lr 0.000767 | 4.2min
  step 16000 | loss 0.516693 | lr 0.000753 | 4.3min
  VAL 0.40%
  step 16500 | loss 0.478565 | lr 0.000739 | 4.4min
  step 17000 | loss 0.451733 | lr 0.000724 | 4.6min
  VAL 0.70%
  step 17500 | loss 0.420002 | lr 0.000709 | 4.7min
  step 18000 | loss 0.399091 | lr 0.000694 | 4.8min
  VAL 1.25%
  step 18500 | loss 0.379012 | lr 0.000679 | 5.0min
  step 19000 | loss 0.351159 | lr 0.000664 | 5.1min
  VAL 1.70%
  step 19500 | loss 0.334737 | lr 0.000649 | 5.2min
  step 20000 | loss 0.322610 | lr 0.000633 | 5.3min
  VAL 2.40%
  step 20500 | loss 0.308784 | lr 0.000618 | 5.5min
  step 21000 | loss 0.307887 | lr 0.000602 | 5.6min
  VAL 2.15%
  step 21500 | loss 0.296806 | lr 0.000586 | 5.7min
  step 22000 | loss 0.299226 | lr 0.000571 | 5.8min
  VAL 2.55%
  step 22500 | loss 0.285807 | lr 0.000555 | 6.0min
  step 23000 | loss 0.288434 | lr 0.000539 | 6.1min
  VAL 3.00%
  step 23500 | loss 0.278861 | lr 0.000523 | 6.3min
  step 24000 | loss 0.279235 | lr 0.000507 | 6.4min
  VAL 3.35%
  step 24500 | loss 0.279773 | lr 0.000492 | 6.5min
  step 25000 | loss 0.263422 | lr 0.000476 | 6.6min
  VAL 3.60%
  step 25500 | loss 0.264289 | lr 0.000460 | 6.8min
  step 26000 | loss 0.257955 | lr 0.000445 | 6.9min
  VAL 4.00%
  step 26500 | loss 0.252514 | lr 0.000430 | 7.0min
  step 27000 | loss 0.256112 | lr 0.000415 | 7.2min
  VAL 3.90%
  step 27500 | loss 0.254394 | lr 0.000400 | 7.3min
  step 28000 | loss 0.243035 | lr 0.000385 | 7.4min
  VAL 5.05%
  step 28500 | loss 0.242185 | lr 0.000370 | 7.6min
  step 29000 | loss 0.245215 | lr 0.000356 | 7.7min
  VAL 3.85%
  step 29500 | loss 0.242087 | lr 0.000342 | 7.8min
  step 30000 | loss 0.241994 | lr 0.000328 | 7.9min
  VAL 4.65%
  step 30500 | loss 0.244482 | lr 0.000314 | 8.0min
  step 31000 | loss 0.236763 | lr 0.000301 | 8.1min
  VAL 5.70%
  step 31500 | loss 0.235461 | lr 0.000288 | 8.3min
  step 32000 | loss 0.240138 | lr 0.000275 | 8.4min
  VAL 6.20%
  step 32500 | loss 0.234154 | lr 0.000263 | 8.5min
  step 33000 | loss 0.236647 | lr 0.000251 | 8.6min
  VAL 6.20%
  step 33500 | loss 0.233912 | lr 0.000239 | 8.7min
  step 34000 | loss 0.230957 | lr 0.000228 | 8.8min
  VAL 5.40%
  step 34500 | loss 0.233153 | lr 0.000217 | 9.0min
  step 35000 | loss 0.228726 | lr 0.000207 | 9.1min
  VAL 5.75%
  step 35500 | loss 0.230896 | lr 0.000197 | 9.3min
  step 36000 | loss 0.227055 | lr 0.000187 | 9.4min
  VAL 7.00%
  step 36500 | loss 0.231661 | lr 0.000178 | 9.5min
  step 37000 | loss 0.225489 | lr 0.000169 | 9.7min
  VAL 5.90%
  step 37500 | loss 0.229693 | lr 0.000161 | 9.8min
  step 38000 | loss 0.227188 | lr 0.000153 | 9.9min
  VAL 6.90%
  step 38500 | loss 0.228927 | lr 0.000146 | 10.1min
  step 39000 | loss 0.228852 | lr 0.000139 | 10.2min
  VAL 6.25%
  step 39500 | loss 0.227930 | lr 0.000133 | 10.4min
  step 40000 | loss 0.230491 | lr 0.000128 | 10.5min
  VAL 7.10%
  step 40500 | loss 0.224913 | lr 0.000122 | 10.7min
  step 41000 | loss 0.223997 | lr 0.000118 | 10.8min
  VAL 7.15%
  step 41500 | loss 0.227252 | lr 0.000114 | 11.0min
  step 42000 | loss 0.225556 | lr 0.000110 | 11.1min
  VAL 7.35%
  step 42500 | loss 0.225261 | lr 0.000107 | 11.2min
  step 43000 | loss 0.224011 | lr 0.000104 | 11.4min
  VAL 7.25%
  step 43500 | loss 0.221213 | lr 0.000102 | 11.5min
  step 44000 | loss 0.224025 | lr 0.000101 | 11.7min
  VAL 7.30%
  step 44500 | loss 0.225801 | lr 0.000100 | 11.8min
  step 45000 | loss 0.222521 | lr 0.000100 | 11.9min
  VAL 7.35%

Training complete in 12.0 minutes
Best test accuracy: 0.0000%
