Model: RL4RL Autoresearch candidate
Author: configured in run manifest
Parameters (unique): 2118
Architecture: decoder-only addition transformer d=16, h=2, L=2, ff=16
Tricks: autoregressive greedy decoding, weights from checkpoint

  Progress: 1000/10010 (971/1000 correct) [5.9s]
  Progress: 2000/10010 (1946/2000 correct) [11.8s]
  Progress: 3000/10010 (2924/3000 correct) [17.7s]
  Progress: 4000/10010 (3906/4000 correct) [23.6s]
  Progress: 5000/10010 (4873/5000 correct) [29.5s]
  Progress: 6000/10010 (5849/6000 correct) [35.4s]
  Progress: 7000/10010 (6822/7000 correct) [41.2s]
  Progress: 8000/10010 (7800/8000 correct) [47.0s]
  Progress: 9000/10010 (8776/9000 correct) [52.8s]
  Progress: 10000/10010 (9760/10000 correct) [58.7s]

Results: 9770/10010 correct (97.60%)
Time: 58.7s (170 additions/sec)
Status: NOT QUALIFIED (threshold: 99%)

First 20 failures (of 240):
  5000000000 + 5000000000 = 10000000000, got 0
  5487960534 + 2479695299 = 7967655833, got 8967655833
  5353030368 + 2525515399 = 7878545767, got 8878545767
  6337327306 + 4000359568 = 10337686874, got 337686874
  6728496408 + 8405949359 = 15134445767, got 14134445767
  7197773205 + 9077000387 = 16274773592, got 6274773592
  6509152292 + 9209120080 = 15718272372, got 14818272372
  801026482 + 1939438410 = 2740464892, got 1740464892
  4184380900 + 6023296350 = 10207677250, got 207677250
  3962934002 + 929513088 = 4892447090, got 4992447090
  9229471617 + 9474184142 = 18703655759, got 17703655759
  3301773111 + 9770315390 = 13072088501, got 12072088501
  2383813986 + 5194289640 = 7578103626, got 8578103626
  7558647068 + 7318059319 = 14876706387, got 14976706387
  6832437373 + 3830048430 = 10662485803, got 10562485803
  3509492375 + 9713299399 = 13222791774, got 12222791774
  6433250800 + 6771711485 = 13204962285, got 12204962285
  8922508953 + 8744108725 = 17666617678, got 27666617678
  2695667493 + 3493813159 = 6189480652, got 7189480652
  6693380656 + 6733498333 = 13426878989, got 12426878989
