Model: 2,830 parameters
Config: d=14, h=2, L=2, ff=23
Device: mps

Training for 30000 steps...
  step   500 | loss 1.478595 | lr 0.001000 | 0.2min
  step  1000 | loss 1.393591 | lr 0.000999 | 0.3min
  VAL 0.00%
  step  1500 | loss 1.411797 | lr 0.000996 | 0.5min
  step  2000 | loss 1.403618 | lr 0.000992 | 0.6min
  VAL 0.00%
  step  2500 | loss 1.394236 | lr 0.000987 | 0.8min
  step  3000 | loss 1.339794 | lr 0.000980 | 0.9min
  VAL 0.00%
  step  3500 | loss 1.325744 | lr 0.000972 | 1.1min
  step  4000 | loss 1.270896 | lr 0.000962 | 1.2min
  VAL 0.00%
  step  4500 | loss 1.238196 | lr 0.000951 | 1.3min
  step  5000 | loss 1.168412 | lr 0.000939 | 1.5min
  VAL 0.00%
  step  5500 | loss 0.903790 | lr 0.000926 | 1.6min
  step  6000 | loss 0.426023 | lr 0.000912 | 1.8min
  VAL 0.25%
  step  6500 | loss 0.327358 | lr 0.000896 | 1.9min
  step  7000 | loss 0.274091 | lr 0.000880 | 2.1min
  VAL 6.75%
  step  7500 | loss 0.247057 | lr 0.000862 | 2.2min
  step  8000 | loss 0.226259 | lr 0.000843 | 2.4min
  VAL 9.65%
  step  8500 | loss 0.218779 | lr 0.000823 | 2.5min
  step  9000 | loss 0.211553 | lr 0.000803 | 2.7min
  VAL 10.35%
  step  9500 | loss 0.203984 | lr 0.000781 | 2.8min
  step 10000 | loss 0.201230 | lr 0.000759 | 3.0min
  VAL 10.70%
  step 10500 | loss 0.199639 | lr 0.000736 | 3.1min
  step 11000 | loss 0.196444 | lr 0.000713 | 3.3min
  VAL 10.10%
  step 11500 | loss 0.196367 | lr 0.000688 | 3.4min
  step 12000 | loss 0.194825 | lr 0.000664 | 3.6min
  VAL 9.95%
  step 12500 | loss 0.193458 | lr 0.000638 | 3.7min
  step 13000 | loss 0.186336 | lr 0.000613 | 3.9min
  VAL 16.70%
  step 13500 | loss 0.148183 | lr 0.000587 | 4.0min
  step 14000 | loss 0.061399 | lr 0.000561 | 4.2min
  VAL 73.10%
  step 14500 | loss 0.015045 | lr 0.000534 | 4.3min
  step 15000 | loss 0.006959 | lr 0.000508 | 4.5min
  VAL 94.45%
  step 15500 | loss 0.003015 | lr 0.000481 | 4.6min
  step 16000 | loss 0.001699 | lr 0.000455 | 4.7min
  VAL 98.45%
  step 16500 | loss 0.001223 | lr 0.000429 | 4.9min
  step 17000 | loss 0.000783 | lr 0.000403 | 5.0min
  VAL 99.90%
  TEST 99.8500%
  *** New best: 99.8500% ***
  step 17500 | loss 0.000518 | lr 0.000377 | 5.2min
  step 18000 | loss 0.000369 | lr 0.000352 | 5.3min
  VAL 100.00%
  TEST 99.9700%
  *** New best: 99.9700% ***
  step 18500 | loss 0.000327 | lr 0.000327 | 5.5min
  step 19000 | loss 0.000276 | lr 0.000302 | 5.7min
  VAL 100.00%
  TEST 99.9500%
  step 19500 | loss 0.000246 | lr 0.000278 | 5.8min
  step 20000 | loss 0.000160 | lr 0.000255 | 6.0min
  VAL 100.00%
  TEST 100.0000%
  *** New best: 100.0000% ***
  step 20500 | loss 0.000128 | lr 0.000232 | 6.2min
  step 21000 | loss 0.000133 | lr 0.000210 | 6.3min
  VAL 100.00%
  TEST 100.0000%
  step 21500 | loss 0.000112 | lr 0.000189 | 6.5min
  step 22000 | loss 0.000109 | lr 0.000169 | 6.7min
  VAL 100.00%
  TEST 100.0000%
  step 22500 | loss 0.000073 | lr 0.000149 | 6.9min
  step 23000 | loss 0.000068 | lr 0.000131 | 7.0min
  VAL 100.00%
  TEST 100.0000%
  step 23500 | loss 0.000057 | lr 0.000114 | 7.2min
  step 24000 | loss 0.000055 | lr 0.000097 | 7.3min
  VAL 100.00%
  TEST 100.0000%
  step 24500 | loss 0.000046 | lr 0.000082 | 7.5min
  step 25000 | loss 0.000049 | lr 0.000068 | 7.7min
  VAL 100.00%
  TEST 100.0000%
  step 25500 | loss 0.000040 | lr 0.000056 | 7.9min
  step 26000 | loss 0.000039 | lr 0.000044 | 8.0min
  VAL 100.00%
  TEST 100.0000%
  step 26500 | loss 0.000036 | lr 0.000034 | 8.2min
  step 27000 | loss 0.000032 | lr 0.000025 | 8.3min
  VAL 100.00%
  TEST 100.0000%
  step 27500 | loss 0.000031 | lr 0.000017 | 8.5min
  step 28000 | loss 0.000032 | lr 0.000011 | 8.7min
  VAL 100.00%
  TEST 100.0000%
  step 28500 | loss 0.000032 | lr 0.000006 | 8.9min
  step 29000 | loss 0.000031 | lr 0.000003 | 9.0min
  VAL 100.00%
  TEST 100.0000%
  step 29500 | loss 0.000032 | lr 0.000001 | 9.2min
  step 30000 | loss 0.000031 | lr 0.000000 | 9.3min
  VAL 100.00%
  TEST 100.0000%

Training complete in 9.4 minutes
Best test accuracy: 100.0000%
