Model: RL4RL Autoresearch candidate
Author: configured in run manifest
Parameters (unique): 2830
Architecture: decoder-only addition transformer d=14, h=2, L=2, ff=23
Tricks: autoregressive greedy decoding, weights from checkpoint

  Progress: 1000/10010 (998/1000 correct) [8.9s]
  Progress: 2000/10010 (1998/2000 correct) [18.7s]
  Progress: 3000/10010 (2998/3000 correct) [28.1s]
  Progress: 4000/10010 (3998/4000 correct) [37.6s]
  Progress: 5000/10010 (4998/5000 correct) [47.0s]
  Progress: 6000/10010 (5998/6000 correct) [56.5s]
  Progress: 7000/10010 (6998/7000 correct) [65.9s]
  Progress: 8000/10010 (7998/8000 correct) [75.3s]
  Progress: 9000/10010 (8998/9000 correct) [84.6s]
  Progress: 10000/10010 (9998/10000 correct) [94.1s]

Results: 10008/10010 correct (99.98%)
Time: 94.2s (106 additions/sec)
Status: QUALIFIED (threshold: 99%)

Failures (2):
  9999999999 + 9999999999 = 19999999998, got 19999999898
  9999999999 + 9999999999 = 19999999998, got 19999999898
