Model: RL4RL Autoresearch candidate
Author: configured in run manifest
Parameters (unique): 1942
Architecture: decoder-only addition transformer d=16, h=2, L=2, ff=10, block1_ff=8, fixed_separators=True, tied_position_pairs=[[4, 15], [7, 18], [5, 16], [3, 14], [2, 13], [8, 19], [6, 17], [1, 12], [0, 11], [9, 20]], interpolated_positions=[23, 24, 25, 26, 27], qkv_pruned=106
Tricks: autoregressive greedy decoding, weights from checkpoint

  Progress: 1000/10010 (998/1000 correct) [4.4s]
  Progress: 2000/10010 (1993/2000 correct) [8.9s]
  Progress: 3000/10010 (2992/3000 correct) [13.3s]
  Progress: 4000/10010 (3989/4000 correct) [17.7s]
  Progress: 5000/10010 (4989/5000 correct) [22.1s]
  Progress: 6000/10010 (5985/6000 correct) [26.5s]
  Progress: 7000/10010 (6985/7000 correct) [30.9s]
  Progress: 8000/10010 (7984/8000 correct) [35.3s]
  Progress: 9000/10010 (8984/9000 correct) [39.6s]
  Progress: 10000/10010 (9981/10000 correct) [44.0s]

Results: 9991/10010 correct (99.81%)
Time: 44.1s (227 additions/sec)
Status: QUALIFIED (threshold: 99%)

Failures (19):
  5476370042 + 4129464580 = 9605834622, got 9655834622
  1726129725 + 4679463272 = 6405592997, got 6455592997
  3026730746 + 7374743427 = 10401474173, got 10451474173
  2829187707 + 4176879979 = 7006067686, got 6956067686
  2774892802 + 1826501514 = 4601394316, got 4551394316
  6026543306 + 9679448277 = 15705991583, got 15755991583
  5925958706 + 8679487973 = 14605446679, got 14555446679
  976307749 + 6325056885 = 7301364634, got 7251364634
  1475674328 + 4625588348 = 6101262676, got 6051262676
  3779529643 + 9726796401 = 13506326044, got 13456326044
  2776702959 + 6924784164 = 9701487123, got 9751487123
  8067681173 + 3462932330 = 11530613503, got 11525613503
  7295822456 + 4296380992 = 11592203448, got 11492203448
  2828982940 + 2171822219 = 5000805159, got 4000805159
  5226253041 + 1679692553 = 6905945594, got 6955945594
  979865603 + 8725705256 = 9705570859, got 9755570859
  5476553818 + 1229793411 = 6706347229, got 6756347229
  162851490 + 3767235515 = 3930087005, got 3925087005
  7976450671 + 1729776243 = 9706226914, got 9756226914
