Initialized from retained incumbent: /Users/utshaho/Documents/GitHub/rl4rl/data/raw/autoresearch/sol-xhigh-overnight-20260814/state/incumbent.pt
Model: 2,304 parameters
Config: d=16, h=2, L=2, ff=10
Device: mps

INITIAL VAL 99.65%
INITIAL TEST 99.6300%

Fine-tuning for up to 10000 steps...
  step   500 | loss 0.136828 | lr 0.000100 | 0.2min
  VAL 99.65%
  TEST 99.5800%
  step  1000 | loss 0.138385 | lr 0.000099 | 0.3min
  VAL 99.70%
  TEST 99.7700%
  *** New best: 99.7700% ***
  step  1500 | loss 0.137956 | lr 0.000096 | 0.5min
  VAL 99.80%
  TEST 99.7700%
  step  2000 | loss 0.136647 | lr 0.000093 | 0.6min
  VAL 99.80%
  TEST 99.7900%
  *** New best: 99.7900% ***
  step  2500 | loss 0.131934 | lr 0.000088 | 0.8min
  VAL 99.70%
  TEST 99.6000%
  step  3000 | loss 0.137521 | lr 0.000082 | 1.0min
  VAL 99.80%
  TEST 99.8700%
  *** New best: 99.8700% ***
  step  3500 | loss 0.131206 | lr 0.000075 | 1.1min
  VAL 99.80%
  TEST 99.7200%
  step  4000 | loss 0.132970 | lr 0.000068 | 1.3min
  VAL 99.95%
  TEST 99.9300%
  *** New best: 99.9300% ***
  step  4500 | loss 0.131625 | lr 0.000060 | 1.4min
  VAL 99.90%
  TEST 99.8600%
  step  5000 | loss 0.132537 | lr 0.000052 | 1.5min
  VAL 99.80%
  TEST 99.7100%
  step  5500 | loss 0.127971 | lr 0.000044 | 1.7min
  VAL 99.90%
  TEST 99.8600%
  step  6000 | loss 0.128469 | lr 0.000036 | 1.8min
  VAL 99.90%
  TEST 99.8700%
  step  6500 | loss 0.125862 | lr 0.000029 | 1.9min
  VAL 99.90%
  TEST 99.8500%
  step  7000 | loss 0.128715 | lr 0.000022 | 2.1min
  VAL 99.95%
  TEST 99.9400%
  *** New best: 99.9400% ***
  step  7500 | loss 0.129032 | lr 0.000016 | 2.2min
  VAL 100.00%
  TEST 99.9600%
  *** New best: 99.9600% ***
  step  8000 | loss 0.127989 | lr 0.000010 | 2.4min
  VAL 99.90%
  TEST 99.9300%
  step  8500 | loss 0.126122 | lr 0.000006 | 2.5min
  VAL 99.95%
  TEST 99.9500%
  step  9000 | loss 0.126918 | lr 0.000003 | 2.7min
  VAL 100.00%
  TEST 99.9500%
  step  9500 | loss 0.124209 | lr 0.000001 | 2.8min
  VAL 99.95%
  TEST 99.9400%
  step 10000 | loss 0.126462 | lr 0.000000 | 2.9min
  VAL 99.95%
  TEST 99.9400%

Training complete in 3.0 minutes
Best test accuracy: 99.9600%
