Model: RL4RL Autoresearch candidate
Author: configured in run manifest
Parameters (unique): 2022
Architecture: decoder-only addition transformer d=16, h=2, L=2, ff=10, block1_ff=8, fixed_separators=True, tied_position_pairs=[[4, 15], [7, 18], [5, 16], [3, 14], [2, 13], [8, 19], [6, 17], [1, 12], [0, 11], [9, 20]], interpolated_positions=[23, 24, 25, 26, 27], qkv_pruned=26
Tricks: autoregressive greedy decoding, weights from checkpoint

  Progress: 1000/10010 (995/1000 correct) [4.5s]
  Progress: 2000/10010 (1992/2000 correct) [8.9s]
  Progress: 3000/10010 (2991/3000 correct) [13.4s]
  Progress: 4000/10010 (3989/4000 correct) [17.8s]
  Progress: 5000/10010 (4985/5000 correct) [22.2s]
  Progress: 6000/10010 (5982/6000 correct) [26.6s]
  Progress: 7000/10010 (6979/7000 correct) [31.0s]
  Progress: 8000/10010 (7977/8000 correct) [35.4s]
  Progress: 9000/10010 (8973/9000 correct) [39.8s]
  Progress: 10000/10010 (9970/10000 correct) [44.2s]

Results: 9980/10010 correct (99.70%)
Time: 44.3s (226 additions/sec)
Status: QUALIFIED (threshold: 99%)

First 20 failures (of 30):
  2419324703 + 3516291980 = 5935616683, got 5835616683
  1590870754 + 3891940101 = 5482810855, got 5492810855
  4501354141 + 9409669647 = 13911023788, got 13811023788
  9949339211 + 8948002488 = 18897341699, got 18997341699
  8654770020 + 8611605297 = 17266375317, got 12266375317
  2414276349 + 2517436867 = 4931713216, got 4831713216
  8946513248 + 1971558909 = 10918072157, got 11018072157
  4624637094 + 517131976 = 5141769070, got 5041769070
  9278473654 + 9413599947 = 18692073601, got 19692073601
  1415015538 + 2519348781 = 3934364319, got 3834364319
  9217700662 + 9448597295 = 18666297957, got 19666297957
  8191852004 + 7194996854 = 15386848858, got 15396848858
  5895719646 + 5190453543 = 11086173189, got 11096173189
  9402679499 + 9293095411 = 18695774910, got 19695774910
  9964543372 + 5945248928 = 15909792300, got 16009792300
  4945526394 + 5960538870 = 10906065264, got 11006065264
  7295822456 + 4296380992 = 11592203448, got 11492203448
  9479323125 + 9453799615 = 18933122740, got 19933122740
  8673054234 + 8614516394 = 17287570628, got 12287570628
  9611914057 + 7529885855 = 17141799912, got 17041799912
