Model: 3,648 parameters
Config: d=16, h=2, L=2, ff=18
Device: mps

Training for 30000 steps...
  step   500 | loss 1.411155 | lr 0.001000 | 0.2min
  step  1000 | loss 1.351906 | lr 0.000999 | 0.3min
  VAL 0.00%
  step  1500 | loss 1.268794 | lr 0.000996 | 0.4min
  step  2000 | loss 1.132465 | lr 0.000992 | 0.6min
  VAL 0.00%
  step  2500 | loss 0.693990 | lr 0.000987 | 0.7min
  step  3000 | loss 0.478413 | lr 0.000980 | 0.9min
  VAL 4.00%
  step  3500 | loss 0.388734 | lr 0.000972 | 1.0min
  step  4000 | loss 0.169633 | lr 0.000962 | 1.2min
  VAL 79.80%
  step  4500 | loss 0.128951 | lr 0.000951 | 1.3min
  step  5000 | loss 0.105587 | lr 0.000939 | 1.5min
  VAL 83.85%
  step  5500 | loss 0.083696 | lr 0.000926 | 1.6min
  step  6000 | loss 0.070541 | lr 0.000912 | 1.8min
  VAL 89.05%
  step  6500 | loss 0.055748 | lr 0.000896 | 2.0min
  step  7000 | loss 0.051192 | lr 0.000880 | 2.1min
  VAL 93.85%
  step  7500 | loss 0.045402 | lr 0.000862 | 2.3min
  step  8000 | loss 0.040414 | lr 0.000843 | 2.5min
  VAL 93.65%
  step  8500 | loss 0.034469 | lr 0.000823 | 2.6min
  step  9000 | loss 0.031993 | lr 0.000803 | 2.8min
  VAL 96.30%
  step  9500 | loss 0.027396 | lr 0.000781 | 3.0min
  step 10000 | loss 0.022345 | lr 0.000759 | 3.2min
  VAL 98.45%
  step 10500 | loss 0.022437 | lr 0.000736 | 3.3min
  step 11000 | loss 0.018509 | lr 0.000713 | 3.5min
  VAL 98.85%
  step 11500 | loss 0.017307 | lr 0.000688 | 3.6min
  step 12000 | loss 0.018711 | lr 0.000664 | 3.8min
  VAL 98.50%
  step 12500 | loss 0.017958 | lr 0.000638 | 4.0min
  step 13000 | loss 0.012918 | lr 0.000613 | 4.1min
  VAL 98.00%
  step 13500 | loss 0.010823 | lr 0.000587 | 4.3min
  step 14000 | loss 0.009744 | lr 0.000561 | 4.5min
  VAL 99.05%
  TEST 99.1500%
  *** New best: 99.1500% ***
  step 14500 | loss 0.009426 | lr 0.000534 | 4.7min
  step 15000 | loss 0.009293 | lr 0.000508 | 4.9min
  VAL 98.85%
  step 15500 | loss 0.008286 | lr 0.000481 | 5.0min
  step 16000 | loss 0.006980 | lr 0.000455 | 5.2min
  VAL 98.95%
  step 16500 | loss 0.006883 | lr 0.000429 | 5.3min
  step 17000 | loss 0.007588 | lr 0.000403 | 5.5min
  VAL 99.35%
  TEST 99.3100%
  *** New best: 99.3100% ***
  step 17500 | loss 0.006478 | lr 0.000377 | 5.7min
  step 18000 | loss 0.005211 | lr 0.000352 | 5.9min
  VAL 99.00%
  TEST 99.0500%
  step 18500 | loss 0.004542 | lr 0.000327 | 6.1min
  step 19000 | loss 0.004313 | lr 0.000302 | 6.3min
  VAL 99.35%
  TEST 99.4700%
  *** New best: 99.4700% ***
  step 19500 | loss 0.003959 | lr 0.000278 | 6.5min
  step 20000 | loss 0.003681 | lr 0.000255 | 6.6min
  VAL 99.50%
  TEST 99.5900%
  *** New best: 99.5900% ***
  step 20500 | loss 0.003498 | lr 0.000232 | 6.9min
  step 21000 | loss 0.003194 | lr 0.000210 | 7.0min
  VAL 99.70%
  TEST 99.6600%
  *** New best: 99.6600% ***
  step 21500 | loss 0.002952 | lr 0.000189 | 7.3min
  step 22000 | loss 0.002593 | lr 0.000169 | 7.4min
  VAL 99.80%
  TEST 99.8300%
  *** New best: 99.8300% ***
  step 22500 | loss 0.002354 | lr 0.000149 | 7.7min
  step 23000 | loss 0.002278 | lr 0.000131 | 7.8min
  VAL 99.85%
  TEST 99.9400%
  *** New best: 99.9400% ***
  step 23500 | loss 0.002283 | lr 0.000114 | 8.1min
  step 24000 | loss 0.002046 | lr 0.000097 | 8.2min
  VAL 99.95%
  TEST 99.9900%
  *** New best: 99.9900% ***
  step 24500 | loss 0.002016 | lr 0.000082 | 8.4min
  step 25000 | loss 0.001822 | lr 0.000068 | 8.6min
  VAL 99.85%
  TEST 99.9800%
  step 25500 | loss 0.001805 | lr 0.000056 | 8.8min
  step 26000 | loss 0.001637 | lr 0.000044 | 9.0min
  VAL 99.95%
  TEST 99.9900%
  step 26500 | loss 0.001696 | lr 0.000034 | 9.2min
  step 27000 | loss 0.001616 | lr 0.000025 | 9.4min
  VAL 99.95%
  TEST 99.9800%
  step 27500 | loss 0.001655 | lr 0.000017 | 9.6min
  step 28000 | loss 0.001557 | lr 0.000011 | 9.7min
  VAL 100.00%
  TEST 99.9900%
  step 28500 | loss 0.001541 | lr 0.000006 | 9.9min
  step 29000 | loss 0.001551 | lr 0.000003 | 10.0min
  VAL 100.00%
  TEST 99.9900%
  step 29500 | loss 0.001571 | lr 0.000001 | 10.2min
  step 30000 | loss 0.001470 | lr 0.000000 | 10.3min
  VAL 100.00%
  TEST 99.9900%

Training complete in 10.4 minutes
Best test accuracy: 99.9900%
