Model: RL4RL Autoresearch candidate
Author: configured in run manifest
Parameters (unique): 3648
Architecture: decoder-only addition transformer d=16, h=2, L=2, ff=18
Tricks: autoregressive greedy decoding, weights from checkpoint

  Progress: 1000/10010 (998/1000 correct) [8.5s]
  Progress: 2000/10010 (1998/2000 correct) [16.9s]
  Progress: 3000/10010 (2998/3000 correct) [25.4s]
  Progress: 4000/10010 (3997/4000 correct) [33.9s]
  Progress: 5000/10010 (4997/5000 correct) [42.3s]
  Progress: 6000/10010 (5997/6000 correct) [50.8s]
  Progress: 7000/10010 (6997/7000 correct) [59.4s]
  Progress: 8000/10010 (7996/8000 correct) [67.8s]
  Progress: 9000/10010 (8996/9000 correct) [74.8s]
  Progress: 10000/10010 (9996/10000 correct) [81.5s]

Results: 10006/10010 correct (99.96%)
Time: 81.5s (123 additions/sec)
Status: QUALIFIED (threshold: 99%)

Failures (4):
  5000000000 + 5000000000 = 10000000000, got 0
  4184380900 + 6023296350 = 10207677250, got 207677250
  5065450841 + 5084143183 = 10149594024, got 149594024
  4018396702 + 6111688631 = 10130085333, got 130085333
