Model: RL4RL Autoresearch candidate
Author: configured in run manifest
Parameters (unique): 1835
Architecture: decoder-only addition transformer d=16, h=2, L=2, ff=10, block1_ff=8, fixed_separators=True, tied_position_pairs=[[4, 15], [7, 18], [5, 16], [3, 14], [2, 13], [8, 19], [6, 17], [1, 12], [0, 11], [9, 20]], interpolated_positions=[23, 24, 25, 26, 27], qkv_pruned=213
Tricks: autoregressive greedy decoding, weights from checkpoint

  Progress: 1000/10010 (1000/1000 correct) [4.4s]
  Progress: 2000/10010 (2000/2000 correct) [9.0s]
  Progress: 3000/10010 (3000/3000 correct) [13.6s]
  Progress: 4000/10010 (4000/4000 correct) [18.0s]
  Progress: 5000/10010 (5000/5000 correct) [22.5s]
  Progress: 6000/10010 (5998/6000 correct) [26.9s]
  Progress: 7000/10010 (6998/7000 correct) [31.4s]
  Progress: 8000/10010 (7997/8000 correct) [35.8s]
  Progress: 9000/10010 (8996/9000 correct) [40.2s]
  Progress: 10000/10010 (9995/10000 correct) [44.7s]

Results: 10005/10010 correct (99.95%)
Time: 44.7s (224 additions/sec)
Status: QUALIFIED (threshold: 99%)

Failures (5):
  2828982940 + 2171822219 = 5000805159, got 4000805159
  2597748763 + 2430595917 = 5028344680, got 4028344680
  2561962598 + 2448131904 = 5010094502, got 4010094502
  2544951434 + 2456781784 = 5001733218, got 4001733218
  2068770581 + 2967666774 = 5036437355, got 4036437355
