Model: RL4RL Autoresearch candidate
Author: configured in run manifest
Parameters (unique): 1983
Architecture: decoder-only addition transformer d=16, h=2, L=2, ff=10, block1_ff=8, fixed_separators=True, tied_position_pairs=[[4, 15], [7, 18], [5, 16], [3, 14], [2, 13], [8, 19], [6, 17], [1, 12], [0, 11], [9, 20]], interpolated_positions=[23, 24, 25, 26, 27], qkv_pruned=65
Tricks: autoregressive greedy decoding, weights from checkpoint

  Progress: 1000/10010 (998/1000 correct) [4.7s]
  Progress: 2000/10010 (1998/2000 correct) [9.3s]
  Progress: 3000/10010 (2996/3000 correct) [14.7s]
  Progress: 4000/10010 (3995/4000 correct) [19.5s]
  Progress: 5000/10010 (4993/5000 correct) [23.9s]
  Progress: 6000/10010 (5991/6000 correct) [28.4s]
  Progress: 7000/10010 (6988/7000 correct) [32.8s]
  Progress: 8000/10010 (7987/8000 correct) [37.2s]
  Progress: 9000/10010 (8984/9000 correct) [41.7s]
  Progress: 10000/10010 (9983/10000 correct) [46.1s]

Results: 9993/10010 correct (99.83%)
Time: 46.1s (217 additions/sec)
Status: QUALIFIED (threshold: 99%)

Failures (17):
  2643188197 + 7497706065 = 10140894262, got 15140894262
  8654770020 + 8611605297 = 17266375317, got 12266375317
  2406531246 + 7680133623 = 10086664869, got 15086664869
  9278473654 + 9413599947 = 18692073601, got 19692073601
  9217700662 + 9448597295 = 18666297957, got 19666297957
  2476707217 + 7697999923 = 10174707140, got 15174707140
  9402679499 + 9293095411 = 18695774910, got 19695774910
  7646880009 + 2551938226 = 10198818235, got 15198818235
  9479323125 + 9453799615 = 18933122740, got 19933122740
  9360408474 + 9213913869 = 18574322343, got 19574322343
  8673054234 + 8614516394 = 17287570628, got 12287570628
  7429412583 + 2625801697 = 10055214280, got 15055214280
  7613860785 + 2586043097 = 10199903882, got 15199903882
  7408487462 + 2619986734 = 10028474196, got 15028474196
  9516562991 + 9413390151 = 18929953142, got 19929953142
  9201756155 + 9771972022 = 18973728177, got 19973728177
  9322270328 + 9340964837 = 18663235165, got 19663235165
