Model: 3,424 parameters
Config: d=16, h=2, L=2, ff=7
Device: mps

Training for 45000 steps...
  step   500 | loss 1.400046 | lr 0.001000 | 0.1min
  step  1000 | loss 1.318820 | lr 0.000999 | 0.3min
  VAL 0.00%
  step  1500 | loss 1.325337 | lr 0.000998 | 0.4min
  step  2000 | loss 1.304486 | lr 0.000996 | 0.5min
  VAL 0.00%
  step  2500 | loss 1.240521 | lr 0.000994 | 0.6min
  step  3000 | loss 1.012566 | lr 0.000991 | 0.7min
  VAL 0.00%
  step  3500 | loss 0.510576 | lr 0.000987 | 0.9min
  step  4000 | loss 0.412879 | lr 0.000983 | 1.0min
  VAL 0.30%
  step  4500 | loss 0.373223 | lr 0.000978 | 1.1min
  step  5000 | loss 0.335138 | lr 0.000973 | 1.2min
  VAL 0.90%
  step  5500 | loss 0.311007 | lr 0.000967 | 1.3min
  step  6000 | loss 0.291048 | lr 0.000960 | 1.5min
  VAL 2.20%
  step  6500 | loss 0.283954 | lr 0.000953 | 1.6min
  step  7000 | loss 0.265095 | lr 0.000946 | 1.7min
  VAL 3.40%
  step  7500 | loss 0.255385 | lr 0.000937 | 1.8min
  step  8000 | loss 0.256507 | lr 0.000929 | 1.9min
  VAL 3.50%
  step  8500 | loss 0.246016 | lr 0.000919 | 2.0min
  step  9000 | loss 0.234495 | lr 0.000909 | 2.2min
  VAL 4.10%
  step  9500 | loss 0.233669 | lr 0.000899 | 2.3min
  step 10000 | loss 0.226913 | lr 0.000888 | 2.4min
  VAL 5.40%
  step 10500 | loss 0.222769 | lr 0.000877 | 2.5min
  step 11000 | loss 0.056629 | lr 0.000865 | 2.6min
  VAL 44.90%
  step 11500 | loss 0.038959 | lr 0.000853 | 2.7min
  step 12000 | loss 0.036302 | lr 0.000840 | 2.9min
  VAL 65.00%
  step 12500 | loss 0.030798 | lr 0.000827 | 3.0min
  step 13000 | loss 0.027367 | lr 0.000814 | 3.1min
  VAL 69.30%
  step 13500 | loss 0.024436 | lr 0.000800 | 3.2min
  step 14000 | loss 0.020193 | lr 0.000786 | 3.3min
  VAL 81.35%
  step 14500 | loss 0.018384 | lr 0.000771 | 3.5min
  step 15000 | loss 0.020423 | lr 0.000756 | 3.6min
  VAL 81.80%
  step 15500 | loss 0.019317 | lr 0.000741 | 3.7min
  step 16000 | loss 0.018503 | lr 0.000725 | 3.8min
  VAL 84.15%
  step 16500 | loss 0.015149 | lr 0.000709 | 3.9min
  step 17000 | loss 0.012540 | lr 0.000693 | 4.1min
  VAL 79.30%
  step 17500 | loss 0.012829 | lr 0.000677 | 4.2min
  step 18000 | loss 0.011266 | lr 0.000661 | 4.3min
  VAL 85.90%
  step 18500 | loss 0.011553 | lr 0.000644 | 4.4min
  step 19000 | loss 0.010108 | lr 0.000627 | 4.5min
  VAL 84.05%
  step 19500 | loss 0.009309 | lr 0.000610 | 4.6min
  step 20000 | loss 0.009034 | lr 0.000593 | 4.8min
  VAL 88.05%
  step 20500 | loss 0.009629 | lr 0.000575 | 4.9min
  step 21000 | loss 0.007417 | lr 0.000558 | 5.0min
  VAL 91.90%
  step 21500 | loss 0.007650 | lr 0.000540 | 5.1min
  step 22000 | loss 0.009243 | lr 0.000523 | 5.2min
  VAL 93.45%
  step 22500 | loss 0.006062 | lr 0.000505 | 5.4min
  step 23000 | loss 0.006238 | lr 0.000488 | 5.5min
  VAL 92.15%
  step 23500 | loss 0.006224 | lr 0.000470 | 5.6min
  step 24000 | loss 0.005301 | lr 0.000453 | 5.7min
  VAL 95.55%
  step 24500 | loss 0.006103 | lr 0.000435 | 5.8min
  step 25000 | loss 0.004218 | lr 0.000418 | 5.9min
  VAL 94.65%
  step 25500 | loss 0.004524 | lr 0.000401 | 6.1min
  step 26000 | loss 0.003999 | lr 0.000383 | 6.2min
  VAL 97.00%
  step 26500 | loss 0.004284 | lr 0.000366 | 6.3min
  step 27000 | loss 0.004125 | lr 0.000350 | 6.4min
  VAL 96.55%
  step 27500 | loss 0.004150 | lr 0.000333 | 6.6min
  step 28000 | loss 0.003780 | lr 0.000316 | 6.6min
  VAL 97.60%
  step 28500 | loss 0.003599 | lr 0.000300 | 6.8min
  step 29000 | loss 0.003084 | lr 0.000284 | 6.9min
  VAL 97.10%
  step 29500 | loss 0.002738 | lr 0.000268 | 7.0min
  step 30000 | loss 0.003019 | lr 0.000253 | 7.1min
  VAL 97.80%
  step 30500 | loss 0.002837 | lr 0.000238 | 7.3min
  step 31000 | loss 0.002901 | lr 0.000223 | 7.4min
  VAL 97.80%
  step 31500 | loss 0.002820 | lr 0.000209 | 7.5min
  step 32000 | loss 0.003580 | lr 0.000195 | 7.6min
  VAL 98.10%
  step 32500 | loss 0.002591 | lr 0.000181 | 7.8min
  step 33000 | loss 0.002396 | lr 0.000168 | 7.9min
  VAL 97.40%
  step 33500 | loss 0.002079 | lr 0.000155 | 8.0min
  step 34000 | loss 0.002287 | lr 0.000142 | 8.1min
  VAL 98.50%
  step 34500 | loss 0.002216 | lr 0.000130 | 8.2min
  step 35000 | loss 0.002020 | lr 0.000118 | 8.3min
  VAL 98.65%
  step 35500 | loss 0.001893 | lr 0.000107 | 8.5min
  step 36000 | loss 0.001820 | lr 0.000097 | 8.6min
  VAL 98.60%
  step 36500 | loss 0.001704 | lr 0.000087 | 8.7min
  step 37000 | loss 0.001829 | lr 0.000077 | 8.8min
  VAL 99.00%
  TEST 98.9400%
  *** New best: 98.9400% ***
  step 37500 | loss 0.001684 | lr 0.000068 | 9.0min
  step 38000 | loss 0.001763 | lr 0.000059 | 9.1min
  VAL 98.45%
  step 38500 | loss 0.001962 | lr 0.000051 | 9.2min
  step 39000 | loss 0.001650 | lr 0.000044 | 9.3min
  VAL 99.00%
  TEST 98.9000%
  step 39500 | loss 0.001580 | lr 0.000037 | 9.5min
  step 40000 | loss 0.001476 | lr 0.000031 | 9.6min
  VAL 99.40%
  TEST 99.1900%
  *** New best: 99.1900% ***
  step 40500 | loss 0.001446 | lr 0.000025 | 9.8min
  step 41000 | loss 0.001491 | lr 0.000020 | 9.9min
  VAL 99.35%
  TEST 99.2100%
  *** New best: 99.2100% ***
  step 41500 | loss 0.001445 | lr 0.000015 | 10.1min
  step 42000 | loss 0.001401 | lr 0.000011 | 10.2min
  VAL 99.50%
  TEST 99.2100%
  step 42500 | loss 0.001412 | lr 0.000008 | 10.3min
  step 43000 | loss 0.001492 | lr 0.000005 | 10.5min
  VAL 99.50%
  TEST 99.2300%
  *** New best: 99.2300% ***
  step 43500 | loss 0.001363 | lr 0.000003 | 10.6min
  step 44000 | loss 0.001365 | lr 0.000001 | 10.8min
  VAL 99.50%
  TEST 99.2900%
  *** New best: 99.2900% ***
  step 44500 | loss 0.001354 | lr 0.000000 | 10.9min
  step 45000 | loss 0.001358 | lr 0.000000 | 11.0min
  VAL 99.50%
  TEST 99.2700%

Training complete in 11.1 minutes
Best test accuracy: 99.2900%
