Model: RL4RL Autoresearch candidate
Author: configured in run manifest
Parameters (unique): 1945
Architecture: decoder-only addition transformer d=16, h=2, L=2, ff=10, block1_ff=8, fixed_separators=True, tied_position_pairs=[[4, 15], [7, 18], [5, 16], [3, 14], [2, 13], [8, 19], [6, 17], [1, 12], [0, 11], [9, 20]], interpolated_positions=[23, 24, 25, 26, 27], qkv_pruned=103
Tricks: autoregressive greedy decoding, weights from checkpoint

  Progress: 1000/10010 (999/1000 correct) [4.4s]
  Progress: 2000/10010 (1999/2000 correct) [8.9s]
  Progress: 3000/10010 (2998/3000 correct) [13.3s]
  Progress: 4000/10010 (3998/4000 correct) [17.6s]
  Progress: 5000/10010 (4997/5000 correct) [22.1s]
  Progress: 6000/10010 (5997/6000 correct) [26.5s]
  Progress: 7000/10010 (6997/7000 correct) [30.9s]
  Progress: 8000/10010 (7997/8000 correct) [35.3s]
  Progress: 9000/10010 (8996/9000 correct) [39.7s]
  Progress: 10000/10010 (9995/10000 correct) [44.1s]

Results: 10005/10010 correct (99.95%)
Time: 44.2s (227 additions/sec)
Status: QUALIFIED (threshold: 99%)

Failures (5):
  8555181831 + 4641387687 = 13196569518, got 13296569518
  9278473654 + 9413599947 = 18692073601, got 19692073601
  9402679499 + 9293095411 = 18695774910, got 19695774910
  8221226107 + 8352380936 = 16573607043, got 17573607043
  8413443535 + 8271002098 = 16684445633, got 17684445633
