Model: RL4RL Autoresearch candidate
Author: configured in run manifest
Parameters (unique): 1957
Architecture: decoder-only addition transformer d=16, h=2, L=2, ff=10, block1_ff=8, fixed_separators=True, tied_position_pairs=[[4, 15], [7, 18], [5, 16], [3, 14], [2, 13], [8, 19], [6, 17], [1, 12], [0, 11], [9, 20]], interpolated_positions=[23, 24, 25, 26, 27], qkv_pruned=91
Tricks: autoregressive greedy decoding, weights from checkpoint

  Progress: 1000/10010 (997/1000 correct) [4.5s]
  Progress: 2000/10010 (1994/2000 correct) [9.0s]
  Progress: 3000/10010 (2988/3000 correct) [13.4s]
  Progress: 4000/10010 (3985/4000 correct) [17.8s]
  Progress: 5000/10010 (4984/5000 correct) [22.2s]
  Progress: 6000/10010 (5979/6000 correct) [26.5s]
  Progress: 7000/10010 (6979/7000 correct) [30.8s]
  Progress: 8000/10010 (7977/8000 correct) [35.3s]
  Progress: 9000/10010 (8973/9000 correct) [39.7s]
  Progress: 10000/10010 (9970/10000 correct) [44.1s]

Results: 9980/10010 correct (99.70%)
Time: 44.1s (227 additions/sec)
Status: QUALIFIED (threshold: 99%)

First 20 failures (of 30):
  7829306287 + 1024919386 = 8854225673, got 8844225673
  6785680981 + 6097908899 = 12883589880, got 11883589880
  6116232171 + 6692893101 = 12809125272, got 11809125272
  4624637094 + 517131976 = 5141769070, got 5041769070
  6047119139 + 5060676488 = 11107795627, got 10107795627
  5199705329 + 6225705022 = 11425410351, got 10425410351
  5073074988 + 6351264488 = 11424339476, got 10424339476
  1754701630 + 6156600650 = 7911302280, got 7911302180
  9278473654 + 9413599947 = 18692073601, got 19692073601
  6264910762 + 6135751022 = 12400661784, got 11400661784
  5254066650 + 9287720511 = 14541787161, got 14441787161
  3029838603 + 4424373860 = 7454212463, got 7444212463
  6220808416 + 5189773965 = 11410582381, got 10410582381
  6194898600 + 6145852101 = 12340750701, got 11340750701
  6258014553 + 8283570450 = 14541585003, got 14441585003
  9402679499 + 9293095411 = 18695774910, got 19695774910
  4204529550 + 296440191 = 4500969741, got 4400969741
  9286919757 + 9253558462 = 18540478219, got 18440478219
  7295822456 + 4296380992 = 11592203448, got 11492203448
  2828982940 + 2171822219 = 5000805159, got 4000805159
