Model: RL4RL Autoresearch candidate
Author: configured in run manifest
Parameters (unique): 2011
Architecture: decoder-only addition transformer d=16, h=2, L=2, ff=10, block1_ff=8, fixed_separators=True, tied_position_pairs=[[4, 15], [7, 18], [5, 16], [3, 14], [2, 13], [8, 19], [6, 17], [1, 12], [0, 11], [9, 20]], interpolated_positions=[23, 24, 25, 26, 27], qkv_pruned=37
Tricks: autoregressive greedy decoding, weights from checkpoint

  Progress: 1000/10010 (995/1000 correct) [4.4s]
  Progress: 2000/10010 (1994/2000 correct) [8.8s]
  Progress: 3000/10010 (2993/3000 correct) [13.1s]
  Progress: 4000/10010 (3991/4000 correct) [17.5s]
  Progress: 5000/10010 (4987/5000 correct) [21.8s]
  Progress: 6000/10010 (5982/6000 correct) [26.2s]
  Progress: 7000/10010 (6981/7000 correct) [30.6s]
  Progress: 8000/10010 (7980/8000 correct) [35.0s]
  Progress: 9000/10010 (8975/9000 correct) [39.3s]
  Progress: 10000/10010 (9971/10000 correct) [43.8s]

Results: 9981/10010 correct (99.71%)
Time: 43.8s (229 additions/sec)
Status: QUALIFIED (threshold: 99%)

First 20 failures (of 29):
  2232675064 + 2974813910 = 5207488974, got 4207488974
  2419324703 + 3516291980 = 5935616683, got 5835616683
  8555181831 + 4641387687 = 13196569518, got 13296569518
  4501354141 + 9409669647 = 13911023788, got 13811023788
  9949339211 + 8948002488 = 18897341699, got 18997341699
  2414276349 + 2517436867 = 4931713216, got 4831713216
  9278473654 + 9413599947 = 18692073601, got 19692073601
  1415015538 + 2519348781 = 3934364319, got 3834364319
  9217700662 + 9448597295 = 18666297957, got 19666297957
  8191852004 + 7194996854 = 15386848858, got 15396848858
  9402679499 + 9293095411 = 18695774910, got 19695774910
  9964543372 + 5945248928 = 15909792300, got 16009792300
  2988172828 + 2822699399 = 5810872227, got 4810872227
  7646880009 + 2551938226 = 10198818235, got 10298818235
  7295822456 + 4296380992 = 11592203448, got 11492203448
  2828982940 + 2171822219 = 5000805159, got 4000805159
  9479323125 + 9453799615 = 18933122740, got 19933122740
  9444829971 + 9344612303 = 18789442274, got 19789442274
  9360408474 + 9213913869 = 18574322343, got 19574322343
  2993672100 + 2499984107 = 5493656207, got 4493656207
