Model: 5,824 parameters
Config: d=16, h=2, L=2, ff=44
Device: mps

Training for 45000 steps...
  step   500 | loss 1.446665 | lr 0.001000 | 0.1min
  step  1000 | loss 1.335638 | lr 0.000999 | 0.3min
  VAL 0.00%
  step  1500 | loss 1.255770 | lr 0.000998 | 0.4min
  step  2000 | loss 0.780718 | lr 0.000996 | 0.5min
  VAL 0.00%
  step  2500 | loss 0.456925 | lr 0.000994 | 0.6min
  step  3000 | loss 0.384237 | lr 0.000991 | 0.8min
  VAL 6.55%
  step  3500 | loss 0.348516 | lr 0.000987 | 0.9min
  step  4000 | loss 0.285149 | lr 0.000983 | 1.0min
  VAL 8.25%
  step  4500 | loss 0.259485 | lr 0.000978 | 1.1min
  step  5000 | loss 0.248893 | lr 0.000973 | 1.3min
  VAL 8.80%
  step  5500 | loss 0.234662 | lr 0.000967 | 1.4min
  step  6000 | loss 0.235374 | lr 0.000960 | 1.5min
  VAL 8.80%
  step  6500 | loss 0.218170 | lr 0.000953 | 1.6min
  step  7000 | loss 0.220293 | lr 0.000946 | 1.7min
  VAL 8.75%
  step  7500 | loss 0.211758 | lr 0.000937 | 1.8min
  step  8000 | loss 0.210671 | lr 0.000929 | 2.0min
  VAL 9.05%
  step  8500 | loss 0.212358 | lr 0.000919 | 2.1min
  step  9000 | loss 0.209961 | lr 0.000909 | 2.2min
  VAL 10.25%
  step  9500 | loss 0.205645 | lr 0.000899 | 2.3min
  step 10000 | loss 0.205429 | lr 0.000888 | 2.4min
  VAL 9.80%
  step 10500 | loss 0.202419 | lr 0.000877 | 2.5min
  step 11000 | loss 0.185234 | lr 0.000865 | 2.7min
  VAL 6.95%
  step 11500 | loss 0.019002 | lr 0.000853 | 2.8min
  step 12000 | loss 0.014465 | lr 0.000840 | 2.9min
  VAL 93.80%
  step 12500 | loss 0.010218 | lr 0.000827 | 3.0min
  step 13000 | loss 0.009766 | lr 0.000814 | 3.1min
  VAL 94.90%
  step 13500 | loss 0.011879 | lr 0.000800 | 3.2min
  step 14000 | loss 0.008515 | lr 0.000786 | 3.4min
  VAL 95.35%
  step 14500 | loss 0.009245 | lr 0.000771 | 3.5min
  step 15000 | loss 0.009024 | lr 0.000756 | 3.6min
  VAL 96.90%
  step 15500 | loss 0.008051 | lr 0.000741 | 3.7min
  step 16000 | loss 0.007304 | lr 0.000725 | 3.8min
  VAL 97.95%
  step 16500 | loss 0.005541 | lr 0.000709 | 3.9min
  step 17000 | loss 0.005642 | lr 0.000693 | 4.1min
  VAL 97.65%
  step 17500 | loss 0.006997 | lr 0.000677 | 4.3min
  step 18000 | loss 0.005474 | lr 0.000661 | 4.4min
  VAL 98.60%
  step 18500 | loss 0.005485 | lr 0.000644 | 4.5min
  step 19000 | loss 0.005739 | lr 0.000627 | 4.6min
  VAL 99.20%
  TEST 99.2400%
  *** New best: 99.2400% ***
  step 19500 | loss 0.004422 | lr 0.000610 | 4.8min
  step 20000 | loss 0.004304 | lr 0.000593 | 4.9min
  VAL 98.30%
  step 20500 | loss 0.003490 | lr 0.000575 | 5.1min
  step 21000 | loss 0.003452 | lr 0.000558 | 5.2min
  VAL 99.00%
  TEST 99.1800%
  step 21500 | loss 0.003601 | lr 0.000540 | 5.4min
  step 22000 | loss 0.003262 | lr 0.000523 | 5.5min
  VAL 97.50%
  step 22500 | loss 0.003002 | lr 0.000505 | 5.6min
  step 23000 | loss 0.003682 | lr 0.000488 | 5.8min
  VAL 97.05%
  step 23500 | loss 0.002907 | lr 0.000470 | 5.9min
  step 24000 | loss 0.002977 | lr 0.000453 | 6.0min
  VAL 98.70%
  step 24500 | loss 0.002577 | lr 0.000435 | 6.2min
  step 25000 | loss 0.002777 | lr 0.000418 | 6.3min
  VAL 97.40%
  step 25500 | loss 0.002351 | lr 0.000401 | 6.5min
  step 26000 | loss 0.002373 | lr 0.000383 | 6.6min
  VAL 99.20%
  TEST 99.3400%
  *** New best: 99.3400% ***
  step 26500 | loss 0.002185 | lr 0.000366 | 6.8min
  step 27000 | loss 0.001796 | lr 0.000350 | 6.9min
  VAL 98.55%
  step 27500 | loss 0.001867 | lr 0.000333 | 7.0min
  step 28000 | loss 0.001811 | lr 0.000316 | 7.1min
  VAL 98.65%
  step 28500 | loss 0.001631 | lr 0.000300 | 7.3min
  step 29000 | loss 0.005002 | lr 0.000284 | 7.4min
  VAL 99.20%
  TEST 99.3500%
  *** New best: 99.3500% ***
  step 29500 | loss 0.001539 | lr 0.000268 | 7.6min
  step 30000 | loss 0.001436 | lr 0.000253 | 7.7min
  VAL 99.20%
  TEST 99.5600%
  *** New best: 99.5600% ***
  step 30500 | loss 0.001345 | lr 0.000238 | 7.9min
  step 31000 | loss 0.001537 | lr 0.000223 | 8.0min
  VAL 99.70%
  TEST 99.8600%
  *** New best: 99.8600% ***
  step 31500 | loss 0.001646 | lr 0.000209 | 8.2min
  step 32000 | loss 0.001224 | lr 0.000195 | 8.3min
  VAL 99.85%
  TEST 99.8300%
  step 32500 | loss 0.001250 | lr 0.000181 | 8.4min
  step 33000 | loss 0.001036 | lr 0.000168 | 8.5min
  VAL 99.65%
  TEST 99.8000%
  step 33500 | loss 0.001173 | lr 0.000155 | 8.7min
  step 34000 | loss 0.000907 | lr 0.000142 | 8.8min
  VAL 99.80%
  TEST 99.8900%
  *** New best: 99.8900% ***
  step 34500 | loss 0.000904 | lr 0.000130 | 9.0min
  step 35000 | loss 0.000846 | lr 0.000118 | 9.1min
  VAL 99.50%
  TEST 99.7100%
  step 35500 | loss 0.000810 | lr 0.000107 | 9.3min
  step 36000 | loss 0.001226 | lr 0.000097 | 9.4min
  VAL 99.20%
  TEST 99.3700%
  step 36500 | loss 0.000713 | lr 0.000087 | 9.6min
  step 37000 | loss 0.000760 | lr 0.000077 | 9.7min
  VAL 99.65%
  TEST 99.8000%
  step 37500 | loss 0.000678 | lr 0.000068 | 9.9min
  step 38000 | loss 0.000666 | lr 0.000059 | 10.0min
  VAL 99.30%
  TEST 99.5900%
  step 38500 | loss 0.000636 | lr 0.000051 | 10.2min
  step 39000 | loss 0.000663 | lr 0.000044 | 10.3min
  VAL 99.60%
  TEST 99.8300%
  step 39500 | loss 0.000577 | lr 0.000037 | 10.5min
  step 40000 | loss 0.000553 | lr 0.000031 | 10.6min
  VAL 99.70%
  TEST 99.8400%
  step 40500 | loss 0.000577 | lr 0.000025 | 10.8min
  step 41000 | loss 0.000543 | lr 0.000020 | 10.9min
  VAL 99.80%
  TEST 99.9400%
  *** New best: 99.9400% ***
  Early stop after qualifying checkpoint at step 41000 (10.9min)
