Model: RL4RL Autoresearch candidate
Author: configured in run manifest
Parameters (unique): 5824
Architecture: decoder-only addition transformer d=16, h=2, L=2, ff=44
Tricks: autoregressive greedy decoding, weights from checkpoint

  Progress: 1000/10010 (996/1000 correct) [6.6s]
  Progress: 2000/10010 (1995/2000 correct) [13.3s]
  Progress: 3000/10010 (2992/3000 correct) [19.9s]
  Progress: 4000/10010 (3992/4000 correct) [26.6s]
  Progress: 5000/10010 (4992/5000 correct) [33.3s]
  Progress: 6000/10010 (5991/6000 correct) [40.0s]
  Progress: 7000/10010 (6990/7000 correct) [46.7s]
  Progress: 8000/10010 (7990/8000 correct) [53.6s]
  Progress: 9000/10010 (8990/9000 correct) [60.1s]
  Progress: 10000/10010 (9990/10000 correct) [66.8s]

Results: 10000/10010 correct (99.90%)
Time: 66.9s (150 additions/sec)
Status: QUALIFIED (threshold: 99%)

Failures (10):
  9999999999 + 9999999999 = 19999999998, got 9999999998
  9999999999 + 9999999999 = 19999999998, got 9999999998
  9894721768 + 9867080840 = 19761802608, got 9761802608
  9957898751 + 9859613698 = 19817512449, got 9817512449
  9601140559 + 9688860108 = 19290000667, got 9290000667
  9716345463 + 9901214498 = 19617559961, got 9617559961
  9833758280 + 9611316939 = 19445075219, got 9445075219
  9712049607 + 9903893005 = 19615942612, got 9615942612
  9135744998 + 9920460539 = 19056205537, got 9056205537
  9886330428 + 9770301139 = 19656631567, got 9656631567
