Model: RL4RL Autoresearch candidate
Author: configured in run manifest
Parameters (unique): 1856
Architecture: decoder-only addition transformer d=16, h=2, L=2, ff=10, block1_ff=8, fixed_separators=True, tied_position_pairs=[[4, 15], [7, 18], [5, 16], [3, 14], [2, 13], [8, 19], [6, 17], [1, 12], [0, 11], [9, 20]], interpolated_positions=[23, 24, 25, 26, 27], qkv_pruned=192
Tricks: autoregressive greedy decoding, weights from checkpoint

  Progress: 1000/10010 (1000/1000 correct) [4.4s]
  Progress: 2000/10010 (1999/2000 correct) [8.9s]
  Progress: 3000/10010 (2999/3000 correct) [13.3s]
  Progress: 4000/10010 (3999/4000 correct) [17.7s]
  Progress: 5000/10010 (4999/5000 correct) [22.2s]
  Progress: 6000/10010 (5998/6000 correct) [26.6s]
  Progress: 7000/10010 (6998/7000 correct) [31.1s]
  Progress: 8000/10010 (7998/8000 correct) [35.5s]
  Progress: 9000/10010 (8997/9000 correct) [40.0s]
  Progress: 10000/10010 (9997/10000 correct) [44.4s]

Results: 10007/10010 correct (99.97%)
Time: 44.5s (225 additions/sec)
Status: QUALIFIED (threshold: 99%)

Failures (3):
  2763076017 + 9267356007 = 12030432024, got 12530432024
  1267455939 + 8766911568 = 10034367507, got 9534367507
  9201756155 + 9771972022 = 18973728177, got 19973728177
