Model: 2,480 parameters
Config: d=14, h=2, L=2, ff=19
Device: mps

Training for 75000 steps...
  step   500 | loss 1.837988 | lr 0.001000 | 0.1min
  step  1000 | loss 1.379405 | lr 0.000999 | 0.3min
  VAL 0.00%
  step  1500 | loss 1.351300 | lr 0.000998 | 0.4min
  step  2000 | loss 1.363217 | lr 0.000997 | 0.5min
  VAL 0.00%
  step  2500 | loss 1.346475 | lr 0.000995 | 0.7min
  step  3000 | loss 1.348591 | lr 0.000992 | 0.8min
  VAL 0.00%
  step  3500 | loss 1.328497 | lr 0.000989 | 0.9min
  step  4000 | loss 1.269895 | lr 0.000985 | 1.1min
  VAL 0.00%
  step  4500 | loss 1.208829 | lr 0.000981 | 1.2min
  step  5000 | loss 1.121711 | lr 0.000976 | 1.3min
  VAL 0.00%
  step  5500 | loss 0.976983 | lr 0.000970 | 1.4min
  step  6000 | loss 0.896827 | lr 0.000964 | 1.6min
  VAL 0.00%
  step  6500 | loss 0.780956 | lr 0.000958 | 1.7min
  step  7000 | loss 0.711732 | lr 0.000951 | 1.8min
  VAL 0.25%
  step  7500 | loss 0.641611 | lr 0.000944 | 1.9min
  step  8000 | loss 0.618108 | lr 0.000936 | 2.1min
  VAL 0.40%
  step  8500 | loss 0.546978 | lr 0.000927 | 2.2min
  step  9000 | loss 0.482987 | lr 0.000918 | 2.3min
  VAL 3.80%
  step  9500 | loss 0.484029 | lr 0.000909 | 2.4min
  step 10000 | loss 0.419701 | lr 0.000899 | 2.6min
  VAL 4.75%
  step 10500 | loss 0.396296 | lr 0.000889 | 2.7min
  step 11000 | loss 0.376623 | lr 0.000879 | 2.8min
  VAL 5.85%
  step 11500 | loss 0.374280 | lr 0.000868 | 2.9min
  step 12000 | loss 0.351315 | lr 0.000856 | 3.1min
  VAL 5.15%
  step 12500 | loss 0.348887 | lr 0.000844 | 3.2min
  step 13000 | loss 0.335102 | lr 0.000832 | 3.3min
  VAL 5.50%
  step 13500 | loss 0.327776 | lr 0.000820 | 3.4min
  step 14000 | loss 0.318829 | lr 0.000807 | 3.6min
  VAL 4.80%
  step 14500 | loss 0.313522 | lr 0.000794 | 3.7min
  step 15000 | loss 0.322942 | lr 0.000780 | 3.8min
  VAL 4.30%
  step 15500 | loss 0.319696 | lr 0.000767 | 3.9min
  step 16000 | loss 0.296740 | lr 0.000753 | 4.1min
  VAL 5.50%
  step 16500 | loss 0.326860 | lr 0.000739 | 4.2min
  step 17000 | loss 0.292336 | lr 0.000724 | 4.3min
  VAL 5.35%
  step 17500 | loss 0.302373 | lr 0.000709 | 4.5min
  step 18000 | loss 0.297830 | lr 0.000694 | 4.6min
  VAL 5.40%
  step 18500 | loss 0.281084 | lr 0.000679 | 4.7min
  step 19000 | loss 0.293033 | lr 0.000664 | 4.8min
  VAL 6.00%
  step 19500 | loss 0.276847 | lr 0.000649 | 5.0min
  step 20000 | loss 0.275043 | lr 0.000633 | 5.1min
  VAL 6.85%
  step 20500 | loss 0.280579 | lr 0.000618 | 5.2min
  step 21000 | loss 0.273111 | lr 0.000602 | 5.3min
  VAL 7.40%
  step 21500 | loss 0.281254 | lr 0.000586 | 5.5min
  step 22000 | loss 0.269897 | lr 0.000571 | 5.6min
  VAL 7.35%
  step 22500 | loss 0.268358 | lr 0.000555 | 5.8min
  step 23000 | loss 0.264262 | lr 0.000539 | 5.9min
  VAL 7.85%
  step 23500 | loss 0.265348 | lr 0.000523 | 6.0min
  step 24000 | loss 0.261654 | lr 0.000507 | 6.1min
  VAL 7.75%
  step 24500 | loss 0.265903 | lr 0.000492 | 6.3min
  step 25000 | loss 0.274921 | lr 0.000476 | 6.4min
  VAL 7.85%
  step 25500 | loss 0.255016 | lr 0.000460 | 6.5min
  step 26000 | loss 0.258126 | lr 0.000445 | 6.6min
  VAL 7.35%
  step 26500 | loss 0.264796 | lr 0.000430 | 6.8min
  step 27000 | loss 0.259008 | lr 0.000415 | 6.9min
  VAL 7.80%
  step 27500 | loss 0.264024 | lr 0.000400 | 7.0min
  step 28000 | loss 0.256698 | lr 0.000385 | 7.1min
  VAL 10.00%
  step 28500 | loss 0.251036 | lr 0.000370 | 7.3min
  step 29000 | loss 0.251168 | lr 0.000356 | 7.4min
  VAL 8.35%
  step 29500 | loss 0.260673 | lr 0.000342 | 7.5min
  step 30000 | loss 0.245417 | lr 0.000328 | 7.6min
  VAL 10.35%
  step 30500 | loss 0.248632 | lr 0.000314 | 7.8min
  step 31000 | loss 0.249737 | lr 0.000301 | 7.9min
  VAL 10.20%
  step 31500 | loss 0.249407 | lr 0.000288 | 8.0min
  step 32000 | loss 0.242603 | lr 0.000275 | 8.1min
  VAL 10.35%
  step 32500 | loss 0.239198 | lr 0.000263 | 8.3min
  step 33000 | loss 0.251087 | lr 0.000251 | 8.4min
  VAL 10.10%
  step 33500 | loss 0.241281 | lr 0.000239 | 8.5min
  step 34000 | loss 0.239113 | lr 0.000228 | 8.6min
  VAL 9.45%
  step 34500 | loss 0.239526 | lr 0.000217 | 8.8min
  step 35000 | loss 0.241941 | lr 0.000207 | 8.9min
  VAL 9.95%
  step 35500 | loss 0.236210 | lr 0.000197 | 9.1min
  step 36000 | loss 0.234571 | lr 0.000187 | 9.2min
  VAL 10.65%
  step 36500 | loss 0.234595 | lr 0.000178 | 9.3min
  step 37000 | loss 0.233681 | lr 0.000169 | 9.4min
  VAL 10.20%
  step 37500 | loss 0.232916 | lr 0.000161 | 9.6min
  step 38000 | loss 0.231733 | lr 0.000153 | 9.7min
  VAL 11.05%
  step 38500 | loss 0.231692 | lr 0.000146 | 9.8min
  step 39000 | loss 0.233624 | lr 0.000139 | 9.9min
  VAL 9.75%
  step 39500 | loss 0.230304 | lr 0.000133 | 10.1min
  step 40000 | loss 0.229811 | lr 0.000128 | 10.2min
  VAL 10.20%
  step 40500 | loss 0.230162 | lr 0.000122 | 10.3min
  step 41000 | loss 0.227857 | lr 0.000118 | 10.5min
  VAL 11.00%
  step 41500 | loss 0.231102 | lr 0.000114 | 10.6min
  step 42000 | loss 0.228188 | lr 0.000110 | 10.7min
  VAL 10.15%
  step 42500 | loss 0.227362 | lr 0.000107 | 10.8min
  step 43000 | loss 0.227702 | lr 0.000104 | 11.0min
  VAL 10.65%
  step 43500 | loss 0.228653 | lr 0.000102 | 11.1min
  step 44000 | loss 0.227414 | lr 0.000101 | 11.2min
  VAL 10.70%
  step 44500 | loss 0.227713 | lr 0.000100 | 11.3min
  step 45000 | loss 0.225789 | lr 0.000100 | 11.5min
  VAL 11.70%
  step 45500 | loss 0.227525 | lr 0.000100 | 11.6min
  step 46000 | loss 0.227995 | lr 0.000100 | 11.7min
  VAL 11.65%
  step 46500 | loss 0.226714 | lr 0.000100 | 11.8min
  step 47000 | loss 0.226604 | lr 0.000100 | 12.0min
  VAL 10.20%
  step 47500 | loss 0.226204 | lr 0.000100 | 12.1min
  step 48000 | loss 0.226823 | lr 0.000100 | 12.3min
  VAL 11.25%
  step 48500 | loss 0.227406 | lr 0.000100 | 12.4min
  step 49000 | loss 0.227742 | lr 0.000100 | 12.5min
  VAL 10.50%
  step 49500 | loss 0.226892 | lr 0.000100 | 12.6min
  step 50000 | loss 0.226822 | lr 0.000100 | 12.8min
  VAL 9.90%
  step 50500 | loss 0.225852 | lr 0.000100 | 12.9min
  step 51000 | loss 0.226648 | lr 0.000100 | 13.0min
  VAL 10.00%
  step 51500 | loss 0.226827 | lr 0.000100 | 13.1min
  step 52000 | loss 0.227336 | lr 0.000100 | 13.3min
  VAL 10.80%
  step 52500 | loss 0.227495 | lr 0.000100 | 13.4min
  step 53000 | loss 0.230338 | lr 0.000100 | 13.5min
  VAL 10.55%
  step 53500 | loss 0.227037 | lr 0.000100 | 13.7min
  step 54000 | loss 0.227629 | lr 0.000100 | 13.8min
  VAL 10.30%
  step 54500 | loss 0.228256 | lr 0.000100 | 13.9min
  step 55000 | loss 0.229891 | lr 0.000100 | 14.1min
  VAL 10.50%
  step 55500 | loss 0.228488 | lr 0.000100 | 14.2min
  step 56000 | loss 0.230175 | lr 0.000100 | 14.3min
  VAL 10.70%
  step 56500 | loss 0.229499 | lr 0.000100 | 14.4min
  step 57000 | loss 0.229983 | lr 0.000100 | 14.6min
  VAL 10.40%
  step 57500 | loss 0.229877 | lr 0.000100 | 14.7min
  step 58000 | loss 0.230922 | lr 0.000100 | 14.8min
  VAL 11.15%
  step 58500 | loss 0.230347 | lr 0.000100 | 14.9min
  step 59000 | loss 0.229020 | lr 0.000100 | 15.1min
  VAL 11.15%
  step 59500 | loss 0.229409 | lr 0.000100 | 15.2min
  step 60000 | loss 0.231555 | lr 0.000100 | 15.3min
  VAL 10.55%
  step 60500 | loss 0.234617 | lr 0.000100 | 15.4min
  step 61000 | loss 0.231886 | lr 0.000100 | 15.6min
  VAL 10.65%
  step 61500 | loss 0.233211 | lr 0.000100 | 15.7min
  step 62000 | loss 0.230849 | lr 0.000100 | 15.9min
  VAL 10.35%
  step 62500 | loss 0.233269 | lr 0.000100 | 16.0min
  step 63000 | loss 0.233773 | lr 0.000100 | 16.1min
  VAL 10.40%
  step 63500 | loss 0.234518 | lr 0.000100 | 16.3min
  step 64000 | loss 0.232949 | lr 0.000100 | 16.4min
  VAL 10.50%
  step 64500 | loss 0.234292 | lr 0.000100 | 16.5min
  step 65000 | loss 0.234617 | lr 0.000100 | 16.7min
  VAL 10.70%
  step 65500 | loss 0.234859 | lr 0.000100 | 16.8min
  step 66000 | loss 0.237061 | lr 0.000100 | 16.9min
  VAL 10.95%
  step 66500 | loss 0.234756 | lr 0.000100 | 17.1min
  step 67000 | loss 0.235407 | lr 0.000100 | 17.2min
  VAL 10.25%
  step 67500 | loss 0.237237 | lr 0.000100 | 17.3min
  step 68000 | loss 0.237963 | lr 0.000100 | 17.4min
  VAL 9.75%
  step 68500 | loss 0.234064 | lr 0.000100 | 17.6min
  step 69000 | loss 0.237071 | lr 0.000100 | 17.7min
  VAL 9.70%
  step 69500 | loss 0.237731 | lr 0.000100 | 17.8min
  step 70000 | loss 0.237946 | lr 0.000100 | 17.9min
  VAL 9.45%
  step 70500 | loss 0.238841 | lr 0.000100 | 18.1min
  step 71000 | loss 0.239806 | lr 0.000100 | 18.2min
  VAL 9.85%
  step 71500 | loss 0.240726 | lr 0.000100 | 18.3min
  step 72000 | loss 0.239579 | lr 0.000100 | 18.4min
  VAL 10.85%
  step 72500 | loss 0.241458 | lr 0.000100 | 18.6min
  step 73000 | loss 0.241965 | lr 0.000100 | 18.7min
  VAL 10.95%
  step 73500 | loss 0.243006 | lr 0.000100 | 18.8min
  step 74000 | loss 0.241738 | lr 0.000100 | 18.9min
  VAL 8.95%
  step 74500 | loss 0.242008 | lr 0.000100 | 19.1min
  step 75000 | loss 0.242589 | lr 0.000100 | 19.2min
  VAL 10.00%

Training complete in 19.2 minutes
Best test accuracy: 0.0000%
