Model: 3,080 parameters
Config: d=14, h=2, L=2, ff=19
Device: mps

Training for 45000 steps...
  step   500 | loss 1.510685 | lr 0.001000 | 0.2min
  step  1000 | loss 1.419531 | lr 0.000999 | 0.3min
  VAL 0.00%
  step  1500 | loss 1.361316 | lr 0.000998 | 0.4min
  step  2000 | loss 1.356607 | lr 0.000997 | 0.6min
  VAL 0.00%
  step  2500 | loss 1.356559 | lr 0.000995 | 0.7min
  step  3000 | loss 1.336593 | lr 0.000992 | 0.9min
  VAL 0.00%
  step  3500 | loss 1.369087 | lr 0.000989 | 1.0min
  step  4000 | loss 1.344359 | lr 0.000985 | 1.1min
  VAL 0.00%
  step  4500 | loss 1.314030 | lr 0.000981 | 1.3min
  step  5000 | loss 1.282049 | lr 0.000976 | 1.4min
  VAL 0.00%
  step  5500 | loss 1.255003 | lr 0.000970 | 1.6min
  step  6000 | loss 1.201041 | lr 0.000964 | 1.7min
  VAL 0.00%
  step  6500 | loss 1.229779 | lr 0.000958 | 1.8min
  step  7000 | loss 1.215559 | lr 0.000951 | 2.0min
  VAL 0.00%
  step  7500 | loss 1.130276 | lr 0.000944 | 2.1min
  step  8000 | loss 1.096879 | lr 0.000936 | 2.2min
  VAL 0.00%
  step  8500 | loss 0.901242 | lr 0.000927 | 2.3min
  step  9000 | loss 0.641581 | lr 0.000918 | 2.5min
  VAL 0.00%
  step  9500 | loss 0.503817 | lr 0.000909 | 2.6min
  step 10000 | loss 0.479827 | lr 0.000899 | 2.8min
  VAL 0.05%
  step 10500 | loss 0.408388 | lr 0.000889 | 2.9min
  step 11000 | loss 0.375854 | lr 0.000879 | 3.1min
  VAL 1.40%
  step 11500 | loss 0.353386 | lr 0.000868 | 3.2min
  step 12000 | loss 0.340744 | lr 0.000856 | 3.3min
  VAL 2.30%
  step 12500 | loss 0.318841 | lr 0.000844 | 3.5min
  step 13000 | loss 0.313289 | lr 0.000832 | 3.6min
  VAL 3.45%
  step 13500 | loss 0.306225 | lr 0.000820 | 3.8min
  step 14000 | loss 0.290390 | lr 0.000807 | 3.9min
  VAL 4.05%
  step 14500 | loss 0.288274 | lr 0.000794 | 4.0min
  step 15000 | loss 0.285257 | lr 0.000780 | 4.2min
  VAL 5.45%
  step 15500 | loss 0.279316 | lr 0.000767 | 4.3min
  step 16000 | loss 0.273556 | lr 0.000753 | 4.5min
  VAL 5.40%
  step 16500 | loss 0.280243 | lr 0.000739 | 4.6min
  step 17000 | loss 0.267044 | lr 0.000724 | 4.8min
  VAL 5.45%
  step 17500 | loss 0.270106 | lr 0.000709 | 4.9min
  step 18000 | loss 0.261577 | lr 0.000694 | 5.0min
  VAL 5.35%
  step 18500 | loss 0.260951 | lr 0.000679 | 5.2min
  step 19000 | loss 0.259435 | lr 0.000664 | 5.3min
  VAL 6.20%
  step 19500 | loss 0.254949 | lr 0.000649 | 5.5min
  step 20000 | loss 0.257786 | lr 0.000633 | 5.6min
  VAL 4.50%
  step 20500 | loss 0.251604 | lr 0.000618 | 5.8min
  step 21000 | loss 0.242857 | lr 0.000602 | 5.9min
  VAL 5.90%
  step 21500 | loss 0.241907 | lr 0.000586 | 6.1min
  step 22000 | loss 0.236746 | lr 0.000571 | 6.2min
  VAL 6.65%
  step 22500 | loss 0.234388 | lr 0.000555 | 6.3min
  step 23000 | loss 0.231546 | lr 0.000539 | 6.5min
  VAL 9.15%
  step 23500 | loss 0.227452 | lr 0.000523 | 6.6min
  step 24000 | loss 0.225229 | lr 0.000507 | 6.7min
  VAL 8.65%
  step 24500 | loss 0.218018 | lr 0.000492 | 6.9min
  step 25000 | loss 0.213058 | lr 0.000476 | 7.0min
  VAL 10.05%
  step 25500 | loss 0.212237 | lr 0.000460 | 7.2min
  step 26000 | loss 0.208731 | lr 0.000445 | 7.3min
  VAL 8.60%
  step 26500 | loss 0.208206 | lr 0.000430 | 7.5min
  step 27000 | loss 0.205254 | lr 0.000415 | 7.6min
  VAL 9.10%
  step 27500 | loss 0.205441 | lr 0.000400 | 7.7min
  step 28000 | loss 0.203945 | lr 0.000385 | 7.9min
  VAL 8.95%
  step 28500 | loss 0.202537 | lr 0.000370 | 8.0min
  step 29000 | loss 0.202350 | lr 0.000356 | 8.1min
  VAL 10.45%
  step 29500 | loss 0.201116 | lr 0.000342 | 8.3min
  step 30000 | loss 0.200457 | lr 0.000328 | 8.5min
  VAL 9.60%
  step 30500 | loss 0.200425 | lr 0.000314 | 8.6min
  step 31000 | loss 0.199359 | lr 0.000301 | 8.8min
  VAL 9.95%
  step 31500 | loss 0.199168 | lr 0.000288 | 8.9min
  step 32000 | loss 0.199259 | lr 0.000275 | 9.0min
  VAL 10.65%
  step 32500 | loss 0.198354 | lr 0.000263 | 9.2min
  step 33000 | loss 0.197974 | lr 0.000251 | 9.3min
  VAL 10.45%
  step 33500 | loss 0.198297 | lr 0.000239 | 9.5min
  step 34000 | loss 0.197543 | lr 0.000228 | 9.6min
  VAL 9.60%
  step 34500 | loss 0.197501 | lr 0.000217 | 9.8min
  step 35000 | loss 0.197337 | lr 0.000207 | 9.9min
  VAL 9.65%
  step 35500 | loss 0.196817 | lr 0.000197 | 10.0min
  step 36000 | loss 0.196376 | lr 0.000187 | 10.2min
  VAL 10.75%
  step 36500 | loss 0.197028 | lr 0.000178 | 10.3min
  step 37000 | loss 0.196553 | lr 0.000169 | 10.4min
  VAL 10.15%
  step 37500 | loss 0.196489 | lr 0.000161 | 10.6min
  step 38000 | loss 0.195930 | lr 0.000153 | 10.7min
  VAL 9.35%
  step 38500 | loss 0.196043 | lr 0.000146 | 10.9min
  step 39000 | loss 0.195690 | lr 0.000139 | 11.0min
  VAL 10.30%
  step 39500 | loss 0.195209 | lr 0.000133 | 11.1min
  step 40000 | loss 0.195426 | lr 0.000128 | 11.3min
  VAL 10.50%
  step 40500 | loss 0.194949 | lr 0.000122 | 11.4min
  step 41000 | loss 0.195334 | lr 0.000118 | 11.6min
  VAL 10.90%
  step 41500 | loss 0.194385 | lr 0.000114 | 11.7min
  step 42000 | loss 0.194640 | lr 0.000110 | 11.8min
  VAL 9.25%
  step 42500 | loss 0.194416 | lr 0.000107 | 12.0min
  step 43000 | loss 0.194835 | lr 0.000104 | 12.1min
  VAL 9.20%
  step 43500 | loss 0.194420 | lr 0.000102 | 12.3min
  step 44000 | loss 0.194541 | lr 0.000101 | 12.4min
  VAL 10.05%
  step 44500 | loss 0.194572 | lr 0.000100 | 12.6min
  step 45000 | loss 0.194596 | lr 0.000100 | 12.7min
  VAL 10.20%

Training complete in 12.8 minutes
Best test accuracy: 0.0000%
