Initialized from retained incumbent: /Users/utshaho/Documents/GitHub/rl4rl/data/raw/autoresearch/sol-xhigh-overnight-20260814/state/incumbent.pt
Model: 3,328 parameters
Config: d=16, h=2, L=2, ff=10
Device: mps

INITIAL VAL 0.00%

Fine-tuning for up to 10000 steps...
  step   500 | loss 0.388170 | lr 0.000100 | 0.1min
  VAL 18.45%
  step  1000 | loss 0.353497 | lr 0.000099 | 0.3min
  VAL 29.75%
  step  1500 | loss 0.320751 | lr 0.000096 | 0.4min
  VAL 32.80%
  step  2000 | loss 0.310723 | lr 0.000093 | 0.5min
  VAL 38.95%
  step  2500 | loss 0.294721 | lr 0.000088 | 0.6min
  VAL 38.05%
  step  3000 | loss 0.286944 | lr 0.000082 | 0.7min
  VAL 40.80%
  step  3500 | loss 0.280270 | lr 0.000075 | 0.8min
  VAL 53.35%
  step  4000 | loss 0.274006 | lr 0.000068 | 1.0min
  VAL 62.20%
  step  4500 | loss 0.266955 | lr 0.000060 | 1.1min
  VAL 59.30%
  step  5000 | loss 0.264802 | lr 0.000052 | 1.2min
  VAL 65.60%
  step  5500 | loss 0.264103 | lr 0.000044 | 1.3min
  VAL 63.80%
  step  6000 | loss 0.257891 | lr 0.000036 | 1.4min
  VAL 63.65%
  step  6500 | loss 0.259101 | lr 0.000029 | 1.5min
  VAL 64.05%
  step  7000 | loss 0.249932 | lr 0.000022 | 1.7min
  VAL 66.95%
  step  7500 | loss 0.249052 | lr 0.000016 | 1.8min
  VAL 71.35%
  step  8000 | loss 0.253876 | lr 0.000010 | 1.9min
  VAL 65.65%
  step  8500 | loss 0.251409 | lr 0.000006 | 2.0min
  VAL 67.05%
  step  9000 | loss 0.248087 | lr 0.000003 | 2.1min
  VAL 69.75%
  step  9500 | loss 0.251228 | lr 0.000001 | 2.2min
  VAL 69.80%
  step 10000 | loss 0.246924 | lr 0.000000 | 2.4min
  VAL 70.30%

Training complete in 2.4 minutes
Best test accuracy: 0.0000%
