Initialized from retained incumbent: /Users/utshaho/Documents/GitHub/rl4rl/data/raw/autoresearch/sol-xhigh-overnight-20260814/state/incumbent.pt
Model: 3,648 parameters
Config: d=16, h=2, L=2, ff=10
Device: mps

INITIAL VAL 0.00%

Fine-tuning for up to 10000 steps...
  step   500 | loss 0.585968 | lr 0.000100 | 0.2min
  VAL 0.25%
  step  1000 | loss 0.202903 | lr 0.000099 | 0.3min
  VAL 4.40%
  step  1500 | loss 0.064410 | lr 0.000096 | 0.4min
  VAL 33.20%
  step  2000 | loss 0.016568 | lr 0.000093 | 0.5min
  VAL 72.70%
  step  2500 | loss 0.004940 | lr 0.000088 | 0.7min
  VAL 82.40%
  step  3000 | loss 0.002427 | lr 0.000082 | 0.8min
  VAL 90.75%
  step  3500 | loss 0.001529 | lr 0.000075 | 0.9min
  VAL 94.10%
  step  4000 | loss 0.001093 | lr 0.000068 | 1.0min
  VAL 95.70%
  step  4500 | loss 0.000715 | lr 0.000060 | 1.2min
  VAL 96.25%
  step  5000 | loss 0.000532 | lr 0.000052 | 1.3min
  VAL 98.05%
  step  5500 | loss 0.000489 | lr 0.000044 | 1.4min
  VAL 98.25%
  step  6000 | loss 0.000382 | lr 0.000036 | 1.5min
  VAL 97.15%
  step  6500 | loss 0.000347 | lr 0.000029 | 1.6min
  VAL 98.75%
  step  7000 | loss 0.000234 | lr 0.000022 | 1.8min
  VAL 98.85%
  step  7500 | loss 0.000208 | lr 0.000016 | 1.9min
  VAL 98.80%
  step  8000 | loss 0.000807 | lr 0.000010 | 2.0min
  VAL 99.05%
  TEST 99.1800%
  *** New best: 99.1800% ***
  step  8500 | loss 0.000202 | lr 0.000006 | 2.2min
  VAL 99.25%
  TEST 99.3200%
  *** New best: 99.3200% ***
  step  9000 | loss 0.000188 | lr 0.000003 | 2.4min
  VAL 99.15%
  TEST 99.2500%
  step  9500 | loss 0.000192 | lr 0.000001 | 2.6min
  VAL 99.20%
  TEST 99.3700%
  *** New best: 99.3700% ***
  step 10000 | loss 0.000197 | lr 0.000000 | 2.8min
  VAL 99.20%
  TEST 99.3400%

Training complete in 2.8 minutes
Best test accuracy: 99.3700%
