Model: RL4RL Autoresearch candidate
Author: configured in run manifest
Parameters (unique): 3648
Architecture: decoder-only addition transformer d=16, h=2, L=2, ff=10
Tricks: autoregressive greedy decoding, weights from checkpoint

  Progress: 1000/10010 (995/1000 correct) [6.5s]
  Progress: 2000/10010 (1991/2000 correct) [13.1s]
  Progress: 3000/10010 (2985/3000 correct) [19.6s]
  Progress: 4000/10010 (3979/4000 correct) [26.1s]
  Progress: 5000/10010 (4972/5000 correct) [32.6s]
  Progress: 6000/10010 (5965/6000 correct) [39.2s]
  Progress: 7000/10010 (6960/7000 correct) [45.6s]
  Progress: 8000/10010 (7957/8000 correct) [52.1s]
  Progress: 9000/10010 (8950/9000 correct) [58.5s]
  Progress: 10000/10010 (9936/10000 correct) [65.0s]

Results: 9946/10010 correct (99.36%)
Time: 65.1s (154 additions/sec)
Status: QUALIFIED (threshold: 99%)

First 20 failures (of 64):
  5000000000 + 5000000000 = 10000000000, got 0
  4721664841 + 8801376086 = 13523040927, got 12523040927
  5332038130 + 5429697801 = 10761735931, got 761735931
  5581591648 + 5148014868 = 10729606516, got 729606516
  5187799982 + 5531405228 = 10719205210, got 719205210
  5588938608 + 5365233805 = 10954172413, got 954172413
  5327251566 + 5137871398 = 10465122964, got 465122964
  5551524583 + 5333444664 = 10884969247, got 884969247
  5688015054 + 5223625146 = 10911640200, got 911640200
  5977588460 + 5079361407 = 11056949867, got 1056949867
  5425403683 + 5068019763 = 10493423446, got 493423446
  5498498374 + 5478834508 = 10977332882, got 977332882
  5129890234 + 5088323721 = 10218213955, got 218213955
  5376634535 + 5515754420 = 10892388955, got 892388955
  5694920107 + 5054773387 = 10749693494, got 749693494
  5587619280 + 5154493918 = 10742113198, got 742113198
  5065450841 + 5084143183 = 10149594024, got 149594024
  5865266728 + 5026450128 = 10891716856, got 891716856
  5672119303 + 5154613049 = 10826732352, got 826732352
  5004954409 + 5938409106 = 10943363515, got 943363515
