Model: 3,040 parameters
Config: d=16, h=2, L=2, ff=10
Device: mps

Training for 45000 steps...
  step   500 | loss 1.596979 | lr 0.001000 | 0.1min
  step  1000 | loss 1.460432 | lr 0.000999 | 0.3min
  VAL 0.00%
  step  1500 | loss 0.974989 | lr 0.000998 | 0.4min
  step  2000 | loss 0.677167 | lr 0.000996 | 0.5min
  VAL 0.00%
  step  2500 | loss 0.548171 | lr 0.000994 | 0.7min
  step  3000 | loss 0.467741 | lr 0.000991 | 0.8min
  VAL 0.25%
  step  3500 | loss 0.423650 | lr 0.000987 | 0.9min
  step  4000 | loss 0.374307 | lr 0.000983 | 1.1min
  VAL 1.20%
  step  4500 | loss 0.355449 | lr 0.000978 | 1.2min
  step  5000 | loss 0.323155 | lr 0.000973 | 1.3min
  VAL 2.95%
  step  5500 | loss 0.308074 | lr 0.000967 | 1.4min
  step  6000 | loss 0.294188 | lr 0.000960 | 1.5min
  VAL 3.95%
  step  6500 | loss 0.291818 | lr 0.000953 | 1.6min
  step  7000 | loss 0.098571 | lr 0.000946 | 1.8min
  VAL 33.60%
  step  7500 | loss 0.076222 | lr 0.000937 | 1.9min
  step  8000 | loss 0.062724 | lr 0.000929 | 2.0min
  VAL 61.25%
  step  8500 | loss 0.055017 | lr 0.000919 | 2.1min
  step  9000 | loss 0.043588 | lr 0.000909 | 2.2min
  VAL 77.10%
  step  9500 | loss 0.039995 | lr 0.000899 | 2.3min
  step 10000 | loss 0.032790 | lr 0.000888 | 2.4min
  VAL 80.85%
  step 10500 | loss 0.027961 | lr 0.000877 | 2.5min
  step 11000 | loss 0.027052 | lr 0.000865 | 2.7min
  VAL 88.70%
  step 11500 | loss 0.027106 | lr 0.000853 | 2.8min
  step 12000 | loss 0.022216 | lr 0.000840 | 2.9min
  VAL 75.15%
  step 12500 | loss 0.022373 | lr 0.000827 | 3.0min
  step 13000 | loss 0.017779 | lr 0.000814 | 3.1min
  VAL 93.85%
  step 13500 | loss 0.014337 | lr 0.000800 | 3.2min
  step 14000 | loss 0.013284 | lr 0.000786 | 3.4min
  VAL 91.05%
  step 14500 | loss 0.013325 | lr 0.000771 | 3.5min
  step 15000 | loss 0.012104 | lr 0.000756 | 3.6min
  VAL 97.35%
  step 15500 | loss 0.009227 | lr 0.000741 | 3.7min
  step 16000 | loss 0.009360 | lr 0.000725 | 3.8min
  VAL 96.10%
  step 16500 | loss 0.008260 | lr 0.000709 | 3.9min
  step 17000 | loss 0.007262 | lr 0.000693 | 4.1min
  VAL 95.65%
  step 17500 | loss 0.006127 | lr 0.000677 | 4.2min
  step 18000 | loss 0.005431 | lr 0.000661 | 4.3min
  VAL 97.10%
  step 18500 | loss 0.008459 | lr 0.000644 | 4.4min
  step 19000 | loss 0.005047 | lr 0.000627 | 4.5min
  VAL 95.85%
  step 19500 | loss 0.004498 | lr 0.000610 | 4.6min
  step 20000 | loss 0.004670 | lr 0.000593 | 4.8min
  VAL 96.75%
  step 20500 | loss 0.005372 | lr 0.000575 | 4.9min
  step 21000 | loss 0.006770 | lr 0.000558 | 5.0min
  VAL 89.15%
  step 21500 | loss 0.003027 | lr 0.000540 | 5.1min
  step 22000 | loss 0.003080 | lr 0.000523 | 5.2min
  VAL 98.55%
  step 22500 | loss 0.002771 | lr 0.000505 | 5.4min
  step 23000 | loss 0.003655 | lr 0.000488 | 5.4min
  VAL 96.70%
  step 23500 | loss 0.003339 | lr 0.000470 | 5.6min
  step 24000 | loss 0.003578 | lr 0.000453 | 5.7min
  VAL 95.10%
  step 24500 | loss 0.002745 | lr 0.000435 | 5.8min
  step 25000 | loss 0.002375 | lr 0.000418 | 5.9min
  VAL 95.85%
  step 25500 | loss 0.002103 | lr 0.000401 | 6.1min
  step 26000 | loss 0.001962 | lr 0.000383 | 6.2min
  VAL 98.45%
  step 26500 | loss 0.002647 | lr 0.000366 | 6.3min
  step 27000 | loss 0.002132 | lr 0.000350 | 6.4min
  VAL 98.90%
  step 27500 | loss 0.001880 | lr 0.000333 | 6.5min
  step 28000 | loss 0.001849 | lr 0.000316 | 6.6min
  VAL 98.90%
  step 28500 | loss 0.001739 | lr 0.000300 | 6.7min
  step 29000 | loss 0.001838 | lr 0.000284 | 6.8min
  VAL 99.20%
  TEST 99.1900%
  *** New best: 99.1900% ***
  step 29500 | loss 0.001665 | lr 0.000268 | 7.0min
  step 30000 | loss 0.001997 | lr 0.000253 | 7.1min
  VAL 99.10%
  TEST 99.1400%
  step 30500 | loss 0.001396 | lr 0.000238 | 7.3min
  step 31000 | loss 0.001584 | lr 0.000223 | 7.4min
  VAL 98.95%
  step 31500 | loss 0.001608 | lr 0.000209 | 7.5min
  step 32000 | loss 0.001493 | lr 0.000195 | 7.6min
  VAL 99.80%
  TEST 99.7700%
  *** New best: 99.7700% ***
  step 32500 | loss 0.001402 | lr 0.000181 | 7.8min
  step 33000 | loss 0.001422 | lr 0.000168 | 7.9min
  VAL 99.65%
  TEST 99.6200%
  step 33500 | loss 0.001342 | lr 0.000155 | 8.1min
  step 34000 | loss 0.001263 | lr 0.000142 | 8.2min
  VAL 99.65%
  TEST 99.6800%
  step 34500 | loss 0.001210 | lr 0.000130 | 8.4min
  step 35000 | loss 0.001115 | lr 0.000118 | 8.5min
  VAL 99.80%
  TEST 99.8800%
  *** New best: 99.8800% ***
  step 35500 | loss 0.001074 | lr 0.000107 | 8.6min
  step 36000 | loss 0.001139 | lr 0.000097 | 8.7min
  VAL 99.70%
  TEST 99.7200%
  step 36500 | loss 0.001017 | lr 0.000087 | 8.9min
  step 37000 | loss 0.001031 | lr 0.000077 | 9.0min
  VAL 99.80%
  TEST 99.7700%
  step 37500 | loss 0.001012 | lr 0.000068 | 9.2min
  step 38000 | loss 0.001001 | lr 0.000059 | 9.3min
  VAL 99.45%
  TEST 99.3400%
  step 38500 | loss 0.000976 | lr 0.000051 | 9.5min
  step 39000 | loss 0.000933 | lr 0.000044 | 9.5min
  VAL 99.80%
  TEST 99.8000%
  step 39500 | loss 0.000866 | lr 0.000037 | 9.7min
  step 40000 | loss 0.000875 | lr 0.000031 | 9.8min
  VAL 99.90%
  TEST 99.8800%
  step 40500 | loss 0.000902 | lr 0.000025 | 10.0min
  step 41000 | loss 0.000846 | lr 0.000020 | 10.2min
  VAL 99.85%
  TEST 99.8900%
  *** New best: 99.8900% ***
  step 41500 | loss 0.000817 | lr 0.000015 | 10.3min
  step 42000 | loss 0.000823 | lr 0.000011 | 10.4min
  VAL 99.85%
  TEST 99.8900%
  step 42500 | loss 0.000880 | lr 0.000008 | 10.6min
  step 43000 | loss 0.000806 | lr 0.000005 | 10.7min
  VAL 99.75%
  TEST 99.7600%
  step 43500 | loss 0.000814 | lr 0.000003 | 10.8min
  step 44000 | loss 0.000804 | lr 0.000001 | 11.0min
  VAL 99.75%
  TEST 99.8800%
  step 44500 | loss 0.000852 | lr 0.000000 | 11.1min
  step 45000 | loss 0.000825 | lr 0.000000 | 11.2min
  VAL 99.80%
  TEST 99.8800%

Training complete in 11.3 minutes
Best test accuracy: 99.8900%
