Model: RL4RL Autoresearch candidate
Author: configured in run manifest
Parameters (unique): 3040
Architecture: decoder-only addition transformer d=16, h=2, L=2, ff=10
Tricks: autoregressive greedy decoding, weights from checkpoint

  Progress: 1000/10010 (999/1000 correct) [5.7s]
  Progress: 2000/10010 (1999/2000 correct) [11.6s]
  Progress: 3000/10010 (2998/3000 correct) [17.4s]
  Progress: 4000/10010 (3997/4000 correct) [23.2s]
  Progress: 5000/10010 (4995/5000 correct) [29.0s]
  Progress: 6000/10010 (5994/6000 correct) [34.7s]
  Progress: 7000/10010 (6993/7000 correct) [40.4s]
  Progress: 8000/10010 (7991/8000 correct) [46.2s]
  Progress: 9000/10010 (8986/9000 correct) [52.0s]
  Progress: 10000/10010 (9985/10000 correct) [57.8s]

Results: 9995/10010 correct (99.85%)
Time: 57.8s (173 additions/sec)
Status: QUALIFIED (threshold: 99%)

Failures (15):
  9008276723 + 1061168960 = 10069445683, got 11069445683
  8136959909 + 1125231104 = 9262191013, got 8262191013
  7321551171 + 2871093682 = 10192644853, got 9192644853
  3348599595 + 9137910428 = 12486510023, got 22486510023
  7086905260 + 2012614668 = 9099519928, got 8099519928
  8964257543 + 8527781481 = 17492039024, got 17492038024
  9717987345 + 9622241728 = 19340229073, got 19340228073
  3666200106 + 1395151616 = 5061351722, got 4061351722
  3633378625 + 4855211916 = 8488590541, got 8488580541
  1231881970 + 7395942303 = 8627824273, got 9627824273
  4162909275 + 5685103056 = 9848012331, got 8848012331
  4685944660 + 8181668661 = 12867613321, got 13867613321
  1849286363 + 8674205529 = 10523491892, got 11523491892
  1044625724 + 9168062567 = 10212688291, got 11212688291
  6846252667 + 3751652117 = 10597904784, got 10597804784
