Model: 5,024 parameters
Config: d=16, h=2, L=2, ff=32
Device: mps

Training for 15000 steps...
  step   500 | loss 1.487217 | lr 0.001000 | 0.2min
  step  1000 | loss 1.352516 | lr 0.000994 | 0.3min
  VAL 0.00%
  step  1500 | loss 1.293835 | lr 0.000984 | 0.4min
  step  2000 | loss 1.211769 | lr 0.000967 | 0.6min
  VAL 0.00%
  step  2500 | loss 0.927183 | lr 0.000946 | 0.7min
  step  3000 | loss 0.720199 | lr 0.000919 | 0.8min
  VAL 0.00%
  step  3500 | loss 0.608803 | lr 0.000888 | 1.0min
  step  4000 | loss 0.554976 | lr 0.000852 | 1.1min
  VAL 2.00%
  step  4500 | loss 0.530737 | lr 0.000812 | 1.2min
  step  5000 | loss 0.498253 | lr 0.000768 | 1.3min
  VAL 1.80%
  step  5500 | loss 0.485190 | lr 0.000722 | 1.5min
  step  6000 | loss 0.465015 | lr 0.000673 | 1.6min
  VAL 1.95%
  step  6500 | loss 0.446648 | lr 0.000622 | 1.7min
  step  7000 | loss 0.435709 | lr 0.000569 | 1.9min
  VAL 1.85%
  step  7500 | loss 0.424531 | lr 0.000516 | 2.0min
  step  8000 | loss 0.417983 | lr 0.000463 | 2.1min
  VAL 2.35%
  step  8500 | loss 0.411888 | lr 0.000410 | 2.3min
  step  9000 | loss 0.400872 | lr 0.000358 | 2.4min
  VAL 2.35%
  step  9500 | loss 0.399699 | lr 0.000307 | 2.5min
  step 10000 | loss 0.394874 | lr 0.000259 | 2.7min
  VAL 2.25%
  step 10500 | loss 0.386168 | lr 0.000214 | 2.8min
  step 11000 | loss 0.379799 | lr 0.000172 | 3.0min
  VAL 2.40%
  step 11500 | loss 0.378307 | lr 0.000133 | 3.1min
  step 12000 | loss 0.372860 | lr 0.000099 | 3.2min
  VAL 2.75%
  step 12500 | loss 0.367150 | lr 0.000070 | 3.4min
  step 13000 | loss 0.365161 | lr 0.000045 | 3.5min
  VAL 2.50%
  step 13500 | loss 0.368754 | lr 0.000025 | 3.6min
  step 14000 | loss 0.363505 | lr 0.000011 | 3.8min
  VAL 2.70%
  step 14500 | loss 0.364745 | lr 0.000003 | 3.9min
  step 15000 | loss 0.360860 | lr 0.000000 | 4.1min
  VAL 2.55%

Training complete in 4.1 minutes
Best test accuracy: 0.0000%
