Model: RL4RL Autoresearch candidate
Author: configured in run manifest
Parameters (unique): 5024
Architecture: decoder-only addition transformer d=16, h=2, L=2, ff=32
Tricks: autoregressive greedy decoding, weights from checkpoint

  Progress: 1000/10010 (22/1000 correct) [8.8s]
  Progress: 2000/10010 (50/2000 correct) [17.6s]
  Progress: 3000/10010 (74/3000 correct) [26.4s]
  Progress: 4000/10010 (98/4000 correct) [35.2s]
  Progress: 5000/10010 (121/5000 correct) [44.0s]
  Progress: 6000/10010 (144/6000 correct) [52.8s]
  Progress: 7000/10010 (169/7000 correct) [61.3s]
  Progress: 8000/10010 (197/8000 correct) [69.8s]
  Progress: 9000/10010 (227/9000 correct) [78.6s]
  Progress: 10000/10010 (259/10000 correct) [87.4s]

Results: 260/10010 correct (2.60%)
Time: 87.5s (114 additions/sec)
Status: NOT QUALIFIED (threshold: 99%)

First 20 failures (of 9750):
  0 + 1 = 1, got 0
  9999999999 + 0 = 9999999999, got 9000000001
  9999999999 + 1 = 10000000000, got 9000000001
  9999999999 + 9999999999 = 19999999998, got 19888888881
  5000000000 + 5000000000 = 10000000000, got 6000000007
  1111111111 + 8888888889 = 10000000000, got 8000000001
  1234567890 + 9876543210 = 11111111100, got 8111111100
  9999999999 + 9999999999 = 19999999998, got 19888888881
  1 + 9999999999 = 10000000000, got 9000000001
  2395527356 + 9334186774 = 11729714130, got 9729714130
  4296888873 + 8475224721 = 12772113594, got 10772113601
  2446880696 + 4577514554 = 7024395250, got 12024395250
  1721735679 + 186192860 = 1907928539, got 1907928540
  3295396137 + 8512642381 = 11808038518, got 10808038520
  4721664841 + 8801376086 = 13523040927, got 11523040931
  8709633390 + 2191376109 = 10901009499, got 8901009501
  813236058 + 3041824170 = 3855060228, got 3855060230
  7038162399 + 8251837442 = 15289999841, got 12289999841
  3917771074 + 2558389380 = 6476160454, got 10476160450
  2345623234 + 894115330 = 3239738564, got 3239738560
