Model: RL4RL Autoresearch candidate
Author: configured in run manifest
Parameters (unique): 1976
Architecture: decoder-only addition transformer d=16, h=2, L=2, ff=10, block1_ff=8, fixed_separators=True, tied_position_pairs=[[4, 15], [7, 18], [5, 16], [3, 14], [2, 13], [8, 19], [6, 17], [1, 12], [0, 11], [9, 20]], interpolated_positions=[23, 24, 25, 26, 27], qkv_pruned=72
Tricks: autoregressive greedy decoding, weights from checkpoint

  Progress: 1000/10010 (1000/1000 correct) [4.4s]
  Progress: 2000/10010 (2000/2000 correct) [8.9s]
  Progress: 3000/10010 (2999/3000 correct) [13.3s]
  Progress: 4000/10010 (3998/4000 correct) [17.7s]
  Progress: 5000/10010 (4996/5000 correct) [22.1s]
  Progress: 6000/10010 (5994/6000 correct) [26.6s]
  Progress: 7000/10010 (6994/7000 correct) [31.0s]
  Progress: 8000/10010 (7994/8000 correct) [35.4s]
  Progress: 9000/10010 (8994/9000 correct) [39.9s]
  Progress: 10000/10010 (9992/10000 correct) [44.6s]

Results: 10002/10010 correct (99.92%)
Time: 44.7s (224 additions/sec)
Status: QUALIFIED (threshold: 99%)

Failures (8):
  9278473654 + 9413599947 = 18692073601, got 19692073601
  9217700662 + 9448597295 = 18666297957, got 19666297957
  8191852004 + 7194996854 = 15386848858, got 15396848858
  9402679499 + 9293095411 = 18695774910, got 19695774910
  7295822456 + 4296380992 = 11592203448, got 11492203448
  9479323125 + 9453799615 = 18933122740, got 19933122740
  9322270328 + 9340964837 = 18663235165, got 19663235165
  5118045857 + 6196185877 = 11314231734, got 10314231734
