Initialized from retained incumbent: /Users/utshaho/Documents/GitHub/rl4rl/data/raw/autoresearch/sol-xhigh-overnight-20260814/state/incumbent.pt
Model: 3,968 parameters
Config: d=16, h=2, L=2, ff=15
Device: mps

INITIAL VAL 0.00%

Fine-tuning for up to 10000 steps...
  step   500 | loss 0.289184 | lr 0.000100 | 0.1min
  VAL 4.90%
  step  1000 | loss 0.000808 | lr 0.000099 | 0.3min
  VAL 91.10%
  step  1500 | loss 0.000245 | lr 0.000096 | 0.4min
  VAL 98.45%
  step  2000 | loss 0.000226 | lr 0.000093 | 0.5min
  VAL 99.05%
  TEST 98.8900%
  *** New best: 98.8900% ***
  step  2500 | loss 0.000096 | lr 0.000088 | 0.7min
  VAL 99.80%
  TEST 99.8700%
  *** New best: 99.8700% ***
  step  3000 | loss 0.000107 | lr 0.000082 | 0.8min
  VAL 99.90%
  TEST 99.9400%
  *** New best: 99.9400% ***
  step  3500 | loss 0.000269 | lr 0.000075 | 1.0min
  VAL 99.95%
  TEST 99.9700%
  *** New best: 99.9700% ***
  step  4000 | loss 0.000027 | lr 0.000068 | 1.2min
  VAL 99.85%
  TEST 99.9100%
  step  4500 | loss 0.000029 | lr 0.000060 | 1.3min
  VAL 99.95%
  TEST 99.9500%
  step  5000 | loss 0.000024 | lr 0.000052 | 1.5min
  VAL 99.95%
  TEST 99.9700%
  step  5500 | loss 0.000021 | lr 0.000044 | 1.6min
  VAL 100.00%
  TEST 99.9900%
  *** New best: 99.9900% ***
  step  6000 | loss 0.000018 | lr 0.000036 | 1.8min
  VAL 100.00%
  TEST 99.9800%
  step  6500 | loss 0.000016 | lr 0.000029 | 1.9min
  VAL 99.95%
  TEST 99.9800%
  step  7000 | loss 0.000015 | lr 0.000022 | 2.1min
  VAL 100.00%
  TEST 99.9900%
  step  7500 | loss 0.000012 | lr 0.000016 | 2.3min
  VAL 100.00%
  TEST 99.9900%
  step  8000 | loss 0.000013 | lr 0.000010 | 2.4min
  VAL 100.00%
  TEST 99.9900%
  step  8500 | loss 0.000014 | lr 0.000006 | 2.6min
  VAL 100.00%
  TEST 99.9900%
  step  9000 | loss 0.000011 | lr 0.000003 | 2.8min
  VAL 100.00%
  TEST 99.9900%
  step  9500 | loss 0.000012 | lr 0.000001 | 2.9min
  VAL 100.00%
  TEST 99.9900%
  step 10000 | loss 0.000011 | lr 0.000000 | 3.1min
  VAL 100.00%
  TEST 99.9900%

Training complete in 3.1 minutes
Best test accuracy: 99.9900%
