Model: RL4RL Autoresearch candidate
Author: configured in run manifest
Parameters (unique): 2121
Architecture: decoder-only addition transformer d=16, h=2, L=2, ff=16
Tricks: autoregressive greedy decoding, weights from checkpoint

  Progress: 1000/10010 (966/1000 correct) [5.9s]
  Progress: 2000/10010 (1939/2000 correct) [11.6s]
  Progress: 3000/10010 (2913/3000 correct) [17.5s]
  Progress: 4000/10010 (3895/4000 correct) [23.3s]
  Progress: 5000/10010 (4872/5000 correct) [29.2s]
  Progress: 6000/10010 (5851/6000 correct) [35.2s]
  Progress: 7000/10010 (6824/7000 correct) [41.0s]
  Progress: 8000/10010 (7802/8000 correct) [46.9s]
  Progress: 9000/10010 (8782/9000 correct) [52.9s]
  Progress: 10000/10010 (9763/10000 correct) [58.9s]

Results: 9773/10010 correct (97.63%)
Time: 59.0s (170 additions/sec)
Status: NOT QUALIFIED (threshold: 99%)

First 20 failures (of 237):
  9999999999 + 9999999999 = 19999999998, got 9999999998
  5000000000 + 5000000000 = 10000000000, got 0
  9999999999 + 9999999999 = 19999999998, got 9999999998
  6337327306 + 4000359568 = 10337686874, got 337686874
  6728496408 + 8405949359 = 15134445767, got 14134445767
  1822866090 + 4832899953 = 6655766043, got 6555766043
  7197773205 + 9077000387 = 16274773592, got 6274773592
  6969938512 + 1800378914 = 8770317426, got 8670317426
  4184380900 + 6023296350 = 10207677250, got 207677250
  7049811458 + 1976951542 = 9026763000, got 9026663000
  9229471617 + 9474184142 = 18703655759, got 17703655759
  9089267194 + 4171613667 = 13260880861, got 14260880861
  9802221894 + 7858087157 = 17660309051, got 17560309051
  1976493916 + 1906487771 = 3882981687, got 3782981687
  5468975900 + 1438734356 = 6907710256, got 5907710256
  2383813986 + 5194289640 = 7578103626, got 8578103626
  1875957208 + 5809047019 = 7685004227, got 7585004227
  6775303790 + 6230747137 = 13006050927, got 3006050927
  6832437373 + 3830048430 = 10662485803, got 10562485803
  9265118944 + 9101331409 = 18366450353, got 17366450353
