Model: RL4RL Autoresearch candidate
Author: configured in run manifest
Parameters (unique): 1593
Architecture: decoder-only addition transformer d=16, h=2, L=2, ff=16
Tricks: autoregressive greedy decoding, weights from checkpoint

  Progress: 1000/10010 (0/1000 correct) [6.8s]
  Progress: 2000/10010 (0/2000 correct) [13.5s]
  Progress: 3000/10010 (0/3000 correct) [20.3s]
  Progress: 4000/10010 (0/4000 correct) [27.0s]
  Progress: 5000/10010 (0/5000 correct) [33.8s]
  Progress: 6000/10010 (0/6000 correct) [40.6s]
  Progress: 7000/10010 (0/7000 correct) [47.2s]
  Progress: 8000/10010 (0/8000 correct) [54.1s]
  Progress: 9000/10010 (0/9000 correct) [60.9s]
  Progress: 10000/10010 (0/10000 correct) [67.8s]

Results: 0/10010 correct (0.00%)
Time: 67.9s (147 additions/sec)
Status: NOT QUALIFIED (threshold: 99%)

First 20 failures (of 10010):
  0 + 0 = 0, got 7000111033
  0 + 1 = 1, got 7000111033
  9999999999 + 0 = 9999999999, got 19890001990
  9999999999 + 1 = 10000000000, got 19890001000
  9999999999 + 9999999999 = 19999999998, got 19989090979
  5000000000 + 5000000000 = 10000000000, got 4900111033
  1111111111 + 8888888889 = 10000000000, got 19990011990
  1234567890 + 9876543210 = 11111111100, got 19901102097
  9999999999 + 9999999999 = 19999999998, got 19989090979
  1 + 9999999999 = 10000000000, got 9939001947
  2395527356 + 9334186774 = 11729714130, got 10000112006
  4296888873 + 8475224721 = 12772113594, got 19912210647
  2446880696 + 4577514554 = 7024395250, got 29034403227
  1721735679 + 186192860 = 1907928539, got 19039103547
  3295396137 + 8512642381 = 11808038518, got 19988103567
  4721664841 + 8801376086 = 13523040927, got 19843192030
  8709633390 + 2191376109 = 10901009499, got 19890003580
  813236058 + 3041824170 = 3855060228, got 19965232156
  7038162399 + 8251837442 = 15289999841, got 19990114887
  3917771074 + 2558389380 = 6476160454, got 18046093467
