Initialized from retained incumbent: /Users/utshaho/Documents/GitHub/rl4rl/data/raw/autoresearch/sol-xhigh-overnight-20260814/state/incumbent.pt
Model: 3,376 parameters
Config: d=16, h=2, L=2, ff=10
Device: mps

INITIAL VAL 66.25%

Fine-tuning for up to 10000 steps...
  step   500 | loss 0.607527 | lr 0.000100 | 0.2min
  VAL 46.10%
  step  1000 | loss 0.528317 | lr 0.000099 | 0.3min
  VAL 48.80%
  step  1500 | loss 0.476937 | lr 0.000096 | 0.4min
  VAL 48.90%
  step  2000 | loss 0.443188 | lr 0.000093 | 0.5min
  VAL 48.00%
  step  2500 | loss 0.415038 | lr 0.000088 | 0.6min
  VAL 48.85%
  step  3000 | loss 0.397930 | lr 0.000082 | 0.8min
  VAL 48.60%
  step  3500 | loss 0.372676 | lr 0.000075 | 0.9min
  VAL 49.20%
  step  4000 | loss 0.358388 | lr 0.000068 | 1.0min
  VAL 48.10%
  step  4500 | loss 0.344164 | lr 0.000060 | 1.1min
  VAL 50.25%
  step  5000 | loss 0.336976 | lr 0.000052 | 1.2min
  VAL 53.20%
  step  5500 | loss 0.324529 | lr 0.000044 | 1.3min
  VAL 63.70%
  step  6000 | loss 0.317639 | lr 0.000036 | 1.4min
  VAL 68.45%
  step  6500 | loss 0.309125 | lr 0.000029 | 1.5min
  VAL 73.45%
  step  7000 | loss 0.305852 | lr 0.000022 | 1.7min
  VAL 77.40%
  step  7500 | loss 0.299282 | lr 0.000016 | 1.8min
  VAL 77.40%
  step  8000 | loss 0.299959 | lr 0.000010 | 1.9min
  VAL 81.60%
  step  8500 | loss 0.292248 | lr 0.000006 | 2.0min
  VAL 82.05%
  step  9000 | loss 0.298562 | lr 0.000003 | 2.1min
  VAL 85.40%
  step  9500 | loss 0.298354 | lr 0.000001 | 2.2min
  VAL 84.70%
  step 10000 | loss 0.292070 | lr 0.000000 | 2.4min
  VAL 85.45%

Training complete in 2.4 minutes
Best test accuracy: 0.0000%
