Model: RL4RL Autoresearch candidate
Author: configured in run manifest
Parameters (unique): 2032
Architecture: decoder-only addition transformer d=16, h=2, L=2, ff=10, block1_ff=8, fixed_separators=True, tied_position_pairs=[[4, 15], [7, 18], [5, 16], [3, 14], [2, 13], [8, 19], [6, 17], [1, 12], [0, 11], [9, 20]], interpolated_positions=[23, 24, 25, 26, 27], qkv_pruned=16
Tricks: autoregressive greedy decoding, weights from checkpoint

  Progress: 1000/10010 (996/1000 correct) [4.5s]
  Progress: 2000/10010 (1993/2000 correct) [9.1s]
  Progress: 3000/10010 (2991/3000 correct) [13.7s]
  Progress: 4000/10010 (3988/4000 correct) [18.2s]
  Progress: 5000/10010 (4981/5000 correct) [22.6s]
  Progress: 6000/10010 (5977/6000 correct) [27.0s]
  Progress: 7000/10010 (6972/7000 correct) [31.4s]
  Progress: 8000/10010 (7969/8000 correct) [35.8s]
  Progress: 9000/10010 (8965/9000 correct) [40.3s]
  Progress: 10000/10010 (9957/10000 correct) [44.8s]

Results: 9967/10010 correct (99.57%)
Time: 44.8s (223 additions/sec)
Status: QUALIFIED (threshold: 99%)

First 20 failures (of 43):
  8261688289 + 8707679052 = 16969367341, got 17969367341
  1590870754 + 3891940101 = 5482810855, got 5492810855
  9949339211 + 8948002488 = 18897341699, got 18997341699
  8654770020 + 8611605297 = 17266375317, got 12266375317
  8946513248 + 1971558909 = 10918072157, got 11018072157
  4624637094 + 517131976 = 5141769070, got 5041769070
  8813833975 + 8601623334 = 17415457309, got 12415457309
  9278473654 + 9413599947 = 18692073601, got 19692073601
  8751751314 + 8717629589 = 17469380903, got 12469380903
  1965085837 + 3760032072 = 5725117909, got 5715117909
  9217700662 + 9448597295 = 18666297957, got 19666297957
  8662538351 + 8424932610 = 17087470961, got 12087470961
  3669896045 + 5516370678 = 9186266723, got 9086266723
  8612709545 + 8402719103 = 17015428648, got 12015428648
  8191852004 + 7194996854 = 15386848858, got 15396848858
  8411484024 + 8901041669 = 17312525693, got 12312525693
  9402679499 + 9293095411 = 18695774910, got 19695774910
  8414684780 + 8929062776 = 17343747556, got 12343747556
  9964543372 + 5945248928 = 15909792300, got 16009792300
  4945526394 + 5960538870 = 10906065264, got 11006065264
