Model: RL4RL Autoresearch candidate
Author: configured in run manifest
Parameters (unique): 2034
Architecture: decoder-only addition transformer d=16, h=2, L=2, ff=10, block1_ff=8, fixed_separators=True, tied_position_pairs=[[4, 15], [7, 18], [5, 16], [3, 14], [2, 13], [8, 19], [6, 17], [1, 12], [0, 11], [9, 20]], interpolated_positions=[23, 24, 25, 26, 27], qkv_pruned=14
Tricks: autoregressive greedy decoding, weights from checkpoint

  Progress: 1000/10010 (995/1000 correct) [4.5s]
  Progress: 2000/10010 (1991/2000 correct) [8.9s]
  Progress: 3000/10010 (2988/3000 correct) [13.4s]
  Progress: 4000/10010 (3985/4000 correct) [17.8s]
  Progress: 5000/10010 (4980/5000 correct) [22.2s]
  Progress: 6000/10010 (5974/6000 correct) [26.7s]
  Progress: 7000/10010 (6972/7000 correct) [31.2s]
  Progress: 8000/10010 (7972/8000 correct) [35.7s]
  Progress: 9000/10010 (8965/9000 correct) [40.2s]
  Progress: 10000/10010 (9961/10000 correct) [44.7s]

Results: 9971/10010 correct (99.61%)
Time: 44.7s (224 additions/sec)
Status: QUALIFIED (threshold: 99%)

First 20 failures (of 39):
  2643188197 + 7497706065 = 10140894262, got 15140894262
  2419324703 + 3516291980 = 5935616683, got 5835616683
  1590870754 + 3891940101 = 5482810855, got 5492810855
  4501354141 + 9409669647 = 13911023788, got 13811023788
  8654770020 + 8611605297 = 17266375317, got 12266375317
  2414276349 + 2517436867 = 4931713216, got 4831713216
  2763076017 + 9267356007 = 12030432024, got 12530432024
  6047119139 + 5060676488 = 11107795627, got 10107795627
  2406321521 + 7667492626 = 10073814147, got 15073814147
  6660112625 + 5142876686 = 11802989311, got 10802989311
  2406531246 + 7680133623 = 10086664869, got 15086664869
  5254066650 + 9287720511 = 14541787161, got 14441787161
  1415015538 + 2519348781 = 3934364319, got 3834364319
  6258014553 + 8283570450 = 14541585003, got 14441585003
  8662538351 + 8424932610 = 17087470961, got 12087470961
  8612709545 + 8402719103 = 17015428648, got 12015428648
  8191852004 + 7194996854 = 15386848858, got 15396848858
  4170940245 + 9199294247 = 13370234492, got 12370234492
  2476707217 + 7697999923 = 10174707140, got 15174707140
  5634381845 + 6168469548 = 11802851393, got 10802851393
