Model: RL4RL Autoresearch candidate
Author: configured in run manifest
Parameters (unique): 3344
Architecture: decoder-only addition transformer d=16, h=2, L=2, ff=7
Tricks: autoregressive greedy decoding, weights from checkpoint

  Progress: 1000/10010 (1/1000 correct) [5.9s]
  Progress: 2000/10010 (1/2000 correct) [11.8s]
  Progress: 3000/10010 (1/3000 correct) [17.7s]
  Progress: 4000/10010 (1/4000 correct) [23.6s]
  Progress: 5000/10010 (1/5000 correct) [29.5s]
  Progress: 6000/10010 (1/6000 correct) [35.3s]
  Progress: 7000/10010 (1/7000 correct) [41.2s]
  Progress: 8000/10010 (1/8000 correct) [47.1s]
  Progress: 9000/10010 (1/9000 correct) [53.0s]
  Progress: 10000/10010 (1/10000 correct) [58.8s]

Results: 1/10010 correct (0.01%)
Time: 58.9s (170 additions/sec)
Status: NOT QUALIFIED (threshold: 99%)

First 20 failures (of 10009):
  0 + 0 = 0, got 1
  9999999999 + 0 = 9999999999, got 7777778889
  9999999999 + 1 = 10000000000, got 1
  9999999999 + 9999999999 = 19999999998, got 9999999997
  5000000000 + 5000000000 = 10000000000, got 1000000000
  1111111111 + 8888888889 = 10000000000, got 1100010111
  1234567890 + 9876543210 = 11111111100, got 1111111111
  9999999999 + 9999999999 = 19999999998, got 9999999997
  1 + 9999999999 = 10000000000, got 1000000011
  2395527356 + 9334186774 = 11729714130, got 1628613121
  4296888873 + 8475224721 = 12772113594, got 2652112594
  2446880696 + 4577514554 = 7024395250, got 6023305241
  1721735679 + 186192860 = 1907928539, got 906928529
  3295396137 + 8512642381 = 11808038518, got 1718036517
  4721664841 + 8801376086 = 13523040927, got 2522031926
  8709633390 + 2191376109 = 10901009499, got 10901003489
  813236058 + 3041824170 = 3855060228, got 3745061128
  7038162399 + 8251837442 = 15289999841, got 5190100742
  3917771074 + 2558389380 = 6476160454, got 6466151354
  2345623234 + 894115330 = 3239738564, got 2238625464
