Model: RL4RL Autoresearch candidate
Author: configured in run manifest
Parameters (unique): 1965
Architecture: decoder-only addition transformer d=16, h=2, L=2, ff=10, block1_ff=8, fixed_separators=True, tied_position_pairs=[[4, 15], [7, 18], [5, 16], [3, 14], [2, 13], [8, 19], [6, 17], [1, 12], [0, 11], [9, 20]], interpolated_positions=[23, 24, 25, 26, 27], qkv_pruned=83
Tricks: autoregressive greedy decoding, weights from checkpoint

  Progress: 1000/10010 (1000/1000 correct) [4.4s]
  Progress: 2000/10010 (1999/2000 correct) [8.8s]
  Progress: 3000/10010 (2999/3000 correct) [13.2s]
  Progress: 4000/10010 (3998/4000 correct) [17.6s]
  Progress: 5000/10010 (4998/5000 correct) [22.0s]
  Progress: 6000/10010 (5998/6000 correct) [26.5s]
  Progress: 7000/10010 (6998/7000 correct) [31.0s]
  Progress: 8000/10010 (7998/8000 correct) [35.4s]
  Progress: 9000/10010 (8998/9000 correct) [39.9s]
  Progress: 10000/10010 (9997/10000 correct) [44.3s]

Results: 10007/10010 correct (99.97%)
Time: 44.3s (226 additions/sec)
Status: QUALIFIED (threshold: 99%)

Failures (3):
  5199705329 + 6225705022 = 11425410351, got 10425410351
  6220808416 + 5189773965 = 11410582381, got 10410582381
  5118045857 + 6196185877 = 11314231734, got 10314231734
