Model: 3,424 parameters
Config: d=16, h=2, L=2, ff=17
Device: mps

Training for 30000 steps...
  step   500 | loss 1.547961 | lr 0.001000 | 0.1min
  step  1000 | loss 1.443055 | lr 0.000999 | 0.3min
  VAL 0.00%
  step  1500 | loss 1.363122 | lr 0.000996 | 0.4min
  step  2000 | loss 1.364630 | lr 0.000992 | 0.5min
  VAL 0.00%
  step  2500 | loss 1.365073 | lr 0.000987 | 0.6min
  step  3000 | loss 1.306464 | lr 0.000980 | 0.8min
  VAL 0.00%
  step  3500 | loss 1.334717 | lr 0.000972 | 0.9min
  step  4000 | loss 1.228926 | lr 0.000962 | 1.0min
  VAL 0.00%
  step  4500 | loss 0.972983 | lr 0.000951 | 1.1min
  step  5000 | loss 0.598831 | lr 0.000939 | 1.2min
  VAL 1.65%
  step  5500 | loss 0.410078 | lr 0.000926 | 1.3min
  step  6000 | loss 0.329358 | lr 0.000912 | 1.5min
  VAL 59.65%
  step  6500 | loss 0.291371 | lr 0.000896 | 1.5min
  step  7000 | loss 0.256066 | lr 0.000880 | 1.7min
  VAL 73.05%
  step  7500 | loss 0.241191 | lr 0.000862 | 1.8min
  step  8000 | loss 0.218959 | lr 0.000843 | 1.9min
  VAL 76.60%
  step  8500 | loss 0.201596 | lr 0.000823 | 2.0min
  step  9000 | loss 0.193087 | lr 0.000803 | 2.1min
  VAL 80.65%
  step  9500 | loss 0.178744 | lr 0.000781 | 2.3min
  step 10000 | loss 0.173287 | lr 0.000759 | 2.4min
  VAL 87.65%
  step 10500 | loss 0.169824 | lr 0.000736 | 2.5min
  step 11000 | loss 0.162515 | lr 0.000713 | 2.7min
  VAL 92.30%
  step 11500 | loss 0.156281 | lr 0.000688 | 2.8min
  step 12000 | loss 0.154284 | lr 0.000664 | 2.9min
  VAL 88.80%
  step 12500 | loss 0.155567 | lr 0.000638 | 3.0min
  step 13000 | loss 0.147490 | lr 0.000613 | 3.1min
  VAL 91.20%
  step 13500 | loss 0.144775 | lr 0.000587 | 3.2min
  step 14000 | loss 0.141418 | lr 0.000561 | 3.3min
  VAL 93.40%
  step 14500 | loss 0.146515 | lr 0.000534 | 3.4min
  step 15000 | loss 0.138249 | lr 0.000508 | 3.6min
  VAL 92.50%
  step 15500 | loss 0.138831 | lr 0.000481 | 3.7min
  step 16000 | loss 0.133077 | lr 0.000455 | 3.8min
  VAL 94.30%
  step 16500 | loss 0.128424 | lr 0.000429 | 3.9min
  step 17000 | loss 0.128204 | lr 0.000403 | 4.0min
  VAL 94.65%
  step 17500 | loss 0.129588 | lr 0.000377 | 4.1min
  step 18000 | loss 0.122873 | lr 0.000352 | 4.2min
  VAL 95.55%
  step 18500 | loss 0.128100 | lr 0.000327 | 4.3min
  step 19000 | loss 0.118530 | lr 0.000302 | 4.4min
  VAL 95.65%
  step 19500 | loss 0.123088 | lr 0.000278 | 4.5min
  step 20000 | loss 0.119512 | lr 0.000255 | 4.7min
  VAL 95.90%
  step 20500 | loss 0.118762 | lr 0.000232 | 4.8min
  step 21000 | loss 0.113085 | lr 0.000210 | 4.9min
  VAL 95.80%
  step 21500 | loss 0.107549 | lr 0.000189 | 5.1min
  step 22000 | loss 0.109124 | lr 0.000169 | 5.2min
  VAL 95.85%
  step 22500 | loss 0.107238 | lr 0.000149 | 5.3min
  step 23000 | loss 0.104535 | lr 0.000131 | 5.4min
  VAL 96.00%
  step 23500 | loss 0.102356 | lr 0.000114 | 5.5min
  step 24000 | loss 0.101639 | lr 0.000097 | 5.6min
  VAL 96.00%
  step 24500 | loss 0.098741 | lr 0.000082 | 5.7min
  step 25000 | loss 0.096166 | lr 0.000068 | 5.8min
  VAL 96.00%
  step 25500 | loss 0.096450 | lr 0.000056 | 6.0min
  step 26000 | loss 0.093078 | lr 0.000044 | 6.0min
  VAL 96.00%
  step 26500 | loss 0.091307 | lr 0.000034 | 6.2min
  step 27000 | loss 0.089101 | lr 0.000025 | 6.2min
  VAL 96.00%
  step 27500 | loss 0.089801 | lr 0.000017 | 6.4min
  step 28000 | loss 0.088457 | lr 0.000011 | 6.5min
  VAL 96.00%
  step 28500 | loss 0.087745 | lr 0.000006 | 6.6min
  step 29000 | loss 0.088052 | lr 0.000003 | 6.7min
  VAL 96.00%
  step 29500 | loss 0.087258 | lr 0.000001 | 6.8min
  step 30000 | loss 0.087970 | lr 0.000000 | 6.9min
  VAL 96.00%

Training complete in 6.9 minutes
Best test accuracy: 0.0000%
