Model: RL4RL Autoresearch candidate
Author: configured in run manifest
Parameters (unique): 3424
Architecture: decoder-only addition transformer d=16, h=2, L=2, ff=17
Tricks: autoregressive greedy decoding, weights from checkpoint

  Progress: 1000/10010 (950/1000 correct) [8.4s]
  Progress: 2000/10010 (1906/2000 correct) [16.7s]
  Progress: 3000/10010 (2868/3000 correct) [25.2s]
  Progress: 4000/10010 (3832/4000 correct) [33.9s]
  Progress: 5000/10010 (4784/5000 correct) [41.7s]
  Progress: 6000/10010 (5748/6000 correct) [48.7s]
  Progress: 7000/10010 (6693/7000 correct) [55.7s]
  Progress: 8000/10010 (7646/8000 correct) [62.6s]
  Progress: 9000/10010 (8602/9000 correct) [69.6s]
  Progress: 10000/10010 (9559/10000 correct) [76.6s]

Results: 9568/10010 correct (95.58%)
Time: 76.7s (131 additions/sec)
Status: NOT QUALIFIED (threshold: 99%)

First 20 failures (of 442):
  9999999999 + 9999999999 = 19999999998, got 18888888888
  9999999999 + 9999999999 = 19999999998, got 18888888888
  9773982893 + 9769054290 = 19543037183, got 18543037183
  9809325681 + 9732050258 = 19541375939, got 18541375939
  632969767 + 7238958333 = 7871928100, got 7871828100
  6399886150 + 1679699782 = 8079585932, got 8078585932
  5541457967 + 4314580997 = 9856038964, got 9856038864
  9815978163 + 9778162604 = 19594140767, got 18594140767
  3538987903 + 10975662 = 3549963565, got 3549863565
  3889445375 + 3759734195 = 7649179570, got 7648179570
  4430869347 + 9391509992 = 13822379339, got 13822378339
  2742793505 + 3287798519 = 6030592024, got 6030582024
  3354882977 + 893061992 = 4247944969, got 4247944869
  5895167719 + 2695713301 = 8590881020, got 8580881020
  1203019934 + 8701429376 = 9904449310, got 9904448310
  9945109883 + 2379279383 = 12324389266, got 12324388266
  4069561666 + 319461107 = 4389022773, got 4388022773
  3402983010 + 2982942977 = 6385925987, got 6385825987
  1796763582 + 7996117602 = 9792881184, got 9782881184
  4790149453 + 7051129805 = 11841279258, got 11841278258
