Model: 3,283 parameters
Config: d=14, h=2, L=2, ff=20
Device: mps

Training for 45000 steps...
  step   500 | loss 1.457960 | lr 0.001000 | 0.2min
  step  1000 | loss 1.388668 | lr 0.000999 | 0.3min
  VAL 0.00%
  step  1500 | loss 1.338098 | lr 0.000998 | 0.5min
  step  2000 | loss 1.339768 | lr 0.000997 | 0.6min
  VAL 0.00%
  step  2500 | loss 1.305122 | lr 0.000995 | 0.7min
  step  3000 | loss 1.298355 | lr 0.000992 | 0.9min
  VAL 0.00%
  step  3500 | loss 1.239090 | lr 0.000989 | 1.0min
  step  4000 | loss 1.250896 | lr 0.000985 | 1.1min
  VAL 0.00%
  step  4500 | loss 1.212991 | lr 0.000981 | 1.3min
  step  5000 | loss 1.022009 | lr 0.000976 | 1.4min
  VAL 0.00%
  step  5500 | loss 0.975889 | lr 0.000970 | 1.5min
  step  6000 | loss 0.648065 | lr 0.000964 | 1.7min
  VAL 0.00%
  step  6500 | loss 0.481172 | lr 0.000958 | 1.8min
  step  7000 | loss 0.434196 | lr 0.000951 | 1.9min
  VAL 0.15%
  step  7500 | loss 0.398372 | lr 0.000944 | 2.1min
  step  8000 | loss 0.274487 | lr 0.000936 | 2.2min
  VAL 2.25%
  step  8500 | loss 0.170562 | lr 0.000927 | 2.3min
  step  9000 | loss 0.139868 | lr 0.000918 | 2.5min
  VAL 45.25%
  step  9500 | loss 0.091641 | lr 0.000909 | 2.6min
  step 10000 | loss 0.063726 | lr 0.000899 | 2.8min
  VAL 86.15%
  step 10500 | loss 0.047084 | lr 0.000889 | 2.9min
  step 11000 | loss 0.035505 | lr 0.000879 | 3.0min
  VAL 94.75%
  step 11500 | loss 0.026452 | lr 0.000868 | 3.1min
  step 12000 | loss 0.024452 | lr 0.000856 | 3.3min
  VAL 97.25%
  step 12500 | loss 0.019611 | lr 0.000844 | 3.4min
  step 13000 | loss 0.018219 | lr 0.000832 | 3.5min
  VAL 98.35%
  step 13500 | loss 0.013169 | lr 0.000820 | 3.6min
  step 14000 | loss 0.013245 | lr 0.000807 | 3.7min
  VAL 98.10%
  step 14500 | loss 0.011607 | lr 0.000794 | 3.9min
  step 15000 | loss 0.011439 | lr 0.000780 | 4.0min
  VAL 97.65%
  step 15500 | loss 0.010617 | lr 0.000767 | 4.1min
  step 16000 | loss 0.010077 | lr 0.000753 | 4.3min
  VAL 99.80%
  TEST 99.8300%
  *** New best: 99.8300% ***
  step 16500 | loss 0.010196 | lr 0.000739 | 4.5min
  step 17000 | loss 0.009619 | lr 0.000724 | 4.6min
  VAL 98.85%
  step 17500 | loss 0.007917 | lr 0.000709 | 4.7min
  step 18000 | loss 0.008708 | lr 0.000694 | 4.9min
  VAL 99.60%
  TEST 99.6100%
  step 18500 | loss 0.006583 | lr 0.000679 | 5.0min
  step 19000 | loss 0.006507 | lr 0.000664 | 5.2min
  VAL 99.80%
  TEST 99.6500%
  step 19500 | loss 0.005452 | lr 0.000649 | 5.3min
  step 20000 | loss 0.004710 | lr 0.000633 | 5.5min
  VAL 99.60%
  TEST 99.4500%
  step 20500 | loss 0.003165 | lr 0.000618 | 5.6min
  step 21000 | loss 0.003159 | lr 0.000602 | 5.7min
  VAL 99.95%
  TEST 99.9900%
  *** New best: 99.9900% ***
  step 21500 | loss 0.002652 | lr 0.000586 | 5.9min
  step 22000 | loss 0.002866 | lr 0.000571 | 6.0min
  VAL 99.85%
  TEST 99.8800%
  step 22500 | loss 0.001657 | lr 0.000555 | 6.2min
  step 23000 | loss 0.001292 | lr 0.000539 | 6.3min
  VAL 100.00%
  TEST 99.9700%
  step 23500 | loss 0.002124 | lr 0.000523 | 6.5min
  step 24000 | loss 0.001147 | lr 0.000507 | 6.7min
  VAL 99.95%
  TEST 100.0000%
  *** New best: 100.0000% ***
  step 24500 | loss 0.001078 | lr 0.000492 | 6.9min
  step 25000 | loss 0.001710 | lr 0.000476 | 7.0min
  VAL 100.00%
  TEST 100.0000%
  step 25500 | loss 0.001152 | lr 0.000460 | 7.2min
  step 26000 | loss 0.000885 | lr 0.000445 | 7.3min
  VAL 100.00%
  TEST 99.9400%
  step 26500 | loss 0.000829 | lr 0.000430 | 7.5min
  step 27000 | loss 0.000741 | lr 0.000415 | 7.6min
  VAL 100.00%
  TEST 100.0000%
  step 27500 | loss 0.000726 | lr 0.000400 | 7.8min
  step 28000 | loss 0.000675 | lr 0.000385 | 7.9min
  VAL 100.00%
  TEST 99.9800%
  step 28500 | loss 0.000615 | lr 0.000370 | 8.1min
  step 29000 | loss 0.000573 | lr 0.000356 | 8.2min
  VAL 100.00%
  TEST 100.0000%
  step 29500 | loss 0.000531 | lr 0.000342 | 8.4min
  step 30000 | loss 0.000485 | lr 0.000328 | 8.5min
  VAL 100.00%
  TEST 100.0000%
  step 30500 | loss 0.000457 | lr 0.000314 | 8.7min
  step 31000 | loss 0.000388 | lr 0.000301 | 8.8min
  VAL 100.00%
  TEST 100.0000%
  step 31500 | loss 0.000374 | lr 0.000288 | 9.0min
  step 32000 | loss 0.000365 | lr 0.000275 | 9.1min
  VAL 100.00%
  TEST 100.0000%
  step 32500 | loss 0.000322 | lr 0.000263 | 9.3min
  step 33000 | loss 0.000299 | lr 0.000251 | 9.5min
  VAL 100.00%
  TEST 100.0000%
  step 33500 | loss 0.000268 | lr 0.000239 | 9.7min
  step 34000 | loss 0.000242 | lr 0.000228 | 9.8min
  VAL 100.00%
  TEST 100.0000%
  step 34500 | loss 0.000211 | lr 0.000217 | 9.9min
  step 35000 | loss 0.000202 | lr 0.000207 | 10.1min
  VAL 100.00%
  TEST 100.0000%
  step 35500 | loss 0.000177 | lr 0.000197 | 10.2min
  step 36000 | loss 0.000164 | lr 0.000187 | 10.3min
  VAL 100.00%
  TEST 100.0000%
  step 36500 | loss 0.000153 | lr 0.000178 | 10.5min
  step 37000 | loss 0.000138 | lr 0.000169 | 10.6min
  VAL 100.00%
  TEST 100.0000%
  step 37500 | loss 0.000136 | lr 0.000161 | 10.8min
  step 38000 | loss 0.000118 | lr 0.000153 | 10.9min
  VAL 100.00%
  TEST 100.0000%
  step 38500 | loss 0.000112 | lr 0.000146 | 11.2min
  step 39000 | loss 0.000105 | lr 0.000139 | 11.3min
  VAL 100.00%
  TEST 100.0000%
  step 39500 | loss 0.000094 | lr 0.000133 | 11.5min
  step 40000 | loss 0.000096 | lr 0.000128 | 11.6min
  VAL 100.00%
  TEST 100.0000%
  step 40500 | loss 0.000085 | lr 0.000122 | 11.8min
  step 41000 | loss 0.000082 | lr 0.000118 | 11.9min
  VAL 100.00%
  TEST 100.0000%
  step 41500 | loss 0.000078 | lr 0.000114 | 12.1min
  step 42000 | loss 0.000070 | lr 0.000110 | 12.3min
  VAL 100.00%
  TEST 100.0000%
  step 42500 | loss 0.000070 | lr 0.000107 | 12.4min
  step 43000 | loss 0.000068 | lr 0.000104 | 12.6min
  VAL 100.00%
  TEST 100.0000%
  step 43500 | loss 0.000062 | lr 0.000102 | 12.7min
  step 44000 | loss 0.000058 | lr 0.000101 | 12.9min
  VAL 100.00%
  TEST 100.0000%
  step 44500 | loss 0.000058 | lr 0.000100 | 13.0min
  step 45000 | loss 0.000054 | lr 0.000100 | 13.2min
  VAL 100.00%
  TEST 100.0000%

Training complete in 13.2 minutes
Best test accuracy: 100.0000%
