Model: RL4RL Autoresearch candidate
Author: configured in run manifest
Parameters (unique): 3283
Architecture: decoder-only addition transformer d=14, h=2, L=2, ff=20, position_rank=5
Tricks: autoregressive greedy decoding, weights from checkpoint

  Progress: 1000/10010 (1000/1000 correct) [8.0s]
  Progress: 2000/10010 (2000/2000 correct) [16.2s]
  Progress: 3000/10010 (3000/3000 correct) [24.5s]
  Progress: 4000/10010 (4000/4000 correct) [32.1s]
  Progress: 5000/10010 (4999/5000 correct) [39.0s]
  Progress: 6000/10010 (5999/6000 correct) [45.7s]
  Progress: 7000/10010 (6999/7000 correct) [52.6s]
  Progress: 8000/10010 (7999/8000 correct) [59.6s]
  Progress: 9000/10010 (8999/9000 correct) [66.3s]
  Progress: 10000/10010 (9999/10000 correct) [73.0s]

Results: 10009/10010 correct (99.99%)
Time: 73.1s (137 additions/sec)
Status: QUALIFIED (threshold: 99%)

Failures (1):
  5131673560 + 4064327068 = 9196000628, got 10196000628
