Model: 3,200 parameters
Config: d=16, h=2, L=2, ff=17
Device: mps

Training for 30000 steps...
  step   500 | loss 1.461157 | lr 0.001000 | 0.2min
  step  1000 | loss 1.366469 | lr 0.000999 | 0.3min
  VAL 0.00%
  step  1500 | loss 1.312896 | lr 0.000996 | 0.5min
  step  2000 | loss 1.067308 | lr 0.000992 | 0.6min
  VAL 0.00%
  step  2500 | loss 0.806438 | lr 0.000987 | 0.7min
  step  3000 | loss 0.572580 | lr 0.000980 | 0.9min
  VAL 0.55%
  step  3500 | loss 0.354842 | lr 0.000972 | 1.0min
  step  4000 | loss 0.149313 | lr 0.000962 | 1.1min
  VAL 65.05%
  step  4500 | loss 0.102546 | lr 0.000951 | 1.2min
  step  5000 | loss 0.082697 | lr 0.000939 | 1.4min
  VAL 85.90%
  step  5500 | loss 0.073242 | lr 0.000926 | 1.5min
  step  6000 | loss 0.060012 | lr 0.000912 | 1.6min
  VAL 89.50%
  step  6500 | loss 0.044231 | lr 0.000896 | 1.7min
  step  7000 | loss 0.038465 | lr 0.000880 | 1.8min
  VAL 92.30%
  step  7500 | loss 0.030320 | lr 0.000862 | 1.9min
  step  8000 | loss 0.023738 | lr 0.000843 | 2.1min
  VAL 97.75%
  step  8500 | loss 0.020079 | lr 0.000823 | 2.2min
  step  9000 | loss 0.019997 | lr 0.000803 | 2.4min
  VAL 98.30%
  step  9500 | loss 0.015418 | lr 0.000781 | 2.5min
  step 10000 | loss 0.013068 | lr 0.000759 | 2.6min
  VAL 98.70%
  step 10500 | loss 0.010821 | lr 0.000736 | 2.8min
  step 11000 | loss 0.009912 | lr 0.000713 | 2.9min
  VAL 98.90%
  step 11500 | loss 0.013217 | lr 0.000688 | 3.0min
  step 12000 | loss 0.008346 | lr 0.000664 | 3.2min
  VAL 99.60%
  TEST 99.7200%
  *** New best: 99.7200% ***
  step 12500 | loss 0.009866 | lr 0.000638 | 3.3min
  step 13000 | loss 0.007300 | lr 0.000613 | 3.5min
  VAL 99.55%
  TEST 99.5300%
  step 13500 | loss 0.006772 | lr 0.000587 | 3.6min
  step 14000 | loss 0.006185 | lr 0.000561 | 3.7min
  VAL 99.75%
  TEST 99.7700%
  *** New best: 99.7700% ***
  step 14500 | loss 0.005445 | lr 0.000534 | 3.9min
  step 15000 | loss 0.005185 | lr 0.000508 | 4.0min
  VAL 99.70%
  TEST 99.7700%
  step 15500 | loss 0.004311 | lr 0.000481 | 4.2min
  step 16000 | loss 0.003820 | lr 0.000455 | 4.3min
  VAL 99.80%
  TEST 99.6700%
  step 16500 | loss 0.003349 | lr 0.000429 | 4.4min
  step 17000 | loss 0.003058 | lr 0.000403 | 4.6min
  VAL 99.75%
  TEST 99.7900%
  *** New best: 99.7900% ***
  step 17500 | loss 0.002916 | lr 0.000377 | 4.7min
  step 18000 | loss 0.002441 | lr 0.000352 | 4.9min
  VAL 100.00%
  TEST 99.9900%
  *** New best: 99.9900% ***
  step 18500 | loss 0.002223 | lr 0.000327 | 5.0min
  step 19000 | loss 0.001922 | lr 0.000302 | 5.1min
  VAL 100.00%
  TEST 99.9700%
  step 19500 | loss 0.001822 | lr 0.000278 | 5.3min
  step 20000 | loss 0.001581 | lr 0.000255 | 5.4min
  VAL 100.00%
  TEST 99.9900%
  step 20500 | loss 0.001552 | lr 0.000232 | 5.6min
  step 21000 | loss 0.001299 | lr 0.000210 | 5.7min
  VAL 100.00%
  TEST 100.0000%
  *** New best: 100.0000% ***
  step 21500 | loss 0.001139 | lr 0.000189 | 5.9min
  step 22000 | loss 0.001119 | lr 0.000169 | 6.0min
  VAL 100.00%
  TEST 100.0000%
  step 22500 | loss 0.001009 | lr 0.000149 | 6.2min
  step 23000 | loss 0.000924 | lr 0.000131 | 6.3min
  VAL 100.00%
  TEST 100.0000%
  step 23500 | loss 0.000857 | lr 0.000114 | 6.5min
  step 24000 | loss 0.000890 | lr 0.000097 | 6.6min
  VAL 100.00%
  TEST 100.0000%
  step 24500 | loss 0.000734 | lr 0.000082 | 6.8min
  step 25000 | loss 0.000696 | lr 0.000068 | 6.9min
  VAL 100.00%
  TEST 100.0000%
  step 25500 | loss 0.000644 | lr 0.000056 | 7.1min
  step 26000 | loss 0.000614 | lr 0.000044 | 7.2min
  VAL 100.00%
  TEST 100.0000%
  step 26500 | loss 0.000586 | lr 0.000034 | 7.4min
  step 27000 | loss 0.000577 | lr 0.000025 | 7.5min
  VAL 100.00%
  TEST 100.0000%
  step 27500 | loss 0.000542 | lr 0.000017 | 7.7min
  step 28000 | loss 0.000549 | lr 0.000011 | 7.8min
  VAL 100.00%
  TEST 100.0000%
  step 28500 | loss 0.000517 | lr 0.000006 | 8.0min
  step 29000 | loss 0.000539 | lr 0.000003 | 8.1min
  VAL 100.00%
  TEST 100.0000%
  step 29500 | loss 0.000513 | lr 0.000001 | 8.3min
  step 30000 | loss 0.000532 | lr 0.000000 | 8.4min
  VAL 100.00%
  TEST 100.0000%

Training complete in 8.4 minutes
Best test accuracy: 100.0000%
