Initialized from retained incumbent: /Users/utshaho/Documents/GitHub/rl4rl/data/raw/autoresearch/sol-xhigh-overnight-20260814/state/incumbent.pt
Model: 4,032 parameters
Config: d=16, h=2, L=2, ff=16
Device: mps

INITIAL VAL 0.00%

Fine-tuning for up to 5000 steps...
  step   500 | loss 0.352815 | lr 0.000100 | 0.1min
  VAL 1.90%
  step  1000 | loss 0.200314 | lr 0.000095 | 0.3min
  VAL 8.50%
  step  1500 | loss 0.094306 | lr 0.000085 | 0.4min
  VAL 23.15%
  step  2000 | loss 0.066292 | lr 0.000071 | 0.5min
  VAL 38.50%
  step  2500 | loss 0.052143 | lr 0.000055 | 0.6min
  VAL 52.75%
  step  3000 | loss 0.032115 | lr 0.000038 | 0.8min
  VAL 64.60%
  step  3500 | loss 0.027716 | lr 0.000023 | 0.9min
  VAL 71.25%
  step  4000 | loss 0.019135 | lr 0.000011 | 1.0min
  VAL 74.30%
  step  4500 | loss 0.020827 | lr 0.000003 | 1.1min
  VAL 76.55%
  step  5000 | loss 0.019595 | lr 0.000000 | 1.2min
  VAL 76.95%

Training complete in 1.2 minutes
Best test accuracy: 0.0000%
