Initialized from retained incumbent: /Users/utshaho/Documents/GitHub/rl4rl/data/raw/autoresearch/sol-xhigh-overnight-20260814/state/incumbent.pt
Model: 4,800 parameters
Config: d=16, h=2, L=2, ff=28
Device: mps

INITIAL VAL 0.00%

Fine-tuning for up to 5000 steps...
  step   500 | loss 0.000330 | lr 0.000100 | 0.2min
  VAL 99.85%
  TEST 99.7900%
  *** New best: 99.7900% ***
  step  1000 | loss 0.000097 | lr 0.000095 | 0.3min
  VAL 99.95%
  TEST 99.9800%
  *** New best: 99.9800% ***
  step  1500 | loss 0.000055 | lr 0.000085 | 0.5min
  VAL 100.00%
  TEST 99.9900%
  *** New best: 99.9900% ***
  step  2000 | loss 0.000045 | lr 0.000071 | 0.7min
  VAL 100.00%
  TEST 99.9900%
  step  2500 | loss 0.000031 | lr 0.000055 | 0.8min
  VAL 100.00%
  TEST 99.9900%
  step  3000 | loss 0.000023 | lr 0.000038 | 1.0min
  VAL 100.00%
  TEST 100.0000%
  *** New best: 100.0000% ***
Fine-tuned candidate reached the early-stop target.
