Model: RL4RL Autoresearch candidate
Author: configured in run manifest
Parameters (unique): 3168
Architecture: decoder-only addition transformer d=16, h=2, L=2, ff=12
Tricks: autoregressive greedy decoding, weights from checkpoint

  Progress: 1000/10010 (999/1000 correct) [5.7s]
  Progress: 2000/10010 (1999/2000 correct) [11.5s]
  Progress: 3000/10010 (2999/3000 correct) [17.2s]
  Progress: 4000/10010 (3998/4000 correct) [23.0s]
  Progress: 5000/10010 (4996/5000 correct) [28.7s]
  Progress: 6000/10010 (5996/6000 correct) [34.4s]
  Progress: 7000/10010 (6995/7000 correct) [40.2s]
  Progress: 8000/10010 (7994/8000 correct) [45.9s]
  Progress: 9000/10010 (8994/9000 correct) [51.7s]
  Progress: 10000/10010 (9994/10000 correct) [57.6s]

Results: 10004/10010 correct (99.94%)
Time: 57.7s (174 additions/sec)
Status: QUALIFIED (threshold: 99%)

Failures (6):
  4184380900 + 6023296350 = 10207677250, got 9207677250
  6010512244 + 9621332322 = 15631844566, got 14631844566
  3820344860 + 3697073343 = 7517418203, got 6517418203
  5353708722 + 378197722 = 5731906444, got 5631906444
  4057224665 + 4983667300 = 9040891965, got 8040891965
  5004245402 + 2084171245 = 7088416647, got 6088416647
