Model: 2,912 parameters
Config: d=14, h=2, L=2, ff=19
Device: mps

Training for 45000 steps...
  step   500 | loss 1.651851 | lr 0.001000 | 0.1min
  step  1000 | loss 1.379014 | lr 0.000999 | 0.3min
  VAL 0.00%
  step  1500 | loss 1.321856 | lr 0.000998 | 0.4min
  step  2000 | loss 1.371253 | lr 0.000997 | 0.6min
  VAL 0.00%
  step  2500 | loss 1.380105 | lr 0.000995 | 0.7min
  step  3000 | loss 1.348562 | lr 0.000992 | 0.8min
  VAL 0.00%
  step  3500 | loss 1.277610 | lr 0.000989 | 1.0min
  step  4000 | loss 1.226519 | lr 0.000985 | 1.1min
  VAL 0.00%
  step  4500 | loss 1.120691 | lr 0.000981 | 1.2min
  step  5000 | loss 1.043027 | lr 0.000976 | 1.4min
  VAL 0.00%
  step  5500 | loss 0.856147 | lr 0.000970 | 1.5min
  step  6000 | loss 0.752459 | lr 0.000964 | 1.7min
  VAL 0.00%
  step  6500 | loss 0.653803 | lr 0.000958 | 1.8min
  step  7000 | loss 0.572941 | lr 0.000951 | 2.0min
  VAL 0.20%
  step  7500 | loss 0.482027 | lr 0.000944 | 2.1min
  step  8000 | loss 0.435836 | lr 0.000936 | 2.3min
  VAL 2.70%
  step  8500 | loss 0.420566 | lr 0.000927 | 2.4min
  step  9000 | loss 0.404528 | lr 0.000918 | 2.6min
  VAL 4.10%
  step  9500 | loss 0.364099 | lr 0.000909 | 2.7min
  step 10000 | loss 0.355863 | lr 0.000899 | 2.9min
  VAL 4.05%
  step 10500 | loss 0.354795 | lr 0.000889 | 3.0min
  step 11000 | loss 0.332674 | lr 0.000879 | 3.2min
  VAL 4.65%
  step 11500 | loss 0.335694 | lr 0.000868 | 3.3min
  step 12000 | loss 0.329768 | lr 0.000856 | 3.5min
  VAL 6.45%
  step 12500 | loss 0.315816 | lr 0.000844 | 3.6min
  step 13000 | loss 0.305457 | lr 0.000832 | 3.8min
  VAL 6.65%
  step 13500 | loss 0.324510 | lr 0.000820 | 3.9min
  step 14000 | loss 0.308566 | lr 0.000807 | 4.1min
  VAL 7.15%
  step 14500 | loss 0.300763 | lr 0.000794 | 4.2min
  step 15000 | loss 0.304758 | lr 0.000780 | 4.4min
  VAL 4.95%
  step 15500 | loss 0.286329 | lr 0.000767 | 4.5min
  step 16000 | loss 0.289098 | lr 0.000753 | 4.6min
  VAL 7.15%
  step 16500 | loss 0.287308 | lr 0.000739 | 4.7min
  step 17000 | loss 0.285799 | lr 0.000724 | 4.9min
  VAL 7.30%
  step 17500 | loss 0.299054 | lr 0.000709 | 5.0min
  step 18000 | loss 0.280171 | lr 0.000694 | 5.2min
  VAL 7.35%
  step 18500 | loss 0.293294 | lr 0.000679 | 5.3min
  step 19000 | loss 0.287517 | lr 0.000664 | 5.5min
  VAL 6.85%
  step 19500 | loss 0.286239 | lr 0.000649 | 5.6min
  step 20000 | loss 0.272173 | lr 0.000633 | 5.7min
  VAL 6.65%
  step 20500 | loss 0.278166 | lr 0.000618 | 5.9min
  step 21000 | loss 0.273602 | lr 0.000602 | 6.0min
  VAL 6.85%
  step 21500 | loss 0.264555 | lr 0.000586 | 6.2min
  step 22000 | loss 0.269368 | lr 0.000571 | 6.3min
  VAL 5.45%
  step 22500 | loss 0.261146 | lr 0.000555 | 6.4min
  step 23000 | loss 0.261214 | lr 0.000539 | 6.5min
  VAL 6.65%
  step 23500 | loss 0.260687 | lr 0.000523 | 6.7min
  step 24000 | loss 0.259506 | lr 0.000507 | 6.8min
  VAL 6.75%
  step 24500 | loss 0.256955 | lr 0.000492 | 6.9min
  step 25000 | loss 0.254832 | lr 0.000476 | 7.0min
  VAL 6.60%
  step 25500 | loss 0.253895 | lr 0.000460 | 7.2min
  step 26000 | loss 0.249579 | lr 0.000445 | 7.3min
  VAL 6.75%
  step 26500 | loss 0.250267 | lr 0.000430 | 7.5min
  step 27000 | loss 0.250382 | lr 0.000415 | 7.6min
  VAL 7.30%
  step 27500 | loss 0.251142 | lr 0.000400 | 7.8min
  step 28000 | loss 0.253997 | lr 0.000385 | 7.9min
  VAL 7.05%
  step 28500 | loss 0.242643 | lr 0.000370 | 8.1min
  step 29000 | loss 0.242050 | lr 0.000356 | 8.2min
  VAL 7.15%
  step 29500 | loss 0.248455 | lr 0.000342 | 8.4min
  step 30000 | loss 0.235533 | lr 0.000328 | 8.5min
  VAL 7.20%
  step 30500 | loss 0.236656 | lr 0.000314 | 8.7min
  step 31000 | loss 0.239943 | lr 0.000301 | 8.8min
  VAL 8.10%
  step 31500 | loss 0.235533 | lr 0.000288 | 9.0min
  step 32000 | loss 0.231558 | lr 0.000275 | 9.1min
  VAL 7.65%
  step 32500 | loss 0.231943 | lr 0.000263 | 9.3min
  step 33000 | loss 0.230560 | lr 0.000251 | 9.4min
  VAL 7.55%
  step 33500 | loss 0.228708 | lr 0.000239 | 9.6min
  step 34000 | loss 0.229201 | lr 0.000228 | 9.7min
  VAL 8.15%
  step 34500 | loss 0.226587 | lr 0.000217 | 9.9min
  step 35000 | loss 0.225255 | lr 0.000207 | 10.0min
  VAL 8.00%
  step 35500 | loss 0.224240 | lr 0.000197 | 10.2min
  step 36000 | loss 0.225477 | lr 0.000187 | 10.3min
  VAL 8.45%
  step 36500 | loss 0.224466 | lr 0.000178 | 10.5min
  step 37000 | loss 0.223399 | lr 0.000169 | 10.6min
  VAL 9.30%
  step 37500 | loss 0.224749 | lr 0.000161 | 10.8min
  step 38000 | loss 0.220552 | lr 0.000153 | 10.9min
  VAL 8.45%
  step 38500 | loss 0.221603 | lr 0.000146 | 11.1min
  step 39000 | loss 0.222631 | lr 0.000139 | 11.2min
  VAL 8.10%
  step 39500 | loss 0.219527 | lr 0.000133 | 11.4min
  step 40000 | loss 0.219674 | lr 0.000128 | 11.5min
  VAL 7.60%
  step 40500 | loss 0.217999 | lr 0.000122 | 11.7min
  step 41000 | loss 0.216607 | lr 0.000118 | 11.9min
  VAL 8.75%
  step 41500 | loss 0.218069 | lr 0.000114 | 12.0min
  step 42000 | loss 0.218664 | lr 0.000110 | 12.2min
  VAL 8.10%
  step 42500 | loss 0.215304 | lr 0.000107 | 12.3min
  step 43000 | loss 0.214502 | lr 0.000104 | 12.5min
  VAL 8.80%
  step 43500 | loss 0.217860 | lr 0.000102 | 12.7min
  step 44000 | loss 0.214636 | lr 0.000101 | 12.8min
  VAL 7.80%
  step 44500 | loss 0.214137 | lr 0.000100 | 12.9min
  step 45000 | loss 0.214407 | lr 0.000100 | 13.1min
  VAL 8.65%

Training complete in 13.1 minutes
Best test accuracy: 0.0000%
