Model: 5,824 parameters
Config: d=16, h=2, L=2, ff=44
Device: mps

Training for 30000 steps...
  step   500 | loss 1.465159 | lr 0.001000 | 0.1min
  step  1000 | loss 1.423999 | lr 0.000999 | 0.3min
  VAL 0.00%
  step  1500 | loss 1.351683 | lr 0.000996 | 0.4min
  step  2000 | loss 1.118528 | lr 0.000992 | 0.5min
  VAL 0.00%
  step  2500 | loss 0.542176 | lr 0.000987 | 0.6min
  step  3000 | loss 0.198887 | lr 0.000980 | 0.8min
  VAL 27.50%
  step  3500 | loss 0.105715 | lr 0.000972 | 0.9min
  step  4000 | loss 0.064454 | lr 0.000962 | 1.0min
  VAL 70.80%
  step  4500 | loss 0.036130 | lr 0.000951 | 1.1min
  step  5000 | loss 0.019539 | lr 0.000939 | 1.2min
  VAL 81.20%
  step  5500 | loss 0.011149 | lr 0.000926 | 1.4min
  step  6000 | loss 0.009093 | lr 0.000912 | 1.5min
  VAL 93.70%
  step  6500 | loss 0.006999 | lr 0.000896 | 1.6min
  step  7000 | loss 0.004889 | lr 0.000880 | 1.8min
  VAL 95.20%
  step  7500 | loss 0.004186 | lr 0.000862 | 1.9min
  step  8000 | loss 0.002568 | lr 0.000843 | 2.0min
  VAL 98.95%
  step  8500 | loss 0.001634 | lr 0.000823 | 2.1min
  step  9000 | loss 0.002905 | lr 0.000803 | 2.3min
  VAL 98.30%
  step  9500 | loss 0.001348 | lr 0.000781 | 2.4min
  step 10000 | loss 0.003231 | lr 0.000759 | 2.5min
  VAL 98.95%
  step 10500 | loss 0.000804 | lr 0.000736 | 2.6min
  step 11000 | loss 0.000799 | lr 0.000713 | 2.7min
  VAL 99.95%
  TEST 99.9600%
  *** New best: 99.9600% ***
  step 11500 | loss 0.001652 | lr 0.000688 | 2.9min
  step 12000 | loss 0.000666 | lr 0.000664 | 3.1min
  VAL 99.70%
  TEST 99.5900%
  step 12500 | loss 0.000864 | lr 0.000638 | 3.2min
  step 13000 | loss 0.001138 | lr 0.000613 | 3.3min
  VAL 99.45%
  TEST 99.2900%
  step 13500 | loss 0.000626 | lr 0.000587 | 3.5min
  step 14000 | loss 0.000530 | lr 0.000561 | 3.7min
  VAL 100.00%
  TEST 99.9100%
  step 14500 | loss 0.000852 | lr 0.000534 | 3.8min
  step 15000 | loss 0.000549 | lr 0.000508 | 4.0min
  VAL 97.35%
  step 15500 | loss 0.000484 | lr 0.000481 | 4.1min
  step 16000 | loss 0.000805 | lr 0.000455 | 4.2min
  VAL 99.95%
  TEST 99.9500%
  step 16500 | loss 0.000402 | lr 0.000429 | 4.4min
  step 17000 | loss 0.000583 | lr 0.000403 | 4.5min
  VAL 99.45%
  TEST 99.5000%
  step 17500 | loss 0.000403 | lr 0.000377 | 4.7min
  step 18000 | loss 0.000378 | lr 0.000352 | 4.8min
  VAL 99.95%
  TEST 99.9100%
  step 18500 | loss 0.000319 | lr 0.000327 | 5.0min
  step 19000 | loss 0.000319 | lr 0.000302 | 5.1min
  VAL 99.95%
  TEST 99.9800%
  *** New best: 99.9800% ***
  step 19500 | loss 0.000314 | lr 0.000278 | 5.3min
  step 20000 | loss 0.000291 | lr 0.000255 | 5.4min
  VAL 100.00%
  TEST 100.0000%
  *** New best: 100.0000% ***
  step 20500 | loss 0.000302 | lr 0.000232 | 5.6min
  step 21000 | loss 0.000245 | lr 0.000210 | 5.7min
  VAL 100.00%
  TEST 100.0000%
  step 21500 | loss 0.000217 | lr 0.000189 | 5.9min
  step 22000 | loss 0.000188 | lr 0.000169 | 6.0min
  VAL 100.00%
  TEST 100.0000%
  step 22500 | loss 0.000175 | lr 0.000149 | 6.2min
  step 23000 | loss 0.000173 | lr 0.000131 | 6.3min
  VAL 100.00%
  TEST 100.0000%
  step 23500 | loss 0.000132 | lr 0.000114 | 6.5min
  step 24000 | loss 0.000151 | lr 0.000097 | 6.6min
  VAL 100.00%
  TEST 100.0000%
  step 24500 | loss 0.000118 | lr 0.000082 | 6.8min
  step 25000 | loss 0.000135 | lr 0.000068 | 6.9min
  VAL 100.00%
  TEST 100.0000%
  step 25500 | loss 0.000098 | lr 0.000056 | 7.2min
  step 26000 | loss 0.000089 | lr 0.000044 | 7.3min
  VAL 100.00%
  TEST 100.0000%
  step 26500 | loss 0.000079 | lr 0.000034 | 7.5min
  step 27000 | loss 0.000072 | lr 0.000025 | 7.6min
  VAL 100.00%
  TEST 100.0000%
  step 27500 | loss 0.000072 | lr 0.000017 | 7.8min
  step 28000 | loss 0.000071 | lr 0.000011 | 7.9min
  VAL 100.00%
  TEST 100.0000%
  step 28500 | loss 0.000067 | lr 0.000006 | 8.1min
  step 29000 | loss 0.000064 | lr 0.000003 | 8.2min
  VAL 100.00%
  TEST 100.0000%
  step 29500 | loss 0.000063 | lr 0.000001 | 8.4min
  step 30000 | loss 0.000065 | lr 0.000000 | 8.5min
  VAL 100.00%
  TEST 100.0000%

Training complete in 8.5 minutes
Best test accuracy: 100.0000%
