Model: RL4RL Autoresearch candidate
Author: configured in run manifest
Parameters (unique): 5824
Architecture: decoder-only addition transformer d=16, h=2, L=2, ff=44
Tricks: autoregressive greedy decoding, weights from checkpoint

  Progress: 1000/10010 (1000/1000 correct) [7.4s]
  Progress: 2000/10010 (2000/2000 correct) [14.0s]
  Progress: 3000/10010 (3000/3000 correct) [20.6s]
  Progress: 4000/10010 (4000/4000 correct) [27.2s]
  Progress: 5000/10010 (5000/5000 correct) [33.7s]
  Progress: 6000/10010 (5999/6000 correct) [40.4s]
  Progress: 7000/10010 (6998/7000 correct) [47.5s]
  Progress: 8000/10010 (7998/8000 correct) [54.5s]
  Progress: 9000/10010 (8998/9000 correct) [62.3s]
  Progress: 10000/10010 (9998/10000 correct) [69.1s]

Results: 10008/10010 correct (99.98%)
Time: 69.2s (145 additions/sec)
Status: QUALIFIED (threshold: 99%)

Failures (2):
  7242436766 + 7854643033 = 15097079799, got 15087079799
  1901502275 + 7901360489 = 9802862764, got 8802862764
