Model: 2,835 parameters
Config: d=14, h=2, L=2, ff=23
Device: mps

Training for 30000 steps...
  step   500 | loss 1.484276 | lr 0.001000 | 0.2min
  step  1000 | loss 1.410324 | lr 0.000999 | 0.3min
  VAL 0.00%
  step  1500 | loss 1.361077 | lr 0.000996 | 0.4min
  step  2000 | loss 1.323307 | lr 0.000992 | 0.6min
  VAL 0.00%
  step  2500 | loss 1.333744 | lr 0.000987 | 0.7min
  step  3000 | loss 1.339855 | lr 0.000980 | 0.8min
  VAL 0.00%
  step  3500 | loss 1.302954 | lr 0.000972 | 1.0min
  step  4000 | loss 1.251341 | lr 0.000962 | 1.1min
  VAL 0.00%
  step  4500 | loss 1.230726 | lr 0.000951 | 1.2min
  step  5000 | loss 1.208437 | lr 0.000939 | 1.4min
  VAL 0.00%
  step  5500 | loss 1.206762 | lr 0.000926 | 1.5min
  step  6000 | loss 1.179425 | lr 0.000912 | 1.7min
  VAL 0.00%
  step  6500 | loss 1.161553 | lr 0.000896 | 1.8min
  step  7000 | loss 1.165837 | lr 0.000880 | 1.9min
  VAL 0.00%
  step  7500 | loss 1.141800 | lr 0.000862 | 2.0min
  step  8000 | loss 1.107001 | lr 0.000843 | 2.2min
  VAL 0.00%
  step  8500 | loss 1.110881 | lr 0.000823 | 2.3min
  step  9000 | loss 0.896723 | lr 0.000803 | 2.5min
  VAL 0.00%
  step  9500 | loss 0.832841 | lr 0.000781 | 2.6min
  step 10000 | loss 0.662030 | lr 0.000759 | 2.7min
  VAL 0.05%
  step 10500 | loss 0.623694 | lr 0.000736 | 2.8min
  step 11000 | loss 0.587050 | lr 0.000713 | 3.0min
  VAL 0.10%
  step 11500 | loss 0.576680 | lr 0.000688 | 3.1min
  step 12000 | loss 0.554963 | lr 0.000664 | 3.3min
  VAL 0.05%
  step 12500 | loss 0.431626 | lr 0.000638 | 3.4min
  step 13000 | loss 0.399997 | lr 0.000613 | 3.5min
  VAL 0.45%
  step 13500 | loss 0.387004 | lr 0.000587 | 3.7min
  step 14000 | loss 0.293398 | lr 0.000561 | 3.8min
  VAL 2.55%
  step 14500 | loss 0.270224 | lr 0.000534 | 3.9min
  step 15000 | loss 0.237179 | lr 0.000508 | 4.1min
  VAL 4.10%
  step 15500 | loss 0.238757 | lr 0.000481 | 4.2min
  step 16000 | loss 0.222540 | lr 0.000455 | 4.4min
  VAL 5.05%
  step 16500 | loss 0.212186 | lr 0.000429 | 4.5min
  step 17000 | loss 0.220645 | lr 0.000403 | 4.6min
  VAL 6.50%
  step 17500 | loss 0.206970 | lr 0.000377 | 4.7min
  step 18000 | loss 0.202764 | lr 0.000352 | 4.9min
  VAL 6.90%
  step 18500 | loss 0.201667 | lr 0.000327 | 5.0min
  step 19000 | loss 0.200728 | lr 0.000302 | 5.2min
  VAL 8.40%
  step 19500 | loss 0.201631 | lr 0.000278 | 5.3min
  step 20000 | loss 0.198344 | lr 0.000255 | 5.4min
  VAL 8.70%
  step 20500 | loss 0.197937 | lr 0.000232 | 5.5min
  step 21000 | loss 0.199690 | lr 0.000210 | 5.6min
  VAL 9.20%
  step 21500 | loss 0.197080 | lr 0.000189 | 5.8min
  step 22000 | loss 0.196090 | lr 0.000169 | 5.9min
  VAL 9.25%
  step 22500 | loss 0.195207 | lr 0.000149 | 6.1min
  step 23000 | loss 0.195640 | lr 0.000131 | 6.2min
  VAL 9.60%
  step 23500 | loss 0.194429 | lr 0.000114 | 6.3min
  step 24000 | loss 0.194207 | lr 0.000097 | 6.5min
  VAL 8.80%
  step 24500 | loss 0.193986 | lr 0.000082 | 6.6min
  step 25000 | loss 0.193916 | lr 0.000068 | 6.7min
  VAL 10.35%
  step 25500 | loss 0.193960 | lr 0.000056 | 6.9min
  step 26000 | loss 0.193966 | lr 0.000044 | 7.0min
  VAL 10.15%
  step 26500 | loss 0.193426 | lr 0.000034 | 7.2min
  step 27000 | loss 0.193857 | lr 0.000025 | 7.3min
  VAL 9.50%
  step 27500 | loss 0.193745 | lr 0.000017 | 7.4min
  step 28000 | loss 0.193406 | lr 0.000011 | 7.5min
  VAL 9.60%
  step 28500 | loss 0.193504 | lr 0.000006 | 7.7min
  step 29000 | loss 0.193385 | lr 0.000003 | 7.8min
  VAL 9.40%
  step 29500 | loss 0.193185 | lr 0.000001 | 7.9min
  step 30000 | loss 0.193362 | lr 0.000000 | 8.0min
  VAL 9.65%

Training complete in 8.0 minutes
Best test accuracy: 0.0000%
