Model: RL4RL Autoresearch candidate
Author: configured in run manifest
Parameters (unique): 2835
Architecture: decoder-only addition transformer d=14, h=2, L=2, ff=23
Tricks: autoregressive greedy decoding, weights from checkpoint

  Progress: 1000/10010 (100/1000 correct) [11.1s]
  Progress: 2000/10010 (185/2000 correct) [21.8s]
  Progress: 3000/10010 (286/3000 correct) [33.0s]
  Progress: 4000/10010 (393/4000 correct) [42.3s]
  Progress: 5000/10010 (493/5000 correct) [51.1s]
  Progress: 6000/10010 (586/6000 correct) [59.8s]
  Progress: 7000/10010 (682/7000 correct) [68.7s]
  Progress: 8000/10010 (774/8000 correct) [77.6s]
  Progress: 9000/10010 (865/9000 correct) [86.5s]
  Progress: 10000/10010 (959/10000 correct) [95.3s]

Results: 959/10010 correct (9.58%)
Time: 95.4s (105 additions/sec)
Status: NOT QUALIFIED (threshold: 99%)

First 20 failures (of 9051):
  0 + 0 = 0, got 2
  0 + 1 = 1, got 2
  9999999999 + 0 = 9999999999, got 9999999997
  9999999999 + 1 = 10000000000, got 9999999997
  9999999999 + 9999999999 = 19999999998, got 19999999999
  5000000000 + 5000000000 = 10000000000, got 2
  1111111111 + 8888888889 = 10000000000, got 10000000005
  1234567890 + 9876543210 = 11111111100, got 11111111097
  9999999999 + 9999999999 = 19999999998, got 19999999999
  1 + 9999999999 = 10000000000, got 9999999995
  2395527356 + 9334186774 = 11729714130, got 11729714127
  4296888873 + 8475224721 = 12772113594, got 12772113597
  2446880696 + 4577514554 = 7024395250, got 7024395248
  1721735679 + 186192860 = 1907928539, got 1907928537
  3295396137 + 8512642381 = 11808038518, got 11808038519
  4721664841 + 8801376086 = 13523040927, got 13523040929
  8709633390 + 2191376109 = 10901009499, got 10901009497
  813236058 + 3041824170 = 3855060228, got 3855060227
  7038162399 + 8251837442 = 15289999841, got 15289999837
  3917771074 + 2558389380 = 6476160454, got 6476160458
