Model: 2,767 parameters
Config: d=14, h=2, L=2, ff=23
Device: mps

Training for 30000 steps...
  step   500 | loss 1.460982 | lr 0.001000 | 0.2min
  step  1000 | loss 1.352567 | lr 0.000999 | 0.3min
  VAL 0.00%
  step  1500 | loss 1.359135 | lr 0.000996 | 0.5min
  step  2000 | loss 1.294154 | lr 0.000992 | 0.6min
  VAL 0.00%
  step  2500 | loss 0.980093 | lr 0.000987 | 0.8min
  step  3000 | loss 0.560613 | lr 0.000980 | 0.9min
  VAL 0.00%
  step  3500 | loss 0.400459 | lr 0.000972 | 1.1min
  step  4000 | loss 0.321521 | lr 0.000962 | 1.3min
  VAL 2.35%
  step  4500 | loss 0.293207 | lr 0.000951 | 1.4min
  step  5000 | loss 0.264905 | lr 0.000939 | 1.5min
  VAL 5.05%
  step  5500 | loss 0.244241 | lr 0.000926 | 1.7min
  step  6000 | loss 0.231215 | lr 0.000912 | 1.8min
  VAL 7.75%
  step  6500 | loss 0.219176 | lr 0.000896 | 1.9min
  step  7000 | loss 0.210544 | lr 0.000880 | 2.1min
  VAL 7.80%
  step  7500 | loss 0.206833 | lr 0.000862 | 2.3min
  step  8000 | loss 0.202851 | lr 0.000843 | 2.4min
  VAL 7.90%
  step  8500 | loss 0.200629 | lr 0.000823 | 2.6min
  step  9000 | loss 0.199235 | lr 0.000803 | 2.8min
  VAL 8.85%
  step  9500 | loss 0.198680 | lr 0.000781 | 2.9min
  step 10000 | loss 0.187171 | lr 0.000759 | 3.1min
  VAL 13.00%
  step 10500 | loss 0.117583 | lr 0.000736 | 3.3min
  step 11000 | loss 0.031558 | lr 0.000713 | 3.4min
  VAL 78.40%
  step 11500 | loss 0.013564 | lr 0.000688 | 3.6min
  step 12000 | loss 0.010646 | lr 0.000664 | 3.8min
  VAL 84.70%
  step 12500 | loss 0.007309 | lr 0.000638 | 3.9min
  step 13000 | loss 0.005659 | lr 0.000613 | 4.1min
  VAL 91.10%
  step 13500 | loss 0.002694 | lr 0.000587 | 4.2min
  step 14000 | loss 0.001908 | lr 0.000561 | 4.4min
  VAL 99.55%
  TEST 99.3900%
  *** New best: 99.3900% ***
  step 14500 | loss 0.001854 | lr 0.000534 | 4.6min
  step 15000 | loss 0.001886 | lr 0.000508 | 4.8min
  VAL 99.30%
  TEST 99.3800%
  step 15500 | loss 0.001364 | lr 0.000481 | 5.0min
  step 16000 | loss 0.001795 | lr 0.000455 | 5.1min
  VAL 93.75%
  step 16500 | loss 0.000621 | lr 0.000429 | 5.3min
  step 17000 | loss 0.000605 | lr 0.000403 | 5.5min
  VAL 99.75%
  TEST 99.7000%
  *** New best: 99.7000% ***
  step 17500 | loss 0.000623 | lr 0.000377 | 5.6min
  step 18000 | loss 0.000715 | lr 0.000352 | 5.8min
  VAL 99.85%
  TEST 99.8000%
  *** New best: 99.8000% ***
  step 18500 | loss 0.000543 | lr 0.000327 | 6.0min
  step 19000 | loss 0.000356 | lr 0.000302 | 6.2min
  VAL 98.75%
  step 19500 | loss 0.000323 | lr 0.000278 | 6.3min
  step 20000 | loss 0.000119 | lr 0.000255 | 6.5min
  VAL 99.95%
  TEST 99.9600%
  *** New best: 99.9600% ***
  step 20500 | loss 0.000135 | lr 0.000232 | 6.7min
  step 21000 | loss 0.000088 | lr 0.000210 | 6.8min
  VAL 99.95%
  TEST 99.9900%
  *** New best: 99.9900% ***
  step 21500 | loss 0.000084 | lr 0.000189 | 7.1min
  step 22000 | loss 0.000162 | lr 0.000169 | 7.2min
  VAL 100.00%
  TEST 99.9800%
  step 22500 | loss 0.000070 | lr 0.000149 | 7.4min
  step 23000 | loss 0.000407 | lr 0.000131 | 7.6min
  VAL 99.85%
  TEST 99.8000%
  step 23500 | loss 0.000056 | lr 0.000114 | 7.8min
  step 24000 | loss 0.000066 | lr 0.000097 | 7.9min
  VAL 100.00%
  TEST 99.9900%
  step 24500 | loss 0.000054 | lr 0.000082 | 8.1min
  step 25000 | loss 0.000048 | lr 0.000068 | 8.3min
  VAL 100.00%
  TEST 100.0000%
  *** New best: 100.0000% ***
  step 25500 | loss 0.000044 | lr 0.000056 | 8.4min
  step 26000 | loss 0.000047 | lr 0.000044 | 8.6min
  VAL 100.00%
  TEST 100.0000%
  step 26500 | loss 0.000036 | lr 0.000034 | 8.8min
  step 27000 | loss 0.000036 | lr 0.000025 | 8.9min
  VAL 100.00%
  TEST 100.0000%
  step 27500 | loss 0.000034 | lr 0.000017 | 9.1min
  step 28000 | loss 0.000033 | lr 0.000011 | 9.2min
  VAL 100.00%
  TEST 100.0000%
  step 28500 | loss 0.000033 | lr 0.000006 | 9.4min
  step 29000 | loss 0.000032 | lr 0.000003 | 9.6min
  VAL 100.00%
  TEST 100.0000%
  step 29500 | loss 0.000036 | lr 0.000001 | 9.8min
  step 30000 | loss 0.000029 | lr 0.000000 | 9.9min
  VAL 100.00%
  TEST 100.0000%

Training complete in 10.0 minutes
Best test accuracy: 100.0000%
