Initialized from retained incumbent: /Users/utshaho/Documents/GitHub/rl4rl/data/raw/autoresearch/sol-xhigh-overnight-20260814/state/incumbent.pt
Model: 3,488 parameters
Config: d=16, h=2, L=2, ff=10
Device: mps

INITIAL VAL 0.00%

Fine-tuning for up to 10000 steps...
  step   500 | loss 0.585523 | lr 0.000100 | 0.1min
  VAL 39.95%
  step  1000 | loss 0.507245 | lr 0.000099 | 0.3min
  VAL 46.45%
  step  1500 | loss 0.453812 | lr 0.000096 | 0.4min
  VAL 47.90%
  step  2000 | loss 0.421935 | lr 0.000093 | 0.5min
  VAL 48.20%
  step  2500 | loss 0.391115 | lr 0.000088 | 0.6min
  VAL 49.50%
  step  3000 | loss 0.382305 | lr 0.000082 | 0.7min
  VAL 52.60%
  step  3500 | loss 0.359509 | lr 0.000075 | 0.8min
  VAL 71.55%
  step  4000 | loss 0.342969 | lr 0.000068 | 0.9min
  VAL 87.55%
  step  4500 | loss 0.330839 | lr 0.000060 | 1.0min
  VAL 97.75%
  step  5000 | loss 0.329559 | lr 0.000052 | 1.2min
  VAL 98.75%
  step  5500 | loss 0.321276 | lr 0.000044 | 1.3min
  VAL 99.20%
  TEST 99.1200%
  *** New best: 99.1200% ***
  step  6000 | loss 0.310166 | lr 0.000036 | 1.4min
  VAL 99.10%
  TEST 99.1200%
  step  6500 | loss 0.305453 | lr 0.000029 | 1.6min
  VAL 99.25%
  TEST 99.2000%
  *** New best: 99.2000% ***
  step  7000 | loss 0.300107 | lr 0.000022 | 1.7min
  VAL 99.25%
  TEST 98.8700%
  step  7500 | loss 0.296276 | lr 0.000016 | 1.9min
  VAL 99.15%
  TEST 99.1000%
  step  8000 | loss 0.299224 | lr 0.000010 | 2.0min
  VAL 99.40%
  TEST 99.3300%
  *** New best: 99.3300% ***
  step  8500 | loss 0.299961 | lr 0.000006 | 2.2min
  VAL 99.30%
  TEST 99.1800%
  step  9000 | loss 0.291078 | lr 0.000003 | 2.4min
  VAL 99.30%
  TEST 99.2300%
  step  9500 | loss 0.289898 | lr 0.000001 | 2.5min
  VAL 99.35%
  TEST 99.4300%
  *** New best: 99.4300% ***
  step 10000 | loss 0.288370 | lr 0.000000 | 2.7min
  VAL 99.30%
  TEST 99.3500%

Training complete in 2.7 minutes
Best test accuracy: 99.4300%
