Model: RL4RL Autoresearch candidate
Author: configured in run manifest
Parameters (unique): 1984
Architecture: decoder-only addition transformer d=16, h=2, L=2, ff=10, block1_ff=8, fixed_separators=True, tied_position_pairs=[[4, 15], [7, 18], [5, 16], [3, 14], [2, 13], [8, 19], [6, 17], [1, 12], [0, 11], [9, 20]], interpolated_positions=[23, 24, 25, 26, 27], qkv_pruned=64
Tricks: autoregressive greedy decoding, weights from checkpoint

  Progress: 1000/10010 (1000/1000 correct) [4.7s]
  Progress: 2000/10010 (1998/2000 correct) [9.2s]
  Progress: 3000/10010 (2996/3000 correct) [13.6s]
  Progress: 4000/10010 (3993/4000 correct) [18.0s]
  Progress: 5000/10010 (4990/5000 correct) [22.5s]
  Progress: 6000/10010 (5988/6000 correct) [27.0s]
  Progress: 7000/10010 (6985/7000 correct) [31.7s]
  Progress: 8000/10010 (7984/8000 correct) [36.4s]
  Progress: 9000/10010 (8981/9000 correct) [41.3s]
  Progress: 10000/10010 (9978/10000 correct) [45.8s]

Results: 9988/10010 correct (99.78%)
Time: 45.8s (218 additions/sec)
Status: QUALIFIED (threshold: 99%)

First 20 failures (of 22):
  4624637094 + 517131976 = 5141769070, got 5041769070
  8619826738 + 4616944263 = 13236771001, got 13136771001
  9278473654 + 9413599947 = 18692073601, got 19692073601
  5793391971 + 3268104699 = 9061496670, got 8461496670
  1798242999 + 3267329002 = 5065572001, got 5465572001
  769934205 + 3291658886 = 4061593091, got 4461593091
  9217700662 + 9448597295 = 18666297957, got 19666297957
  3669896045 + 5516370678 = 9186266723, got 9086266723
  8191852004 + 7194996854 = 15386848858, got 15396848858
  9402679499 + 9293095411 = 18695774910, got 19695774910
  9767461414 + 3295939467 = 13063400881, got 12463400881
  9479323125 + 9453799615 = 18933122740, got 19933122740
  9360408474 + 9213913869 = 18574322343, got 19574322343
  9611914057 + 7529885855 = 17141799912, got 17041799912
  1618177326 + 9562788083 = 11180965409, got 11080965409
  8663790250 + 5518332359 = 14182122609, got 14082122609
  7297817847 + 6762492828 = 14060310675, got 14460310675
  9516562991 + 9413390151 = 18929953142, got 19929953142
  9201756155 + 9771972022 = 18973728177, got 19973728177
  8568714534 + 5613554980 = 14182269514, got 14082269514
