Initialized from retained incumbent: /Users/utshaho/Documents/GitHub/rl4rl/data/raw/autoresearch/sol-xhigh-overnight-20260814/state/incumbent.pt
Model: 2,384 parameters
Config: d=16, h=2, L=2, ff=10
Device: mps

INITIAL VAL 0.00%

Fine-tuning for up to 10000 steps...
  step   500 | loss 1.188945 | lr 0.000100 | 0.1min
  VAL 0.00%
  step  1000 | loss 0.584454 | lr 0.000099 | 0.2min
  VAL 1.05%
  step  1500 | loss 0.401985 | lr 0.000096 | 0.3min
  VAL 12.60%
  step  2000 | loss 0.389594 | lr 0.000093 | 0.4min
  VAL 26.75%
  step  2500 | loss 0.348986 | lr 0.000088 | 0.5min
  VAL 33.20%
  step  3000 | loss 0.327816 | lr 0.000082 | 0.6min
  VAL 38.80%
  step  3500 | loss 0.323640 | lr 0.000075 | 0.7min
  VAL 38.15%
  step  4000 | loss 0.303685 | lr 0.000068 | 0.8min
  VAL 42.55%
  step  4500 | loss 0.312430 | lr 0.000060 | 0.9min
  VAL 45.65%
  step  5000 | loss 0.302576 | lr 0.000052 | 1.0min
  VAL 45.50%
  step  5500 | loss 0.298246 | lr 0.000044 | 1.1min
  VAL 46.65%
  step  6000 | loss 0.289814 | lr 0.000036 | 1.2min
  VAL 43.50%
  step  6500 | loss 0.294638 | lr 0.000029 | 1.2min
  VAL 43.45%
  step  7000 | loss 0.294676 | lr 0.000022 | 1.3min
  VAL 45.00%
  step  7500 | loss 0.280023 | lr 0.000016 | 1.4min
  VAL 43.60%
  step  8000 | loss 0.291857 | lr 0.000010 | 1.5min
  VAL 44.45%
  step  8500 | loss 0.287005 | lr 0.000006 | 1.7min
  VAL 43.05%
  step  9000 | loss 0.269826 | lr 0.000003 | 1.8min
  VAL 42.05%
  step  9500 | loss 0.275459 | lr 0.000001 | 1.9min
  VAL 43.85%
  step 10000 | loss 0.270520 | lr 0.000000 | 2.0min
  VAL 43.60%

Training complete in 2.0 minutes
Best test accuracy: 0.0000%
