Model: 2,656 parameters
Config: d=16, h=2, L=2, ff=16
Device: mps

Training for 45000 steps...
  step   500 | loss 1.600744 | lr 0.001000 | 0.2min
  step  1000 | loss 1.452157 | lr 0.000999 | 0.3min
  VAL 0.00%
  step  1500 | loss 1.273569 | lr 0.000998 | 0.4min
  step  2000 | loss 0.832592 | lr 0.000996 | 0.5min
  VAL 0.00%
  step  2500 | loss 0.683363 | lr 0.000994 | 0.6min
  step  3000 | loss 0.593473 | lr 0.000991 | 0.8min
  VAL 0.35%
  step  3500 | loss 0.558186 | lr 0.000987 | 0.9min
  step  4000 | loss 0.525337 | lr 0.000983 | 1.0min
  VAL 0.60%
  step  4500 | loss 0.341600 | lr 0.000978 | 1.1min
  step  5000 | loss 0.303542 | lr 0.000973 | 1.2min
  VAL 8.35%
  step  5500 | loss 0.293091 | lr 0.000967 | 1.3min
  step  6000 | loss 0.275537 | lr 0.000960 | 1.4min
  VAL 9.05%
  step  6500 | loss 0.274397 | lr 0.000953 | 1.5min
  step  7000 | loss 0.264603 | lr 0.000946 | 1.7min
  VAL 10.35%
  step  7500 | loss 0.258137 | lr 0.000937 | 1.8min
  step  8000 | loss 0.260707 | lr 0.000929 | 1.9min
  VAL 10.20%
  step  8500 | loss 0.249252 | lr 0.000919 | 2.0min
  step  9000 | loss 0.249978 | lr 0.000909 | 2.1min
  VAL 9.00%
  step  9500 | loss 0.248460 | lr 0.000899 | 2.2min
  step 10000 | loss 0.246118 | lr 0.000888 | 2.3min
  VAL 9.20%
  step 10500 | loss 0.069153 | lr 0.000877 | 2.4min
  step 11000 | loss 0.042430 | lr 0.000865 | 2.6min
  VAL 83.25%
  step 11500 | loss 0.043118 | lr 0.000853 | 2.7min
  step 12000 | loss 0.041795 | lr 0.000840 | 2.8min
  VAL 96.00%
  step 12500 | loss 0.035498 | lr 0.000827 | 2.9min
  step 13000 | loss 0.034755 | lr 0.000814 | 3.0min
  VAL 96.15%
  step 13500 | loss 0.032957 | lr 0.000800 | 3.1min
  step 14000 | loss 0.030620 | lr 0.000786 | 3.3min
  VAL 97.15%
  step 14500 | loss 0.038564 | lr 0.000771 | 3.4min
  step 15000 | loss 0.021708 | lr 0.000756 | 3.5min
  VAL 97.40%
  step 15500 | loss 0.021868 | lr 0.000741 | 3.6min
  step 16000 | loss 0.020771 | lr 0.000725 | 3.7min
  VAL 96.20%
  step 16500 | loss 0.018438 | lr 0.000709 | 3.8min
  step 17000 | loss 0.018014 | lr 0.000693 | 3.9min
  VAL 97.40%
  step 17500 | loss 0.016301 | lr 0.000677 | 4.0min
  step 18000 | loss 0.013330 | lr 0.000661 | 4.2min
  VAL 98.05%
  step 18500 | loss 0.015676 | lr 0.000644 | 4.3min
  step 19000 | loss 0.013818 | lr 0.000627 | 4.4min
  VAL 98.40%
  step 19500 | loss 0.013089 | lr 0.000610 | 4.5min
  step 20000 | loss 0.012057 | lr 0.000593 | 4.6min
  VAL 99.15%
  TEST 99.1800%
  *** New best: 99.1800% ***
  step 20500 | loss 0.010923 | lr 0.000575 | 4.8min
  step 21000 | loss 0.009489 | lr 0.000558 | 4.9min
  VAL 99.20%
  TEST 99.4400%
  *** New best: 99.4400% ***
  step 21500 | loss 0.010501 | lr 0.000540 | 5.1min
  step 22000 | loss 0.010750 | lr 0.000523 | 5.2min
  VAL 99.80%
  TEST 99.7600%
  *** New best: 99.7600% ***
  step 22500 | loss 0.007125 | lr 0.000505 | 5.4min
  step 23000 | loss 0.007221 | lr 0.000488 | 5.5min
  VAL 99.45%
  TEST 99.6600%
  step 23500 | loss 0.005950 | lr 0.000470 | 5.6min
  step 24000 | loss 0.005814 | lr 0.000453 | 5.7min
  VAL 99.90%
  TEST 99.8800%
  *** New best: 99.8800% ***
  step 24500 | loss 0.005562 | lr 0.000435 | 5.9min
  step 25000 | loss 0.005186 | lr 0.000418 | 6.0min
  VAL 99.90%
  TEST 99.9900%
  *** New best: 99.9900% ***
  Early stop after qualifying checkpoint at step 25000 (6.1min)
