Model: 2,677 parameters
Config: d=14, h=2, L=2, ff=23
Device: mps

Training for 50000 steps...
  step   500 | loss 1.475139 | lr 0.001000 | 0.2min
  step  1000 | loss 1.375757 | lr 0.001000 | 0.3min
  VAL 0.00%
  step  1500 | loss 1.371441 | lr 0.000999 | 0.5min
  step  2000 | loss 1.391995 | lr 0.000997 | 0.6min
  VAL 0.00%
  step  2500 | loss 1.381508 | lr 0.000995 | 0.7min
  step  3000 | loss 1.350319 | lr 0.000993 | 0.9min
  VAL 0.00%
  step  3500 | loss 1.329200 | lr 0.000990 | 1.0min
  step  4000 | loss 1.354669 | lr 0.000986 | 1.2min
  VAL 0.00%
  step  4500 | loss 1.290629 | lr 0.000982 | 1.3min
  step  5000 | loss 1.300896 | lr 0.000978 | 1.5min
  VAL 0.00%
  step  5500 | loss 1.277469 | lr 0.000973 | 1.6min
  step  6000 | loss 1.221480 | lr 0.000968 | 1.8min
  VAL 0.00%
  step  6500 | loss 1.236510 | lr 0.000962 | 1.9min
  step  7000 | loss 1.194265 | lr 0.000956 | 2.0min
  VAL 0.00%
  step  7500 | loss 1.222755 | lr 0.000949 | 2.2min
  step  8000 | loss 1.214869 | lr 0.000942 | 2.3min
  VAL 0.00%
  step  8500 | loss 1.210340 | lr 0.000934 | 2.5min
  step  9000 | loss 1.191167 | lr 0.000926 | 2.6min
  VAL 0.00%
  step  9500 | loss 1.162173 | lr 0.000918 | 2.8min
  step 10000 | loss 1.124820 | lr 0.000909 | 2.9min
  VAL 0.00%
  step 10500 | loss 0.930591 | lr 0.000900 | 3.0min
  step 11000 | loss 0.753900 | lr 0.000890 | 3.2min
  VAL 0.00%
  step 11500 | loss 0.712095 | lr 0.000880 | 3.3min
  step 12000 | loss 0.673392 | lr 0.000869 | 3.5min
  VAL 0.00%
  step 12500 | loss 0.520145 | lr 0.000859 | 3.6min
  step 13000 | loss 0.389232 | lr 0.000847 | 3.8min
  VAL 0.10%
  step 13500 | loss 0.193233 | lr 0.000836 | 3.9min
  step 14000 | loss 0.137388 | lr 0.000824 | 4.1min
  VAL 10.30%
  step 14500 | loss 0.109321 | lr 0.000812 | 4.2min
  step 15000 | loss 0.071186 | lr 0.000799 | 4.3min
  VAL 29.45%
  step 15500 | loss 0.056733 | lr 0.000786 | 4.5min
  step 16000 | loss 0.039094 | lr 0.000773 | 4.6min
  VAL 47.25%
  step 16500 | loss 0.028633 | lr 0.000760 | 4.8min
  step 17000 | loss 0.025064 | lr 0.000746 | 4.9min
  VAL 58.25%
  step 17500 | loss 0.020323 | lr 0.000732 | 5.0min
  step 18000 | loss 0.013232 | lr 0.000718 | 5.2min
  VAL 73.20%
  step 18500 | loss 0.012669 | lr 0.000704 | 5.3min
  step 19000 | loss 0.009191 | lr 0.000690 | 5.5min
  VAL 82.85%
  step 19500 | loss 0.007060 | lr 0.000675 | 5.6min
  step 20000 | loss 0.008353 | lr 0.000660 | 5.8min
  VAL 88.80%
  step 20500 | loss 0.007058 | lr 0.000645 | 5.9min
  step 21000 | loss 0.006376 | lr 0.000630 | 6.1min
  VAL 90.95%
  step 21500 | loss 0.006936 | lr 0.000614 | 6.2min
  step 22000 | loss 0.003607 | lr 0.000599 | 6.3min
  VAL 91.70%
  step 22500 | loss 0.003157 | lr 0.000583 | 6.5min
  step 23000 | loss 0.002068 | lr 0.000568 | 6.6min
  VAL 94.45%
  step 23500 | loss 0.001843 | lr 0.000552 | 6.8min
  step 24000 | loss 0.001752 | lr 0.000536 | 6.9min
  VAL 95.20%
  step 24500 | loss 0.001367 | lr 0.000521 | 7.1min
  step 25000 | loss 0.001499 | lr 0.000505 | 7.2min
  VAL 91.25%
  step 25500 | loss 0.001214 | lr 0.000489 | 7.4min
  step 26000 | loss 0.001929 | lr 0.000473 | 7.5min
  VAL 94.30%
  step 26500 | loss 0.002123 | lr 0.000457 | 7.7min
  step 27000 | loss 0.003913 | lr 0.000442 | 7.8min
  VAL 97.20%
  step 27500 | loss 0.001032 | lr 0.000426 | 8.0min
  step 28000 | loss 0.001803 | lr 0.000410 | 8.1min
  VAL 95.80%
  step 28500 | loss 0.000943 | lr 0.000395 | 8.2min
  step 29000 | loss 0.000718 | lr 0.000380 | 8.4min
  VAL 98.40%
  step 29500 | loss 0.000676 | lr 0.000364 | 8.5min
  step 30000 | loss 0.001167 | lr 0.000349 | 8.6min
  VAL 98.75%
  step 30500 | loss 0.000271 | lr 0.000334 | 8.8min
  step 31000 | loss 0.000491 | lr 0.000319 | 8.9min
  VAL 98.70%
  step 31500 | loss 0.000800 | lr 0.000305 | 9.1min
  step 32000 | loss 0.000387 | lr 0.000290 | 9.2min
  VAL 98.90%
  step 32500 | loss 0.000558 | lr 0.000276 | 9.4min
  step 33000 | loss 0.000210 | lr 0.000262 | 9.5min
  VAL 99.50%
  TEST 99.6400%
  *** New best: 99.6400% ***
  step 33500 | loss 0.000576 | lr 0.000248 | 9.7min
  step 34000 | loss 0.000616 | lr 0.000235 | 9.9min
  VAL 99.25%
  TEST 99.5600%
  step 34500 | loss 0.000623 | lr 0.000221 | 10.1min
  step 35000 | loss 0.000169 | lr 0.000208 | 10.2min
  VAL 98.55%
  step 35500 | loss 0.000174 | lr 0.000196 | 10.3min
  step 36000 | loss 0.000253 | lr 0.000183 | 10.5min
  VAL 99.40%
  TEST 99.6500%
  *** New best: 99.6500% ***
  step 36500 | loss 0.000258 | lr 0.000171 | 10.7min
  step 37000 | loss 0.000138 | lr 0.000160 | 10.8min
  VAL 99.05%
  TEST 99.5300%
  step 37500 | loss 0.000121 | lr 0.000148 | 11.0min
  step 38000 | loss 0.000228 | lr 0.000137 | 11.1min
  VAL 99.40%
  TEST 99.6600%
  *** New best: 99.6600% ***
  step 38500 | loss 0.000123 | lr 0.000126 | 11.3min
  step 39000 | loss 0.000097 | lr 0.000116 | 11.5min
  VAL 99.70%
  TEST 99.8400%
  *** New best: 99.8400% ***
  step 39500 | loss 0.000081 | lr 0.000106 | 11.7min
  step 40000 | loss 0.000178 | lr 0.000097 | 11.8min
  VAL 99.55%
  TEST 99.8200%
  step 40500 | loss 0.000304 | lr 0.000087 | 12.0min
  step 41000 | loss 0.000165 | lr 0.000079 | 12.2min
  VAL 99.85%
  TEST 99.8700%
  *** New best: 99.8700% ***
  step 41500 | loss 0.000206 | lr 0.000070 | 12.3min
  step 42000 | loss 0.000113 | lr 0.000063 | 12.5min
  VAL 99.90%
  TEST 99.8700%
  step 42500 | loss 0.000070 | lr 0.000055 | 12.7min
  step 43000 | loss 0.000055 | lr 0.000048 | 12.8min
  VAL 99.85%
  TEST 99.9500%
  *** New best: 99.9500% ***
  step 43500 | loss 0.000159 | lr 0.000042 | 13.0min
  step 44000 | loss 0.000049 | lr 0.000036 | 13.2min
  VAL 99.85%
  TEST 99.9500%
  step 44500 | loss 0.000056 | lr 0.000030 | 13.4min
  step 45000 | loss 0.000048 | lr 0.000025 | 13.5min
  VAL 99.85%
  TEST 99.9300%
  step 45500 | loss 0.000078 | lr 0.000020 | 13.7min
  step 46000 | loss 0.000046 | lr 0.000016 | 13.8min
  VAL 99.85%
  TEST 99.9700%
  *** New best: 99.9700% ***
  step 46500 | loss 0.000070 | lr 0.000012 | 14.0min
  step 47000 | loss 0.000060 | lr 0.000009 | 14.2min
  VAL 99.90%
  TEST 99.9500%
  step 47500 | loss 0.000050 | lr 0.000006 | 14.4min
  step 48000 | loss 0.000054 | lr 0.000004 | 14.5min
  VAL 99.85%
  TEST 99.9500%
  step 48500 | loss 0.000036 | lr 0.000002 | 14.7min
  step 49000 | loss 0.000063 | lr 0.000001 | 14.8min
  VAL 99.85%
  TEST 99.9600%
  step 49500 | loss 0.000036 | lr 0.000000 | 15.0min
  step 50000 | loss 0.000044 | lr 0.000000 | 15.2min
  VAL 99.85%
  TEST 99.9600%

Training complete in 15.2 minutes
Best test accuracy: 99.9700%
