Model: RL4RL Autoresearch candidate
Author: configured in run manifest
Parameters (unique): 2677
Architecture: decoder-only addition transformer d=14, h=2, L=2, ff=23
Tricks: autoregressive greedy decoding, weights from checkpoint

  Progress: 1000/10010 (1000/1000 correct) [8.1s]
  Progress: 2000/10010 (2000/2000 correct) [16.0s]
  Progress: 3000/10010 (3000/3000 correct) [24.1s]
  Progress: 4000/10010 (3998/4000 correct) [32.1s]
  Progress: 5000/10010 (4998/5000 correct) [40.1s]
  Progress: 6000/10010 (5997/6000 correct) [48.0s]
  Progress: 7000/10010 (6997/7000 correct) [56.1s]
  Progress: 8000/10010 (7996/8000 correct) [64.0s]
  Progress: 9000/10010 (8996/9000 correct) [72.0s]
  Progress: 10000/10010 (9996/10000 correct) [80.0s]

Results: 10006/10010 correct (99.96%)
Time: 80.1s (125 additions/sec)
Status: QUALIFIED (threshold: 99%)

Failures (4):
  5217777460 + 6955492794 = 12173270254, got 13173270254
  6038020100 + 5625723090 = 11663743190, got 11663742190
  4943693130 + 4909173204 = 9852866334, got 19852866334
  5630600336 + 2509615267 = 8140215603, got 8040215603
