Model: 2,725 parameters
Config: d=14, h=2, L=2, ff=23
Device: mps

Training for 30000 steps...
  step   500 | loss 1.532507 | lr 0.001000 | 0.2min
  step  1000 | loss 1.411998 | lr 0.000999 | 0.4min
  VAL 0.00%
  step  1500 | loss 1.419495 | lr 0.000996 | 0.6min
  step  2000 | loss 1.393910 | lr 0.000992 | 0.8min
  VAL 0.00%
  step  2500 | loss 1.389928 | lr 0.000987 | 1.0min
  step  3000 | loss 1.376459 | lr 0.000980 | 1.2min
  VAL 0.00%
  step  3500 | loss 1.347397 | lr 0.000972 | 1.4min
  step  4000 | loss 1.389145 | lr 0.000962 | 1.6min
  VAL 0.00%
  step  4500 | loss 1.365892 | lr 0.000951 | 1.8min
  step  5000 | loss 1.342164 | lr 0.000939 | 2.0min
  VAL 0.00%
  step  5500 | loss 1.350130 | lr 0.000926 | 2.2min
  step  6000 | loss 1.300222 | lr 0.000912 | 2.4min
  VAL 0.00%
  step  6500 | loss 1.275606 | lr 0.000896 | 2.7min
  step  7000 | loss 1.257514 | lr 0.000880 | 2.9min
  VAL 0.00%
  step  7500 | loss 1.253391 | lr 0.000862 | 3.1min
  step  8000 | loss 1.214610 | lr 0.000843 | 3.3min
  VAL 0.00%
  step  8500 | loss 1.204332 | lr 0.000823 | 3.5min
  step  9000 | loss 0.927848 | lr 0.000803 | 3.7min
  VAL 0.00%
  step  9500 | loss 0.787437 | lr 0.000781 | 3.9min
  step 10000 | loss 0.673003 | lr 0.000759 | 4.1min
  VAL 0.00%
  step 10500 | loss 0.589897 | lr 0.000736 | 4.2min
  step 11000 | loss 0.545435 | lr 0.000713 | 4.4min
  VAL 0.00%
  step 11500 | loss 0.499633 | lr 0.000688 | 4.6min
  step 12000 | loss 0.474746 | lr 0.000664 | 4.8min
  VAL 0.10%
  step 12500 | loss 0.445436 | lr 0.000638 | 5.0min
  step 13000 | loss 0.434621 | lr 0.000613 | 5.2min
  VAL 0.20%
  step 13500 | loss 0.409410 | lr 0.000587 | 5.4min
  step 14000 | loss 0.403029 | lr 0.000561 | 5.6min
  VAL 0.40%
  step 14500 | loss 0.405052 | lr 0.000534 | 5.8min
  step 15000 | loss 0.385482 | lr 0.000508 | 6.0min
  VAL 0.35%
  step 15500 | loss 0.388785 | lr 0.000481 | 6.2min
  step 16000 | loss 0.360472 | lr 0.000455 | 6.5min
  VAL 0.55%
  step 16500 | loss 0.385132 | lr 0.000429 | 6.7min
  step 17000 | loss 0.356880 | lr 0.000403 | 6.9min
  VAL 0.65%
  step 17500 | loss 0.354724 | lr 0.000377 | 7.1min
  step 18000 | loss 0.371638 | lr 0.000352 | 7.3min
  VAL 0.90%
  step 18500 | loss 0.363099 | lr 0.000327 | 7.5min
  step 19000 | loss 0.348914 | lr 0.000302 | 7.7min
  VAL 1.15%
  step 19500 | loss 0.353446 | lr 0.000278 | 7.9min
  step 20000 | loss 0.348434 | lr 0.000255 | 8.2min
  VAL 1.40%
  step 20500 | loss 0.351109 | lr 0.000232 | 8.4min
  step 21000 | loss 0.350196 | lr 0.000210 | 8.6min
  VAL 1.25%
  step 21500 | loss 0.333956 | lr 0.000189 | 8.9min
  step 22000 | loss 0.335375 | lr 0.000169 | 9.0min
  VAL 1.40%
  step 22500 | loss 0.337560 | lr 0.000149 | 9.3min
  step 23000 | loss 0.332105 | lr 0.000131 | 9.5min
  VAL 1.75%
  step 23500 | loss 0.341784 | lr 0.000114 | 9.7min
  step 24000 | loss 0.330070 | lr 0.000097 | 9.8min
  VAL 2.05%
  step 24500 | loss 0.332240 | lr 0.000082 | 10.0min
  step 25000 | loss 0.324464 | lr 0.000068 | 10.1min
  VAL 2.05%
  step 25500 | loss 0.329566 | lr 0.000056 | 10.3min
  step 26000 | loss 0.329878 | lr 0.000044 | 10.4min
  VAL 2.50%
  step 26500 | loss 0.323737 | lr 0.000034 | 10.7min
  step 27000 | loss 0.319470 | lr 0.000025 | 10.8min
  VAL 2.10%
  step 27500 | loss 0.320771 | lr 0.000017 | 11.0min
  step 28000 | loss 0.327421 | lr 0.000011 | 11.2min
  VAL 2.30%
  step 28500 | loss 0.316750 | lr 0.000006 | 11.4min
  step 29000 | loss 0.323775 | lr 0.000003 | 11.6min
  VAL 2.25%
  step 29500 | loss 0.321621 | lr 0.000001 | 11.7min
  step 30000 | loss 0.321744 | lr 0.000000 | 11.9min
  VAL 2.35%

Training complete in 11.9 minutes
Best test accuracy: 0.0000%
