Model: RL4RL Autoresearch candidate
Author: configured in run manifest
Parameters (unique): 2725
Architecture: decoder-only addition transformer d=14, h=2, L=2, ff=23
Tricks: autoregressive greedy decoding, weights from checkpoint

  Progress: 1000/10010 (16/1000 correct) [11.7s]
  Progress: 2000/10010 (34/2000 correct) [23.2s]
  Progress: 3000/10010 (48/3000 correct) [34.0s]
  Progress: 4000/10010 (66/4000 correct) [43.1s]
  Progress: 5000/10010 (87/5000 correct) [52.0s]
  Progress: 6000/10010 (109/6000 correct) [61.3s]
  Progress: 7000/10010 (119/7000 correct) [70.3s]
  Progress: 8000/10010 (140/8000 correct) [79.3s]
  Progress: 9000/10010 (157/9000 correct) [88.2s]
  Progress: 10000/10010 (179/10000 correct) [97.1s]

Results: 180/10010 correct (1.80%)
Time: 97.2s (103 additions/sec)
Status: NOT QUALIFIED (threshold: 99%)

First 20 failures (of 9830):
  0 + 0 = 0, got 5
  0 + 1 = 1, got 5
  9999999999 + 0 = 9999999999, got 9999999990
  9999999999 + 1 = 10000000000, got 9999999990
  9999999999 + 9999999999 = 19999999998, got 18999999902
  5000000000 + 5000000000 = 10000000000, got 5
  1111111111 + 8888888889 = 10000000000, got 10000999992
  1234567890 + 9876543210 = 11111111100, got 11111111092
  9999999999 + 9999999999 = 19999999998, got 18999999902
  1 + 9999999999 = 10000000000, got 10000000006
  2395527356 + 9334186774 = 11729714130, got 11729714102
  4296888873 + 8475224721 = 12772113594, got 12772113581
  2446880696 + 4577514554 = 7024395250, got 7024395212
  1721735679 + 186192860 = 1907928539, got 1907928512
  3295396137 + 8512642381 = 11808038518, got 10808038502
  4721664841 + 8801376086 = 13523040927, got 13523040911
  8709633390 + 2191376109 = 10901009499, got 10891009492
  813236058 + 3041824170 = 3855060228, got 3855060226
  7038162399 + 8251837442 = 15289999841, got 15389999802
  3917771074 + 2558389380 = 6476160454, got 6476160456
