Model: 2,732 parameters
Config: d=14, h=2, L=2, ff=23
Device: mps

Training for 30000 steps...
  step   500 | loss 1.491916 | lr 0.001000 | 0.2min
  step  1000 | loss 1.421378 | lr 0.000999 | 0.3min
  VAL 0.00%
  step  1500 | loss 1.361513 | lr 0.000996 | 0.5min
  step  2000 | loss 1.363107 | lr 0.000992 | 0.6min
  VAL 0.00%
  step  2500 | loss 1.316566 | lr 0.000987 | 0.8min
  step  3000 | loss 1.251914 | lr 0.000980 | 0.9min
  VAL 0.00%
  step  3500 | loss 1.258208 | lr 0.000972 | 1.1min
  step  4000 | loss 1.191006 | lr 0.000962 | 1.3min
  VAL 0.00%
  step  4500 | loss 1.233158 | lr 0.000951 | 1.4min
  step  5000 | loss 1.194014 | lr 0.000939 | 1.6min
  VAL 0.00%
  step  5500 | loss 1.194565 | lr 0.000926 | 1.7min
  step  6000 | loss 1.148111 | lr 0.000912 | 1.9min
  VAL 0.00%
  step  6500 | loss 1.176562 | lr 0.000896 | 2.0min
  step  7000 | loss 1.171277 | lr 0.000880 | 2.2min
  VAL 0.00%
  step  7500 | loss 1.169294 | lr 0.000862 | 2.3min
  step  8000 | loss 1.111127 | lr 0.000843 | 2.5min
  VAL 0.00%
  step  8500 | loss 1.129253 | lr 0.000823 | 2.6min
  step  9000 | loss 1.052334 | lr 0.000803 | 2.8min
  VAL 0.00%
  step  9500 | loss 0.816205 | lr 0.000781 | 2.9min
  step 10000 | loss 0.426432 | lr 0.000759 | 3.1min
  VAL 0.10%
  step 10500 | loss 0.273995 | lr 0.000736 | 3.2min
  step 11000 | loss 0.226913 | lr 0.000713 | 3.4min
  VAL 5.70%
  step 11500 | loss 0.209715 | lr 0.000688 | 3.5min
  step 12000 | loss 0.202376 | lr 0.000664 | 3.7min
  VAL 9.35%
  step 12500 | loss 0.198428 | lr 0.000638 | 3.8min
  step 13000 | loss 0.196412 | lr 0.000613 | 4.0min
  VAL 10.15%
  step 13500 | loss 0.194557 | lr 0.000587 | 4.1min
  step 14000 | loss 0.194368 | lr 0.000561 | 4.3min
  VAL 9.00%
  step 14500 | loss 0.194667 | lr 0.000534 | 4.4min
  step 15000 | loss 0.192943 | lr 0.000508 | 4.6min
  VAL 9.80%
  step 15500 | loss 0.192035 | lr 0.000481 | 4.7min
  step 16000 | loss 0.193346 | lr 0.000455 | 4.9min
  VAL 9.45%
  step 16500 | loss 0.193374 | lr 0.000429 | 5.0min
  step 17000 | loss 0.192859 | lr 0.000403 | 5.2min
  VAL 8.50%
  step 17500 | loss 0.193033 | lr 0.000377 | 5.3min
  step 18000 | loss 0.192583 | lr 0.000352 | 5.5min
  VAL 10.00%
  step 18500 | loss 0.192380 | lr 0.000327 | 5.6min
  step 19000 | loss 0.192666 | lr 0.000302 | 5.8min
  VAL 10.35%
  step 19500 | loss 0.192461 | lr 0.000278 | 5.9min
  step 20000 | loss 0.191910 | lr 0.000255 | 6.1min
  VAL 9.05%
  step 20500 | loss 0.192497 | lr 0.000232 | 6.3min
  step 21000 | loss 0.192417 | lr 0.000210 | 6.4min
  VAL 8.95%
  step 21500 | loss 0.191975 | lr 0.000189 | 6.6min
  step 22000 | loss 0.192192 | lr 0.000169 | 6.7min
  VAL 10.25%
  step 22500 | loss 0.192263 | lr 0.000149 | 6.9min
  step 23000 | loss 0.192076 | lr 0.000131 | 7.0min
  VAL 9.70%
  step 23500 | loss 0.192304 | lr 0.000114 | 7.2min
  step 24000 | loss 0.192316 | lr 0.000097 | 7.3min
  VAL 10.85%
  step 24500 | loss 0.192146 | lr 0.000082 | 7.5min
  step 25000 | loss 0.192166 | lr 0.000068 | 7.6min
  VAL 10.05%
  step 25500 | loss 0.192027 | lr 0.000056 | 7.8min
  step 26000 | loss 0.191898 | lr 0.000044 | 7.9min
  VAL 10.25%
  step 26500 | loss 0.191984 | lr 0.000034 | 8.1min
  step 27000 | loss 0.191952 | lr 0.000025 | 8.2min
  VAL 9.05%
  step 27500 | loss 0.191871 | lr 0.000017 | 8.4min
  step 28000 | loss 0.192084 | lr 0.000011 | 8.5min
  VAL 10.15%
  step 28500 | loss 0.192000 | lr 0.000006 | 8.6min
  step 29000 | loss 0.192058 | lr 0.000003 | 8.8min
  VAL 10.35%
  step 29500 | loss 0.191926 | lr 0.000001 | 8.9min
  step 30000 | loss 0.191870 | lr 0.000000 | 9.0min
  VAL 10.85%

Training complete in 9.0 minutes
Best test accuracy: 0.0000%
