Model: RL4RL Autoresearch candidate
Author: configured in run manifest
Parameters (unique): 2732
Architecture: decoder-only addition transformer d=14, h=2, L=2, ff=23
Tricks: autoregressive greedy decoding, weights from checkpoint

  Progress: 1000/10010 (104/1000 correct) [11.3s]
  Progress: 2000/10010 (215/2000 correct) [22.0s]
  Progress: 3000/10010 (310/3000 correct) [31.1s]
  Progress: 4000/10010 (399/4000 correct) [40.2s]
  Progress: 5000/10010 (482/5000 correct) [49.3s]
  Progress: 6000/10010 (579/6000 correct) [58.3s]
  Progress: 7000/10010 (661/7000 correct) [67.4s]
  Progress: 8000/10010 (747/8000 correct) [76.5s]
  Progress: 9000/10010 (850/9000 correct) [85.1s]
  Progress: 10000/10010 (942/10000 correct) [94.2s]

Results: 943/10010 correct (9.42%)
Time: 94.3s (106 additions/sec)
Status: NOT QUALIFIED (threshold: 99%)

First 20 failures (of 9067):
  0 + 0 = 0, got 9
  0 + 1 = 1, got 9
  9999999999 + 0 = 9999999999, got 9999999995
  9999999999 + 1 = 10000000000, got 9999999995
  9999999999 + 9999999999 = 19999999998, got 19999999990
  5000000000 + 5000000000 = 10000000000, got 10000000001
  1111111111 + 8888888889 = 10000000000, got 10000000004
  1234567890 + 9876543210 = 11111111100, got 11111111096
  9999999999 + 9999999999 = 19999999998, got 19999999990
  1 + 9999999999 = 10000000000, got 10000000002
  2395527356 + 9334186774 = 11729714130, got 11729714134
  4296888873 + 8475224721 = 12772113594, got 12772113590
  2446880696 + 4577514554 = 7024395250, got 7024395245
  1721735679 + 186192860 = 1907928539, got 1907928534
  3295396137 + 8512642381 = 11808038518, got 11808038520
  4721664841 + 8801376086 = 13523040927, got 13523040920
  8709633390 + 2191376109 = 10901009499, got 10901009500
  813236058 + 3041824170 = 3855060228, got 3855060224
  3917771074 + 2558389380 = 6476160454, got 6476160450
  2345623234 + 894115330 = 3239738564, got 3239738560
