Model: RL4RL Autoresearch candidate
Author: configured in run manifest
Parameters (unique): 1629
Architecture: decoder-only addition transformer d=16, h=2, L=2, ff=16
Tricks: autoregressive greedy decoding, weights from checkpoint

  Progress: 1000/10010 (0/1000 correct) [5.0s]
  Progress: 2000/10010 (0/2000 correct) [9.3s]
  Progress: 3000/10010 (0/3000 correct) [13.2s]
  Progress: 4000/10010 (0/4000 correct) [17.7s]
  Progress: 5000/10010 (0/5000 correct) [22.2s]
  Progress: 6000/10010 (0/6000 correct) [26.7s]
  Progress: 7000/10010 (0/7000 correct) [31.2s]
  Progress: 8000/10010 (0/8000 correct) [35.7s]
  Progress: 9000/10010 (0/9000 correct) [40.2s]
  Progress: 10000/10010 (0/10000 correct) [44.7s]

Results: 0/10010 correct (0.00%)
Time: 44.7s (224 additions/sec)
Status: NOT QUALIFIED (threshold: 99%)

First 20 failures (of 10010):
  0 + 0 = 0, got 22222222222
  0 + 1 = 1, got 22222222231
  9999999999 + 0 = 9999999999, got 91999122201
  9999999999 + 1 = 10000000000, got 91999122201
  9999999999 + 9999999999 = 19999999998, got 98888899089
  5000000000 + 5000000000 = 10000000000, got 8012222222
  1111111111 + 8888888889 = 10000000000, got 99999900991
  1234567890 + 9876543210 = 11111111100, got 90007794002
  9999999999 + 9999999999 = 19999999998, got 98888899089
  1 + 9999999999 = 10000000000, got 19099122401
  2395527356 + 9334186774 = 11729714130, got 6807787779
  4296888873 + 8475224721 = 12772113594, got 98888888894
  2446880696 + 4577514554 = 7024395250, got 98888760779
  1721735679 + 186192860 = 1907928539, got 90988138781
  3295396137 + 8512642381 = 11808038518, got 98898050439
  4721664841 + 8801376086 = 13523040927, got 98880091979
  8709633390 + 2191376109 = 10901009499, got 99999040401
  813236058 + 3041824170 = 3855060228, got 93983950879
  7038162399 + 8251837442 = 15289999841, got 8988802481
  3917771074 + 2558389380 = 6476160454, got 98888781389
