Model: 2,064 parameters
Config: d=16, h=2, L=2, ff=16
Device: mps

Training for 45000 steps...
  step   500 | loss 1.488676 | lr 0.001000 | 0.1min
  step  1000 | loss 1.449303 | lr 0.000999 | 0.2min
  VAL 0.00%
  step  1500 | loss 1.326570 | lr 0.000998 | 0.4min
  step  2000 | loss 1.040100 | lr 0.000996 | 0.5min
  VAL 0.00%
  step  2500 | loss 0.808277 | lr 0.000994 | 0.6min
  step  3000 | loss 0.679086 | lr 0.000991 | 0.7min
  VAL 0.00%
  step  3500 | loss 0.626950 | lr 0.000987 | 0.8min
  step  4000 | loss 0.570468 | lr 0.000983 | 0.9min
  VAL 0.05%
  step  4500 | loss 0.538678 | lr 0.000978 | 1.0min
  step  5000 | loss 0.488602 | lr 0.000973 | 1.1min
  VAL 0.90%
  step  5500 | loss 0.412472 | lr 0.000967 | 1.2min
  step  6000 | loss 0.346561 | lr 0.000960 | 1.3min
  VAL 4.65%
  step  6500 | loss 0.271018 | lr 0.000953 | 1.4min
  step  7000 | loss 0.248795 | lr 0.000946 | 1.5min
  VAL 6.90%
  step  7500 | loss 0.241953 | lr 0.000937 | 1.6min
  step  8000 | loss 0.217341 | lr 0.000929 | 1.7min
  VAL 9.30%
  step  8500 | loss 0.213630 | lr 0.000919 | 1.8min
  step  9000 | loss 0.200164 | lr 0.000909 | 1.9min
  VAL 13.60%
  step  9500 | loss 0.180870 | lr 0.000899 | 2.0min
  step 10000 | loss 0.173683 | lr 0.000888 | 2.1min
  VAL 15.35%
  step 10500 | loss 0.155153 | lr 0.000877 | 2.2min
  step 11000 | loss 0.146781 | lr 0.000865 | 2.3min
  VAL 19.00%
  step 11500 | loss 0.134577 | lr 0.000853 | 2.4min
  step 12000 | loss 0.128959 | lr 0.000840 | 2.6min
  VAL 18.05%
  step 12500 | loss 0.120265 | lr 0.000827 | 2.7min
  step 13000 | loss 0.110820 | lr 0.000814 | 2.8min
  VAL 30.10%
  step 13500 | loss 0.103759 | lr 0.000800 | 2.9min
  step 14000 | loss 0.096219 | lr 0.000786 | 3.0min
  VAL 27.15%
  step 14500 | loss 0.092360 | lr 0.000771 | 3.1min
  step 15000 | loss 0.086966 | lr 0.000756 | 3.2min
  VAL 35.05%
  step 15500 | loss 0.082038 | lr 0.000741 | 3.3min
  step 16000 | loss 0.085743 | lr 0.000725 | 3.4min
  VAL 39.90%
  step 16500 | loss 0.079030 | lr 0.000709 | 3.5min
  step 17000 | loss 0.079686 | lr 0.000693 | 3.6min
  VAL 42.60%
  step 17500 | loss 0.072400 | lr 0.000677 | 3.7min
  step 18000 | loss 0.069705 | lr 0.000661 | 3.8min
  VAL 43.10%
  step 18500 | loss 0.062873 | lr 0.000644 | 3.9min
  step 19000 | loss 0.068359 | lr 0.000627 | 4.0min
  VAL 50.65%
  step 19500 | loss 0.077052 | lr 0.000610 | 4.1min
  step 20000 | loss 0.059513 | lr 0.000593 | 4.2min
  VAL 51.05%
  step 20500 | loss 0.055506 | lr 0.000575 | 4.4min
  step 21000 | loss 0.057639 | lr 0.000558 | 4.4min
  VAL 53.75%
  step 21500 | loss 0.052049 | lr 0.000540 | 4.6min
  step 22000 | loss 0.051119 | lr 0.000523 | 4.6min
  VAL 54.70%
  step 22500 | loss 0.052441 | lr 0.000505 | 4.8min
  step 23000 | loss 0.052364 | lr 0.000488 | 4.9min
  VAL 54.65%
  step 23500 | loss 0.050144 | lr 0.000470 | 5.0min
  step 24000 | loss 0.047179 | lr 0.000453 | 5.1min
  VAL 58.20%
  step 24500 | loss 0.049926 | lr 0.000435 | 5.2min
  step 25000 | loss 0.044840 | lr 0.000418 | 5.3min
  VAL 61.05%
  step 25500 | loss 0.049126 | lr 0.000401 | 5.4min
  step 26000 | loss 0.044837 | lr 0.000383 | 5.5min
  VAL 64.45%
  step 26500 | loss 0.045668 | lr 0.000366 | 5.6min
  step 27000 | loss 0.048458 | lr 0.000350 | 5.7min
  VAL 64.95%
  step 27500 | loss 0.042692 | lr 0.000333 | 5.8min
  step 28000 | loss 0.043270 | lr 0.000316 | 5.9min
  VAL 65.80%
  step 28500 | loss 0.045003 | lr 0.000300 | 6.0min
  step 29000 | loss 0.039266 | lr 0.000284 | 6.1min
  VAL 68.50%
  step 29500 | loss 0.041228 | lr 0.000268 | 6.2min
  step 30000 | loss 0.039547 | lr 0.000253 | 6.3min
  VAL 69.75%
  step 30500 | loss 0.040743 | lr 0.000238 | 6.5min
  step 31000 | loss 0.040328 | lr 0.000223 | 6.5min
  VAL 67.40%
  step 31500 | loss 0.036992 | lr 0.000209 | 6.7min
  step 32000 | loss 0.036550 | lr 0.000195 | 6.7min
  VAL 69.90%
  step 32500 | loss 0.036345 | lr 0.000181 | 6.9min
  step 33000 | loss 0.031847 | lr 0.000168 | 6.9min
  VAL 73.00%
  step 33500 | loss 0.034292 | lr 0.000155 | 7.1min
  step 34000 | loss 0.034943 | lr 0.000142 | 7.2min
  VAL 71.65%
  step 34500 | loss 0.035242 | lr 0.000130 | 7.3min
  step 35000 | loss 0.031607 | lr 0.000118 | 7.4min
  VAL 73.10%
  step 35500 | loss 0.031005 | lr 0.000107 | 7.5min
  step 36000 | loss 0.029140 | lr 0.000097 | 7.6min
  VAL 73.75%
  step 36500 | loss 0.030172 | lr 0.000087 | 7.7min
  step 37000 | loss 0.030005 | lr 0.000077 | 7.8min
  VAL 75.45%
  step 37500 | loss 0.027845 | lr 0.000068 | 7.9min
  step 38000 | loss 0.028028 | lr 0.000059 | 8.0min
  VAL 76.00%
  step 38500 | loss 0.028009 | lr 0.000051 | 8.1min
  step 39000 | loss 0.028775 | lr 0.000044 | 8.2min
  VAL 77.15%
  step 39500 | loss 0.028474 | lr 0.000037 | 8.3min
  step 40000 | loss 0.026633 | lr 0.000031 | 8.4min
  VAL 76.40%
  step 40500 | loss 0.026769 | lr 0.000025 | 8.5min
  step 41000 | loss 0.028778 | lr 0.000020 | 8.6min
  VAL 76.85%
  step 41500 | loss 0.026315 | lr 0.000015 | 8.7min
  step 42000 | loss 0.026437 | lr 0.000011 | 8.8min
  VAL 77.15%
  step 42500 | loss 0.025815 | lr 0.000008 | 8.9min
  step 43000 | loss 0.024517 | lr 0.000005 | 9.0min
  VAL 77.25%
  step 43500 | loss 0.025653 | lr 0.000003 | 9.1min
  step 44000 | loss 0.025649 | lr 0.000001 | 9.3min
  VAL 77.55%
  step 44500 | loss 0.025508 | lr 0.000000 | 9.4min
  step 45000 | loss 0.026386 | lr 0.000000 | 9.5min
  VAL 77.55%

Training complete in 9.5 minutes
Best test accuracy: 0.0000%
