Model: RL4RL Autoresearch candidate
Author: configured in run manifest
Parameters (unique): 1940
Architecture: decoder-only addition transformer d=16, h=2, L=2, ff=10, block1_ff=8, fixed_separators=True, tied_position_pairs=[[4, 15], [7, 18], [5, 16], [3, 14], [2, 13], [8, 19], [6, 17], [1, 12], [0, 11], [9, 20]], interpolated_positions=[23, 24, 25, 26, 27], qkv_pruned=108
Tricks: autoregressive greedy decoding, weights from checkpoint

  Progress: 1000/10010 (999/1000 correct) [4.4s]
  Progress: 2000/10010 (1999/2000 correct) [8.9s]
  Progress: 3000/10010 (2998/3000 correct) [13.5s]
  Progress: 4000/10010 (3997/4000 correct) [17.9s]
  Progress: 5000/10010 (4995/5000 correct) [22.4s]
  Progress: 6000/10010 (5994/6000 correct) [26.8s]
  Progress: 7000/10010 (6993/7000 correct) [31.2s]
  Progress: 8000/10010 (7993/8000 correct) [35.7s]
  Progress: 9000/10010 (8991/9000 correct) [40.1s]
  Progress: 10000/10010 (9990/10000 correct) [44.5s]

Results: 10000/10010 correct (99.90%)
Time: 44.6s (225 additions/sec)
Status: QUALIFIED (threshold: 99%)

Failures (10):
  9949339211 + 8948002488 = 18897341699, got 18997341699
  9278473654 + 9413599947 = 18692073601, got 19692073601
  9217700662 + 9448597295 = 18666297957, got 19666297957
  8191852004 + 7194996854 = 15386848858, got 15396848858
  9402679499 + 9293095411 = 18695774910, got 19695774910
  9479323125 + 9453799615 = 18933122740, got 19933122740
  1326509033 + 1828945950 = 3155454983, got 8155454983
  8221226107 + 8352380936 = 16573607043, got 17573607043
  9201756155 + 9771972022 = 18973728177, got 19973728177
  9322270328 + 9340964837 = 18663235165, got 19663235165
