Model: 5,024 parameters
Config: d=16, h=2, L=2, ff=32
Device: mps

Training for 45000 steps...
  step   500 | loss 1.395368 | lr 0.001000 | 0.1min
  step  1000 | loss 1.293112 | lr 0.000999 | 0.3min
  VAL 0.00%
  step  1500 | loss 1.105145 | lr 0.000998 | 0.4min
  step  2000 | loss 0.876140 | lr 0.000996 | 0.6min
  VAL 0.00%
  step  2500 | loss 0.530310 | lr 0.000994 | 0.7min
  step  3000 | loss 0.290748 | lr 0.000991 | 0.9min
  VAL 22.70%
  step  3500 | loss 0.205724 | lr 0.000987 | 1.0min
  step  4000 | loss 0.156672 | lr 0.000983 | 1.1min
  VAL 65.80%
  step  4500 | loss 0.110441 | lr 0.000978 | 1.3min
  step  5000 | loss 0.091914 | lr 0.000973 | 1.4min
  VAL 75.40%
  step  5500 | loss 0.067797 | lr 0.000967 | 1.6min
  step  6000 | loss 0.051682 | lr 0.000960 | 1.7min
  VAL 80.45%
  step  6500 | loss 0.042258 | lr 0.000953 | 1.8min
  step  7000 | loss 0.032023 | lr 0.000946 | 2.0min
  VAL 87.25%
  step  7500 | loss 0.022689 | lr 0.000937 | 2.1min
  step  8000 | loss 0.027053 | lr 0.000929 | 2.2min
  VAL 90.90%
  step  8500 | loss 0.011664 | lr 0.000919 | 2.3min
  step  9000 | loss 0.011462 | lr 0.000909 | 2.5min
  VAL 96.75%
  step  9500 | loss 0.006854 | lr 0.000899 | 2.6min
  step 10000 | loss 0.005460 | lr 0.000888 | 2.7min
  VAL 98.45%
  step 10500 | loss 0.003896 | lr 0.000877 | 2.9min
  step 11000 | loss 0.006355 | lr 0.000865 | 3.0min
  VAL 96.40%
  step 11500 | loss 0.001584 | lr 0.000853 | 3.1min
  step 12000 | loss 0.001407 | lr 0.000840 | 3.3min
  VAL 99.75%
  TEST 99.7000%
  *** New best: 99.7000% ***
  step 12500 | loss 0.001936 | lr 0.000827 | 3.4min
  step 13000 | loss 0.000721 | lr 0.000814 | 3.6min
  VAL 99.95%
  TEST 99.8900%
  *** New best: 99.8900% ***
  step 13500 | loss 0.000643 | lr 0.000800 | 3.7min
  step 14000 | loss 0.004729 | lr 0.000786 | 3.9min
  VAL 95.85%
  step 14500 | loss 0.000881 | lr 0.000771 | 4.0min
  step 15000 | loss 0.000449 | lr 0.000756 | 4.1min
  VAL 99.90%
  TEST 99.9300%
  *** New best: 99.9300% ***
  Early stop after qualifying checkpoint at step 15000 (4.2min)
