Model: RL4RL Autoresearch candidate
Author: configured in run manifest
Parameters (unique): 1946
Architecture: decoder-only addition transformer d=16, h=2, L=2, ff=10, block1_ff=8, fixed_separators=True, tied_position_pairs=[[4, 15], [7, 18], [5, 16], [3, 14], [2, 13], [8, 19], [6, 17], [1, 12], [0, 11], [9, 20]], interpolated_positions=[23, 24, 25, 26, 27], qkv_pruned=102
Tricks: autoregressive greedy decoding, weights from checkpoint

  Progress: 1000/10010 (998/1000 correct) [4.4s]
  Progress: 2000/10010 (1998/2000 correct) [8.9s]
  Progress: 3000/10010 (2997/3000 correct) [13.3s]
  Progress: 4000/10010 (3997/4000 correct) [17.7s]
  Progress: 5000/10010 (4996/5000 correct) [22.1s]
  Progress: 6000/10010 (5996/6000 correct) [26.5s]
  Progress: 7000/10010 (6996/7000 correct) [30.9s]
  Progress: 8000/10010 (7996/8000 correct) [35.4s]
  Progress: 9000/10010 (8995/9000 correct) [39.8s]
  Progress: 10000/10010 (9994/10000 correct) [44.2s]

Results: 10004/10010 correct (99.94%)
Time: 44.2s (226 additions/sec)
Status: QUALIFIED (threshold: 99%)

Failures (6):
  8261688289 + 8707679052 = 16969367341, got 17969367341
  8555181831 + 4641387687 = 13196569518, got 13296569518
  9278473654 + 9413599947 = 18692073601, got 19692073601
  9402679499 + 9293095411 = 18695774910, got 19695774910
  8221226107 + 8352380936 = 16573607043, got 17573607043
  8413443535 + 8271002098 = 16684445633, got 17684445633
