Model: 3,360 parameters
Config: d=16, h=2, L=2, ff=6
Device: mps

Training for 45000 steps...
  step   500 | loss 1.422053 | lr 0.001000 | 0.1min
  step  1000 | loss 1.371112 | lr 0.000999 | 0.3min
  VAL 0.00%
  step  1500 | loss 1.206672 | lr 0.000998 | 0.4min
  step  2000 | loss 1.131833 | lr 0.000996 | 0.5min
  VAL 0.00%
  step  2500 | loss 0.584325 | lr 0.000994 | 0.6min
  step  3000 | loss 0.381967 | lr 0.000991 | 0.8min
  VAL 12.80%
  step  3500 | loss 0.280354 | lr 0.000987 | 0.9min
  step  4000 | loss 0.210869 | lr 0.000983 | 1.0min
  VAL 36.10%
  step  4500 | loss 0.160728 | lr 0.000978 | 1.1min
  step  5000 | loss 0.131704 | lr 0.000973 | 1.3min
  VAL 51.40%
  step  5500 | loss 0.125366 | lr 0.000967 | 1.4min
  step  6000 | loss 0.101469 | lr 0.000960 | 1.5min
  VAL 58.25%
  step  6500 | loss 0.080370 | lr 0.000953 | 1.6min
  step  7000 | loss 0.080160 | lr 0.000946 | 1.8min
  VAL 59.15%
  step  7500 | loss 0.074353 | lr 0.000937 | 1.9min
  step  8000 | loss 0.073493 | lr 0.000929 | 2.0min
  VAL 62.10%
  step  8500 | loss 0.110837 | lr 0.000919 | 2.1min
  step  9000 | loss 0.060952 | lr 0.000909 | 2.3min
  VAL 62.75%
  step  9500 | loss 0.059828 | lr 0.000899 | 2.4min
  step 10000 | loss 0.054825 | lr 0.000888 | 2.5min
  VAL 67.25%
  step 10500 | loss 0.060122 | lr 0.000877 | 2.6min
  step 11000 | loss 0.057809 | lr 0.000865 | 2.8min
  VAL 67.40%
  step 11500 | loss 0.048950 | lr 0.000853 | 2.9min
  step 12000 | loss 0.054775 | lr 0.000840 | 3.0min
  VAL 64.95%
  step 12500 | loss 0.055158 | lr 0.000827 | 3.1min
  step 13000 | loss 0.051749 | lr 0.000814 | 3.3min
  VAL 64.30%
  step 13500 | loss 0.046100 | lr 0.000800 | 3.4min
  step 14000 | loss 0.050015 | lr 0.000786 | 3.5min
  VAL 62.10%
  step 14500 | loss 0.047801 | lr 0.000771 | 3.6min
  step 15000 | loss 0.053208 | lr 0.000756 | 3.7min
  VAL 64.85%
  step 15500 | loss 0.052563 | lr 0.000741 | 3.8min
  step 16000 | loss 0.048940 | lr 0.000725 | 4.0min
  VAL 62.20%
  step 16500 | loss 0.044555 | lr 0.000709 | 4.1min
  step 17000 | loss 0.045552 | lr 0.000693 | 4.2min
  VAL 67.80%
  step 17500 | loss 0.041071 | lr 0.000677 | 4.3min
  step 18000 | loss 0.041423 | lr 0.000661 | 4.5min
  VAL 64.60%
  step 18500 | loss 0.043039 | lr 0.000644 | 4.6min
  step 19000 | loss 0.043140 | lr 0.000627 | 4.7min
  VAL 70.50%
  step 19500 | loss 0.040137 | lr 0.000610 | 4.8min
  step 20000 | loss 0.041708 | lr 0.000593 | 5.0min
  VAL 71.95%
  step 20500 | loss 0.038758 | lr 0.000575 | 5.1min
  step 21000 | loss 0.037378 | lr 0.000558 | 5.2min
  VAL 73.95%
  step 21500 | loss 0.037496 | lr 0.000540 | 5.3min
  step 22000 | loss 0.034724 | lr 0.000523 | 5.4min
  VAL 74.50%
  step 22500 | loss 0.037259 | lr 0.000505 | 5.6min
  step 23000 | loss 0.032441 | lr 0.000488 | 5.7min
  VAL 76.40%
  step 23500 | loss 0.032921 | lr 0.000470 | 5.9min
  step 24000 | loss 0.031353 | lr 0.000453 | 6.0min
  VAL 77.70%
  step 24500 | loss 0.032969 | lr 0.000435 | 6.1min
  step 25000 | loss 0.033246 | lr 0.000418 | 6.2min
  VAL 81.40%
  step 25500 | loss 0.030094 | lr 0.000401 | 6.4min
  step 26000 | loss 0.029491 | lr 0.000383 | 6.5min
  VAL 82.80%
  step 26500 | loss 0.027505 | lr 0.000366 | 6.6min
  step 27000 | loss 0.026837 | lr 0.000350 | 6.7min
  VAL 83.20%
  step 27500 | loss 0.026622 | lr 0.000333 | 6.9min
  step 28000 | loss 0.025321 | lr 0.000316 | 7.0min
  VAL 86.90%
  step 28500 | loss 0.025196 | lr 0.000300 | 7.1min
  step 29000 | loss 0.024775 | lr 0.000284 | 7.2min
  VAL 86.55%
  step 29500 | loss 0.022803 | lr 0.000268 | 7.3min
  step 30000 | loss 0.022213 | lr 0.000253 | 7.4min
  VAL 90.00%
  step 30500 | loss 0.022037 | lr 0.000238 | 7.6min
  step 31000 | loss 0.021463 | lr 0.000223 | 7.7min
  VAL 89.75%
  step 31500 | loss 0.020508 | lr 0.000209 | 7.8min
  step 32000 | loss 0.019646 | lr 0.000195 | 7.9min
  VAL 92.45%
  step 32500 | loss 0.018905 | lr 0.000181 | 8.1min
  step 33000 | loss 0.018717 | lr 0.000168 | 8.2min
  VAL 93.65%
  step 33500 | loss 0.017933 | lr 0.000155 | 8.3min
  step 34000 | loss 0.018349 | lr 0.000142 | 8.4min
  VAL 94.25%
  step 34500 | loss 0.015908 | lr 0.000130 | 8.6min
  step 35000 | loss 0.016347 | lr 0.000118 | 8.7min
  VAL 94.55%
  step 35500 | loss 0.015283 | lr 0.000107 | 8.8min
  step 36000 | loss 0.014509 | lr 0.000097 | 8.9min
  VAL 95.35%
  step 36500 | loss 0.014778 | lr 0.000087 | 9.1min
  step 37000 | loss 0.013637 | lr 0.000077 | 9.2min
  VAL 96.55%
  step 37500 | loss 0.013996 | lr 0.000068 | 9.3min
  step 38000 | loss 0.012986 | lr 0.000059 | 9.4min
  VAL 97.45%
  step 38500 | loss 0.012893 | lr 0.000051 | 9.5min
  step 39000 | loss 0.012022 | lr 0.000044 | 9.6min
  VAL 97.80%
  step 39500 | loss 0.012719 | lr 0.000037 | 9.8min
  step 40000 | loss 0.012031 | lr 0.000031 | 9.9min
  VAL 98.10%
  step 40500 | loss 0.011329 | lr 0.000025 | 10.0min
  step 41000 | loss 0.011614 | lr 0.000020 | 10.1min
  VAL 98.45%
  step 41500 | loss 0.011302 | lr 0.000015 | 10.3min
  step 42000 | loss 0.011155 | lr 0.000011 | 10.4min
  VAL 98.65%
  step 42500 | loss 0.010708 | lr 0.000008 | 10.5min
  step 43000 | loss 0.010777 | lr 0.000005 | 10.6min
  VAL 98.65%
  step 43500 | loss 0.010901 | lr 0.000003 | 10.7min
  step 44000 | loss 0.010885 | lr 0.000001 | 10.9min
  VAL 98.65%
  step 44500 | loss 0.010531 | lr 0.000000 | 11.0min
  step 45000 | loss 0.010817 | lr 0.000000 | 11.1min
  VAL 98.65%

Training complete in 11.1 minutes
Best test accuracy: 0.0000%
