Model: 4,784 parameters
Config: d=16, h=2, L=2, ff=32
Device: mps

Training for 15000 steps...
  step   500 | loss 1.436418 | lr 0.001000 | 0.2min
  step  1000 | loss 1.306135 | lr 0.000994 | 0.3min
  VAL 0.00%
  step  1500 | loss 1.135458 | lr 0.000984 | 0.5min
  step  2000 | loss 0.861942 | lr 0.000967 | 0.6min
  VAL 0.00%
  step  2500 | loss 0.694454 | lr 0.000946 | 0.8min
  step  3000 | loss 0.514880 | lr 0.000919 | 0.9min
  VAL 0.20%
  step  3500 | loss 0.442665 | lr 0.000888 | 1.1min
  step  4000 | loss 0.385995 | lr 0.000852 | 1.2min
  VAL 1.90%
  step  4500 | loss 0.345565 | lr 0.000812 | 1.4min
  step  5000 | loss 0.323194 | lr 0.000768 | 1.5min
  VAL 4.30%
  step  5500 | loss 0.318241 | lr 0.000722 | 1.7min
  step  6000 | loss 0.293240 | lr 0.000673 | 1.8min
  VAL 5.15%
  step  6500 | loss 0.281016 | lr 0.000622 | 2.0min
  step  7000 | loss 0.271980 | lr 0.000569 | 2.1min
  VAL 4.85%
  step  7500 | loss 0.266065 | lr 0.000516 | 2.3min
  step  8000 | loss 0.260526 | lr 0.000463 | 2.4min
  VAL 5.85%
  step  8500 | loss 0.252186 | lr 0.000410 | 2.6min
  step  9000 | loss 0.248780 | lr 0.000358 | 2.7min
  VAL 6.45%
  step  9500 | loss 0.246842 | lr 0.000307 | 2.8min
  step 10000 | loss 0.239857 | lr 0.000259 | 3.0min
  VAL 6.20%
  step 10500 | loss 0.239128 | lr 0.000214 | 3.1min
  step 11000 | loss 0.237817 | lr 0.000172 | 3.3min
  VAL 7.05%
  step 11500 | loss 0.237617 | lr 0.000133 | 3.4min
  step 12000 | loss 0.235350 | lr 0.000099 | 3.6min
  VAL 7.85%
  step 12500 | loss 0.232483 | lr 0.000070 | 3.7min
  step 13000 | loss 0.229428 | lr 0.000045 | 3.9min
  VAL 7.35%
  step 13500 | loss 0.228064 | lr 0.000025 | 4.0min
  step 14000 | loss 0.229798 | lr 0.000011 | 4.2min
  VAL 7.90%
  step 14500 | loss 0.229341 | lr 0.000003 | 4.3min
  step 15000 | loss 0.229442 | lr 0.000000 | 4.5min
  VAL 7.35%

Training complete in 4.5 minutes
Best test accuracy: 0.0000%
