Model: RL4RL Autoresearch candidate
Author: configured in run manifest
Parameters (unique): 4784
Architecture: decoder-only addition transformer d=16, h=2, L=2, ff=32
Tricks: autoregressive greedy decoding, weights from checkpoint

  Progress: 1000/10010 (87/1000 correct) [8.8s]
  Progress: 2000/10010 (186/2000 correct) [17.5s]
  Progress: 3000/10010 (278/3000 correct) [26.2s]
  Progress: 4000/10010 (364/4000 correct) [35.1s]
  Progress: 5000/10010 (445/5000 correct) [43.8s]
  Progress: 6000/10010 (526/6000 correct) [52.6s]
  Progress: 7000/10010 (617/7000 correct) [61.3s]
  Progress: 8000/10010 (701/8000 correct) [70.1s]
  Progress: 9000/10010 (787/9000 correct) [78.8s]
  Progress: 10000/10010 (885/10000 correct) [87.6s]

Results: 886/10010 correct (8.85%)
Time: 87.7s (114 additions/sec)
Status: NOT QUALIFIED (threshold: 99%)

First 20 failures (of 9124):
  0 + 0 = 0, got 3
  0 + 1 = 1, got 3
  9999999999 + 0 = 9999999999, got 9999999997
  9999999999 + 1 = 10000000000, got 9999999997
  9999999999 + 9999999999 = 19999999998, got 9999999898
  5000000000 + 5000000000 = 10000000000, got 9000000003
  1111111111 + 8888888889 = 10000000000, got 10000000003
  1234567890 + 9876543210 = 11111111100, got 11111111103
  9999999999 + 9999999999 = 19999999998, got 9999999898
  1 + 9999999999 = 10000000000, got 9999999997
  2395527356 + 9334186774 = 11729714130, got 11729714133
  4296888873 + 8475224721 = 12772113594, got 12772113593
  2446880696 + 4577514554 = 7024395250, got 7024395251
  1721735679 + 186192860 = 1907928539, got 1907928543
  3295396137 + 8512642381 = 11808038518, got 11808038513
  4721664841 + 8801376086 = 13523040927, got 13523040933
  8709633390 + 2191376109 = 10901009499, got 10901009503
  813236058 + 3041824170 = 3855060228, got 3855060233
  7038162399 + 8251837442 = 15289999841, got 15289999843
  3917771074 + 2558389380 = 6476160454, got 5476160456
