Model: 2,828 parameters
Config: d=14, h=2, L=2, ff=23
Device: mps

Training for 30000 steps...
  step   500 | loss 1.485846 | lr 0.001000 | 0.1min
  step  1000 | loss 1.398089 | lr 0.000999 | 0.3min
  VAL 0.00%
  step  1500 | loss 1.416202 | lr 0.000996 | 0.4min
  step  2000 | loss 1.353304 | lr 0.000992 | 0.6min
  VAL 0.00%
  step  2500 | loss 1.296313 | lr 0.000987 | 0.7min
  step  3000 | loss 1.276362 | lr 0.000980 | 0.9min
  VAL 0.00%
  step  3500 | loss 1.253111 | lr 0.000972 | 1.0min
  step  4000 | loss 1.232063 | lr 0.000962 | 1.1min
  VAL 0.00%
  step  4500 | loss 1.228015 | lr 0.000951 | 1.3min
  step  5000 | loss 1.195847 | lr 0.000939 | 1.4min
  VAL 0.00%
  step  5500 | loss 1.169856 | lr 0.000926 | 1.5min
  step  6000 | loss 1.170794 | lr 0.000912 | 1.7min
  VAL 0.00%
  step  6500 | loss 1.143607 | lr 0.000896 | 1.8min
  step  7000 | loss 1.112563 | lr 0.000880 | 2.0min
  VAL 0.00%
  step  7500 | loss 1.119881 | lr 0.000862 | 2.1min
  step  8000 | loss 1.109870 | lr 0.000843 | 2.3min
  VAL 0.00%
  step  8500 | loss 0.932121 | lr 0.000823 | 2.4min
  step  9000 | loss 0.679608 | lr 0.000803 | 2.5min
  VAL 0.00%
  step  9500 | loss 0.414740 | lr 0.000781 | 2.7min
  step 10000 | loss 0.330617 | lr 0.000759 | 2.8min
  VAL 0.05%
  step 10500 | loss 0.295237 | lr 0.000736 | 2.9min
  step 11000 | loss 0.278032 | lr 0.000713 | 3.1min
  VAL 0.30%
  step 11500 | loss 0.259181 | lr 0.000688 | 3.2min
  step 12000 | loss 0.248284 | lr 0.000664 | 3.4min
  VAL 0.15%
  step 12500 | loss 0.236757 | lr 0.000638 | 3.5min
  step 13000 | loss 0.228899 | lr 0.000613 | 3.7min
  VAL 0.55%
  step 13500 | loss 0.227050 | lr 0.000587 | 3.8min
  step 14000 | loss 0.222440 | lr 0.000561 | 3.9min
  VAL 2.05%
  step 14500 | loss 0.208674 | lr 0.000534 | 4.1min
  step 15000 | loss 0.208097 | lr 0.000508 | 4.2min
  VAL 5.00%
  step 15500 | loss 0.200157 | lr 0.000481 | 4.4min
  step 16000 | loss 0.200855 | lr 0.000455 | 4.5min
  VAL 7.35%
  step 16500 | loss 0.196353 | lr 0.000429 | 4.7min
  step 17000 | loss 0.196043 | lr 0.000403 | 4.8min
  VAL 9.15%
  step 17500 | loss 0.194696 | lr 0.000377 | 4.9min
  step 18000 | loss 0.195460 | lr 0.000352 | 5.1min
  VAL 9.65%
  step 18500 | loss 0.193902 | lr 0.000327 | 5.2min
  step 19000 | loss 0.194005 | lr 0.000302 | 5.4min
  VAL 9.35%
  step 19500 | loss 0.193706 | lr 0.000278 | 5.5min
  step 20000 | loss 0.193150 | lr 0.000255 | 5.6min
  VAL 9.15%
  step 20500 | loss 0.192928 | lr 0.000232 | 5.8min
  step 21000 | loss 0.192247 | lr 0.000210 | 5.9min
  VAL 11.60%
  step 21500 | loss 0.187880 | lr 0.000189 | 6.1min
  step 22000 | loss 0.181691 | lr 0.000169 | 6.2min
  VAL 16.15%
  step 22500 | loss 0.178984 | lr 0.000149 | 6.4min
  step 23000 | loss 0.176615 | lr 0.000131 | 6.5min
  VAL 17.20%
  step 23500 | loss 0.173459 | lr 0.000114 | 6.7min
  step 24000 | loss 0.169586 | lr 0.000097 | 6.8min
  VAL 20.90%
  step 24500 | loss 0.166749 | lr 0.000082 | 6.9min
  step 25000 | loss 0.163252 | lr 0.000068 | 7.1min
  VAL 25.40%
  step 25500 | loss 0.160666 | lr 0.000056 | 7.2min
  step 26000 | loss 0.151270 | lr 0.000044 | 7.3min
  VAL 28.70%
  step 26500 | loss 0.147585 | lr 0.000034 | 7.5min
  step 27000 | loss 0.143217 | lr 0.000025 | 7.6min
  VAL 29.60%
  step 27500 | loss 0.140046 | lr 0.000017 | 7.8min
  step 28000 | loss 0.139090 | lr 0.000011 | 7.9min
  VAL 31.00%
  step 28500 | loss 0.138767 | lr 0.000006 | 8.1min
  step 29000 | loss 0.133387 | lr 0.000003 | 8.2min
  VAL 30.95%
  step 29500 | loss 0.133277 | lr 0.000001 | 8.4min
  step 30000 | loss 0.130792 | lr 0.000000 | 8.5min
  VAL 31.55%

Training complete in 8.5 minutes
Best test accuracy: 0.0000%
