Model: RL4RL Autoresearch candidate
Author: configured in run manifest
Parameters (unique): 2828
Architecture: decoder-only addition transformer d=14, h=2, L=2, ff=23
Tricks: autoregressive greedy decoding, weights from checkpoint

  Progress: 1000/10010 (320/1000 correct) [9.4s]
  Progress: 2000/10010 (648/2000 correct) [18.7s]
  Progress: 3000/10010 (930/3000 correct) [28.1s]
  Progress: 4000/10010 (1237/4000 correct) [37.5s]
  Progress: 5000/10010 (1546/5000 correct) [46.9s]
  Progress: 6000/10010 (1849/6000 correct) [56.3s]
  Progress: 7000/10010 (2158/7000 correct) [65.8s]
  Progress: 8000/10010 (2461/8000 correct) [74.7s]
  Progress: 9000/10010 (2743/9000 correct) [84.1s]
  Progress: 10000/10010 (3075/10000 correct) [93.5s]

Results: 3076/10010 correct (30.73%)
Time: 93.6s (107 additions/sec)
Status: NOT QUALIFIED (threshold: 99%)

First 20 failures (of 6934):
  0 + 0 = 0, got 2
  0 + 1 = 1, got 2
  9999999999 + 0 = 9999999999, got 9999999993
  9999999999 + 1 = 10000000000, got 9999900002
  9999999999 + 9999999999 = 19999999998, got 1889999999
  5000000000 + 5000000000 = 10000000000, got 10000000002
  1234567890 + 9876543210 = 11111111100, got 11111111102
  9999999999 + 9999999999 = 19999999998, got 1889999999
  1 + 9999999999 = 10000000000, got 9000000000
  2395527356 + 9334186774 = 11729714130, got 11729714131
  2446880696 + 4577514554 = 7024395250, got 7024395251
  1721735679 + 186192860 = 1907928539, got 1907928537
  4721664841 + 8801376086 = 13523040927, got 12523040927
  813236058 + 3041824170 = 3855060228, got 3855060227
  3917771074 + 2558389380 = 6476160454, got 6476160455
  2345623234 + 894115330 = 3239738564, got 3239738565
  3369214745 + 1580376784 = 4949591529, got 4949591531
  5487960534 + 2479695299 = 7967655833, got 7967655834
  9981988602 + 6255527173 = 16237515775, got 16237515774
  2965087954 + 6711714523 = 9676802477, got 9676802473
