Model: 3,318 parameters
Config: d=14, h=2, L=2, ff=20
Device: mps

Training for 45000 steps...
  step   500 | loss 1.775844 | lr 0.001000 | 0.2min
  step  1000 | loss 1.392163 | lr 0.000999 | 0.3min
  VAL 0.00%
  step  1500 | loss 1.416135 | lr 0.000998 | 0.4min
  step  2000 | loss 1.403656 | lr 0.000997 | 0.6min
  VAL 0.00%
  step  2500 | loss 1.366218 | lr 0.000995 | 0.7min
  step  3000 | loss 1.392932 | lr 0.000992 | 0.9min
  VAL 0.00%
  step  3500 | loss 1.392673 | lr 0.000989 | 1.0min
  step  4000 | loss 1.371955 | lr 0.000985 | 1.1min
  VAL 0.00%
  step  4500 | loss 1.328519 | lr 0.000981 | 1.2min
  step  5000 | loss 1.368321 | lr 0.000976 | 1.4min
  VAL 0.00%
  step  5500 | loss 1.333055 | lr 0.000970 | 1.5min
  step  6000 | loss 1.294738 | lr 0.000964 | 1.6min
  VAL 0.00%
  step  6500 | loss 1.321365 | lr 0.000958 | 1.7min
  step  7000 | loss 1.276279 | lr 0.000951 | 1.8min
  VAL 0.00%
  step  7500 | loss 1.302643 | lr 0.000944 | 2.0min
  step  8000 | loss 1.270430 | lr 0.000936 | 2.1min
  VAL 0.00%
  step  8500 | loss 1.266964 | lr 0.000927 | 2.2min
  step  9000 | loss 1.262048 | lr 0.000918 | 2.4min
  VAL 0.00%
  step  9500 | loss 1.233358 | lr 0.000909 | 2.5min
  step 10000 | loss 1.238568 | lr 0.000899 | 2.6min
  VAL 0.00%
  step 10500 | loss 1.279599 | lr 0.000889 | 2.8min
  step 11000 | loss 1.205689 | lr 0.000879 | 2.9min
  VAL 0.00%
  step 11500 | loss 1.196243 | lr 0.000868 | 3.0min
  step 12000 | loss 1.165344 | lr 0.000856 | 3.2min
  VAL 0.00%
  step 12500 | loss 1.049044 | lr 0.000844 | 3.3min
  step 13000 | loss 0.925096 | lr 0.000832 | 3.4min
  VAL 0.00%
  step 13500 | loss 0.800362 | lr 0.000820 | 3.6min
  step 14000 | loss 0.746552 | lr 0.000807 | 3.7min
  VAL 0.00%
  step 14500 | loss 0.697610 | lr 0.000794 | 3.8min
  step 15000 | loss 0.656611 | lr 0.000780 | 4.0min
  VAL 0.00%
  step 15500 | loss 0.555832 | lr 0.000767 | 4.1min
  step 16000 | loss 0.509316 | lr 0.000753 | 4.3min
  VAL 0.20%
  step 16500 | loss 0.484779 | lr 0.000739 | 4.4min
  step 17000 | loss 0.470798 | lr 0.000724 | 4.6min
  VAL 0.45%
  step 17500 | loss 0.458702 | lr 0.000709 | 4.7min
  step 18000 | loss 0.442226 | lr 0.000694 | 4.8min
  VAL 0.65%
  step 18500 | loss 0.441570 | lr 0.000679 | 5.0min
  step 19000 | loss 0.432648 | lr 0.000664 | 5.1min
  VAL 0.90%
  step 19500 | loss 0.433936 | lr 0.000649 | 5.2min
  step 20000 | loss 0.423105 | lr 0.000633 | 5.4min
  VAL 0.90%
  step 20500 | loss 0.422647 | lr 0.000618 | 5.5min
  step 21000 | loss 0.414197 | lr 0.000602 | 5.6min
  VAL 1.05%
  step 21500 | loss 0.411698 | lr 0.000586 | 5.8min
  step 22000 | loss 0.410002 | lr 0.000571 | 5.9min
  VAL 1.00%
  step 22500 | loss 0.409226 | lr 0.000555 | 6.0min
  step 23000 | loss 0.408996 | lr 0.000539 | 6.1min
  VAL 0.85%
  step 23500 | loss 0.406900 | lr 0.000523 | 6.2min
  step 24000 | loss 0.402378 | lr 0.000507 | 6.3min
  VAL 0.70%
  step 24500 | loss 0.401512 | lr 0.000492 | 6.5min
  step 25000 | loss 0.401709 | lr 0.000476 | 6.6min
  VAL 1.00%
  step 25500 | loss 0.397741 | lr 0.000460 | 6.7min
  step 26000 | loss 0.391874 | lr 0.000445 | 6.9min
  VAL 1.50%
  step 26500 | loss 0.379355 | lr 0.000430 | 7.0min
  step 27000 | loss 0.340914 | lr 0.000415 | 7.1min
  VAL 2.70%
  step 27500 | loss 0.316608 | lr 0.000400 | 7.3min
  step 28000 | loss 0.303403 | lr 0.000385 | 7.4min
  VAL 4.40%
  step 28500 | loss 0.300741 | lr 0.000370 | 7.6min
  step 29000 | loss 0.293733 | lr 0.000356 | 7.7min
  VAL 6.25%
  step 29500 | loss 0.275681 | lr 0.000342 | 7.9min
  step 30000 | loss 0.271932 | lr 0.000328 | 8.0min
  VAL 5.45%
  step 30500 | loss 0.266519 | lr 0.000314 | 8.2min
  step 31000 | loss 0.258681 | lr 0.000301 | 8.3min
  VAL 6.20%
  step 31500 | loss 0.263433 | lr 0.000288 | 8.4min
  step 32000 | loss 0.253573 | lr 0.000275 | 8.6min
  VAL 8.40%
  step 32500 | loss 0.256621 | lr 0.000263 | 8.7min
  step 33000 | loss 0.246664 | lr 0.000251 | 8.8min
  VAL 8.80%
  step 33500 | loss 0.245447 | lr 0.000239 | 9.0min
  step 34000 | loss 0.242446 | lr 0.000228 | 9.1min
  VAL 9.20%
  step 34500 | loss 0.240904 | lr 0.000217 | 9.2min
  step 35000 | loss 0.239361 | lr 0.000207 | 9.3min
  VAL 9.05%
  step 35500 | loss 0.237812 | lr 0.000197 | 9.5min
  step 36000 | loss 0.235036 | lr 0.000187 | 9.6min
  VAL 9.40%
  step 36500 | loss 0.230998 | lr 0.000178 | 9.7min
  step 37000 | loss 0.232462 | lr 0.000169 | 9.8min
  VAL 10.05%
  step 37500 | loss 0.230383 | lr 0.000161 | 10.0min
  step 38000 | loss 0.229646 | lr 0.000153 | 10.1min
  VAL 9.30%
  step 38500 | loss 0.228305 | lr 0.000146 | 10.2min
  step 39000 | loss 0.228143 | lr 0.000139 | 10.3min
  VAL 9.70%
  step 39500 | loss 0.228148 | lr 0.000133 | 10.4min
  step 40000 | loss 0.226916 | lr 0.000128 | 10.5min
  VAL 9.90%
  step 40500 | loss 0.226792 | lr 0.000122 | 10.7min
  step 41000 | loss 0.224767 | lr 0.000118 | 10.8min
  VAL 9.45%
  step 41500 | loss 0.225487 | lr 0.000114 | 10.9min
  step 42000 | loss 0.221318 | lr 0.000110 | 11.1min
  VAL 9.35%
  step 42500 | loss 0.222379 | lr 0.000107 | 11.2min
  step 43000 | loss 0.223017 | lr 0.000104 | 11.3min
  VAL 10.00%
  step 43500 | loss 0.221771 | lr 0.000102 | 11.5min
  step 44000 | loss 0.221581 | lr 0.000101 | 11.6min
  VAL 10.05%
  step 44500 | loss 0.221967 | lr 0.000100 | 11.7min
  step 45000 | loss 0.220000 | lr 0.000100 | 11.9min
  VAL 9.15%

Training complete in 11.9 minutes
Best test accuracy: 0.0000%
