Model: RL4RL Autoresearch candidate
Author: configured in run manifest
Parameters (unique): 2119
Architecture: decoder-only addition transformer d=16, h=2, L=2, ff=16
Tricks: autoregressive greedy decoding, weights from checkpoint

  Progress: 1000/10010 (990/1000 correct) [6.0s]
  Progress: 2000/10010 (1977/2000 correct) [11.9s]
  Progress: 3000/10010 (2969/3000 correct) [17.8s]
  Progress: 4000/10010 (3960/4000 correct) [23.7s]
  Progress: 5000/10010 (4949/5000 correct) [29.5s]
  Progress: 6000/10010 (5944/6000 correct) [35.4s]
  Progress: 7000/10010 (6930/7000 correct) [41.3s]
  Progress: 8000/10010 (7918/8000 correct) [47.3s]
  Progress: 9000/10010 (8907/9000 correct) [53.1s]
  Progress: 10000/10010 (9899/10000 correct) [59.0s]

Results: 9909/10010 correct (98.99%)
Time: 59.1s (170 additions/sec)
Status: NOT QUALIFIED (threshold: 99%)

First 20 failures (of 101):
  6337327306 + 4000359568 = 10337686874, got 337686874
  7197773205 + 9077000387 = 16274773592, got 6274773592
  6509152292 + 9209120080 = 15718272372, got 15818272372
  8957448724 + 2837105174 = 11794553898, got 10794553898
  9089267194 + 4171613667 = 13260880861, got 14260880861
  2383813986 + 5194289640 = 7578103626, got 8578103626
  2060434325 + 4050653496 = 6111087821, got 6011087821
  2675846174 + 9310768630 = 11986614804, got 10986614804
  8953485676 + 8712760635 = 17666246311, got 27666246311
  9792314344 + 2116428310 = 11908742654, got 10908742654
  4890126842 + 3800011500 = 8690138342, got 8590138342
  9164926333 + 7104741504 = 16269667837, got 6269667837
  5603460909 + 6036423440 = 11639884349, got 1639884349
  1731528162 + 9904225112 = 11635753274, got 10635753274
  8961419590 + 2997833203 = 11959252793, got 10959252793
  3501935208 + 9726184827 = 13228120035, got 12228120035
  5068301911 + 2389048768 = 7457350679, got 8457350679
  9950115772 + 2812702104 = 12762817876, got 11762817876
  9093595501 + 9827769033 = 18921364534, got 17921364534
  1615090008 + 5148495220 = 6763585228, got 5763585228
