Model: 3,520 parameters
Config: d=16, h=2, L=2, ff=20
Device: mps

Training for 30000 steps...
  step   500 | loss 1.483155 | lr 0.001000 | 0.2min
  step  1000 | loss 1.410780 | lr 0.000999 | 0.4min
  VAL 0.00%
  step  1500 | loss 1.373407 | lr 0.000996 | 0.5min
  step  2000 | loss 1.378784 | lr 0.000992 | 0.7min
  VAL 0.00%
  step  2500 | loss 1.361342 | lr 0.000987 | 0.8min
  step  3000 | loss 1.361820 | lr 0.000980 | 1.0min
  VAL 0.00%
  step  3500 | loss 1.396322 | lr 0.000972 | 1.1min
  step  4000 | loss 1.361757 | lr 0.000962 | 1.3min
  VAL 0.00%
  step  4500 | loss 1.304878 | lr 0.000951 | 1.4min
  step  5000 | loss 1.304022 | lr 0.000939 | 1.6min
  VAL 0.00%
  step  5500 | loss 1.314846 | lr 0.000926 | 1.8min
  step  6000 | loss 1.247236 | lr 0.000912 | 1.9min
  VAL 0.00%
  step  6500 | loss 1.289125 | lr 0.000896 | 2.1min
  step  7000 | loss 1.258712 | lr 0.000880 | 2.3min
  VAL 0.00%
  step  7500 | loss 1.276560 | lr 0.000862 | 2.5min
  step  8000 | loss 1.282003 | lr 0.000843 | 2.6min
  VAL 0.00%
  step  8500 | loss 1.277809 | lr 0.000823 | 2.8min
  step  9000 | loss 1.262940 | lr 0.000803 | 3.0min
  VAL 0.00%
  step  9500 | loss 1.252440 | lr 0.000781 | 3.2min
  step 10000 | loss 1.244301 | lr 0.000759 | 3.4min
  VAL 0.00%
  step 10500 | loss 1.226275 | lr 0.000736 | 3.6min
  step 11000 | loss 1.280953 | lr 0.000713 | 3.8min
  VAL 0.00%
  step 11500 | loss 1.249779 | lr 0.000688 | 3.9min
  step 12000 | loss 1.226754 | lr 0.000664 | 4.1min
  VAL 0.00%
  step 12500 | loss 1.229661 | lr 0.000638 | 4.2min
  step 13000 | loss 1.242852 | lr 0.000613 | 4.4min
  VAL 0.00%
  step 13500 | loss 1.221865 | lr 0.000587 | 4.6min
  step 14000 | loss 1.202884 | lr 0.000561 | 4.8min
  VAL 0.00%
  step 14500 | loss 1.200665 | lr 0.000534 | 4.9min
  step 15000 | loss 1.178401 | lr 0.000508 | 5.1min
  VAL 0.00%
  step 15500 | loss 1.236787 | lr 0.000481 | 5.3min
  step 16000 | loss 1.193284 | lr 0.000455 | 5.4min
  VAL 0.00%
  step 16500 | loss 1.264115 | lr 0.000429 | 5.6min
  step 17000 | loss 1.184746 | lr 0.000403 | 5.7min
  VAL 0.00%
  step 17500 | loss 1.191812 | lr 0.000377 | 5.9min
  step 18000 | loss 1.224801 | lr 0.000352 | 6.1min
  VAL 0.00%
  step 18500 | loss 1.217606 | lr 0.000327 | 6.2min
  step 19000 | loss 1.196397 | lr 0.000302 | 6.4min
  VAL 0.00%
  step 19500 | loss 1.242987 | lr 0.000278 | 6.5min
  step 20000 | loss 1.202706 | lr 0.000255 | 6.7min
  VAL 0.00%
  step 20500 | loss 1.216693 | lr 0.000232 | 6.9min
  step 21000 | loss 1.233401 | lr 0.000210 | 7.0min
  VAL 0.00%
  step 21500 | loss 1.228876 | lr 0.000189 | 7.2min
  step 22000 | loss 1.165015 | lr 0.000169 | 7.3min
  VAL 0.00%
  step 22500 | loss 1.202887 | lr 0.000149 | 7.5min
  step 23000 | loss 1.188198 | lr 0.000131 | 7.6min
  VAL 0.00%
  step 23500 | loss 1.216378 | lr 0.000114 | 7.8min
  step 24000 | loss 1.189332 | lr 0.000097 | 7.9min
  VAL 0.00%
  step 24500 | loss 1.183521 | lr 0.000082 | 8.1min
  step 25000 | loss 1.170788 | lr 0.000068 | 8.3min
  VAL 0.00%
  step 25500 | loss 1.194563 | lr 0.000056 | 8.5min
  step 26000 | loss 1.203523 | lr 0.000044 | 8.6min
  VAL 0.00%
  step 26500 | loss 1.199562 | lr 0.000034 | 8.8min
  step 27000 | loss 1.143901 | lr 0.000025 | 8.9min
  VAL 0.00%
  step 27500 | loss 1.186987 | lr 0.000017 | 9.1min
  step 28000 | loss 1.163833 | lr 0.000011 | 9.2min
  VAL 0.00%
  step 28500 | loss 1.238578 | lr 0.000006 | 9.4min
  step 29000 | loss 1.193833 | lr 0.000003 | 9.5min
  VAL 0.00%
  step 29500 | loss 1.176298 | lr 0.000001 | 9.7min
  step 30000 | loss 1.155749 | lr 0.000000 | 9.9min
  VAL 0.00%

Training complete in 9.9 minutes
Best test accuracy: 0.0000%
