Model: RL4RL Autoresearch candidate
Author: configured in run manifest
Parameters (unique): 3520
Architecture: decoder-only addition transformer d=16, h=2, L=2, ff=20
Tricks: autoregressive greedy decoding, weights from checkpoint

  Progress: 1000/10010 (0/1000 correct) [8.5s]
  Progress: 2000/10010 (0/2000 correct) [17.2s]
  Progress: 3000/10010 (0/3000 correct) [25.7s]
  Progress: 4000/10010 (0/4000 correct) [34.2s]
  Progress: 5000/10010 (0/5000 correct) [42.9s]
  Progress: 6000/10010 (0/6000 correct) [51.4s]
  Progress: 7000/10010 (0/7000 correct) [60.0s]
  Progress: 8000/10010 (0/8000 correct) [68.8s]
  Progress: 9000/10010 (0/9000 correct) [78.5s]
  Progress: 10000/10010 (0/10000 correct) [89.2s]

Results: 0/10010 correct (0.00%)
Time: 89.3s (112 additions/sec)
Status: NOT QUALIFIED (threshold: 99%)

First 20 failures (of 10010):
  0 + 0 = 0, got 9
  0 + 1 = 1, got 9
  9999999999 + 0 = 9999999999, got 1488888888
  9999999999 + 1 = 10000000000, got 1488888888
  9999999999 + 9999999999 = 19999999998, got 24888888888
  5000000000 + 5000000000 = 10000000000, got 9488888889
  1111111111 + 8888888889 = 10000000000, got 9488888888
  1234567890 + 9876543210 = 11111111100, got 11488888888
  9999999999 + 9999999999 = 19999999998, got 24888888888
  1 + 9999999999 = 10000000000, got 1488888886
  2395527356 + 9334186774 = 11729714130, got 11488888888
  4296888873 + 8475224721 = 12772113594, got 12488888888
  2446880696 + 4577514554 = 7024395250, got 6448888888
  1721735679 + 186192860 = 1907928539, got 2488888888
  3295396137 + 8512642381 = 11808038518, got 11488888888
  4721664841 + 8801376086 = 13523040927, got 13488888888
  8709633390 + 2191376109 = 10901009499, got 11488888888
  813236058 + 3041824170 = 3855060228, got 4448888888
  7038162399 + 8251837442 = 15289999841, got 13888888888
  3917771074 + 2558389380 = 6476160454, got 6448888888
