Model: 4,760 parameters
Config: d=14, h=2, L=2, ff=42
Device: mps

Training for 30000 steps...
  step   500 | loss 1.420942 | lr 0.001000 | 0.2min
  step  1000 | loss 1.374394 | lr 0.000999 | 0.3min
  VAL 0.00%
  step  1500 | loss 1.305413 | lr 0.000996 | 0.4min
  step  2000 | loss 1.260310 | lr 0.000992 | 0.5min
  VAL 0.00%
  step  2500 | loss 1.134808 | lr 0.000987 | 0.7min
  step  3000 | loss 0.950762 | lr 0.000980 | 0.8min
  VAL 0.00%
  step  3500 | loss 0.730708 | lr 0.000972 | 0.9min
  step  4000 | loss 0.658570 | lr 0.000962 | 1.1min
  VAL 0.05%
  step  4500 | loss 0.402317 | lr 0.000951 | 1.5min
  step  5000 | loss 0.320203 | lr 0.000939 | 1.8min
  VAL 5.40%
  step  5500 | loss 0.290154 | lr 0.000926 | 5.4min
  step  6000 | loss 0.254513 | lr 0.000912 | 5.5min
  VAL 8.00%
  step  6500 | loss 0.233004 | lr 0.000896 | 5.6min
  step  7000 | loss 0.221881 | lr 0.000880 | 5.8min
  VAL 8.15%
  step  7500 | loss 0.215745 | lr 0.000862 | 5.9min
  step  8000 | loss 0.211213 | lr 0.000843 | 6.0min
  VAL 9.50%
  step  8500 | loss 0.205557 | lr 0.000823 | 6.1min
  step  9000 | loss 0.201950 | lr 0.000803 | 6.3min
  VAL 9.80%
  step  9500 | loss 0.200769 | lr 0.000781 | 6.4min
  step 10000 | loss 0.199104 | lr 0.000759 | 6.5min
  VAL 9.25%
  step 10500 | loss 0.196736 | lr 0.000736 | 6.6min
  step 11000 | loss 0.197463 | lr 0.000713 | 6.8min
  VAL 10.35%
  step 11500 | loss 0.195440 | lr 0.000688 | 6.9min
  step 12000 | loss 0.194862 | lr 0.000664 | 7.0min
  VAL 9.70%
  step 12500 | loss 0.194735 | lr 0.000638 | 7.1min
  step 13000 | loss 0.194881 | lr 0.000613 | 7.3min
  VAL 10.40%
  step 13500 | loss 0.194242 | lr 0.000587 | 7.4min
  step 14000 | loss 0.193480 | lr 0.000561 | 7.5min
  VAL 10.35%
  step 14500 | loss 0.193391 | lr 0.000534 | 7.6min
  step 15000 | loss 0.193122 | lr 0.000508 | 7.8min
  VAL 9.75%
  step 15500 | loss 0.193732 | lr 0.000481 | 7.9min
  step 16000 | loss 0.192868 | lr 0.000455 | 8.0min
  VAL 10.15%
  step 16500 | loss 0.193356 | lr 0.000429 | 8.1min
  step 17000 | loss 0.192943 | lr 0.000403 | 8.3min
  VAL 9.60%
  step 17500 | loss 0.192815 | lr 0.000377 | 8.4min
  step 18000 | loss 0.193018 | lr 0.000352 | 8.6min
  VAL 9.75%
  step 18500 | loss 0.192629 | lr 0.000327 | 8.7min
  step 19000 | loss 0.192644 | lr 0.000302 | 8.9min
  VAL 11.10%
  step 19500 | loss 0.192637 | lr 0.000278 | 9.0min
  step 20000 | loss 0.192629 | lr 0.000255 | 9.2min
  VAL 9.85%
  step 20500 | loss 0.192533 | lr 0.000232 | 9.3min
  step 21000 | loss 0.192492 | lr 0.000210 | 9.4min
  VAL 9.15%
  step 21500 | loss 0.192565 | lr 0.000189 | 9.6min
  step 22000 | loss 0.192683 | lr 0.000169 | 9.7min
  VAL 10.30%
  step 22500 | loss 0.192191 | lr 0.000149 | 9.9min
  step 23000 | loss 0.192460 | lr 0.000131 | 10.0min
  VAL 9.30%
  step 23500 | loss 0.192304 | lr 0.000114 | 10.1min
  step 24000 | loss 0.192210 | lr 0.000097 | 10.3min
  VAL 11.15%
  step 24500 | loss 0.192297 | lr 0.000082 | 10.4min
  step 25000 | loss 0.192279 | lr 0.000068 | 10.5min
  VAL 9.50%
  step 25500 | loss 0.192241 | lr 0.000056 | 10.6min
  step 26000 | loss 0.192237 | lr 0.000044 | 10.7min
  VAL 10.05%
  step 26500 | loss 0.192207 | lr 0.000034 | 10.9min
  step 27000 | loss 0.192177 | lr 0.000025 | 11.0min
  VAL 9.15%
  step 27500 | loss 0.192087 | lr 0.000017 | 11.1min
  step 28000 | loss 0.192188 | lr 0.000011 | 11.2min
  VAL 9.65%
  step 28500 | loss 0.192190 | lr 0.000006 | 11.3min
  step 29000 | loss 0.192171 | lr 0.000003 | 11.4min
  VAL 10.05%
  step 29500 | loss 0.192164 | lr 0.000001 | 11.6min
  step 30000 | loss 0.192166 | lr 0.000000 | 11.7min
  VAL 10.35%

Training complete in 11.7 minutes
Best test accuracy: 0.0000%
