Model: RL4RL Autoresearch candidate
Author: configured in run manifest
Parameters (unique): 1659
Architecture: decoder-only addition transformer d=16, h=2, L=2, ff=16
Tricks: autoregressive greedy decoding, weights from checkpoint

  Progress: 1000/10010 (0/1000 correct) [6.3s]
  Progress: 2000/10010 (0/2000 correct) [12.4s]
  Progress: 3000/10010 (0/3000 correct) [18.5s]
  Progress: 4000/10010 (0/4000 correct) [24.9s]
  Progress: 5000/10010 (0/5000 correct) [32.2s]
  Progress: 6000/10010 (0/6000 correct) [38.8s]
  Progress: 7000/10010 (0/7000 correct) [44.7s]
  Progress: 8000/10010 (0/8000 correct) [51.3s]
  Progress: 9000/10010 (0/9000 correct) [57.5s]
  Progress: 10000/10010 (0/10000 correct) [63.6s]

Results: 0/10010 correct (0.00%)
Time: 63.7s (157 additions/sec)
Status: NOT QUALIFIED (threshold: 99%)

First 20 failures (of 10010):
  0 + 0 = 0, got 11119111111
  0 + 1 = 1, got 11119111111
  9999999999 + 0 = 9999999999, got 9999910100
  9999999999 + 1 = 10000000000, got 9999910100
  9999999999 + 9999999999 = 19999999998, got 8888999999
  5000000000 + 5000000000 = 10000000000, got 19119111111
  1111111111 + 8888888889 = 10000000000, got 99988900000
  1234567890 + 9876543210 = 11111111100, got 91009991091
  9999999999 + 9999999999 = 19999999998, got 8888999999
  1 + 9999999999 = 10000000000, got 9999910100
  2395527356 + 9334186774 = 11729714130, got 9888901099
  4296888873 + 8475224721 = 12772113594, got 9889001990
  2446880696 + 4577514554 = 7024395250, got 8990900199
  1721735679 + 186192860 = 1907928539, got 91887910990
  3295396137 + 8512642381 = 11808038518, got 9898910099
  4721664841 + 8801376086 = 13523040927, got 8800990998
  8709633390 + 2191376109 = 10901009499, got 9899900099
  813236058 + 3041824170 = 3855060228, got 99888009199
  7038162399 + 8251837442 = 15289999841, got 8188900981
  3917771074 + 2558389380 = 6476160454, got 98888981081
