Initialized from retained incumbent: /Users/utshaho/Documents/GitHub/rl4rl/data/raw/autoresearch/sol-xhigh-overnight-20260814/state/incumbent.pt
Model: 3,328 parameters
Config: d=16, h=2, L=2, ff=10
Device: mps

INITIAL VAL 77.85%

Fine-tuning for up to 10000 steps...
  step   500 | loss 0.224289 | lr 0.000100 | 0.2min
  VAL 99.95%
  TEST 99.9900%
  *** New best: 99.9900% ***
  step  1000 | loss 0.218186 | lr 0.000099 | 0.3min
  VAL 99.65%
  TEST 99.8300%
  step  1500 | loss 0.216033 | lr 0.000096 | 0.5min
  VAL 100.00%
  TEST 99.9900%
  step  2000 | loss 0.214512 | lr 0.000093 | 0.7min
  VAL 100.00%
  TEST 99.9900%
  step  2500 | loss 0.212410 | lr 0.000088 | 0.8min
  VAL 99.95%
  TEST 99.9900%
  step  3000 | loss 0.208192 | lr 0.000082 | 1.0min
  VAL 100.00%
  TEST 99.8900%
  step  3500 | loss 0.207392 | lr 0.000075 | 1.2min
  VAL 99.95%
  TEST 100.0000%
  *** New best: 100.0000% ***
Fine-tuned candidate reached the early-stop target.
