Model: RL4RL Autoresearch candidate
Author: configured in run manifest
Parameters (unique): 3328
Architecture: decoder-only addition transformer d=16, h=2, L=2, ff=10
Tricks: autoregressive greedy decoding, weights from checkpoint

  Progress: 1000/10010 (1000/1000 correct) [6.2s]
  Progress: 2000/10010 (1999/2000 correct) [12.3s]
  Progress: 3000/10010 (2999/3000 correct) [18.5s]
  Progress: 4000/10010 (3999/4000 correct) [24.6s]
  Progress: 5000/10010 (4999/5000 correct) [30.8s]
  Progress: 6000/10010 (5999/6000 correct) [37.0s]
  Progress: 7000/10010 (6999/7000 correct) [43.2s]
  Progress: 8000/10010 (7999/8000 correct) [49.5s]
  Progress: 9000/10010 (8999/9000 correct) [55.8s]
  Progress: 10000/10010 (9999/10000 correct) [61.9s]

Results: 10009/10010 correct (99.99%)
Time: 62.0s (161 additions/sec)
Status: QUALIFIED (threshold: 99%)

Failures (1):
  3556936233 + 9834539853 = 13391476086, got 14391476086
