Model: RL4RL Autoresearch candidate
Author: configured in run manifest
Parameters (unique): 5056
Architecture: decoder-only addition transformer d=16, h=2, L=2, ff=32
Tricks: autoregressive greedy decoding, weights from checkpoint

  Progress: 1000/10010 (998/1000 correct) [6.6s]
  Progress: 2000/10010 (1998/2000 correct) [13.2s]
  Progress: 3000/10010 (2995/3000 correct) [19.7s]
  Progress: 4000/10010 (3993/4000 correct) [26.3s]
  Progress: 5000/10010 (4993/5000 correct) [32.9s]
  Progress: 6000/10010 (5991/6000 correct) [39.4s]
  Progress: 7000/10010 (6991/7000 correct) [46.0s]
  Progress: 8000/10010 (7988/8000 correct) [52.5s]
  Progress: 9000/10010 (8987/9000 correct) [59.1s]
  Progress: 10000/10010 (9986/10000 correct) [65.6s]

Results: 9996/10010 correct (99.86%)
Time: 65.7s (152 additions/sec)
Status: QUALIFIED (threshold: 99%)

Failures (14):
  5000000000 + 5000000000 = 10000000000, got 0
  4184380900 + 6023296350 = 10207677250, got 207677250
  5129890234 + 5088323721 = 10218213955, got 218213955
  8117603810 + 9908892645 = 18026496455, got 17026496455
  9297474060 + 9535661210 = 18833135270, got 8833135270
  5065450841 + 5084143183 = 10149594024, got 149594024
  6194898600 + 6145852101 = 12340750701, got 2340750701
  5182656824 + 5032061405 = 10214718229, got 214718229
  8251004545 + 9762653914 = 18013658459, got 17013658459
  9008090711 + 9014362921 = 18022453632, got 8022453632
  6134531353 + 6235950660 = 12370482013, got 2370482013
  6162650200 + 6018873666 = 12181523866, got 2181523866
  9682453860 + 8359042514 = 18041496374, got 8041496374
  9325920960 + 8899178650 = 18225099610, got 8225099610
