Model: RL4RL Autoresearch candidate
Author: configured in run manifest
Parameters (unique): 1929
Architecture: decoder-only addition transformer d=16, h=2, L=2, ff=10, block1_ff=8, fixed_separators=True, tied_position_pairs=[[4, 15], [7, 18], [5, 16], [3, 14], [2, 13], [8, 19], [6, 17], [1, 12], [0, 11], [9, 20]], interpolated_positions=[23, 24, 25, 26, 27], qkv_pruned=119
Tricks: autoregressive greedy decoding, weights from checkpoint

  Progress: 1000/10010 (999/1000 correct) [4.4s]
  Progress: 2000/10010 (1997/2000 correct) [8.8s]
  Progress: 3000/10010 (2994/3000 correct) [13.3s]
  Progress: 4000/10010 (3992/4000 correct) [17.7s]
  Progress: 5000/10010 (4990/5000 correct) [22.1s]
  Progress: 6000/10010 (5990/6000 correct) [26.5s]
  Progress: 7000/10010 (6988/7000 correct) [31.0s]
  Progress: 8000/10010 (7986/8000 correct) [35.4s]
  Progress: 9000/10010 (8984/9000 correct) [39.8s]
  Progress: 10000/10010 (9980/10000 correct) [44.3s]

Results: 9990/10010 correct (99.80%)
Time: 44.3s (226 additions/sec)
Status: QUALIFIED (threshold: 99%)

Failures (20):
  1916858539 + 1246825314 = 3163683853, got 8163683853
  6047119139 + 5060676488 = 11107795627, got 10107795627
  5199705329 + 6225705022 = 11425410351, got 10425410351
  5073074988 + 6351264488 = 11424339476, got 10424339476
  6081827802 + 5355690034 = 11437517836, got 10437517836
  1798442812 + 1312562913 = 3111005725, got 8111005725
  6220808416 + 5189773965 = 11410582381, got 10410582381
  6034185843 + 5879550316 = 11913736159, got 10913736159
  1844253487 + 1317320199 = 3161573686, got 8161573686
  1421527058 + 1712941955 = 3134469013, got 8134469013
  1326509033 + 1828945950 = 3155454983, got 8155454983
  1885035647 + 1258568734 = 3143604381, got 8143604381
  5812383983 + 6097421408 = 11909805391, got 10909805391
  1802461906 + 1363137301 = 3165599207, got 8165599207
  1445936492 + 1748949679 = 3194886171, got 8194886171
  1010537826 + 1998432176 = 3008970002, got 2008970002
  1096553746 + 1970266697 = 3066820443, got 2066820443
  1852070247 + 1375030731 = 3227100978, got 8227100978
  5118045857 + 6196185877 = 11314231734, got 10314231734
  6058598929 + 5352836860 = 11411435789, got 10411435789
