Model: RL4RL Autoresearch candidate
Author: configured in run manifest
Parameters (unique): 1991
Architecture: decoder-only addition transformer d=16, h=2, L=2, ff=10, block1_ff=8, fixed_separators=True, tied_position_pairs=[[4, 15], [7, 18], [5, 16], [3, 14], [2, 13], [8, 19], [6, 17], [1, 12], [0, 11], [9, 20]], interpolated_positions=[23, 24, 25, 26, 27], qkv_pruned=57
Tricks: autoregressive greedy decoding, weights from checkpoint

  Progress: 1000/10010 (996/1000 correct) [4.4s]
  Progress: 2000/10010 (1991/2000 correct) [8.9s]
  Progress: 3000/10010 (2986/3000 correct) [13.2s]
  Progress: 4000/10010 (3981/4000 correct) [17.6s]
  Progress: 5000/10010 (4979/5000 correct) [22.0s]
  Progress: 6000/10010 (5976/6000 correct) [26.4s]
  Progress: 7000/10010 (6974/7000 correct) [30.9s]
  Progress: 8000/10010 (7972/8000 correct) [35.3s]
  Progress: 9000/10010 (8971/9000 correct) [39.7s]
  Progress: 10000/10010 (9968/10000 correct) [44.1s]

Results: 9978/10010 correct (99.68%)
Time: 44.1s (227 additions/sec)
Status: QUALIFIED (threshold: 99%)

First 20 failures (of 32):
  2419324703 + 3516291980 = 5935616683, got 5835616683
  522897407 + 2418627610 = 2941525017, got 2841525017
  4501354141 + 9409669647 = 13911023788, got 13811023788
  6116232171 + 6692893101 = 12809125272, got 11809125272
  2414276349 + 2517436867 = 4931713216, got 4831713216
  4624637094 + 517131976 = 5141769070, got 5041769070
  6047119139 + 5060676488 = 11107795627, got 10107795627
  5199705329 + 6225705022 = 11425410351, got 10425410351
  8619826738 + 4616944263 = 13236771001, got 13136771001
  6268963137 + 5180516162 = 11449479299, got 10449479299
  5073074988 + 6351264488 = 11424339476, got 10424339476
  6660112625 + 5142876686 = 11802989311, got 10802989311
  6081827802 + 5355690034 = 11437517836, got 10437517836
  5793391971 + 3268104699 = 9061496670, got 8461496670
  1798242999 + 3267329002 = 5065572001, got 4465572001
  6220808416 + 5189773965 = 11410582381, got 10410582381
  1415015538 + 2519348781 = 3934364319, got 3834364319
  769934205 + 3291658886 = 4061593091, got 4461593091
  6194898600 + 6145852101 = 12340750701, got 11340750701
  3669896045 + 5516370678 = 9186266723, got 9086266723
