Model: RL4RL Autoresearch candidate
Author: configured in run manifest
Parameters (unique): 1671
Architecture: decoder-only addition transformer d=16, h=2, L=2, ff=16
Tricks: autoregressive greedy decoding, weights from checkpoint

  Progress: 1000/10010 (981/1000 correct) [6.9s]
  Progress: 2000/10010 (1970/2000 correct) [13.8s]
  Progress: 3000/10010 (2961/3000 correct) [20.5s]
  Progress: 4000/10010 (3953/4000 correct) [27.1s]
  Progress: 5000/10010 (4944/5000 correct) [34.3s]
  Progress: 6000/10010 (5937/6000 correct) [40.8s]
  Progress: 7000/10010 (6920/7000 correct) [47.5s]
  Progress: 8000/10010 (7911/8000 correct) [55.2s]
  Progress: 9000/10010 (8899/9000 correct) [63.2s]
  Progress: 10000/10010 (9890/10000 correct) [71.3s]

Results: 9900/10010 correct (98.90%)
Time: 71.4s (140 additions/sec)
Status: NOT QUALIFIED (threshold: 99%)

First 20 failures (of 110):
  9999999999 + 9999999999 = 19999999998, got 9999999998
  9999999999 + 9999999999 = 19999999998, got 9999999998
  5353030368 + 2525515399 = 7878545767, got 17878545767
  6337327306 + 4000359568 = 10337686874, got 337686874
  1822866090 + 4832899953 = 6655766043, got 6555766043
  7197773205 + 9077000387 = 16274773592, got 6274773592
  6785680981 + 6097908899 = 12883589880, got 13883589880
  6969938512 + 1800378914 = 8770317426, got 8670317426
  9229471617 + 9474184142 = 18703655759, got 17703655759
  9802221894 + 7858087157 = 17660309051, got 17560309051
  8793150034 + 6686591836 = 15479741870, got 15479741880
  2383813986 + 5194289640 = 7578103626, got 8578103626
  6832437373 + 3830048430 = 10662485803, got 10562485803
  5909551252 + 6873659338 = 12783210590, got 12683210590
  1978347876 + 4802489172 = 6780837048, got 6680837048
  9527466102 + 8003103222 = 17530569324, got 16530569324
  2695667493 + 3493813159 = 6189480652, got 7189480652
  8953485676 + 8712760635 = 17666246311, got 27666246311
  6840669308 + 801434060 = 7642103368, got 7542103368
  4890126842 + 3800011500 = 8690138342, got 8590138342
