Model: 5,056 parameters
Config: d=16, h=2, L=2, ff=32
Device: mps

Training for 30000 steps...
  step   500 | loss 1.433081 | lr 0.001000 | 0.2min
  step  1000 | loss 1.355827 | lr 0.000999 | 0.3min
  VAL 0.00%
  step  1500 | loss 1.276091 | lr 0.000996 | 0.5min
  step  2000 | loss 0.816679 | lr 0.000992 | 0.6min
  VAL 0.00%
  step  2500 | loss 0.606362 | lr 0.000987 | 0.7min
  step  3000 | loss 0.340158 | lr 0.000980 | 0.9min
  VAL 3.05%
  step  3500 | loss 0.109549 | lr 0.000972 | 1.0min
  step  4000 | loss 0.054720 | lr 0.000962 | 1.1min
  VAL 74.25%
  step  4500 | loss 0.031295 | lr 0.000951 | 1.3min
  step  5000 | loss 0.018288 | lr 0.000939 | 1.4min
  VAL 81.10%
  step  5500 | loss 0.012160 | lr 0.000926 | 1.6min
  step  6000 | loss 0.009677 | lr 0.000912 | 1.7min
  VAL 87.00%
  step  6500 | loss 0.006434 | lr 0.000896 | 1.8min
  step  7000 | loss 0.004031 | lr 0.000880 | 2.0min
  VAL 92.85%
  step  7500 | loss 0.003240 | lr 0.000862 | 2.1min
  step  8000 | loss 0.004612 | lr 0.000843 | 2.2min
  VAL 92.30%
  step  8500 | loss 0.003321 | lr 0.000823 | 2.4min
  step  9000 | loss 0.001834 | lr 0.000803 | 2.5min
  VAL 98.45%
  step  9500 | loss 0.001413 | lr 0.000781 | 2.7min
  step 10000 | loss 0.001232 | lr 0.000759 | 2.8min
  VAL 99.80%
  TEST 99.6500%
  *** New best: 99.6500% ***
  step 10500 | loss 0.001305 | lr 0.000736 | 3.0min
  step 11000 | loss 0.000969 | lr 0.000713 | 3.1min
  VAL 97.85%
  step 11500 | loss 0.003598 | lr 0.000688 | 3.2min
  step 12000 | loss 0.000788 | lr 0.000664 | 3.4min
  VAL 99.95%
  TEST 99.6900%
  *** New best: 99.6900% ***
  step 12500 | loss 0.000799 | lr 0.000638 | 3.6min
  step 13000 | loss 0.000621 | lr 0.000613 | 3.7min
  VAL 99.90%
  TEST 99.6800%
  step 13500 | loss 0.000696 | lr 0.000587 | 3.9min
  step 14000 | loss 0.000782 | lr 0.000561 | 4.0min
  VAL 99.90%
  TEST 99.8500%
  *** New best: 99.8500% ***
  step 14500 | loss 0.000668 | lr 0.000534 | 4.2min
  step 15000 | loss 0.000531 | lr 0.000508 | 4.3min
  VAL 99.95%
  TEST 99.8300%
  step 15500 | loss 0.000549 | lr 0.000481 | 4.5min
  step 16000 | loss 0.000427 | lr 0.000455 | 4.7min
  VAL 99.95%
  TEST 99.9600%
  *** New best: 99.9600% ***
  step 16500 | loss 0.000511 | lr 0.000429 | 4.8min
  step 17000 | loss 0.001641 | lr 0.000403 | 5.0min
  VAL 98.30%
  step 17500 | loss 0.000392 | lr 0.000377 | 5.1min
  step 18000 | loss 0.000444 | lr 0.000352 | 5.3min
  VAL 100.00%
  TEST 99.9900%
  *** New best: 99.9900% ***
  step 18500 | loss 0.000328 | lr 0.000327 | 5.4min
  step 19000 | loss 0.001746 | lr 0.000302 | 5.6min
  VAL 99.90%
  TEST 99.8800%
  step 19500 | loss 0.000315 | lr 0.000278 | 5.8min
  step 20000 | loss 0.000258 | lr 0.000255 | 5.9min
  VAL 100.00%
  TEST 99.9800%
  step 20500 | loss 0.000231 | lr 0.000232 | 6.1min
  step 21000 | loss 0.000223 | lr 0.000210 | 6.2min
  VAL 99.80%
  TEST 99.8300%
  step 21500 | loss 0.000196 | lr 0.000189 | 6.4min
  step 22000 | loss 0.000166 | lr 0.000169 | 6.6min
  VAL 99.95%
  TEST 99.9800%
  step 22500 | loss 0.000157 | lr 0.000149 | 6.8min
  step 23000 | loss 0.000138 | lr 0.000131 | 6.9min
  VAL 100.00%
  TEST 100.0000%
  *** New best: 100.0000% ***
  step 23500 | loss 0.000182 | lr 0.000114 | 7.1min
  step 24000 | loss 0.000125 | lr 0.000097 | 7.2min
  VAL 100.00%
  TEST 100.0000%
  step 24500 | loss 0.000111 | lr 0.000082 | 7.4min
  step 25000 | loss 0.000097 | lr 0.000068 | 7.5min
  VAL 100.00%
  TEST 100.0000%
  step 25500 | loss 0.000100 | lr 0.000056 | 7.7min
  step 26000 | loss 0.000095 | lr 0.000044 | 7.8min
  VAL 100.00%
  TEST 100.0000%
  step 26500 | loss 0.000081 | lr 0.000034 | 8.0min
  step 27000 | loss 0.000072 | lr 0.000025 | 8.1min
  VAL 100.00%
  TEST 100.0000%
  step 27500 | loss 0.000071 | lr 0.000017 | 8.3min
  step 28000 | loss 0.000072 | lr 0.000011 | 8.5min
  VAL 100.00%
  TEST 100.0000%
  step 28500 | loss 0.000059 | lr 0.000006 | 8.7min
  step 29000 | loss 0.000067 | lr 0.000003 | 8.8min
  VAL 100.00%
  TEST 100.0000%
  step 29500 | loss 0.000068 | lr 0.000001 | 9.0min
  step 30000 | loss 0.000068 | lr 0.000000 | 9.1min
  VAL 100.00%
  TEST 100.0000%

Training complete in 9.1 minutes
Best test accuracy: 100.0000%
