Model: RL4RL Autoresearch candidate
Author: configured in run manifest
Parameters (unique): 5056
Architecture: decoder-only addition transformer d=16, h=2, L=2, ff=32
Tricks: autoregressive greedy decoding, weights from checkpoint

  Progress: 1000/10010 (998/1000 correct) [8.6s]
  Progress: 2000/10010 (1998/2000 correct) [17.2s]
  Progress: 3000/10010 (2998/3000 correct) [25.7s]
  Progress: 4000/10010 (3998/4000 correct) [34.2s]
  Progress: 5000/10010 (4998/5000 correct) [42.7s]
  Progress: 6000/10010 (5997/6000 correct) [51.2s]
  Progress: 7000/10010 (6997/7000 correct) [59.7s]
  Progress: 8000/10010 (7997/8000 correct) [68.2s]
  Progress: 9000/10010 (8997/9000 correct) [76.0s]
  Progress: 10000/10010 (9997/10000 correct) [82.5s]

Results: 10007/10010 correct (99.97%)
Time: 82.6s (121 additions/sec)
Status: QUALIFIED (threshold: 99%)

Failures (3):
  9999999999 + 9999999999 = 19999999998, got 19999999999
  9999999999 + 9999999999 = 19999999998, got 19999999999
  9365059269 + 8577533489 = 17942592758, got 17942592759
