Model: 3,185 parameters
Config: d=14, h=2, L=2, ff=20
Device: mps

Training for 45000 steps...
  step   500 | loss 1.530009 | lr 0.001000 | 0.2min
  step  1000 | loss 1.449855 | lr 0.000999 | 0.3min
  VAL 0.00%
  step  1500 | loss 1.394508 | lr 0.000998 | 0.5min
  step  2000 | loss 1.364183 | lr 0.000997 | 0.6min
  VAL 0.00%
  step  2500 | loss 1.346875 | lr 0.000995 | 0.7min
  step  3000 | loss 1.375594 | lr 0.000992 | 0.9min
  VAL 0.00%
  step  3500 | loss 1.324675 | lr 0.000989 | 1.0min
  step  4000 | loss 1.319720 | lr 0.000985 | 1.2min
  VAL 0.00%
  step  4500 | loss 1.344229 | lr 0.000981 | 1.3min
  step  5000 | loss 1.364220 | lr 0.000976 | 1.5min
  VAL 0.00%
  step  5500 | loss 1.300369 | lr 0.000970 | 1.6min
  step  6000 | loss 1.262909 | lr 0.000964 | 1.8min
  VAL 0.00%
  step  6500 | loss 1.281061 | lr 0.000958 | 1.9min
  step  7000 | loss 1.247825 | lr 0.000951 | 2.0min
  VAL 0.00%
  step  7500 | loss 1.229376 | lr 0.000944 | 2.2min
  step  8000 | loss 1.192661 | lr 0.000936 | 2.3min
  VAL 0.00%
  step  8500 | loss 1.190545 | lr 0.000927 | 2.4min
  step  9000 | loss 1.174934 | lr 0.000918 | 2.6min
  VAL 0.00%
  step  9500 | loss 1.147179 | lr 0.000909 | 2.7min
  step 10000 | loss 1.086617 | lr 0.000899 | 2.9min
  VAL 0.00%
  step 10500 | loss 0.928799 | lr 0.000889 | 3.0min
  step 11000 | loss 0.724749 | lr 0.000879 | 3.1min
  VAL 0.00%
  step 11500 | loss 0.640594 | lr 0.000868 | 3.3min
  step 12000 | loss 0.510328 | lr 0.000856 | 3.4min
  VAL 0.25%
  step 12500 | loss 0.459687 | lr 0.000844 | 3.5min
  step 13000 | loss 0.425393 | lr 0.000832 | 3.7min
  VAL 0.45%
  step 13500 | loss 0.068845 | lr 0.000820 | 3.8min
  step 14000 | loss 0.030460 | lr 0.000807 | 3.9min
  VAL 73.85%
  step 14500 | loss 0.018789 | lr 0.000794 | 4.1min
  step 15000 | loss 0.011777 | lr 0.000780 | 4.2min
  VAL 85.80%
  step 15500 | loss 0.008592 | lr 0.000767 | 4.3min
  step 16000 | loss 0.005067 | lr 0.000753 | 4.5min
  VAL 91.10%
  step 16500 | loss 0.003633 | lr 0.000739 | 4.6min
  step 17000 | loss 0.002660 | lr 0.000724 | 4.8min
  VAL 98.25%
  step 17500 | loss 0.002047 | lr 0.000709 | 4.9min
  step 18000 | loss 0.001430 | lr 0.000694 | 5.0min
  VAL 99.55%
  TEST 99.6600%
  *** New best: 99.6600% ***
  step 18500 | loss 0.001222 | lr 0.000679 | 5.2min
  step 19000 | loss 0.002673 | lr 0.000664 | 5.3min
  VAL 98.75%
  step 19500 | loss 0.000831 | lr 0.000649 | 5.4min
  step 20000 | loss 0.002038 | lr 0.000633 | 5.5min
  VAL 99.60%
  TEST 99.5600%
  step 20500 | loss 0.000727 | lr 0.000618 | 5.7min
  step 21000 | loss 0.000567 | lr 0.000602 | 5.9min
  VAL 99.90%
  TEST 99.9800%
  *** New best: 99.9800% ***
  step 21500 | loss 0.001350 | lr 0.000586 | 6.0min
  step 22000 | loss 0.000615 | lr 0.000571 | 6.2min
  VAL 99.85%
  TEST 99.8800%
  step 22500 | loss 0.000512 | lr 0.000555 | 6.4min
  step 23000 | loss 0.000497 | lr 0.000539 | 6.5min
  VAL 100.00%
  TEST 100.0000%
  *** New best: 100.0000% ***
  step 23500 | loss 0.000944 | lr 0.000523 | 6.7min
  step 24000 | loss 0.001271 | lr 0.000507 | 6.8min
  VAL 99.85%
  TEST 99.7400%
  step 24500 | loss 0.000395 | lr 0.000492 | 7.0min
  step 25000 | loss 0.000439 | lr 0.000476 | 7.1min
  VAL 99.90%
  TEST 99.9900%
  step 25500 | loss 0.000449 | lr 0.000460 | 7.4min
  step 26000 | loss 0.000556 | lr 0.000445 | 7.5min
  VAL 99.95%
  TEST 99.8500%
  step 26500 | loss 0.000768 | lr 0.000430 | 7.7min
  step 27000 | loss 0.000321 | lr 0.000415 | 7.8min
  VAL 100.00%
  TEST 100.0000%
  step 27500 | loss 0.000310 | lr 0.000400 | 8.0min
  step 28000 | loss 0.000315 | lr 0.000385 | 8.1min
  VAL 100.00%
  TEST 100.0000%
  step 28500 | loss 0.000477 | lr 0.000370 | 8.3min
  step 29000 | loss 0.000282 | lr 0.000356 | 8.4min
  VAL 100.00%
  TEST 100.0000%
  step 29500 | loss 0.000275 | lr 0.000342 | 8.6min
  step 30000 | loss 0.000265 | lr 0.000328 | 8.7min
  VAL 100.00%
  TEST 100.0000%
  step 30500 | loss 0.000262 | lr 0.000314 | 8.9min
  step 31000 | loss 0.000250 | lr 0.000301 | 9.0min
  VAL 100.00%
  TEST 100.0000%
  step 31500 | loss 0.000247 | lr 0.000288 | 9.2min
  step 32000 | loss 0.000220 | lr 0.000275 | 9.3min
  VAL 100.00%
  TEST 100.0000%
  step 32500 | loss 0.000197 | lr 0.000263 | 9.5min
  step 33000 | loss 0.000179 | lr 0.000251 | 9.6min
  VAL 100.00%
  TEST 99.9900%
  step 33500 | loss 0.000170 | lr 0.000239 | 9.8min
  step 34000 | loss 0.000166 | lr 0.000228 | 9.9min
  VAL 100.00%
  TEST 100.0000%
  step 34500 | loss 0.000140 | lr 0.000217 | 10.1min
  step 35000 | loss 0.000140 | lr 0.000207 | 10.3min
  VAL 100.00%
  TEST 100.0000%
  step 35500 | loss 0.000132 | lr 0.000197 | 10.5min
  step 36000 | loss 0.000123 | lr 0.000187 | 10.6min
  VAL 100.00%
  TEST 100.0000%
  step 36500 | loss 0.000109 | lr 0.000178 | 10.8min
  step 37000 | loss 0.000108 | lr 0.000169 | 10.9min
  VAL 100.00%
  TEST 100.0000%
  step 37500 | loss 0.000097 | lr 0.000161 | 11.1min
  step 38000 | loss 0.000093 | lr 0.000153 | 11.3min
  VAL 100.00%
  TEST 100.0000%
  step 38500 | loss 0.000307 | lr 0.000146 | 11.5min
  step 39000 | loss 0.000078 | lr 0.000139 | 11.6min
  VAL 100.00%
  TEST 100.0000%
  step 39500 | loss 0.000069 | lr 0.000133 | 11.8min
  step 40000 | loss 0.000064 | lr 0.000128 | 11.9min
  VAL 100.00%
  TEST 100.0000%
  step 40500 | loss 0.000057 | lr 0.000122 | 12.1min
  step 41000 | loss 0.000057 | lr 0.000118 | 12.3min
  VAL 100.00%
  TEST 100.0000%
  step 41500 | loss 0.000050 | lr 0.000114 | 12.5min
  step 42000 | loss 0.000049 | lr 0.000110 | 12.6min
  VAL 100.00%
  TEST 100.0000%
  step 42500 | loss 0.000045 | lr 0.000107 | 12.8min
  step 43000 | loss 0.000041 | lr 0.000104 | 12.9min
  VAL 100.00%
  TEST 100.0000%
  step 43500 | loss 0.000039 | lr 0.000102 | 13.1min
  step 44000 | loss 0.000038 | lr 0.000101 | 13.3min
  VAL 100.00%
  TEST 100.0000%
  step 44500 | loss 0.000036 | lr 0.000100 | 13.4min
  step 45000 | loss 0.000035 | lr 0.000100 | 13.6min
  VAL 100.00%
  TEST 100.0000%

Training complete in 13.6 minutes
Best test accuracy: 100.0000%
