Model: RL4RL Autoresearch candidate
Author: configured in run manifest
Parameters (unique): 3185
Architecture: decoder-only addition transformer d=14, h=2, L=2, ff=20, position_rank=3
Tricks: autoregressive greedy decoding, weights from checkpoint

  Progress: 1000/10010 (1000/1000 correct) [9.7s]
  Progress: 2000/10010 (2000/2000 correct) [17.8s]
  Progress: 3000/10010 (3000/3000 correct) [25.9s]
  Progress: 4000/10010 (3999/4000 correct) [34.1s]
  Progress: 5000/10010 (4999/5000 correct) [42.2s]
  Progress: 6000/10010 (5999/6000 correct) [50.1s]
  Progress: 7000/10010 (6999/7000 correct) [58.1s]
  Progress: 8000/10010 (7999/8000 correct) [66.1s]
  Progress: 9000/10010 (8999/9000 correct) [74.2s]
  Progress: 10000/10010 (9999/10000 correct) [82.3s]

Results: 10009/10010 correct (99.99%)
Time: 82.4s (122 additions/sec)
Status: QUALIFIED (threshold: 99%)

Failures (1):
  4758769253 + 9382301775 = 14141071028, got 14241071028
