Model: RL4RL Autoresearch candidate
Author: configured in run manifest
Parameters (unique): 2912
Architecture: decoder-only addition transformer d=16, h=2, L=2, ff=8
Tricks: autoregressive greedy decoding, weights from checkpoint

  Progress: 1000/10010 (986/1000 correct) [5.6s]
  Progress: 2000/10010 (1975/2000 correct) [11.3s]
  Progress: 3000/10010 (2959/3000 correct) [16.9s]
  Progress: 4000/10010 (3948/4000 correct) [22.6s]
  Progress: 5000/10010 (4938/5000 correct) [28.2s]
  Progress: 6000/10010 (5929/6000 correct) [33.9s]
  Progress: 7000/10010 (6922/7000 correct) [39.5s]
  Progress: 8000/10010 (7910/8000 correct) [45.3s]
  Progress: 9000/10010 (8894/9000 correct) [51.1s]
  Progress: 10000/10010 (9886/10000 correct) [56.7s]

Results: 9896/10010 correct (98.86%)
Time: 56.7s (176 additions/sec)
Status: NOT QUALIFIED (threshold: 99%)

First 20 failures (of 114):
  9999999999 + 1 = 10000000000, got 0
  5000000000 + 5000000000 = 10000000000, got 0
  1111111111 + 8888888889 = 10000000000, got 0
  1 + 9999999999 = 10000000000, got 0
  2522781535 + 7550172023 = 10072953558, got 9072953558
  4309178838 + 4579489714 = 8888668552, got 9888668552
  9505387202 + 4411473510 = 13916860712, got 12916860712
  2643188197 + 7497706065 = 10140894262, got 9140894262
  7800085540 + 4608897850 = 12408983390, got 12408983391
  3989737060 + 6182588553 = 10172325613, got 9172325613
  9271754504 + 7726923395 = 16998677899, got 17998677899
  4701138933 + 7484178814 = 12185317747, got 13185317747
  9791844214 + 2309437878 = 12101282092, got 11101282092
  4013521585 + 5970745437 = 9984267022, got 10984267022
  2522144465 + 7500238036 = 10022382501, got 9022382501
  4889172877 + 8311842231 = 13201015108, got 3201015108
  1689316364 + 3299883299 = 4989199663, got 5989199663
  1182314317 + 8727982150 = 9910296467, got 8910296467
  5762349913 + 463166580 = 6225516493, got 5225516493
  9453372972 + 5486708250 = 14940081222, got 13940081222
