Model: 2,870 parameters
Config: d=14, h=2, L=2, ff=23
Device: mps

Training for 30000 steps...
  step   500 | loss 1.756530 | lr 0.001000 | 0.2min
  step  1000 | loss 1.697808 | lr 0.000999 | 0.3min
  VAL 0.00%
  step  1500 | loss 1.657454 | lr 0.000996 | 0.4min
  step  2000 | loss 1.605268 | lr 0.000992 | 0.6min
  VAL 0.00%
  step  2500 | loss 1.652393 | lr 0.000987 | 0.7min
  step  3000 | loss 1.633514 | lr 0.000980 | 0.9min
  VAL 0.00%
  step  3500 | loss 1.625879 | lr 0.000972 | 1.0min
  step  4000 | loss 1.589237 | lr 0.000962 | 1.1min
  VAL 0.00%
  step  4500 | loss 1.589210 | lr 0.000951 | 1.3min
  step  5000 | loss 1.551126 | lr 0.000939 | 1.4min
  VAL 0.00%
  step  5500 | loss 1.576335 | lr 0.000926 | 1.5min
  step  6000 | loss 1.522383 | lr 0.000912 | 1.7min
  VAL 0.00%
  step  6500 | loss 1.515062 | lr 0.000896 | 1.8min
  step  7000 | loss 1.523069 | lr 0.000880 | 2.0min
  VAL 0.00%
  step  7500 | loss 1.490817 | lr 0.000862 | 2.1min
  step  8000 | loss 1.500073 | lr 0.000843 | 2.2min
  VAL 0.00%
  step  8500 | loss 1.471100 | lr 0.000823 | 2.4min
  step  9000 | loss 1.473037 | lr 0.000803 | 2.5min
  VAL 0.00%
  step  9500 | loss 1.440115 | lr 0.000781 | 2.6min
  step 10000 | loss 1.461993 | lr 0.000759 | 2.8min
  VAL 0.00%
  step 10500 | loss 1.455800 | lr 0.000736 | 2.9min
  step 11000 | loss 1.436500 | lr 0.000713 | 3.1min
  VAL 0.00%
  step 11500 | loss 1.459808 | lr 0.000688 | 3.2min
  step 12000 | loss 1.425439 | lr 0.000664 | 3.4min
  VAL 0.00%
  step 12500 | loss 1.457199 | lr 0.000638 | 3.5min
  step 13000 | loss 1.442860 | lr 0.000613 | 3.7min
  VAL 0.00%
  step 13500 | loss 1.438665 | lr 0.000587 | 3.8min
  step 14000 | loss 1.414155 | lr 0.000561 | 4.0min
  VAL 0.00%
  step 14500 | loss 1.435287 | lr 0.000534 | 4.1min
  step 15000 | loss 1.419969 | lr 0.000508 | 4.3min
  VAL 0.00%
  step 15500 | loss 1.408807 | lr 0.000481 | 4.4min
  step 16000 | loss 1.383604 | lr 0.000455 | 4.5min
  VAL 0.00%
  step 16500 | loss 1.400941 | lr 0.000429 | 4.7min
  step 17000 | loss 1.359686 | lr 0.000403 | 4.8min
  VAL 0.00%
  step 17500 | loss 1.383740 | lr 0.000377 | 4.9min
  step 18000 | loss 1.325467 | lr 0.000352 | 5.1min
  VAL 0.00%
  step 18500 | loss 1.355730 | lr 0.000327 | 5.2min
  step 19000 | loss 1.319148 | lr 0.000302 | 5.4min
  VAL 0.00%
  step 19500 | loss 1.279542 | lr 0.000278 | 5.5min
  step 20000 | loss 1.309295 | lr 0.000255 | 5.6min
  VAL 0.00%
  step 20500 | loss 1.236888 | lr 0.000232 | 5.8min
  step 21000 | loss 1.193143 | lr 0.000210 | 5.9min
  VAL 0.00%
  step 21500 | loss 1.094309 | lr 0.000189 | 6.1min
  step 22000 | loss 1.077544 | lr 0.000169 | 6.2min
  VAL 0.00%
  step 22500 | loss 1.007823 | lr 0.000149 | 6.3min
  step 23000 | loss 0.948428 | lr 0.000131 | 6.5min
  VAL 0.00%
  step 23500 | loss 0.957412 | lr 0.000114 | 6.6min
  step 24000 | loss 0.959000 | lr 0.000097 | 6.7min
  VAL 0.00%
  step 24500 | loss 0.904056 | lr 0.000082 | 6.9min
  step 25000 | loss 0.914058 | lr 0.000068 | 7.0min
  VAL 0.00%
  step 25500 | loss 0.877932 | lr 0.000056 | 7.2min
  step 26000 | loss 0.871309 | lr 0.000044 | 7.3min
  VAL 0.00%
  step 26500 | loss 0.898506 | lr 0.000034 | 7.4min
  step 27000 | loss 0.865565 | lr 0.000025 | 7.6min
  VAL 0.00%
  step 27500 | loss 0.857413 | lr 0.000017 | 7.7min
  step 28000 | loss 0.870966 | lr 0.000011 | 7.8min
  VAL 0.00%
  step 28500 | loss 0.852423 | lr 0.000006 | 8.0min
  step 29000 | loss 0.884477 | lr 0.000003 | 8.1min
  VAL 0.00%
  step 29500 | loss 0.875603 | lr 0.000001 | 8.2min
  step 30000 | loss 0.841380 | lr 0.000000 | 8.4min
  VAL 0.00%

Training complete in 8.4 minutes
Best test accuracy: 0.0000%
