Model: RL4RL Autoresearch candidate
Author: configured in run manifest
Parameters (unique): 2870
Architecture: decoder-only addition transformer d=14, h=2, L=2, ff=23
Tricks: autoregressive greedy decoding, weights from checkpoint

  Progress: 1000/10010 (3/1000 correct) [9.2s]
  Progress: 2000/10010 (3/2000 correct) [17.4s]
  Progress: 3000/10010 (3/3000 correct) [24.8s]
  Progress: 4000/10010 (3/4000 correct) [32.0s]
  Progress: 5000/10010 (3/5000 correct) [39.5s]
  Progress: 6000/10010 (3/6000 correct) [46.8s]
  Progress: 7000/10010 (3/7000 correct) [54.8s]
  Progress: 8000/10010 (3/8000 correct) [64.2s]
  Progress: 9000/10010 (3/9000 correct) [73.4s]
  Progress: 10000/10010 (3/10000 correct) [82.7s]

Results: 3/10010 correct (0.03%)
Time: 82.8s (121 additions/sec)
Status: NOT QUALIFIED (threshold: 99%)

First 20 failures (of 10007):
  9999999999 + 1 = 10000000000, got 9999999990
  9999999999 + 9999999999 = 19999999998, got 21299998877
  5000000000 + 5000000000 = 10000000000, got 50000000
  1111111111 + 8888888889 = 10000000000, got 1111111990
  1234567890 + 9876543210 = 11111111100, got 222666110
  9999999999 + 9999999999 = 19999999998, got 21299998877
  1 + 9999999999 = 10000000000, got 9999999990
  2395527356 + 9334186774 = 11729714130, got 14725618110
  4296888873 + 8475224721 = 12772113594, got 5586122884
  2446880696 + 4577514554 = 7024395250, got 14447714710
  1721735679 + 186192860 = 1907928539, got 2027125889
  3295396137 + 8512642381 = 11808038518, got 4614646428
  4721664841 + 8801376086 = 13523040927, got 14532676857
  8709633390 + 2191376109 = 10901009499, got 2999227399
  813236058 + 3041824170 = 3855060228, got 3832236178
  7038162399 + 8251837442 = 15289999841, got 8349111411
  3917771074 + 2558389380 = 6476160454, got 14258112384
  2345623234 + 894115330 = 3239738564, got 4225726454
  9635552803 + 139097711 = 9774650514, got 2035568814
  3369214745 + 1580376784 = 4949591529, got 6079418129
