Model: 4,288 parameters
Config: d=16, h=2, L=2, ff=20
Device: mps

Training for 30000 steps...
  step   500 | loss 1.426190 | lr 0.001000 | 0.2min
  step  1000 | loss 1.384787 | lr 0.000999 | 0.3min
  VAL 0.00%
  step  1500 | loss 1.229390 | lr 0.000996 | 0.5min
  step  2000 | loss 1.100292 | lr 0.000992 | 0.7min
  VAL 0.00%
  step  2500 | loss 1.047939 | lr 0.000987 | 0.8min
  step  3000 | loss 0.928702 | lr 0.000980 | 1.0min
  VAL 0.00%
  step  3500 | loss 0.856490 | lr 0.000972 | 1.1min
  step  4000 | loss 0.769996 | lr 0.000962 | 1.3min
  VAL 0.00%
  step  4500 | loss 0.704094 | lr 0.000951 | 1.4min
  step  5000 | loss 0.671004 | lr 0.000939 | 1.5min
  VAL 0.00%
  step  5500 | loss 0.646710 | lr 0.000926 | 1.7min
  step  6000 | loss 0.632405 | lr 0.000912 | 1.8min
  VAL 0.00%
  step  6500 | loss 0.631348 | lr 0.000896 | 1.9min
  step  7000 | loss 0.626336 | lr 0.000880 | 2.1min
  VAL 0.00%
  step  7500 | loss 0.595948 | lr 0.000862 | 2.2min
  step  8000 | loss 0.605736 | lr 0.000843 | 2.4min
  VAL 0.10%
  step  8500 | loss 0.604060 | lr 0.000823 | 2.5min
  step  9000 | loss 0.601530 | lr 0.000803 | 2.7min
  VAL 0.05%
  step  9500 | loss 0.586716 | lr 0.000781 | 2.8min
  step 10000 | loss 0.581001 | lr 0.000759 | 3.0min
  VAL 0.05%
  step 10500 | loss 0.575882 | lr 0.000736 | 3.1min
  step 11000 | loss 0.576264 | lr 0.000713 | 3.2min
  VAL 0.05%
  step 11500 | loss 0.576051 | lr 0.000688 | 3.4min
  step 12000 | loss 0.571561 | lr 0.000664 | 3.5min
  VAL 0.05%
  step 12500 | loss 0.537134 | lr 0.000638 | 3.6min
  step 13000 | loss 0.396033 | lr 0.000613 | 3.8min
  VAL 0.85%
  step 13500 | loss 0.386025 | lr 0.000587 | 3.9min
  step 14000 | loss 0.387135 | lr 0.000561 | 4.1min
  VAL 1.05%
  step 14500 | loss 0.350819 | lr 0.000534 | 4.2min
  step 15000 | loss 0.337037 | lr 0.000508 | 4.4min
  VAL 1.00%
  step 15500 | loss 0.333521 | lr 0.000481 | 4.5min
  step 16000 | loss 0.333076 | lr 0.000455 | 4.6min
  VAL 1.90%
  step 16500 | loss 0.305021 | lr 0.000429 | 4.8min
  step 17000 | loss 0.240444 | lr 0.000403 | 4.9min
  VAL 8.95%
  step 17500 | loss 0.226497 | lr 0.000377 | 5.1min
  step 18000 | loss 0.189910 | lr 0.000352 | 5.2min
  VAL 35.15%
  step 18500 | loss 0.027209 | lr 0.000327 | 5.3min
  step 19000 | loss 0.022142 | lr 0.000302 | 5.5min
  VAL 97.70%
  step 19500 | loss 0.018191 | lr 0.000278 | 5.6min
  step 20000 | loss 0.014941 | lr 0.000255 | 5.8min
  VAL 98.85%
  step 20500 | loss 0.013683 | lr 0.000232 | 5.9min
  step 21000 | loss 0.010865 | lr 0.000210 | 6.1min
  VAL 99.05%
  TEST 98.8400%
  *** New best: 98.8400% ***
  step 21500 | loss 0.009570 | lr 0.000189 | 6.3min
  step 22000 | loss 0.007547 | lr 0.000169 | 6.4min
  VAL 99.65%
  TEST 99.7000%
  *** New best: 99.7000% ***
  step 22500 | loss 0.008167 | lr 0.000149 | 6.6min
  step 23000 | loss 0.006505 | lr 0.000131 | 6.7min
  VAL 99.80%
  TEST 99.7700%
  *** New best: 99.7700% ***
  step 23500 | loss 0.005707 | lr 0.000114 | 6.9min
  step 24000 | loss 0.005141 | lr 0.000097 | 7.1min
  VAL 99.80%
  TEST 99.7400%
  step 24500 | loss 0.004592 | lr 0.000082 | 7.3min
  step 25000 | loss 0.004120 | lr 0.000068 | 7.4min
  VAL 99.80%
  TEST 99.7800%
  *** New best: 99.7800% ***
  step 25500 | loss 0.004043 | lr 0.000056 | 7.6min
  step 26000 | loss 0.003517 | lr 0.000044 | 7.8min
  VAL 99.80%
  TEST 99.8500%
  *** New best: 99.8500% ***
  step 26500 | loss 0.003302 | lr 0.000034 | 8.0min
  step 27000 | loss 0.003117 | lr 0.000025 | 8.1min
  VAL 100.00%
  TEST 99.9600%
  *** New best: 99.9600% ***
  step 27500 | loss 0.003104 | lr 0.000017 | 8.3min
  step 28000 | loss 0.002921 | lr 0.000011 | 8.4min
  VAL 99.95%
  TEST 99.9700%
  *** New best: 99.9700% ***
  step 28500 | loss 0.002921 | lr 0.000006 | 8.6min
  step 29000 | loss 0.002826 | lr 0.000003 | 8.8min
  VAL 99.95%
  TEST 99.9800%
  *** New best: 99.9800% ***
  step 29500 | loss 0.002810 | lr 0.000001 | 9.0min
  step 30000 | loss 0.002788 | lr 0.000000 | 9.1min
  VAL 99.95%
  TEST 99.9800%

Training complete in 9.1 minutes
Best test accuracy: 99.9800%
