Model: RL4RL Autoresearch candidate
Author: configured in run manifest
Parameters (unique): 4288
Architecture: decoder-only addition transformer d=16, h=2, L=2, ff=20
Tricks: autoregressive greedy decoding, weights from checkpoint

  Progress: 1000/10010 (998/1000 correct) [10.7s]
  Progress: 2000/10010 (1998/2000 correct) [21.0s]
  Progress: 3000/10010 (2995/3000 correct) [31.6s]
  Progress: 4000/10010 (3995/4000 correct) [42.2s]
  Progress: 5000/10010 (4995/5000 correct) [52.8s]
  Progress: 6000/10010 (5992/6000 correct) [63.4s]
  Progress: 7000/10010 (6991/7000 correct) [74.0s]
  Progress: 8000/10010 (7991/8000 correct) [83.8s]
  Progress: 9000/10010 (8991/9000 correct) [92.1s]
  Progress: 10000/10010 (9991/10000 correct) [100.5s]

Results: 10001/10010 correct (99.91%)
Time: 100.6s (100 additions/sec)
Status: QUALIFIED (threshold: 99%)

Failures (9):
  5000000000 + 5000000000 = 10000000000, got 0
  9008276723 + 1061168960 = 10069445683, got 69445683
  7979047890 + 9162664191 = 17141712081, got 16141712081
  9708120421 + 3999656853 = 13707777274, got 13807777274
  7796773410 + 9382589668 = 17179363078, got 16179363078
  7377068710 + 9726767574 = 17103836284, got 16103836284
  9880732973 + 890054733 = 10770787706, got 10780787706
  1050911330 + 9098600541 = 10149511871, got 149511871
  7694693670 + 9417397793 = 17112091463, got 16112091463
