Model: RL4RL Autoresearch candidate
Author: configured in run manifest
Parameters (unique): 1842
Architecture: decoder-only addition transformer d=16, h=2, L=2, ff=10, block1_ff=8, fixed_separators=True, tied_position_pairs=[[4, 15], [7, 18], [5, 16], [3, 14], [2, 13], [8, 19], [6, 17], [1, 12], [0, 11], [9, 20]], interpolated_positions=[23, 24, 25, 26, 27], qkv_pruned=206
Tricks: autoregressive greedy decoding, weights from checkpoint

  Progress: 1000/10010 (1000/1000 correct) [4.4s]
  Progress: 2000/10010 (1998/2000 correct) [8.8s]
  Progress: 3000/10010 (2998/3000 correct) [13.2s]
  Progress: 4000/10010 (3998/4000 correct) [17.5s]
  Progress: 5000/10010 (4998/5000 correct) [21.9s]
  Progress: 6000/10010 (5995/6000 correct) [26.3s]
  Progress: 7000/10010 (6995/7000 correct) [30.6s]
  Progress: 8000/10010 (7994/8000 correct) [35.0s]
  Progress: 9000/10010 (8993/9000 correct) [39.4s]
  Progress: 10000/10010 (9992/10000 correct) [43.9s]

Results: 10002/10010 correct (99.92%)
Time: 44.0s (228 additions/sec)
Status: QUALIFIED (threshold: 99%)

Failures (8):
  2763076017 + 9267356007 = 12030432024, got 12530432024
  6047119139 + 5060676488 = 11107795627, got 10107795627
  2828982940 + 2171822219 = 5000805159, got 4000805159
  2597748763 + 2430595917 = 5028344680, got 4028344680
  1267455939 + 8766911568 = 10034367507, got 9534367507
  2561962598 + 2448131904 = 5010094502, got 4010094502
  2544951434 + 2456781784 = 5001733218, got 4001733218
  2068770581 + 2967666774 = 5036437355, got 4036437355
