Model: RL4RL Autoresearch candidate
Author: configured in run manifest
Parameters (unique): 1937
Architecture: decoder-only addition transformer d=16, h=2, L=2, ff=10, block1_ff=8, fixed_separators=True, tied_position_pairs=[[4, 15], [7, 18], [5, 16], [3, 14], [2, 13], [8, 19], [6, 17], [1, 12], [0, 11], [9, 20]], interpolated_positions=[23, 24, 25, 26, 27], qkv_pruned=111
Tricks: autoregressive greedy decoding, weights from checkpoint

  Progress: 1000/10010 (1000/1000 correct) [4.4s]
  Progress: 2000/10010 (2000/2000 correct) [8.9s]
  Progress: 3000/10010 (3000/3000 correct) [13.3s]
  Progress: 4000/10010 (4000/4000 correct) [17.8s]
  Progress: 5000/10010 (5000/5000 correct) [22.3s]
  Progress: 6000/10010 (5999/6000 correct) [26.7s]
  Progress: 7000/10010 (6999/7000 correct) [31.3s]
  Progress: 8000/10010 (7999/8000 correct) [35.7s]
  Progress: 9000/10010 (8999/9000 correct) [40.2s]
  Progress: 10000/10010 (9999/10000 correct) [44.6s]

Results: 10009/10010 correct (99.99%)
Time: 44.7s (224 additions/sec)
Status: QUALIFIED (threshold: 99%)

Failures (1):
  7295822456 + 4296380992 = 11592203448, got 11492203448
