Model: RL4RL Autoresearch candidate
Author: configured in run manifest
Parameters (unique): 1660
Architecture: decoder-only addition transformer d=16, h=2, L=2, ff=16
Tricks: autoregressive greedy decoding, weights from checkpoint

  Progress: 1000/10010 (1/1000 correct) [7.8s]
  Progress: 2000/10010 (1/2000 correct) [14.7s]
  Progress: 3000/10010 (1/3000 correct) [21.9s]
  Progress: 4000/10010 (1/4000 correct) [28.5s]
  Progress: 5000/10010 (1/5000 correct) [35.6s]
  Progress: 6000/10010 (1/6000 correct) [42.4s]
  Progress: 7000/10010 (1/7000 correct) [49.6s]
  Progress: 8000/10010 (1/8000 correct) [56.5s]
  Progress: 9000/10010 (1/9000 correct) [63.3s]
  Progress: 10000/10010 (1/10000 correct) [70.2s]

Results: 1/10010 correct (0.01%)
Time: 70.2s (143 additions/sec)
Status: NOT QUALIFIED (threshold: 99%)

First 20 failures (of 10009):
  0 + 1 = 1, got 2
  9999999999 + 0 = 9999999999, got 10000000000
  9999999999 + 1 = 10000000000, got 10000000002
  9999999999 + 9999999999 = 19999999998, got 10909099097
  5000000000 + 5000000000 = 10000000000, got 5000000000
  1111111111 + 8888888889 = 10000000000, got 10919999992
  1234567890 + 9876543210 = 11111111100, got 22222054220
  9999999999 + 9999999999 = 19999999998, got 10909099097
  1 + 9999999999 = 10000000000, got 10000000002
  2395527356 + 9334186774 = 11729714130, got 13948505455
  4296888873 + 8475224721 = 12772113594, got 26564217493
  2446880696 + 4577514554 = 7024395250, got 7554286563
  1721735679 + 186192860 = 1907928539, got 1726745640
  3295396137 + 8512642381 = 11808038518, got 22516287436
  4721664841 + 8801376086 = 13523040927, got 4632854856
  8709633390 + 2191376109 = 10901009499, got 2792021400
  813236058 + 3041824170 = 3855060228, got 3984046946
  7038162399 + 8251837442 = 15289999841, got 5049911353
  3917771074 + 2558389380 = 6476160454, got 18485551264
  2345623234 + 894115330 = 3239738564, got 5347636404
