Model: RL4RL Autoresearch candidate
Author: configured in run manifest
Parameters (unique): 1913
Architecture: decoder-only addition transformer d=16, h=2, L=2, ff=10, block1_ff=8, fixed_separators=True, tied_position_pairs=[[4, 15], [7, 18], [5, 16], [3, 14], [2, 13], [8, 19], [6, 17], [1, 12], [0, 11], [9, 20]], interpolated_positions=[23, 24, 25, 26, 27], qkv_pruned=135
Tricks: autoregressive greedy decoding, weights from checkpoint

  Progress: 1000/10010 (999/1000 correct) [4.5s]
  Progress: 2000/10010 (1998/2000 correct) [8.9s]
  Progress: 3000/10010 (2993/3000 correct) [13.3s]
  Progress: 4000/10010 (3989/4000 correct) [17.8s]
  Progress: 5000/10010 (4988/5000 correct) [22.3s]
  Progress: 6000/10010 (5987/6000 correct) [26.8s]
  Progress: 7000/10010 (6984/7000 correct) [31.2s]
  Progress: 8000/10010 (7982/8000 correct) [35.9s]
  Progress: 9000/10010 (8980/9000 correct) [40.3s]
  Progress: 10000/10010 (9976/10000 correct) [44.7s]

Results: 9986/10010 correct (99.76%)
Time: 44.7s (224 additions/sec)
Status: QUALIFIED (threshold: 99%)

First 20 failures (of 24):
  8529372708 + 4454872662 = 12984245370, got 12984295370
  4624637094 + 517131976 = 5141769070, got 5041769070
  5073074988 + 6351264488 = 11424339476, got 10424339476
  2699617317 + 9218987213 = 11918604530, got 11918609530
  6272824454 + 9372257380 = 15645081834, got 15595081834
  6081827802 + 5355690034 = 11437517836, got 10437517836
  9278473654 + 9413599947 = 18692073601, got 19692073601
  6220808416 + 5189773965 = 11410582381, got 10410582381
  6034185843 + 5879550316 = 11913736159, got 10913736159
  3672059536 + 1971782747 = 5643842283, got 5593842283
  9217700662 + 9448597295 = 18666297957, got 19666297957
  9402679499 + 9293095411 = 18695774910, got 19695774910
  7295822456 + 4296380992 = 11592203448, got 11492203448
  4446726220 + 4315724531 = 8762450751, got 8762950751
  294472611 + 7499372748 = 7793845359, got 7793795359
  9611914057 + 7529885855 = 17141799912, got 17041799912
  5812383983 + 6097421408 = 11909805391, got 10909805391
  5630600336 + 2509615267 = 8140215603, got 8040215603
  9201756155 + 9771972022 = 18973728177, got 19973728177
  1010537826 + 1998432176 = 3008970002, got 2008970002
