Model: RL4RL Autoresearch candidate
Author: configured in run manifest
Parameters (unique): 1888
Architecture: decoder-only addition transformer d=16, h=2, L=2, ff=10, block1_ff=8, fixed_separators=True, tied_position_pairs=[[4, 15], [7, 18], [5, 16], [3, 14], [2, 13], [8, 19], [6, 17], [1, 12], [0, 11], [9, 20]], interpolated_positions=[23, 24, 25, 26, 27], qkv_pruned=160
Tricks: autoregressive greedy decoding, weights from checkpoint

  Progress: 1000/10010 (995/1000 correct) [4.4s]
  Progress: 2000/10010 (1992/2000 correct) [8.8s]
  Progress: 3000/10010 (2987/3000 correct) [13.2s]
  Progress: 4000/10010 (3985/4000 correct) [17.6s]
  Progress: 5000/10010 (4983/5000 correct) [22.0s]
  Progress: 6000/10010 (5980/6000 correct) [26.4s]
  Progress: 7000/10010 (6979/7000 correct) [30.8s]
  Progress: 8000/10010 (7976/8000 correct) [35.2s]
  Progress: 9000/10010 (8974/9000 correct) [39.6s]
  Progress: 10000/10010 (9971/10000 correct) [44.0s]

Results: 9981/10010 correct (99.71%)
Time: 44.0s (227 additions/sec)
Status: QUALIFIED (threshold: 99%)

First 20 failures (of 29):
  6780533471 + 5090190326 = 11870723797, got 10870723797
  6785680981 + 6097908899 = 12883589880, got 11883589880
  5893580437 + 6075034739 = 11968615176, got 10968615176
  5082841972 + 6389390906 = 11472232878, got 10472232878
  6116232171 + 6692893101 = 12809125272, got 11809125272
  5087218211 + 6245822944 = 11333041155, got 10333041155
  6047119139 + 5060676488 = 11107795627, got 10107795627
  5199705329 + 6225705022 = 11425410351, got 10425410351
  5073074988 + 6351264488 = 11424339476, got 10424339476
  6660112625 + 5142876686 = 11802989311, got 10802989311
  6015097363 + 5934013354 = 11949110717, got 10949110717
  6081827802 + 5355690034 = 11437517836, got 10437517836
  6518372034 + 5016292194 = 11534664228, got 10534664228
  6220808416 + 5189773965 = 11410582381, got 10410582381
  6034185843 + 5879550316 = 11913736159, got 10913736159
  5634381845 + 6168469548 = 11802851393, got 10802851393
  6778965909 + 5155798510 = 11934764419, got 10934764419
  6191308326 + 5653373749 = 11844682075, got 10844682075
  6005893433 + 5803299494 = 11809192927, got 10809192927
  2828982940 + 2171822219 = 5000805159, got 4000805159
