Model: RL4RL Autoresearch candidate
Author: configured in run manifest
Parameters (unique): 1844
Architecture: decoder-only addition transformer d=16, h=2, L=2, ff=10, block1_ff=8, fixed_separators=True, tied_position_pairs=[[4, 15], [7, 18], [5, 16], [3, 14], [2, 13], [8, 19], [6, 17], [1, 12], [0, 11], [9, 20]], interpolated_positions=[23, 24, 25, 26, 27], qkv_pruned=204
Tricks: autoregressive greedy decoding, weights from checkpoint

  Progress: 1000/10010 (998/1000 correct) [4.6s]
  Progress: 2000/10010 (1995/2000 correct) [9.2s]
  Progress: 3000/10010 (2995/3000 correct) [13.7s]
  Progress: 4000/10010 (3995/4000 correct) [18.2s]
  Progress: 5000/10010 (4994/5000 correct) [22.9s]
  Progress: 6000/10010 (5991/6000 correct) [27.7s]
  Progress: 7000/10010 (6991/7000 correct) [32.5s]
  Progress: 8000/10010 (7991/8000 correct) [37.1s]
  Progress: 9000/10010 (8990/9000 correct) [41.9s]
  Progress: 10000/10010 (9989/10000 correct) [46.4s]

Results: 9999/10010 correct (99.89%)
Time: 46.5s (215 additions/sec)
Status: QUALIFIED (threshold: 99%)

Failures (11):
  5476370042 + 4129464580 = 9605834622, got 9555834622
  1726129725 + 4679463272 = 6405592997, got 6455592997
  6026543306 + 9679448277 = 15705991583, got 15755991583
  2763076017 + 9267356007 = 12030432024, got 12530432024
  6047119139 + 5060676488 = 11107795627, got 10107795627
  5634381845 + 6168469548 = 11802851393, got 10802851393
  2828982940 + 2171822219 = 5000805159, got 4000805159
  5226253041 + 1679692553 = 6905945594, got 6955945594
  1267455939 + 8766911568 = 10034367507, got 9534367507
  9201756155 + 9771972022 = 18973728177, got 19973728177
  2068770581 + 2967666774 = 5036437355, got 4036437355
