Initialized from retained incumbent: /Users/utshaho/Documents/GitHub/rl4rl/data/raw/autoresearch/sol-xhigh-overnight-20260814/state/incumbent.pt
Model: 2,384 parameters
Config: d=16, h=2, L=2, ff=10
Device: mps

INITIAL VAL 0.00%

Fine-tuning for up to 10000 steps...
  step   500 | loss 0.201529 | lr 0.000100 | 0.1min
  VAL 73.30%
  step  1000 | loss 0.186146 | lr 0.000099 | 0.2min
  VAL 96.80%
  step  1500 | loss 0.176853 | lr 0.000096 | 0.3min
  VAL 99.30%
  TEST 99.3000%
  *** New best: 99.3000% ***
  step  2000 | loss 0.173793 | lr 0.000093 | 0.5min
  VAL 98.85%
  step  2500 | loss 0.174241 | lr 0.000088 | 0.6min
  VAL 98.80%
  step  3000 | loss 0.168970 | lr 0.000082 | 0.7min
  VAL 99.85%
  TEST 99.6800%
  *** New best: 99.6800% ***
  step  3500 | loss 0.163040 | lr 0.000075 | 0.8min
  VAL 99.80%
  TEST 99.7600%
  *** New best: 99.7600% ***
  step  4000 | loss 0.167048 | lr 0.000068 | 0.9min
  VAL 98.50%
  step  4500 | loss 0.160306 | lr 0.000060 | 1.0min
  VAL 99.65%
  TEST 99.6700%
  step  5000 | loss 0.159932 | lr 0.000052 | 1.2min
  VAL 99.35%
  TEST 99.1200%
  step  5500 | loss 0.163055 | lr 0.000044 | 1.3min
  VAL 99.95%
  TEST 99.8900%
  *** New best: 99.8900% ***
  step  6000 | loss 0.157647 | lr 0.000036 | 1.4min
  VAL 99.65%
  TEST 99.5200%
  step  6500 | loss 0.159833 | lr 0.000029 | 1.6min
  VAL 99.75%
  TEST 99.4000%
  step  7000 | loss 0.155905 | lr 0.000022 | 1.7min
  VAL 99.90%
  TEST 99.8000%
  step  7500 | loss 0.155856 | lr 0.000016 | 1.8min
  VAL 99.40%
  TEST 99.4200%
  step  8000 | loss 0.156844 | lr 0.000010 | 2.0min
  VAL 99.95%
  TEST 99.8700%
  step  8500 | loss 0.154812 | lr 0.000006 | 2.1min
  VAL 99.95%
  TEST 99.8500%
  step  9000 | loss 0.156431 | lr 0.000003 | 2.2min
  VAL 100.00%
  TEST 99.9000%
  *** New best: 99.9000% ***
  step  9500 | loss 0.154889 | lr 0.000001 | 2.4min
  VAL 99.90%
  TEST 99.8000%
  step 10000 | loss 0.154319 | lr 0.000000 | 2.6min
  VAL 99.95%
  TEST 99.8900%

Training complete in 2.6 minutes
Best test accuracy: 99.9000%
