Model: 5,792 parameters
Config: d=16, h=2, L=2, ff=44
Device: mps

Training for 45000 steps...
  step   500 | loss 1.406643 | lr 0.001000 | 0.2min
  step  1000 | loss 1.315165 | lr 0.000999 | 0.3min
  VAL 0.00%
  step  1500 | loss 1.005581 | lr 0.000998 | 0.5min
  step  2000 | loss 0.641446 | lr 0.000996 | 0.6min
  VAL 0.10%
  step  2500 | loss 0.364870 | lr 0.000994 | 0.7min
  step  3000 | loss 0.298407 | lr 0.000991 | 0.9min
  VAL 6.95%
  step  3500 | loss 0.239912 | lr 0.000987 | 1.0min
  step  4000 | loss 0.215451 | lr 0.000983 | 1.1min
  VAL 10.10%
  step  4500 | loss 0.206229 | lr 0.000978 | 1.2min
  step  5000 | loss 0.199303 | lr 0.000973 | 1.4min
  VAL 10.25%
  step  5500 | loss 0.196654 | lr 0.000967 | 1.5min
  step  6000 | loss 0.194531 | lr 0.000960 | 1.6min
  VAL 10.30%
  step  6500 | loss 0.172857 | lr 0.000953 | 1.7min
  step  7000 | loss 0.001992 | lr 0.000946 | 1.9min
  VAL 99.35%
  TEST 99.2000%
  *** New best: 99.2000% ***
  step  7500 | loss 0.001325 | lr 0.000937 | 2.0min
  step  8000 | loss 0.000806 | lr 0.000929 | 2.2min
  VAL 99.60%
  TEST 99.7200%
  *** New best: 99.7200% ***
  step  8500 | loss 0.000641 | lr 0.000919 | 2.3min
  step  9000 | loss 0.000561 | lr 0.000909 | 2.5min
  VAL 100.00%
  TEST 99.9700%
  *** New best: 99.9700% ***
  Early stop after qualifying checkpoint at step 9000 (2.5min)
