Model: RL4RL Autoresearch candidate
Author: configured in run manifest
Parameters (unique): 5792
Architecture: decoder-only addition transformer d=16, h=2, L=2, ff=44
Tricks: autoregressive greedy decoding, weights from checkpoint

  Progress: 1000/10010 (998/1000 correct) [6.5s]
  Progress: 2000/10010 (1997/2000 correct) [13.0s]
  Progress: 3000/10010 (2997/3000 correct) [19.5s]
  Progress: 4000/10010 (3997/4000 correct) [25.9s]
  Progress: 5000/10010 (4997/5000 correct) [32.4s]
  Progress: 6000/10010 (5997/6000 correct) [38.8s]
  Progress: 7000/10010 (6995/7000 correct) [45.3s]
  Progress: 8000/10010 (7995/8000 correct) [51.9s]
  Progress: 9000/10010 (8993/9000 correct) [58.6s]
  Progress: 10000/10010 (9993/10000 correct) [65.2s]

Results: 10003/10010 correct (99.93%)
Time: 65.3s (153 additions/sec)
Status: QUALIFIED (threshold: 99%)

Failures (7):
  4245369000 + 8212998130 = 12458367130, got 2458367130
  4028025611 + 7185082634 = 11213108245, got 1213108245
  7874868210 + 4239244551 = 12114112761, got 2114112761
  8149678090 + 4043908653 = 12193586743, got 2193586743
  8062081463 + 4137689640 = 12199771103, got 2199771103
  7798155441 + 4345187530 = 12143342971, got 2143342971
  7925114270 + 4105617024 = 12030731294, got 2030731294
