Initialized from retained incumbent: /Users/utshaho/Documents/GitHub/rl4rl/data/raw/autoresearch/sol-xhigh-overnight-20260814/state/incumbent.pt
Model: 2,064 parameters
Config: d=16, h=2, L=2, ff=10
Device: mps

INITIAL VAL 0.00%

Fine-tuning for up to 10000 steps...
  step   500 | loss 0.353194 | lr 0.000100 | 0.1min
  VAL 5.50%
  step  1000 | loss 0.114144 | lr 0.000099 | 0.2min
  VAL 92.85%
  step  1500 | loss 0.106011 | lr 0.000096 | 0.3min
  VAL 96.30%
  step  2000 | loss 0.104323 | lr 0.000093 | 0.4min
  VAL 98.55%
  step  2500 | loss 0.104505 | lr 0.000088 | 0.5min
  VAL 99.00%
  TEST 98.9200%
  *** New best: 98.9200% ***
  step  3000 | loss 0.099779 | lr 0.000082 | 0.7min
  VAL 99.50%
  TEST 99.4900%
  *** New best: 99.4900% ***
  step  3500 | loss 0.101712 | lr 0.000075 | 0.8min
  VAL 99.15%
  TEST 99.2500%
  step  4000 | loss 0.099353 | lr 0.000068 | 1.0min
  VAL 99.40%
  TEST 99.4400%
  step  4500 | loss 0.100700 | lr 0.000060 | 1.1min
  VAL 99.50%
  TEST 99.4100%
  step  5000 | loss 0.097846 | lr 0.000052 | 1.3min
  VAL 99.60%
  TEST 99.6400%
  *** New best: 99.6400% ***
  step  5500 | loss 0.096523 | lr 0.000044 | 1.4min
  VAL 99.65%
  TEST 99.6100%
  step  6000 | loss 0.095446 | lr 0.000036 | 1.6min
  VAL 99.50%
  TEST 99.4800%
  step  6500 | loss 0.098196 | lr 0.000029 | 1.7min
  VAL 99.70%
  TEST 99.5900%
  step  7000 | loss 0.095863 | lr 0.000022 | 1.9min
  VAL 99.40%
  TEST 99.4000%
  step  7500 | loss 0.095833 | lr 0.000016 | 2.0min
  VAL 99.85%
  TEST 99.6600%
  *** New best: 99.6600% ***
  step  8000 | loss 0.095361 | lr 0.000010 | 2.2min
  VAL 99.70%
  TEST 99.6100%
  step  8500 | loss 0.096156 | lr 0.000006 | 2.3min
  VAL 99.70%
  TEST 99.6000%
  step  9000 | loss 0.095355 | lr 0.000003 | 2.4min
  VAL 99.65%
  TEST 99.5600%
  step  9500 | loss 0.095351 | lr 0.000001 | 2.6min
  VAL 99.75%
  TEST 99.6400%
  step 10000 | loss 0.094752 | lr 0.000000 | 2.7min
  VAL 99.70%
  TEST 99.6300%

Training complete in 2.8 minutes
Best test accuracy: 99.6600%
