Model: RL4RL Autoresearch candidate
Author: configured in run manifest
Parameters (unique): 2064
Architecture: decoder-only addition transformer d=16, h=2, L=2, ff=10, block1_ff=8, fixed_separators=True, tied_position_pairs=[[4, 15], [7, 18], [5, 16], [3, 14], [2, 13], [8, 19], [6, 17], [1, 12], [0, 11], [9, 20]], interpolated_positions=[23, 24, 25, 26]
Tricks: autoregressive greedy decoding, weights from checkpoint

  Progress: 1000/10010 (994/1000 correct) [4.4s]
  Progress: 2000/10010 (1991/2000 correct) [8.8s]
  Progress: 3000/10010 (2989/3000 correct) [13.3s]
  Progress: 4000/10010 (3987/4000 correct) [17.8s]
  Progress: 5000/10010 (4986/5000 correct) [22.4s]
  Progress: 6000/10010 (5984/6000 correct) [26.8s]
  Progress: 7000/10010 (6984/7000 correct) [31.3s]
  Progress: 8000/10010 (7983/8000 correct) [35.7s]
  Progress: 9000/10010 (8980/9000 correct) [40.4s]
  Progress: 10000/10010 (9976/10000 correct) [44.9s]

Results: 9986/10010 correct (99.76%)
Time: 44.9s (223 additions/sec)
Status: QUALIFIED (threshold: 99%)

First 20 failures (of 24):
  7829306287 + 1024919386 = 8854225673, got 8844225673
  7194558397 + 5495045311 = 12689603708, got 12699603708
  2419324703 + 3516291980 = 5935616683, got 5835616683
  4501354141 + 9409669647 = 13911023788, got 13811023788
  9949339211 + 8948002488 = 18897341699, got 18997341699
  9961811767 + 7451779572 = 17413591339, got 17403591339
  2414276349 + 2517436867 = 4931713216, got 4831713216
  6047119139 + 5060676488 = 11107795627, got 10107795627
  5199705329 + 6225705022 = 11425410351, got 10425410351
  6660112625 + 5142876686 = 11802989311, got 10802989311
  3029838603 + 4424373860 = 7454212463, got 7444212463
  6220808416 + 5189773965 = 11410582381, got 10410582381
  1415015538 + 2519348781 = 3934364319, got 3834364319
  5634381845 + 6168469548 = 11802851393, got 10802851393
  2606039641 + 7216517256 = 9822556897, got 9821556897
  9479323125 + 9453799615 = 18933122740, got 19933122740
  1061628651 + 5751913700 = 6813542351, got 6803542351
  405989949 + 5525825456 = 5931815405, got 5831815405
  9516562991 + 9413390151 = 18929953142, got 19929953142
  9201756155 + 9771972022 = 18973728177, got 19973728177
