Model: RL4RL Autoresearch candidate
Author: configured in run manifest
Parameters (unique): 1663
Architecture: decoder-only addition transformer d=16, h=2, L=2, ff=16
Tricks: autoregressive greedy decoding, weights from checkpoint

  Progress: 1000/10010 (174/1000 correct) [7.1s]
  Progress: 2000/10010 (361/2000 correct) [13.6s]
  Progress: 3000/10010 (543/3000 correct) [20.4s]
  Progress: 4000/10010 (697/4000 correct) [27.3s]
  Progress: 5000/10010 (832/5000 correct) [34.2s]
  Progress: 6000/10010 (979/6000 correct) [41.3s]
  Progress: 7000/10010 (1145/7000 correct) [48.1s]
  Progress: 8000/10010 (1305/8000 correct) [54.9s]
  Progress: 9000/10010 (1477/9000 correct) [62.2s]
  Progress: 10000/10010 (1635/10000 correct) [68.7s]

Results: 1637/10010 correct (16.35%)
Time: 68.8s (145 additions/sec)
Status: NOT QUALIFIED (threshold: 99%)

First 20 failures (of 8373):
  0 + 0 = 0, got 8
  0 + 1 = 1, got 8
  9999999999 + 9999999999 = 19999999998, got 19999999990
  5000000000 + 5000000000 = 10000000000, got 10000000008
  1234567890 + 9876543210 = 11111111100, got 11111111098
  9999999999 + 9999999999 = 19999999998, got 19999999990
  4296888873 + 8475224721 = 12772113594, got 12772113597
  3295396137 + 8512642381 = 11808038518, got 11808038515
  4721664841 + 8801376086 = 13523040927, got 13523040925
  8709633390 + 2191376109 = 10901009499, got 10901009494
  7038162399 + 8251837442 = 15289999841, got 15289999840
  3917771074 + 2558389380 = 6476160454, got 6476160455
  2345623234 + 894115330 = 3239738564, got 3239738565
  9635552803 + 139097711 = 9774650514, got 9774650517
  3369214745 + 1580376784 = 4949591529, got 4949591530
  9981988602 + 6255527173 = 16237515775, got 16237515777
  2965087954 + 6711714523 = 9676802477, got 9676802478
  2522781535 + 7550172023 = 10072953558, got 10072953560
  3607041661 + 1478604144 = 5085645805, got 5085645807
  6870499663 + 5717384931 = 12587884594, got 12587884597
