Model: RL4RL Autoresearch candidate
Author: configured in run manifest
Parameters (unique): 1841
Architecture: decoder-only addition transformer d=16, h=2, L=2, ff=10, block1_ff=8, fixed_separators=True, tied_position_pairs=[[4, 15], [7, 18], [5, 16], [3, 14], [2, 13], [8, 19], [6, 17], [1, 12], [0, 11], [9, 20]], interpolated_positions=[23, 24, 25, 26, 27], qkv_pruned=207
Tricks: autoregressive greedy decoding, weights from checkpoint

  Progress: 1000/10010 (999/1000 correct) [4.5s]
  Progress: 2000/10010 (1994/2000 correct) [8.9s]
  Progress: 3000/10010 (2993/3000 correct) [13.4s]
  Progress: 4000/10010 (3992/4000 correct) [17.8s]
  Progress: 5000/10010 (4991/5000 correct) [22.2s]
  Progress: 6000/10010 (5991/6000 correct) [26.6s]
  Progress: 7000/10010 (6987/7000 correct) [31.1s]
  Progress: 8000/10010 (7986/8000 correct) [35.5s]
  Progress: 9000/10010 (8985/9000 correct) [40.0s]
  Progress: 10000/10010 (9985/10000 correct) [44.6s]

Results: 9995/10010 correct (99.85%)
Time: 44.6s (224 additions/sec)
Status: QUALIFIED (threshold: 99%)

Failures (15):
  978532808 + 9386647524 = 10365180332, got 10365080332
  7689642215 + 8129689694 = 15819331909, got 15809331909
  2905419624 + 766297649 = 3671717273, got 3670717273
  7866429313 + 8615379157 = 16481808470, got 16480808470
  5199705329 + 6225705022 = 11425410351, got 11424910351
  674064071 + 9080954982 = 9755019053, got 9755009053
  3289995080 + 5429049913 = 8719044993, got 8709044993
  9511527234 + 3467634798 = 12979162032, got 12979062032
  6012225424 + 7418887352 = 13431112776, got 13430112776
  4819254244 + 7171764997 = 11991019241, got 11991009241
  4775644642 + 4159526834 = 8935171476, got 8935071476
  2741664674 + 4753505666 = 7495170340, got 7495070340
  9488263132 + 4923111532 = 14411374664, got 14401374664
  7273364994 + 8396054317 = 15669419311, got 15669409311
  2540637875 + 2906523052 = 5447160927, got 5447060927
