Model: RL4RL Autoresearch candidate
Author: configured in run manifest
Parameters (unique): 1465
Architecture: decoder-only addition transformer d=16, h=2, L=2, ff=16
Tricks: autoregressive greedy decoding, weights from checkpoint

  Progress: 1000/10010 (2/1000 correct) [7.7s]
  Progress: 2000/10010 (2/2000 correct) [14.6s]
  Progress: 3000/10010 (2/3000 correct) [21.4s]
  Progress: 4000/10010 (2/4000 correct) [28.4s]
  Progress: 5000/10010 (2/5000 correct) [35.3s]
  Progress: 6000/10010 (2/6000 correct) [42.9s]
  Progress: 7000/10010 (2/7000 correct) [51.0s]
  Progress: 8000/10010 (3/8000 correct) [59.1s]
  Progress: 9000/10010 (3/9000 correct) [67.2s]
  Progress: 10000/10010 (3/10000 correct) [75.6s]

Results: 3/10010 correct (0.03%)
Time: 75.7s (132 additions/sec)
Status: NOT QUALIFIED (threshold: 99%)

First 20 failures (of 10007):
  0 + 0 = 0, got 1
  9999999999 + 1 = 10000000000, got 9999000000
  9999999999 + 9999999999 = 19999999998, got 9999999997
  5000000000 + 5000000000 = 10000000000, got 90000000001
  1111111111 + 8888888889 = 10000000000, got 90000000999
  1234567890 + 9876543210 = 11111111100, got 90000110091
  9999999999 + 9999999999 = 19999999998, got 9999999997
  1 + 9999999999 = 10000000000, got 9099999999
  2395527356 + 9334186774 = 11729714130, got 9690103010
  4296888873 + 8475224721 = 12772113594, got 10782000596
  2446880696 + 4577514554 = 7024395250, got 8004006200
  1721735679 + 186192860 = 1907928539, got 90999999909
  3295396137 + 8512642381 = 11808038518, got 9999000491
  4721664841 + 8801376086 = 13523040927, got 9523031001
  8709633390 + 2191376109 = 10901009499, got 10999999498
  813236058 + 3041824170 = 3855060228, got 3986060211
  7038162399 + 8251837442 = 15289999841, got 5290000800
  3917771074 + 2558389380 = 6476160454, got 7006059538
  2345623234 + 894115330 = 3239738564, got 92999938568
  9635552803 + 139097711 = 9774650514, got 970200606
