Model: 2,982 parameters
Config: d=14, h=2, L=2, ff=23
Device: mps

Training for 30000 steps...
  step   500 | loss 1.422720 | lr 0.001000 | 0.2min
  step  1000 | loss 1.338903 | lr 0.000999 | 0.3min
  VAL 0.00%
  step  1500 | loss 1.114912 | lr 0.000996 | 0.4min
  step  2000 | loss 0.712539 | lr 0.000992 | 0.6min
  VAL 0.00%
  step  2500 | loss 0.290794 | lr 0.000987 | 0.7min
  step  3000 | loss 0.184951 | lr 0.000980 | 0.9min
  VAL 48.30%
  step  3500 | loss 0.124544 | lr 0.000972 | 1.0min
  step  4000 | loss 0.090991 | lr 0.000962 | 1.1min
  VAL 76.60%
  step  4500 | loss 0.062274 | lr 0.000951 | 1.2min
  step  5000 | loss 0.045272 | lr 0.000939 | 1.4min
  VAL 88.85%
  step  5500 | loss 0.027937 | lr 0.000926 | 1.5min
  step  6000 | loss 0.022862 | lr 0.000912 | 1.6min
  VAL 94.55%
  step  6500 | loss 0.015827 | lr 0.000896 | 1.7min
  step  7000 | loss 0.016431 | lr 0.000880 | 1.9min
  VAL 98.30%
  step  7500 | loss 0.009935 | lr 0.000862 | 2.0min
  step  8000 | loss 0.007957 | lr 0.000843 | 2.1min
  VAL 98.55%
  step  8500 | loss 0.007863 | lr 0.000823 | 2.3min
  step  9000 | loss 0.005321 | lr 0.000803 | 2.4min
  VAL 99.25%
  TEST 99.2500%
  *** New best: 99.2500% ***
  step  9500 | loss 0.004642 | lr 0.000781 | 2.6min
  step 10000 | loss 0.004507 | lr 0.000759 | 2.7min
  VAL 99.70%
  TEST 99.3700%
  *** New best: 99.3700% ***
  step 10500 | loss 0.003216 | lr 0.000736 | 2.9min
  step 11000 | loss 0.002771 | lr 0.000713 | 3.1min
  VAL 99.75%
  TEST 99.7000%
  *** New best: 99.7000% ***
  step 11500 | loss 0.002488 | lr 0.000688 | 3.2min
  step 12000 | loss 0.002131 | lr 0.000664 | 3.4min
  VAL 99.45%
  TEST 99.2100%
  step 12500 | loss 0.002371 | lr 0.000638 | 3.5min
  step 13000 | loss 0.002238 | lr 0.000613 | 3.7min
  VAL 99.65%
  TEST 99.5400%
  step 13500 | loss 0.001643 | lr 0.000587 | 3.9min
  step 14000 | loss 0.001684 | lr 0.000561 | 4.0min
  VAL 99.90%
  TEST 99.8800%
  *** New best: 99.8800% ***
  step 14500 | loss 0.001702 | lr 0.000534 | 4.2min
  step 15000 | loss 0.002161 | lr 0.000508 | 4.3min
  VAL 99.45%
  TEST 99.5800%
  step 15500 | loss 0.001327 | lr 0.000481 | 4.5min
  step 16000 | loss 0.001241 | lr 0.000455 | 4.7min
  VAL 100.00%
  TEST 99.9100%
  *** New best: 99.9100% ***
  step 16500 | loss 0.001302 | lr 0.000429 | 4.8min
  step 17000 | loss 0.001091 | lr 0.000403 | 5.0min
  VAL 99.90%
  TEST 99.9400%
  *** New best: 99.9400% ***
  step 17500 | loss 0.001104 | lr 0.000377 | 5.1min
  step 18000 | loss 0.001040 | lr 0.000352 | 5.3min
  VAL 100.00%
  TEST 100.0000%
  *** New best: 100.0000% ***
  step 18500 | loss 0.001400 | lr 0.000327 | 5.5min
  step 19000 | loss 0.000913 | lr 0.000302 | 5.6min
  VAL 100.00%
  TEST 100.0000%
  step 19500 | loss 0.001024 | lr 0.000278 | 5.8min
  step 20000 | loss 0.001141 | lr 0.000255 | 5.9min
  VAL 99.70%
  TEST 99.7000%
  step 20500 | loss 0.000894 | lr 0.000232 | 6.1min
  step 21000 | loss 0.001199 | lr 0.000210 | 6.2min
  VAL 100.00%
  TEST 100.0000%
  step 21500 | loss 0.000751 | lr 0.000189 | 6.4min
  step 22000 | loss 0.000634 | lr 0.000169 | 6.5min
  VAL 100.00%
  TEST 100.0000%
  step 22500 | loss 0.000558 | lr 0.000149 | 6.8min
  step 23000 | loss 0.000508 | lr 0.000131 | 6.9min
  VAL 100.00%
  TEST 100.0000%
  step 23500 | loss 0.000498 | lr 0.000114 | 7.1min
  step 24000 | loss 0.000471 | lr 0.000097 | 7.2min
  VAL 100.00%
  TEST 100.0000%
  step 24500 | loss 0.000467 | lr 0.000082 | 7.4min
  step 25000 | loss 0.000433 | lr 0.000068 | 7.5min
  VAL 100.00%
  TEST 100.0000%
  step 25500 | loss 0.000388 | lr 0.000056 | 7.7min
  step 26000 | loss 0.000380 | lr 0.000044 | 7.8min
  VAL 100.00%
  TEST 100.0000%
  step 26500 | loss 0.000352 | lr 0.000034 | 8.1min
  step 27000 | loss 0.000351 | lr 0.000025 | 8.2min
  VAL 100.00%
  TEST 100.0000%
  step 27500 | loss 0.000355 | lr 0.000017 | 8.4min
  step 28000 | loss 0.000353 | lr 0.000011 | 8.5min
  VAL 100.00%
  TEST 100.0000%
  step 28500 | loss 0.000322 | lr 0.000006 | 8.7min
  step 29000 | loss 0.000330 | lr 0.000003 | 8.8min
  VAL 100.00%
  TEST 100.0000%
  step 29500 | loss 0.000318 | lr 0.000001 | 9.0min
  step 30000 | loss 0.000329 | lr 0.000000 | 9.1min
  VAL 100.00%
  TEST 100.0000%

Training complete in 9.2 minutes
Best test accuracy: 100.0000%
