Model: RL4RL Autoresearch candidate
Author: configured in run manifest
Parameters (unique): 2982
Architecture: decoder-only addition transformer d=14, h=2, L=2, ff=23
Tricks: autoregressive greedy decoding, weights from checkpoint

  Progress: 1000/10010 (1000/1000 correct) [9.1s]
  Progress: 2000/10010 (1999/2000 correct) [18.7s]
  Progress: 3000/10010 (2999/3000 correct) [27.8s]
  Progress: 4000/10010 (3998/4000 correct) [37.0s]
  Progress: 5000/10010 (4998/5000 correct) [46.0s]
  Progress: 6000/10010 (5997/6000 correct) [55.2s]
  Progress: 7000/10010 (6997/7000 correct) [64.2s]
  Progress: 8000/10010 (7997/8000 correct) [73.3s]
  Progress: 9000/10010 (8997/9000 correct) [82.2s]
  Progress: 10000/10010 (9997/10000 correct) [91.7s]

Results: 10007/10010 correct (99.97%)
Time: 91.8s (109 additions/sec)
Status: QUALIFIED (threshold: 99%)

Failures (3):
  8201014139 + 7718341884 = 15919356023, got 16019356023
  7724853867 + 2215021139 = 9939875006, got 10039875006
  4209751548 + 9709529319 = 13919280867, got 14019280867
