Model: 2,096 parameters
Config: d=16, h=2, L=2, ff=15
Device: mps

Training for 45000 steps...
  step   500 | loss 2.118717 | lr 0.001000 | 0.1min
  step  1000 | loss 2.095200 | lr 0.000999 | 0.3min
  VAL 0.00%
  step  1500 | loss 2.011997 | lr 0.000998 | 0.4min
  step  2000 | loss 1.979027 | lr 0.000996 | 0.5min
  VAL 0.00%
  step  2500 | loss 1.963065 | lr 0.000994 | 0.6min
  step  3000 | loss 1.943591 | lr 0.000991 | 0.7min
  VAL 0.00%
  step  3500 | loss 1.935247 | lr 0.000987 | 0.8min
  step  4000 | loss 1.924596 | lr 0.000983 | 0.9min
  VAL 0.00%
  step  4500 | loss 1.919156 | lr 0.000978 | 1.0min
  step  5000 | loss 1.910478 | lr 0.000973 | 1.2min
  VAL 0.00%
  step  5500 | loss 1.909824 | lr 0.000967 | 1.2min
  step  6000 | loss 1.904444 | lr 0.000960 | 1.4min
  VAL 0.00%
  step  6500 | loss 1.904822 | lr 0.000953 | 1.5min
  step  7000 | loss 1.899088 | lr 0.000946 | 1.6min
  VAL 0.00%
  step  7500 | loss 1.898894 | lr 0.000937 | 1.7min
  step  8000 | loss 1.897268 | lr 0.000929 | 1.8min
  VAL 0.00%
  step  8500 | loss 1.895656 | lr 0.000919 | 1.9min
  step  9000 | loss 1.893389 | lr 0.000909 | 2.1min
  VAL 0.00%
  step  9500 | loss 1.894447 | lr 0.000899 | 2.2min
  step 10000 | loss 1.892535 | lr 0.000888 | 2.3min
  VAL 0.00%
  step 10500 | loss 1.892862 | lr 0.000877 | 2.4min
  step 11000 | loss 1.890453 | lr 0.000865 | 2.5min
  VAL 0.00%
  step 11500 | loss 1.840440 | lr 0.000853 | 2.6min
  step 12000 | loss 1.758093 | lr 0.000840 | 2.7min
  VAL 0.00%
  step 12500 | loss 1.722442 | lr 0.000827 | 2.9min
  step 13000 | loss 1.714887 | lr 0.000814 | 3.0min
  VAL 0.00%
  step 13500 | loss 1.706367 | lr 0.000800 | 3.1min
  step 14000 | loss 1.695662 | lr 0.000786 | 3.2min
  VAL 0.00%
  step 14500 | loss 1.640594 | lr 0.000771 | 3.3min
  step 15000 | loss 1.598001 | lr 0.000756 | 3.4min
  VAL 0.00%
  step 15500 | loss 1.565490 | lr 0.000741 | 3.5min
  step 16000 | loss 1.505038 | lr 0.000725 | 3.6min
  VAL 0.00%
  step 16500 | loss 1.435108 | lr 0.000709 | 3.7min
  step 17000 | loss 1.373545 | lr 0.000693 | 3.9min
  VAL 0.00%
  step 17500 | loss 1.324787 | lr 0.000677 | 4.0min
  step 18000 | loss 1.284704 | lr 0.000661 | 4.1min
  VAL 0.00%
  step 18500 | loss 1.268453 | lr 0.000644 | 4.2min
  step 19000 | loss 1.243431 | lr 0.000627 | 4.3min
  VAL 0.00%
  step 19500 | loss 1.235799 | lr 0.000610 | 4.4min
  step 20000 | loss 1.167010 | lr 0.000593 | 4.6min
  VAL 0.00%
  Early abort: validation below 50% at step 20000
