Model: 4,032 parameters
Config: d=16, h=2, L=2, ff=16
Device: mps

Training for 30000 steps...
  step   500 | loss 1.426693 | lr 0.001000 | 0.1min
  step  1000 | loss 1.418942 | lr 0.000999 | 0.3min
  VAL 0.00%
  step  1500 | loss 1.329210 | lr 0.000996 | 0.4min
  step  2000 | loss 1.313161 | lr 0.000992 | 0.6min
  VAL 0.00%
  step  2500 | loss 1.261086 | lr 0.000987 | 0.7min
  step  3000 | loss 1.011419 | lr 0.000980 | 0.9min
  VAL 0.00%
  step  3500 | loss 0.825329 | lr 0.000972 | 1.0min
  step  4000 | loss 0.732992 | lr 0.000962 | 1.1min
  VAL 0.00%
  step  4500 | loss 0.686547 | lr 0.000951 | 1.3min
  step  5000 | loss 0.631401 | lr 0.000939 | 1.4min
  VAL 0.05%
  step  5500 | loss 0.572564 | lr 0.000926 | 1.5min
  step  6000 | loss 0.543097 | lr 0.000912 | 1.7min
  VAL 0.15%
  step  6500 | loss 0.466094 | lr 0.000896 | 1.8min
  step  7000 | loss 0.442471 | lr 0.000880 | 2.0min
  VAL 0.65%
  step  7500 | loss 0.427228 | lr 0.000862 | 2.1min
  step  8000 | loss 0.417953 | lr 0.000843 | 2.2min
  VAL 0.75%
  step  8500 | loss 0.410815 | lr 0.000823 | 2.4min
  step  9000 | loss 0.399981 | lr 0.000803 | 2.5min
  VAL 0.95%
  step  9500 | loss 0.295239 | lr 0.000781 | 2.6min
  step 10000 | loss 0.215364 | lr 0.000759 | 2.8min
  VAL 6.20%
  step 10500 | loss 0.200354 | lr 0.000736 | 2.9min
  step 11000 | loss 0.197267 | lr 0.000713 | 3.1min
  VAL 9.40%
  step 11500 | loss 0.196478 | lr 0.000688 | 3.2min
  step 12000 | loss 0.195840 | lr 0.000664 | 3.3min
  VAL 9.95%
  step 12500 | loss 0.195098 | lr 0.000638 | 3.5min
  step 13000 | loss 0.195560 | lr 0.000613 | 3.6min
  VAL 9.45%
  step 13500 | loss 0.195405 | lr 0.000587 | 3.7min
  step 14000 | loss 0.194173 | lr 0.000561 | 3.9min
  VAL 11.25%
  step 14500 | loss 0.193425 | lr 0.000534 | 4.0min
  step 15000 | loss 0.193686 | lr 0.000508 | 4.2min
  VAL 10.55%
  step 15500 | loss 0.193295 | lr 0.000481 | 4.3min
  step 16000 | loss 0.193202 | lr 0.000455 | 4.5min
  VAL 11.40%
  step 16500 | loss 0.193192 | lr 0.000429 | 4.6min
  step 17000 | loss 0.193578 | lr 0.000403 | 4.7min
  VAL 11.20%
  step 17500 | loss 0.193152 | lr 0.000377 | 4.9min
  step 18000 | loss 0.193221 | lr 0.000352 | 5.0min
  VAL 10.10%
  step 18500 | loss 0.192951 | lr 0.000327 | 5.1min
  step 19000 | loss 0.193156 | lr 0.000302 | 5.3min
  VAL 9.45%
  step 19500 | loss 0.192615 | lr 0.000278 | 5.4min
  step 20000 | loss 0.192851 | lr 0.000255 | 5.6min
  VAL 10.80%
  step 20500 | loss 0.192956 | lr 0.000232 | 5.7min
  step 21000 | loss 0.192573 | lr 0.000210 | 5.8min
  VAL 9.00%
  step 21500 | loss 0.192780 | lr 0.000189 | 6.0min
  step 22000 | loss 0.192650 | lr 0.000169 | 6.1min
  VAL 10.10%
  step 22500 | loss 0.192565 | lr 0.000149 | 6.3min
  step 23000 | loss 0.192609 | lr 0.000131 | 6.4min
  VAL 9.25%
  step 23500 | loss 0.192530 | lr 0.000114 | 6.6min
  step 24000 | loss 0.192545 | lr 0.000097 | 6.7min
  VAL 9.65%
  step 24500 | loss 0.192594 | lr 0.000082 | 6.9min
  step 25000 | loss 0.192432 | lr 0.000068 | 7.0min
  VAL 9.35%
  step 25500 | loss 0.192459 | lr 0.000056 | 7.1min
  step 26000 | loss 0.192496 | lr 0.000044 | 7.3min
  VAL 9.25%
  step 26500 | loss 0.192775 | lr 0.000034 | 7.4min
  step 27000 | loss 0.192539 | lr 0.000025 | 7.6min
  VAL 9.35%
  step 27500 | loss 0.192384 | lr 0.000017 | 7.7min
  step 28000 | loss 0.192316 | lr 0.000011 | 7.8min
  VAL 10.00%
  step 28500 | loss 0.192322 | lr 0.000006 | 8.0min
  step 29000 | loss 0.192469 | lr 0.000003 | 8.1min
  VAL 9.25%
  step 29500 | loss 0.192401 | lr 0.000001 | 8.2min
  step 30000 | loss 0.192340 | lr 0.000000 | 8.4min
  VAL 9.20%

Training complete in 8.4 minutes
Best test accuracy: 0.0000%
