Model: 2,944 parameters
Config: d=14, h=2, L=2, ff=19
Device: mps

Training for 45000 steps...
  step   500 | loss 1.573714 | lr 0.001000 | 0.2min
  step  1000 | loss 1.406468 | lr 0.000999 | 0.3min
  VAL 0.00%
  step  1500 | loss 1.381076 | lr 0.000998 | 0.4min
  step  2000 | loss 1.356719 | lr 0.000997 | 0.6min
  VAL 0.00%
  step  2500 | loss 1.318848 | lr 0.000995 | 0.7min
  step  3000 | loss 1.353689 | lr 0.000992 | 0.8min
  VAL 0.00%
  step  3500 | loss 1.320006 | lr 0.000989 | 1.0min
  step  4000 | loss 1.148609 | lr 0.000985 | 1.1min
  VAL 0.00%
  step  4500 | loss 1.043368 | lr 0.000981 | 1.2min
  step  5000 | loss 0.910083 | lr 0.000976 | 1.4min
  VAL 0.00%
  step  5500 | loss 0.838139 | lr 0.000970 | 1.5min
  step  6000 | loss 0.668325 | lr 0.000964 | 1.6min
  VAL 0.00%
  step  6500 | loss 0.584775 | lr 0.000958 | 1.8min
  step  7000 | loss 0.560693 | lr 0.000951 | 1.9min
  VAL 0.00%
  step  7500 | loss 0.471973 | lr 0.000944 | 2.0min
  step  8000 | loss 0.470695 | lr 0.000936 | 2.2min
  VAL 0.45%
  step  8500 | loss 0.443647 | lr 0.000927 | 2.3min
  step  9000 | loss 0.388426 | lr 0.000918 | 2.4min
  VAL 1.00%
  step  9500 | loss 0.363566 | lr 0.000909 | 2.6min
  step 10000 | loss 0.345012 | lr 0.000899 | 2.7min
  VAL 1.45%
  step 10500 | loss 0.337520 | lr 0.000889 | 2.8min
  step 11000 | loss 0.328096 | lr 0.000879 | 3.0min
  VAL 3.85%
  step 11500 | loss 0.275044 | lr 0.000868 | 3.1min
  step 12000 | loss 0.183218 | lr 0.000856 | 3.2min
  VAL 19.90%
  step 12500 | loss 0.171671 | lr 0.000844 | 3.4min
  step 13000 | loss 0.169905 | lr 0.000832 | 3.5min
  VAL 17.70%
  step 13500 | loss 0.146125 | lr 0.000820 | 3.6min
  step 14000 | loss 0.161313 | lr 0.000807 | 3.8min
  VAL 30.35%
  step 14500 | loss 0.161156 | lr 0.000794 | 3.9min
  step 15000 | loss 0.121806 | lr 0.000780 | 4.0min
  VAL 35.25%
  step 15500 | loss 0.113109 | lr 0.000767 | 4.1min
  step 16000 | loss 0.112122 | lr 0.000753 | 4.3min
  VAL 46.00%
  step 16500 | loss 0.111419 | lr 0.000739 | 4.4min
  step 17000 | loss 0.111533 | lr 0.000724 | 4.5min
  VAL 44.70%
  step 17500 | loss 0.088557 | lr 0.000709 | 4.7min
  step 18000 | loss 0.087491 | lr 0.000694 | 4.8min
  VAL 62.35%
  step 18500 | loss 0.092419 | lr 0.000679 | 4.9min
  step 19000 | loss 0.086639 | lr 0.000664 | 5.0min
  VAL 69.30%
  step 19500 | loss 0.082447 | lr 0.000649 | 5.2min
  step 20000 | loss 0.091625 | lr 0.000633 | 5.3min
  VAL 61.30%
  step 20500 | loss 0.071982 | lr 0.000618 | 5.5min
  step 21000 | loss 0.072494 | lr 0.000602 | 5.6min
  VAL 85.35%
  step 21500 | loss 0.070576 | lr 0.000586 | 5.7min
  step 22000 | loss 0.059458 | lr 0.000571 | 5.8min
  VAL 83.95%
  step 22500 | loss 0.065887 | lr 0.000555 | 6.0min
  step 23000 | loss 0.078881 | lr 0.000539 | 6.1min
  VAL 89.30%
  step 23500 | loss 0.066224 | lr 0.000523 | 6.2min
  step 24000 | loss 0.060784 | lr 0.000507 | 6.3min
  VAL 93.40%
  step 24500 | loss 0.054059 | lr 0.000492 | 6.5min
  step 25000 | loss 0.052931 | lr 0.000476 | 6.6min
  VAL 94.70%
  step 25500 | loss 0.055476 | lr 0.000460 | 6.7min
  step 26000 | loss 0.052617 | lr 0.000445 | 6.8min
  VAL 94.00%
  step 26500 | loss 0.047609 | lr 0.000430 | 7.0min
  step 27000 | loss 0.049791 | lr 0.000415 | 7.1min
  VAL 93.95%
  step 27500 | loss 0.056680 | lr 0.000400 | 7.3min
  step 28000 | loss 0.049550 | lr 0.000385 | 7.4min
  VAL 94.50%
  step 28500 | loss 0.044007 | lr 0.000370 | 7.5min
  step 29000 | loss 0.044762 | lr 0.000356 | 7.6min
  VAL 96.25%
  step 29500 | loss 0.042051 | lr 0.000342 | 7.8min
  step 30000 | loss 0.041777 | lr 0.000328 | 7.9min
  VAL 94.85%
  step 30500 | loss 0.039616 | lr 0.000314 | 8.0min
  step 31000 | loss 0.040543 | lr 0.000301 | 8.1min
  VAL 96.85%
  step 31500 | loss 0.039009 | lr 0.000288 | 8.3min
  step 32000 | loss 0.041574 | lr 0.000275 | 8.4min
  VAL 98.25%
  step 32500 | loss 0.036836 | lr 0.000263 | 8.5min
  step 33000 | loss 0.034509 | lr 0.000251 | 8.6min
  VAL 96.90%
  step 33500 | loss 0.038648 | lr 0.000239 | 8.8min
  step 34000 | loss 0.031507 | lr 0.000228 | 8.9min
  VAL 97.70%
  step 34500 | loss 0.032362 | lr 0.000217 | 9.0min
  step 35000 | loss 0.030958 | lr 0.000207 | 9.2min
  VAL 98.40%
  step 35500 | loss 0.033201 | lr 0.000197 | 9.3min
  step 36000 | loss 0.030316 | lr 0.000187 | 9.4min
  VAL 98.90%
  step 36500 | loss 0.027979 | lr 0.000178 | 9.6min
  step 37000 | loss 0.027865 | lr 0.000169 | 9.7min
  VAL 98.90%
  step 37500 | loss 0.027947 | lr 0.000161 | 9.9min
  step 38000 | loss 0.027782 | lr 0.000153 | 10.0min
  VAL 98.90%
  step 38500 | loss 0.025871 | lr 0.000146 | 10.1min
  step 39000 | loss 0.026338 | lr 0.000139 | 10.2min
  VAL 99.40%
  TEST 99.3700%
  *** New best: 99.3700% ***
  step 39500 | loss 0.027108 | lr 0.000133 | 10.4min
  step 40000 | loss 0.024453 | lr 0.000128 | 10.6min
  VAL 99.50%
  TEST 99.3500%
  step 40500 | loss 0.025300 | lr 0.000122 | 10.7min
  step 41000 | loss 0.025796 | lr 0.000118 | 10.9min
  VAL 99.50%
  TEST 99.5200%
  *** New best: 99.5200% ***
  step 41500 | loss 0.022092 | lr 0.000114 | 11.0min
  step 42000 | loss 0.022612 | lr 0.000110 | 11.1min
  VAL 99.40%
  TEST 99.3700%
  step 42500 | loss 0.023112 | lr 0.000107 | 11.3min
  step 43000 | loss 0.021789 | lr 0.000104 | 11.4min
  VAL 99.45%
  TEST 99.4700%
  step 43500 | loss 0.021385 | lr 0.000102 | 11.6min
  step 44000 | loss 0.021151 | lr 0.000101 | 11.7min
  VAL 99.55%
  TEST 99.5800%
  *** New best: 99.5800% ***
  step 44500 | loss 0.021074 | lr 0.000100 | 11.9min
  step 45000 | loss 0.020508 | lr 0.000100 | 12.0min
  VAL 99.40%
  TEST 99.4200%

Training complete in 12.1 minutes
Best test accuracy: 99.5800%
