Model: RL4RL Autoresearch candidate
Author: configured in run manifest
Parameters (unique): 2944
Architecture: decoder-only addition transformer d=14, h=2, L=2, ff=19, position_rank=3, tie_norms_across_layers=True, no_norm_bias=True, factorized_positions=True, token_rank=6
Tricks: autoregressive greedy decoding, weights from checkpoint

  Progress: 1000/10010 (993/1000 correct) [8.8s]
  Progress: 2000/10010 (1986/2000 correct) [17.4s]
  Progress: 3000/10010 (2975/3000 correct) [26.1s]
  Progress: 4000/10010 (3974/4000 correct) [34.8s]
  Progress: 5000/10010 (4968/5000 correct) [43.5s]
  Progress: 6000/10010 (5967/6000 correct) [52.1s]
  Progress: 7000/10010 (6957/7000 correct) [60.8s]
  Progress: 8000/10010 (7955/8000 correct) [69.5s]
  Progress: 9000/10010 (8948/9000 correct) [78.1s]
  Progress: 10000/10010 (9944/10000 correct) [86.7s]

Results: 9954/10010 correct (99.44%)
Time: 86.8s (115 additions/sec)
Status: QUALIFIED (threshold: 99%)

First 20 failures (of 56):
  9999999999 + 9999999999 = 19999999998, got 18999999998
  9999999999 + 9999999999 = 19999999998, got 18999999998
  9773982893 + 9769054290 = 19543037183, got 18543037183
  9809325681 + 9732050258 = 19541375939, got 18541375939
  9894721768 + 9867080840 = 19761802608, got 18761802608
  9832152995 + 7312179995 = 17144332990, got 17144332890
  2695425240 + 8298585221 = 10994010461, got 10984010461
  9601140559 + 9688860108 = 19290000667, got 18290000667
  9463381177 + 9696657759 = 19160038936, got 18160038936
  9712318945 + 9323722442 = 19036041387, got 18036041387
  7144975271 + 8552967180 = 15697942451, got 15697842451
  9736225960 + 9667182777 = 19403408737, got 18403408737
  9748833039 + 9560105024 = 19308938063, got 18308938063
  9761227921 + 9476325973 = 19237553894, got 18237553894
  9785783910 + 9694358401 = 19480142311, got 18480142311
  9815800197 + 9593714171 = 19409514368, got 18409514368
  6611295108 + 5063198936 = 11674494044, got 11674484044
  9833758280 + 9611316939 = 19445075219, got 18445075219
  9684532221 + 9710085333 = 19394617554, got 18394617554
  9927804170 + 505716800 = 10433520970, got 433520970
