Traceback (most recent call last):
  File "/Users/utshaho/Documents/GitHub/rl4rl/data/raw/autoresearch/sol-xhigh-20260816/workspace/src/train.py", line 539, in <module>
    train()
  File "/Users/utshaho/Documents/GitHub/rl4rl/data/raw/autoresearch/sol-xhigh-20260816/workspace/src/train.py", line 85, in train
    model = AdditionTransformer(
            ^^^^^^^^^^^^^^^^^^^^
  File "/Users/utshaho/Documents/GitHub/rl4rl/data/raw/autoresearch/sol-xhigh-20260816/workspace/src/model.py", line 919, in __init__
    TransformerBlock(d_model, n_heads, ff_dim, max_seq_len, dropout, i)
  File "/Users/utshaho/Documents/GitHub/rl4rl/data/raw/autoresearch/sol-xhigh-20260816/workspace/src/model.py", line 568, in __init__
    if block_index == 1 else TiedAffineLayerNorm(
                             ^^^^^^^^^^^^^^^^^^^^
  File "/Users/utshaho/Documents/GitHub/rl4rl/data/raw/autoresearch/sol-xhigh-20260816/workspace/src/model.py", line 450, in __init__
    bias_mapping, bias_groups = make_mapping(bias_tied_pairs)
                                ^^^^^^^^^^^^^^^^^^^^^^^^^^^^^
  File "/Users/utshaho/Documents/GitHub/rl4rl/data/raw/autoresearch/sol-xhigh-20260816/workspace/src/model.py", line 439, in make_mapping
    parent[find(right)] = find(left)
                          ^^^^^^^^^^
  File "/Users/utshaho/Documents/GitHub/rl4rl/data/raw/autoresearch/sol-xhigh-20260816/workspace/src/model.py", line 433, in find
    while parent[index] != index:
          ~~~~~~^^^^^^^
IndexError: list index out of range
