Initialized from retained incumbent: /Users/utshaho/Documents/GitHub/rl4rl/data/raw/autoresearch/sol-xhigh-overnight-20260814/state/incumbent.pt
Model: 3,392 parameters
Config: d=16, h=2, L=2, ff=10
Device: mps

INITIAL VAL 0.10%

Fine-tuning for up to 10000 steps...
  step   500 | loss 0.433489 | lr 0.000100 | 0.1min
  VAL 5.75%
  step  1000 | loss 0.427743 | lr 0.000099 | 0.2min
  VAL 5.60%
  step  1500 | loss 0.421825 | lr 0.000096 | 0.3min
  VAL 5.95%
  step  2000 | loss 0.421564 | lr 0.000093 | 0.5min
  VAL 6.65%
  step  2500 | loss 0.402769 | lr 0.000088 | 0.5min
  VAL 7.50%
  step  3000 | loss 0.391385 | lr 0.000082 | 0.7min
  VAL 11.25%
  step  3500 | loss 0.369895 | lr 0.000075 | 0.8min
  VAL 14.00%
  step  4000 | loss 0.354049 | lr 0.000068 | 0.9min
  VAL 16.80%
  step  4500 | loss 0.333057 | lr 0.000060 | 1.0min
  VAL 18.20%
  step  5000 | loss 0.321893 | lr 0.000052 | 1.1min
  VAL 19.15%
  step  5500 | loss 0.310037 | lr 0.000044 | 1.2min
  VAL 20.25%
  step  6000 | loss 0.314546 | lr 0.000036 | 1.4min
  VAL 21.40%
  step  6500 | loss 0.303469 | lr 0.000029 | 1.5min
  VAL 22.75%
  step  7000 | loss 0.293637 | lr 0.000022 | 1.6min
  VAL 23.80%
  step  7500 | loss 0.287920 | lr 0.000016 | 1.7min
  VAL 24.35%
  step  8000 | loss 0.300805 | lr 0.000010 | 1.8min
  VAL 24.45%
  step  8500 | loss 0.291533 | lr 0.000006 | 1.9min
  VAL 25.15%
  step  9000 | loss 0.286646 | lr 0.000003 | 2.0min
  VAL 25.70%
  step  9500 | loss 0.286012 | lr 0.000001 | 2.1min
  VAL 26.10%
  step 10000 | loss 0.287984 | lr 0.000000 | 2.3min
  VAL 26.05%

Training complete in 2.3 minutes
Best test accuracy: 0.0000%
