Model: 3,038 parameters
Config: d=14, h=2, L=2, ff=24
Device: mps

Training for 30000 steps...
  step   500 | loss 1.501310 | lr 0.001000 | 0.2min
  step  1000 | loss 1.360743 | lr 0.000999 | 0.3min
  VAL 0.00%
  step  1500 | loss 1.359732 | lr 0.000996 | 0.4min
  step  2000 | loss 1.300501 | lr 0.000992 | 0.6min
  VAL 0.00%
  step  2500 | loss 1.248718 | lr 0.000987 | 0.7min
  step  3000 | loss 0.997881 | lr 0.000980 | 0.9min
  VAL 0.00%
  step  3500 | loss 0.572704 | lr 0.000972 | 1.0min
  step  4000 | loss 0.299638 | lr 0.000962 | 1.1min
  VAL 4.10%
  step  4500 | loss 0.208925 | lr 0.000951 | 1.2min
  step  5000 | loss 0.172725 | lr 0.000939 | 1.3min
  VAL 33.80%
  step  5500 | loss 0.141930 | lr 0.000926 | 1.4min
  step  6000 | loss 0.125546 | lr 0.000912 | 1.6min
  VAL 50.25%
  step  6500 | loss 0.104836 | lr 0.000896 | 1.7min
  step  7000 | loss 0.076467 | lr 0.000880 | 1.8min
  VAL 65.05%
  step  7500 | loss 0.064331 | lr 0.000862 | 2.0min
  step  8000 | loss 0.052105 | lr 0.000843 | 2.1min
  VAL 92.10%
  step  8500 | loss 0.041576 | lr 0.000823 | 2.2min
  step  9000 | loss 0.034670 | lr 0.000803 | 2.4min
  VAL 98.65%
  step  9500 | loss 0.030146 | lr 0.000781 | 2.5min
  step 10000 | loss 0.023269 | lr 0.000759 | 2.6min
  VAL 98.95%
  step 10500 | loss 0.021244 | lr 0.000736 | 2.8min
  step 11000 | loss 0.019302 | lr 0.000713 | 2.9min
  VAL 98.90%
  step 11500 | loss 0.016718 | lr 0.000688 | 3.1min
  step 12000 | loss 0.016197 | lr 0.000664 | 3.2min
  VAL 99.45%
  TEST 99.4400%
  *** New best: 99.4400% ***
  step 12500 | loss 0.014920 | lr 0.000638 | 3.4min
  step 13000 | loss 0.012371 | lr 0.000613 | 3.5min
  VAL 99.40%
  TEST 99.5300%
  *** New best: 99.5300% ***
  step 13500 | loss 0.011925 | lr 0.000587 | 3.7min
  step 14000 | loss 0.012403 | lr 0.000561 | 3.8min
  VAL 99.70%
  TEST 99.6000%
  *** New best: 99.6000% ***
  step 14500 | loss 0.009960 | lr 0.000534 | 4.0min
  step 15000 | loss 0.009001 | lr 0.000508 | 4.2min
  VAL 99.65%
  TEST 99.7000%
  *** New best: 99.7000% ***
  step 15500 | loss 0.009915 | lr 0.000481 | 4.3min
  step 16000 | loss 0.008559 | lr 0.000455 | 4.5min
  VAL 99.75%
  TEST 99.7000%
  step 16500 | loss 0.007436 | lr 0.000429 | 4.7min
  step 17000 | loss 0.007171 | lr 0.000403 | 4.8min
  VAL 99.85%
  TEST 99.8000%
  *** New best: 99.8000% ***
  step 17500 | loss 0.006977 | lr 0.000377 | 5.0min
  step 18000 | loss 0.006430 | lr 0.000352 | 5.1min
  VAL 99.90%
  TEST 99.8700%
  *** New best: 99.8700% ***
  step 18500 | loss 0.005979 | lr 0.000327 | 5.3min
  step 19000 | loss 0.005500 | lr 0.000302 | 5.4min
  VAL 99.80%
  TEST 99.8000%
  step 19500 | loss 0.005765 | lr 0.000278 | 5.6min
  step 20000 | loss 0.004968 | lr 0.000255 | 5.7min
  VAL 99.95%
  TEST 99.8700%
  step 20500 | loss 0.004538 | lr 0.000232 | 5.9min
  step 21000 | loss 0.004167 | lr 0.000210 | 6.0min
  VAL 99.95%
  TEST 99.9000%
  *** New best: 99.9000% ***
  step 21500 | loss 0.004262 | lr 0.000189 | 6.2min
  step 22000 | loss 0.003879 | lr 0.000169 | 6.4min
  VAL 99.95%
  TEST 99.9100%
  *** New best: 99.9100% ***
  step 22500 | loss 0.003618 | lr 0.000149 | 6.6min
  step 23000 | loss 0.003457 | lr 0.000131 | 6.7min
  VAL 99.95%
  TEST 99.9000%
  step 23500 | loss 0.003396 | lr 0.000114 | 6.9min
  step 24000 | loss 0.003080 | lr 0.000097 | 7.0min
  VAL 99.95%
  TEST 99.9100%
  step 24500 | loss 0.002961 | lr 0.000082 | 7.2min
  step 25000 | loss 0.003031 | lr 0.000068 | 7.3min
  VAL 99.95%
  TEST 99.9300%
  *** New best: 99.9300% ***
  step 25500 | loss 0.002912 | lr 0.000056 | 7.5min
  step 26000 | loss 0.002756 | lr 0.000044 | 7.6min
  VAL 99.95%
  TEST 99.9100%
  step 26500 | loss 0.002684 | lr 0.000034 | 7.8min
  step 27000 | loss 0.002548 | lr 0.000025 | 7.9min
  VAL 99.95%
  TEST 99.9200%
  step 27500 | loss 0.002572 | lr 0.000017 | 8.1min
  step 28000 | loss 0.002529 | lr 0.000011 | 8.2min
  VAL 100.00%
  TEST 99.9100%
  step 28500 | loss 0.002564 | lr 0.000006 | 8.4min
  step 29000 | loss 0.002541 | lr 0.000003 | 8.5min
  VAL 100.00%
  TEST 99.9200%
  step 29500 | loss 0.002491 | lr 0.000001 | 8.7min
  step 30000 | loss 0.002513 | lr 0.000000 | 8.8min
  VAL 100.00%
  TEST 99.9100%

Training complete in 8.9 minutes
Best test accuracy: 99.9300%
