Model: RL4RL Autoresearch candidate
Author: configured in run manifest
Parameters (unique): 3038
Architecture: decoder-only addition transformer d=14, h=2, L=2, ff=24
Tricks: autoregressive greedy decoding, weights from checkpoint

  Progress: 1000/10010 (997/1000 correct) [9.2s]
  Progress: 2000/10010 (1997/2000 correct) [18.4s]
  Progress: 3000/10010 (2996/3000 correct) [27.5s]
  Progress: 4000/10010 (3994/4000 correct) [37.0s]
  Progress: 5000/10010 (4993/5000 correct) [45.5s]
  Progress: 6000/10010 (5993/6000 correct) [54.4s]
  Progress: 7000/10010 (6993/7000 correct) [63.2s]
  Progress: 8000/10010 (7992/8000 correct) [72.1s]
  Progress: 9000/10010 (8991/9000 correct) [80.9s]
  Progress: 10000/10010 (9991/10000 correct) [90.0s]

Results: 10001/10010 correct (99.91%)
Time: 90.0s (111 additions/sec)
Status: QUALIFIED (threshold: 99%)

Failures (9):
  9999999999 + 1 = 10000000000, got 0
  5000000000 + 5000000000 = 10000000000, got 0
  1 + 9999999999 = 10000000000, got 0
  9386157601 + 9524346701 = 18910504302, got 8910504302
  6194898600 + 6145852101 = 12340750701, got 2340750701
  4589173643 + 4928485485 = 9517659128, got 19517659128
  4924559449 + 4963428126 = 9887987575, got 19887987575
  4778803652 + 4728914436 = 9507718088, got 19507718088
  4614173485 + 4889625045 = 9503798530, got 19503798530
