Model: RL4RL Autoresearch candidate
Author: configured in run manifest
Parameters (unique): 1979
Architecture: decoder-only addition transformer d=16, h=2, L=2, ff=10, block1_ff=8, fixed_separators=True, tied_position_pairs=[[4, 15], [7, 18], [5, 16], [3, 14], [2, 13], [8, 19], [6, 17], [1, 12], [0, 11], [9, 20]], interpolated_positions=[23, 24, 25, 26, 27], qkv_pruned=69
Tricks: autoregressive greedy decoding, weights from checkpoint

  Progress: 1000/10010 (996/1000 correct) [4.4s]
  Progress: 2000/10010 (1993/2000 correct) [8.8s]
  Progress: 3000/10010 (2990/3000 correct) [13.1s]
  Progress: 4000/10010 (3988/4000 correct) [17.5s]
  Progress: 5000/10010 (4985/5000 correct) [22.0s]
  Progress: 6000/10010 (5982/6000 correct) [26.5s]
  Progress: 7000/10010 (6980/7000 correct) [30.9s]
  Progress: 8000/10010 (7977/8000 correct) [35.4s]
  Progress: 9000/10010 (8974/9000 correct) [40.0s]
  Progress: 10000/10010 (9969/10000 correct) [44.4s]

Results: 9979/10010 correct (99.69%)
Time: 44.4s (225 additions/sec)
Status: QUALIFIED (threshold: 99%)

First 20 failures (of 31):
  6780533471 + 5090190326 = 11870723797, got 10870723797
  2419324703 + 3516291980 = 5935616683, got 5835616683
  8261688289 + 8707679052 = 16969367341, got 17969367341
  4501354141 + 9409669647 = 13911023788, got 13811023788
  2414276349 + 2517436867 = 4931713216, got 4831713216
  4624637094 + 517131976 = 5141769070, got 5041769070
  6047119139 + 5060676488 = 11107795627, got 10107795627
  5073074988 + 6351264488 = 11424339476, got 10424339476
  6660112625 + 5142876686 = 11802989311, got 10802989311
  9278473654 + 9413599947 = 18692073601, got 19692073601
  1415015538 + 2519348781 = 3934364319, got 3834364319
  6034185843 + 5879550316 = 11913736159, got 10913736159
  3669896045 + 5516370678 = 9186266723, got 9086266723
  5634381845 + 6168469548 = 11802851393, got 10802851393
  9402679499 + 9293095411 = 18695774910, got 19695774910
  4204529550 + 296440191 = 4500969741, got 4400969741
  7295822456 + 4296380992 = 11592203448, got 11492203448
  9479323125 + 9453799615 = 18933122740, got 19933122740
  9611914057 + 7529885855 = 17141799912, got 17041799912
  1618177326 + 9562788083 = 11180965409, got 11080965409
