Model: RL4RL Autoresearch candidate
Author: configured in run manifest
Parameters (unique): 2119
Architecture: decoder-only addition transformer d=16, h=2, L=2, ff=16
Tricks: autoregressive greedy decoding, weights from checkpoint

  Progress: 1000/10010 (817/1000 correct) [5.9s]
  Progress: 2000/10010 (1626/2000 correct) [11.8s]
  Progress: 3000/10010 (2428/3000 correct) [17.7s]
  Progress: 4000/10010 (3240/4000 correct) [23.5s]
  Progress: 5000/10010 (4045/5000 correct) [29.3s]
  Progress: 6000/10010 (4879/6000 correct) [35.1s]
  Progress: 7000/10010 (5684/7000 correct) [40.9s]
  Progress: 8000/10010 (6516/8000 correct) [46.8s]
  Progress: 9000/10010 (7337/9000 correct) [52.9s]
  Progress: 10000/10010 (8160/10000 correct) [58.7s]

Results: 8168/10010 correct (81.60%)
Time: 58.8s (170 additions/sec)
Status: NOT QUALIFIED (threshold: 99%)

First 20 failures (of 1842):
  9999999999 + 9999999999 = 19999999998, got 18898999998
  9999999999 + 9999999999 = 19999999998, got 18898999998
  5487960534 + 2479695299 = 7967655833, got 8967655833
  9773982893 + 9769054290 = 19543037183, got 18543037173
  5353030368 + 2525515399 = 7878545767, got 8878545767
  6758791484 + 2952272022 = 9711063506, got 19711063506
  6795557231 + 2923425751 = 9718982982, got 19718982982
  9574390710 + 7522407265 = 17096797975, got 17096797965
  9910916827 + 6473406151 = 16384322978, got 16383322978
  8823385853 + 6806146418 = 15629532271, got 15629532281
  1088339998 + 3619023577 = 4707363575, got 4706363575
  8594908859 + 5654719583 = 14249628442, got 24249628442
  7084404424 + 195956703 = 7280361127, got 7180361127
  7829306287 + 1024919386 = 8854225673, got 8854215673
  4931300813 + 66050634 = 4997351447, got 4997359447
  4174920889 + 3957952700 = 8132873589, got 8132773589
  4955490165 + 4037695196 = 8993185361, got 8993175361
  5236484836 + 2314490323 = 7550975159, got 7550965159
  5610296574 + 2744238478 = 8354535052, got 18354535052
  6728496408 + 8405949359 = 15134445767, got 14134445767
