Model: 2,096 parameters
Config: d=16, h=2, L=2, ff=16
Device: mps

Training for 45000 steps...
  step   500 | loss 1.524141 | lr 0.001000 | 0.1min
  step  1000 | loss 1.442210 | lr 0.000999 | 0.2min
  VAL 0.00%
  step  1500 | loss 1.310039 | lr 0.000998 | 0.3min
  step  2000 | loss 1.049518 | lr 0.000996 | 0.5min
  VAL 0.00%
  step  2500 | loss 0.744102 | lr 0.000994 | 0.6min
  step  3000 | loss 0.497406 | lr 0.000991 | 0.7min
  VAL 0.40%
  step  3500 | loss 0.408355 | lr 0.000987 | 0.8min
  step  4000 | loss 0.367466 | lr 0.000983 | 0.9min
  VAL 2.95%
  step  4500 | loss 0.340202 | lr 0.000978 | 1.0min
  step  5000 | loss 0.316036 | lr 0.000973 | 1.1min
  VAL 5.00%
  step  5500 | loss 0.292811 | lr 0.000967 | 1.2min
  step  6000 | loss 0.276779 | lr 0.000960 | 1.3min
  VAL 7.50%
  step  6500 | loss 0.262954 | lr 0.000953 | 1.4min
  step  7000 | loss 0.254441 | lr 0.000946 | 1.5min
  VAL 10.25%
  step  7500 | loss 0.147533 | lr 0.000937 | 1.6min
  step  8000 | loss 0.113623 | lr 0.000929 | 1.7min
  VAL 31.95%
  step  8500 | loss 0.108779 | lr 0.000919 | 1.8min
  step  9000 | loss 0.106294 | lr 0.000909 | 2.0min
  VAL 34.60%
  step  9500 | loss 0.101325 | lr 0.000899 | 2.1min
  step 10000 | loss 0.095877 | lr 0.000888 | 2.2min
  VAL 38.10%
  step 10500 | loss 0.089081 | lr 0.000877 | 2.3min
  step 11000 | loss 0.085460 | lr 0.000865 | 2.4min
  VAL 36.40%
  step 11500 | loss 0.084649 | lr 0.000853 | 2.5min
  step 12000 | loss 0.080305 | lr 0.000840 | 2.6min
  VAL 40.40%
  step 12500 | loss 0.085381 | lr 0.000827 | 2.7min
  step 13000 | loss 0.078378 | lr 0.000814 | 2.8min
  VAL 38.80%
  step 13500 | loss 0.096736 | lr 0.000800 | 2.9min
  step 14000 | loss 0.085981 | lr 0.000786 | 3.0min
  VAL 46.65%
  step 14500 | loss 0.071620 | lr 0.000771 | 3.1min
  step 15000 | loss 0.070548 | lr 0.000756 | 3.2min
  VAL 50.25%
  step 15500 | loss 0.058142 | lr 0.000741 | 3.3min
  step 16000 | loss 0.057320 | lr 0.000725 | 3.4min
  VAL 52.85%
  step 16500 | loss 0.054602 | lr 0.000709 | 3.5min
  step 17000 | loss 0.057221 | lr 0.000693 | 3.6min
  VAL 56.45%
  step 17500 | loss 0.057410 | lr 0.000677 | 3.7min
  step 18000 | loss 0.048097 | lr 0.000661 | 3.8min
  VAL 63.70%
  step 18500 | loss 0.048677 | lr 0.000644 | 3.9min
  step 19000 | loss 0.048261 | lr 0.000627 | 4.1min
  VAL 63.15%
  step 19500 | loss 0.051147 | lr 0.000610 | 4.2min
  step 20000 | loss 0.041814 | lr 0.000593 | 4.3min
  VAL 63.95%
  step 20500 | loss 0.041092 | lr 0.000575 | 4.4min
  step 21000 | loss 0.040434 | lr 0.000558 | 4.5min
  VAL 72.95%
  step 21500 | loss 0.042241 | lr 0.000540 | 4.6min
  step 22000 | loss 0.037932 | lr 0.000523 | 4.7min
  VAL 73.15%
  step 22500 | loss 0.037282 | lr 0.000505 | 4.8min
  step 23000 | loss 0.040735 | lr 0.000488 | 4.9min
  VAL 74.00%
  step 23500 | loss 0.036685 | lr 0.000470 | 5.0min
  step 24000 | loss 0.034347 | lr 0.000453 | 5.1min
  VAL 77.20%
  step 24500 | loss 0.033659 | lr 0.000435 | 5.3min
  step 25000 | loss 0.032029 | lr 0.000418 | 5.4min
  VAL 73.65%
  step 25500 | loss 0.039052 | lr 0.000401 | 5.5min
  step 26000 | loss 0.029912 | lr 0.000383 | 5.6min
  VAL 79.20%
  step 26500 | loss 0.030164 | lr 0.000366 | 5.7min
  step 27000 | loss 0.032035 | lr 0.000350 | 5.8min
  VAL 81.35%
  step 27500 | loss 0.034020 | lr 0.000333 | 5.9min
  step 28000 | loss 0.029079 | lr 0.000316 | 6.0min
  VAL 79.55%
  step 28500 | loss 0.026998 | lr 0.000300 | 6.1min
  step 29000 | loss 0.025014 | lr 0.000284 | 6.2min
  VAL 83.95%
  step 29500 | loss 0.026814 | lr 0.000268 | 6.3min
  step 30000 | loss 0.024884 | lr 0.000253 | 6.4min
  VAL 85.30%
  step 30500 | loss 0.024600 | lr 0.000238 | 6.6min
  step 31000 | loss 0.024269 | lr 0.000223 | 6.6min
  VAL 85.80%
  step 31500 | loss 0.023059 | lr 0.000209 | 6.8min
  step 32000 | loss 0.022387 | lr 0.000195 | 6.8min
  VAL 87.70%
  step 32500 | loss 0.020667 | lr 0.000181 | 7.0min
  step 33000 | loss 0.021843 | lr 0.000168 | 7.1min
  VAL 87.25%
  step 33500 | loss 0.020456 | lr 0.000155 | 7.2min
  step 34000 | loss 0.021565 | lr 0.000142 | 7.3min
  VAL 88.90%
  step 34500 | loss 0.018360 | lr 0.000130 | 7.4min
  step 35000 | loss 0.020082 | lr 0.000118 | 7.5min
  VAL 91.20%
  step 35500 | loss 0.019484 | lr 0.000107 | 7.6min
  step 36000 | loss 0.018346 | lr 0.000097 | 7.7min
  VAL 89.60%
  step 36500 | loss 0.016658 | lr 0.000087 | 7.8min
  step 37000 | loss 0.017763 | lr 0.000077 | 7.9min
  VAL 91.75%
  step 37500 | loss 0.016672 | lr 0.000068 | 8.1min
  step 38000 | loss 0.015740 | lr 0.000059 | 8.2min
  VAL 92.20%
  step 38500 | loss 0.015641 | lr 0.000051 | 8.3min
  step 39000 | loss 0.014707 | lr 0.000044 | 8.4min
  VAL 92.20%
  step 39500 | loss 0.015292 | lr 0.000037 | 8.5min
  step 40000 | loss 0.015403 | lr 0.000031 | 8.6min
  VAL 92.75%
  step 40500 | loss 0.015114 | lr 0.000025 | 8.7min
  step 41000 | loss 0.014662 | lr 0.000020 | 8.8min
  VAL 93.45%
  step 41500 | loss 0.014960 | lr 0.000015 | 8.9min
  step 42000 | loss 0.014086 | lr 0.000011 | 9.0min
  VAL 93.90%
  step 42500 | loss 0.014322 | lr 0.000008 | 9.1min
  step 43000 | loss 0.013978 | lr 0.000005 | 9.3min
  VAL 93.90%
  step 43500 | loss 0.015012 | lr 0.000003 | 9.4min
  step 44000 | loss 0.013810 | lr 0.000001 | 9.5min
  VAL 93.90%
  step 44500 | loss 0.014019 | lr 0.000000 | 9.6min
  step 45000 | loss 0.013772 | lr 0.000000 | 9.7min
  VAL 93.95%

Training complete in 9.7 minutes
Best test accuracy: 0.0000%
