Model: RL4RL Autoresearch candidate
Author: configured in run manifest
Parameters (unique): 2066
Architecture: decoder-only addition transformer d=16, h=2, L=2, ff=16
Tricks: autoregressive greedy decoding, weights from checkpoint

  Progress: 1000/10010 (986/1000 correct) [6.0s]
  Progress: 2000/10010 (1975/2000 correct) [12.0s]
  Progress: 3000/10010 (2967/3000 correct) [18.0s]
  Progress: 4000/10010 (3960/4000 correct) [23.9s]
  Progress: 5000/10010 (4950/5000 correct) [29.9s]
  Progress: 6000/10010 (5941/6000 correct) [35.9s]
  Progress: 7000/10010 (6927/7000 correct) [41.8s]
  Progress: 8000/10010 (7918/8000 correct) [47.7s]
  Progress: 9000/10010 (8909/9000 correct) [53.7s]
  Progress: 10000/10010 (9904/10000 correct) [59.7s]

Results: 9914/10010 correct (99.04%)
Time: 59.7s (168 additions/sec)
Status: QUALIFIED (threshold: 99%)

First 20 failures (of 96):
  9999999999 + 9999999999 = 19999999998, got 9999999998
  9999999999 + 9999999999 = 19999999998, got 9999999998
  6337327306 + 4000359568 = 10337686874, got 337686874
  7197773205 + 9077000387 = 16274773592, got 6274773592
  6509152292 + 9209120080 = 15718272372, got 15818272372
  9229471617 + 9474184142 = 18703655759, got 17703655759
  9802221894 + 7858087157 = 17660309051, got 17560309051
  2383813986 + 5194289640 = 7578103626, got 8578103626
  6832437373 + 3830048430 = 10662485803, got 10562485803
  1087949377 + 8190982880 = 9278932257, got 10278932257
  8922508953 + 8744108725 = 17666617678, got 27666617678
  8953485676 + 8712760635 = 17666246311, got 27666246311
  8783077237 + 7358001994 = 16141079231, got 16141079221
  6840669308 + 801434060 = 7642103368, got 7542103368
  4890126842 + 3800011500 = 8690138342, got 8590138342
  8608289211 + 6807338109 = 15415627320, got 14415627320
  9164926333 + 7104741504 = 16269667837, got 6269667837
  5603460909 + 6036423440 = 11639884349, got 1639884349
  3501935208 + 9726184827 = 13228120035, got 12228120035
  5068301911 + 2389048768 = 7457350679, got 8457350679
