Model: RL4RL Autoresearch candidate
Author: configured in run manifest
Parameters (unique): 2119
Architecture: decoder-only addition transformer d=16, h=2, L=2, ff=16
Tricks: autoregressive greedy decoding, weights from checkpoint

  Progress: 1000/10010 (834/1000 correct) [6.0s]
  Progress: 2000/10010 (1654/2000 correct) [11.9s]
  Progress: 3000/10010 (2481/3000 correct) [17.8s]
  Progress: 4000/10010 (3305/4000 correct) [23.7s]
  Progress: 5000/10010 (4138/5000 correct) [29.6s]
  Progress: 6000/10010 (4959/6000 correct) [35.4s]
  Progress: 7000/10010 (5786/7000 correct) [41.3s]
  Progress: 8000/10010 (6624/8000 correct) [47.2s]
  Progress: 9000/10010 (7472/9000 correct) [53.1s]
  Progress: 10000/10010 (8308/10000 correct) [59.0s]

Results: 8317/10010 correct (83.09%)
Time: 59.0s (170 additions/sec)
Status: NOT QUALIFIED (threshold: 99%)

First 20 failures (of 1693):
  9999999999 + 9999999999 = 19999999998, got 18999999998
  9999999999 + 9999999999 = 19999999998, got 18999999998
  6795557231 + 2923425751 = 9718982982, got 9728982982
  9623107788 + 6093740640 = 15716848428, got 15726848428
  6337327306 + 4000359568 = 10337686874, got 337686874
  4963550812 + 3701297277 = 8664848089, got 8664848189
  5082620509 + 3547561279 = 8630181788, got 8631181788
  6903547159 + 9417582553 = 16321129712, got 15321129712
  1088339998 + 3619023577 = 4707363575, got 4706363575
  7114501283 + 160349715 = 7274850998, got 7174850998
  1568735147 + 9937956367 = 11506691514, got 12506691514
  7380035983 + 2131518373 = 9511554356, got 10511554356
  5236484836 + 2314490323 = 7550975159, got 7550965159
  6728496408 + 8405949359 = 15134445767, got 14134445767
  9076636737 + 1454225634 = 10530862371, got 11530862371
  2540728468 + 2766259025 = 5306987493, got 5307087493
  8895095383 + 2422751790 = 11317847173, got 11327847173
  6657008116 + 9426961828 = 16083969944, got 15083969944
  4162085339 + 3488186070 = 7650271409, got 7651271409
  9208423606 + 3955956309 = 13164379915, got 13264379915
