Model: 5,408 parameters
Config: d=16, h=2, L=2, ff=40
Device: mps

Training for 30000 steps...
  step   500 | loss 1.539438 | lr 0.001000 | 0.1min
  step  1000 | loss 1.353308 | lr 0.000999 | 0.2min
  VAL 0.00%
  step  1500 | loss 1.290174 | lr 0.000996 | 0.3min
  step  2000 | loss 1.042834 | lr 0.000992 | 0.4min
  VAL 0.00%
  step  2500 | loss 0.902041 | lr 0.000987 | 0.5min
  step  3000 | loss 0.615492 | lr 0.000980 | 0.7min
  VAL 1.30%
  step  3500 | loss 0.562984 | lr 0.000972 | 0.8min
  step  4000 | loss 0.511234 | lr 0.000962 | 0.9min
  VAL 3.50%
  step  4500 | loss 0.456008 | lr 0.000951 | 1.0min
  step  5000 | loss 0.422312 | lr 0.000939 | 1.1min
  VAL 3.55%
  step  5500 | loss 0.410736 | lr 0.000926 | 1.2min
  step  6000 | loss 0.387803 | lr 0.000912 | 1.3min
  VAL 5.65%
  step  6500 | loss 0.380095 | lr 0.000896 | 1.4min
  step  7000 | loss 0.360266 | lr 0.000880 | 1.5min
  VAL 6.50%
  step  7500 | loss 0.345196 | lr 0.000862 | 1.6min
  step  8000 | loss 0.335603 | lr 0.000843 | 1.7min
  VAL 7.50%
  step  8500 | loss 0.327322 | lr 0.000823 | 1.8min
  step  9000 | loss 0.317473 | lr 0.000803 | 1.9min
  VAL 7.05%
  step  9500 | loss 0.302008 | lr 0.000781 | 2.0min
  step 10000 | loss 0.303078 | lr 0.000759 | 2.1min
  VAL 7.05%
  step 10500 | loss 0.290238 | lr 0.000736 | 2.2min
  step 11000 | loss 0.287227 | lr 0.000713 | 2.3min
  VAL 7.50%
  step 11500 | loss 0.281450 | lr 0.000688 | 2.4min
  step 12000 | loss 0.273845 | lr 0.000664 | 2.6min
  VAL 9.45%
  step 12500 | loss 0.271167 | lr 0.000638 | 2.7min
  step 13000 | loss 0.268005 | lr 0.000613 | 2.8min
  VAL 9.20%
  step 13500 | loss 0.262293 | lr 0.000587 | 2.9min
  step 14000 | loss 0.256810 | lr 0.000561 | 3.0min
  VAL 8.85%
  step 14500 | loss 0.258337 | lr 0.000534 | 3.1min
  step 15000 | loss 0.251737 | lr 0.000508 | 3.2min
  VAL 9.50%
  step 15500 | loss 0.249416 | lr 0.000481 | 3.3min
  step 16000 | loss 0.247580 | lr 0.000455 | 3.4min
  VAL 9.50%
  step 16500 | loss 0.244692 | lr 0.000429 | 3.5min
  step 17000 | loss 0.242506 | lr 0.000403 | 3.6min
  VAL 9.65%
  step 17500 | loss 0.240130 | lr 0.000377 | 3.7min
  step 18000 | loss 0.239186 | lr 0.000352 | 3.8min
  VAL 9.15%
  step 18500 | loss 0.235936 | lr 0.000327 | 3.9min
  step 19000 | loss 0.234102 | lr 0.000302 | 4.0min
  VAL 9.85%
  step 19500 | loss 0.233138 | lr 0.000278 | 4.2min
  step 20000 | loss 0.230915 | lr 0.000255 | 4.3min
  VAL 9.90%
  step 20500 | loss 0.229473 | lr 0.000232 | 4.4min
  step 21000 | loss 0.228681 | lr 0.000210 | 4.5min
  VAL 10.00%
  step 21500 | loss 0.228537 | lr 0.000189 | 4.6min
  step 22000 | loss 0.226906 | lr 0.000169 | 4.8min
  VAL 9.55%
  step 22500 | loss 0.225348 | lr 0.000149 | 5.0min
  step 23000 | loss 0.225334 | lr 0.000131 | 5.1min
  VAL 9.20%
  step 23500 | loss 0.222850 | lr 0.000114 | 5.3min
  step 24000 | loss 0.223449 | lr 0.000097 | 5.3min
  VAL 9.40%
  step 24500 | loss 0.221962 | lr 0.000082 | 5.5min
  step 25000 | loss 0.221396 | lr 0.000068 | 5.6min
  VAL 9.80%
  step 25500 | loss 0.221064 | lr 0.000056 | 5.8min
  step 26000 | loss 0.220480 | lr 0.000044 | 5.9min
  VAL 9.65%
  step 26500 | loss 0.219318 | lr 0.000034 | 6.1min
  step 27000 | loss 0.218704 | lr 0.000025 | 6.2min
  VAL 10.00%
  step 27500 | loss 0.219085 | lr 0.000017 | 6.3min
  step 28000 | loss 0.219602 | lr 0.000011 | 6.4min
  VAL 9.80%
  step 28500 | loss 0.218376 | lr 0.000006 | 6.6min
  step 29000 | loss 0.218322 | lr 0.000003 | 6.7min
  VAL 10.20%
  step 29500 | loss 0.218257 | lr 0.000001 | 6.9min
  step 30000 | loss 0.218332 | lr 0.000000 | 7.0min
  VAL 10.45%

Training complete in 7.0 minutes
Best test accuracy: 0.0000%
