Model: RL4RL Autoresearch candidate
Author: configured in run manifest
Parameters (unique): 1914
Architecture: decoder-only addition transformer d=16, h=2, L=2, ff=10, block1_ff=8, fixed_separators=True, tied_position_pairs=[[4, 15], [7, 18], [5, 16], [3, 14], [2, 13], [8, 19], [6, 17], [1, 12], [0, 11], [9, 20]], interpolated_positions=[23, 24, 25, 26, 27], qkv_pruned=134
Tricks: autoregressive greedy decoding, weights from checkpoint

  Progress: 1000/10010 (995/1000 correct) [4.4s]
  Progress: 2000/10010 (1991/2000 correct) [8.9s]
  Progress: 3000/10010 (2982/3000 correct) [13.5s]
  Progress: 4000/10010 (3979/4000 correct) [18.0s]
  Progress: 5000/10010 (4976/5000 correct) [22.5s]
  Progress: 6000/10010 (5973/6000 correct) [27.1s]
  Progress: 7000/10010 (6970/7000 correct) [31.5s]
  Progress: 8000/10010 (7966/8000 correct) [36.0s]
  Progress: 9000/10010 (8962/9000 correct) [40.3s]
  Progress: 10000/10010 (9959/10000 correct) [44.8s]

Results: 9969/10010 correct (99.59%)
Time: 44.9s (223 additions/sec)
Status: QUALIFIED (threshold: 99%)

First 20 failures (of 41):
  6780533471 + 5090190326 = 11870723797, got 10870723797
  4504804686 + 9639218618 = 14144023304, got 14044023304
  5893580437 + 6075034739 = 11968615176, got 10968615176
  5082841972 + 6389390906 = 11472232878, got 10472232878
  6954429517 + 5028842875 = 11983272392, got 10983272392
  4624637094 + 517131976 = 5141769070, got 5041769070
  5087218211 + 6245822944 = 11333041155, got 10333041155
  6047119139 + 5060676488 = 11107795627, got 10107795627
  5199705329 + 6225705022 = 11425410351, got 10425410351
  6268963137 + 5180516162 = 11449479299, got 10449479299
  5073074988 + 6351264488 = 11424339476, got 10424339476
  6660112625 + 5142876686 = 11802989311, got 10802989311
  136492954 + 7505590836 = 7642083790, got 7542083790
  1515540916 + 125165363 = 1640706279, got 1540706279
  6015097363 + 5934013354 = 11949110717, got 10949110717
  6081827802 + 5355690034 = 11437517836, got 10437517836
  6518372034 + 5016292194 = 11534664228, got 10534664228
  6510776361 + 5032659657 = 11543436018, got 10543436018
  6220808416 + 5189773965 = 11410582381, got 10410582381
  6034185843 + 5879550316 = 11913736159, got 10913736159
