Model: 2,690 parameters
Config: d=14, h=2, L=2, ff=19
Device: mps

Training for 75000 steps...
  step   500 | loss 1.799702 | lr 0.001000 | 0.1min
  step  1000 | loss 1.438938 | lr 0.000999 | 0.3min
  VAL 0.00%
  step  1500 | loss 1.412031 | lr 0.000998 | 0.4min
  step  2000 | loss 1.369428 | lr 0.000997 | 0.5min
  VAL 0.00%
  step  2500 | loss 1.368546 | lr 0.000995 | 0.6min
  step  3000 | loss 1.346105 | lr 0.000992 | 0.8min
  VAL 0.00%
  step  3500 | loss 1.304232 | lr 0.000989 | 0.9min
  step  4000 | loss 1.304002 | lr 0.000985 | 1.0min
  VAL 0.00%
  step  4500 | loss 1.214894 | lr 0.000981 | 1.2min
  step  5000 | loss 1.177847 | lr 0.000976 | 1.3min
  VAL 0.00%
  step  5500 | loss 1.217523 | lr 0.000970 | 1.4min
  step  6000 | loss 1.094199 | lr 0.000964 | 1.5min
  VAL 0.00%
  step  6500 | loss 0.643510 | lr 0.000958 | 1.6min
  step  7000 | loss 0.424374 | lr 0.000951 | 1.8min
  VAL 4.95%
  step  7500 | loss 0.317937 | lr 0.000944 | 1.9min
  step  8000 | loss 0.292466 | lr 0.000936 | 2.0min
  VAL 22.55%
  step  8500 | loss 0.239903 | lr 0.000927 | 2.1min
  step  9000 | loss 0.211219 | lr 0.000918 | 2.3min
  VAL 48.20%
  step  9500 | loss 0.192547 | lr 0.000909 | 2.4min
  step 10000 | loss 0.184127 | lr 0.000899 | 2.5min
  VAL 59.15%
  step 10500 | loss 0.169194 | lr 0.000889 | 2.6min
  step 11000 | loss 0.160222 | lr 0.000879 | 2.8min
  VAL 68.90%
  step 11500 | loss 0.157999 | lr 0.000868 | 2.9min
  step 12000 | loss 0.143517 | lr 0.000856 | 3.0min
  VAL 72.75%
  step 12500 | loss 0.127050 | lr 0.000844 | 3.1min
  step 13000 | loss 0.136191 | lr 0.000832 | 3.2min
  VAL 62.85%
  step 13500 | loss 0.126558 | lr 0.000820 | 3.3min
  step 14000 | loss 0.130731 | lr 0.000807 | 3.5min
  VAL 65.20%
  step 14500 | loss 0.137326 | lr 0.000794 | 3.6min
  step 15000 | loss 0.130556 | lr 0.000780 | 3.7min
  VAL 65.95%
  step 15500 | loss 0.119546 | lr 0.000767 | 3.8min
  step 16000 | loss 0.121183 | lr 0.000753 | 3.9min
  VAL 75.90%
  step 16500 | loss 0.120378 | lr 0.000739 | 4.0min
  step 17000 | loss 0.116373 | lr 0.000724 | 4.2min
  VAL 76.80%
  step 17500 | loss 0.114515 | lr 0.000709 | 4.3min
  step 18000 | loss 0.112531 | lr 0.000694 | 4.4min
  VAL 78.35%
  step 18500 | loss 0.109348 | lr 0.000679 | 4.5min
  step 19000 | loss 0.122816 | lr 0.000664 | 4.7min
  VAL 55.20%
  step 19500 | loss 0.101251 | lr 0.000649 | 4.8min
  step 20000 | loss 0.108581 | lr 0.000633 | 4.9min
  VAL 76.25%
  step 20500 | loss 0.096023 | lr 0.000618 | 5.0min
  step 21000 | loss 0.096367 | lr 0.000602 | 5.1min
  VAL 83.90%
  step 21500 | loss 0.099895 | lr 0.000586 | 5.3min
  step 22000 | loss 0.102436 | lr 0.000571 | 5.4min
  VAL 87.85%
  step 22500 | loss 0.095394 | lr 0.000555 | 5.5min
  step 23000 | loss 0.101696 | lr 0.000539 | 5.6min
  VAL 81.65%
  step 23500 | loss 0.098293 | lr 0.000523 | 5.7min
  step 24000 | loss 0.098130 | lr 0.000507 | 5.9min
  VAL 92.25%
  step 24500 | loss 0.089406 | lr 0.000492 | 6.0min
  step 25000 | loss 0.088434 | lr 0.000476 | 6.1min
  VAL 92.25%
  step 25500 | loss 0.086167 | lr 0.000460 | 6.2min
  step 26000 | loss 0.081291 | lr 0.000445 | 6.3min
  VAL 92.70%
  step 26500 | loss 0.087337 | lr 0.000430 | 6.5min
  step 27000 | loss 0.086613 | lr 0.000415 | 6.6min
  VAL 91.85%
  step 27500 | loss 0.092799 | lr 0.000400 | 6.7min
  step 28000 | loss 0.086253 | lr 0.000385 | 6.8min
  VAL 92.35%
  step 28500 | loss 0.082282 | lr 0.000370 | 7.0min
  step 29000 | loss 0.086526 | lr 0.000356 | 7.1min
  VAL 94.15%
  step 29500 | loss 0.082843 | lr 0.000342 | 7.2min
  step 30000 | loss 0.086774 | lr 0.000328 | 7.3min
  VAL 90.10%
  step 30500 | loss 0.080877 | lr 0.000314 | 7.4min
  step 31000 | loss 0.077534 | lr 0.000301 | 7.5min
  VAL 94.60%
  step 31500 | loss 0.078903 | lr 0.000288 | 7.7min
  step 32000 | loss 0.079804 | lr 0.000275 | 7.8min
  VAL 94.25%
  step 32500 | loss 0.078137 | lr 0.000263 | 7.9min
  step 33000 | loss 0.076947 | lr 0.000251 | 8.0min
  VAL 94.70%
  step 33500 | loss 0.075784 | lr 0.000239 | 8.1min
  step 34000 | loss 0.072087 | lr 0.000228 | 8.2min
  VAL 95.15%
  step 34500 | loss 0.069964 | lr 0.000217 | 8.4min
  step 35000 | loss 0.069803 | lr 0.000207 | 8.5min
  VAL 96.00%
  step 35500 | loss 0.071001 | lr 0.000197 | 8.6min
  step 36000 | loss 0.068970 | lr 0.000187 | 8.7min
  VAL 95.70%
  step 36500 | loss 0.068102 | lr 0.000178 | 8.9min
  step 37000 | loss 0.067333 | lr 0.000169 | 9.0min
  VAL 95.30%
  step 37500 | loss 0.064539 | lr 0.000161 | 9.1min
  step 38000 | loss 0.066110 | lr 0.000153 | 9.2min
  VAL 96.45%
  step 38500 | loss 0.066647 | lr 0.000146 | 9.3min
  step 39000 | loss 0.062475 | lr 0.000139 | 9.4min
  VAL 96.80%
  step 39500 | loss 0.064533 | lr 0.000133 | 9.6min
  step 40000 | loss 0.061627 | lr 0.000128 | 9.7min
  VAL 97.95%
  step 40500 | loss 0.060959 | lr 0.000122 | 9.8min
  step 41000 | loss 0.059692 | lr 0.000118 | 9.9min
  VAL 97.45%
  step 41500 | loss 0.059513 | lr 0.000114 | 10.1min
  step 42000 | loss 0.057753 | lr 0.000110 | 10.2min
  VAL 98.30%
  step 42500 | loss 0.057290 | lr 0.000107 | 10.3min
  step 43000 | loss 0.056606 | lr 0.000104 | 10.4min
  VAL 98.25%
  step 43500 | loss 0.055656 | lr 0.000102 | 10.5min
  step 44000 | loss 0.056838 | lr 0.000101 | 10.7min
  VAL 98.40%
  step 44500 | loss 0.055209 | lr 0.000100 | 10.8min
  step 45000 | loss 0.053547 | lr 0.000100 | 10.9min
  VAL 98.80%
  step 45500 | loss 0.054433 | lr 0.000100 | 11.0min
  step 46000 | loss 0.053863 | lr 0.000100 | 11.1min
  VAL 98.70%
  step 46500 | loss 0.052772 | lr 0.000100 | 11.3min
  step 47000 | loss 0.053494 | lr 0.000100 | 11.4min
  VAL 98.60%
  step 47500 | loss 0.053221 | lr 0.000100 | 11.5min
  step 48000 | loss 0.051590 | lr 0.000100 | 11.6min
  VAL 98.70%
  step 48500 | loss 0.051399 | lr 0.000100 | 11.7min
  step 49000 | loss 0.050458 | lr 0.000100 | 11.9min
  VAL 99.05%
  TEST 99.1200%
  *** New best: 99.1200% ***
  step 49500 | loss 0.051780 | lr 0.000100 | 12.0min
  step 50000 | loss 0.051277 | lr 0.000100 | 12.1min
  VAL 98.95%
  step 50500 | loss 0.049712 | lr 0.000100 | 12.2min
  step 51000 | loss 0.051176 | lr 0.000100 | 12.4min
  VAL 99.05%
  TEST 99.0200%
  step 51500 | loss 0.052531 | lr 0.000100 | 12.6min
  step 52000 | loss 0.050429 | lr 0.000100 | 12.7min
  VAL 99.65%
  TEST 99.3200%
  *** New best: 99.3200% ***
  step 52500 | loss 0.049628 | lr 0.000100 | 12.9min
  step 53000 | loss 0.049295 | lr 0.000100 | 13.0min
  VAL 99.60%
  TEST 99.2600%
  step 53500 | loss 0.048614 | lr 0.000100 | 13.1min
  step 54000 | loss 0.048807 | lr 0.000100 | 13.3min
  VAL 99.60%
  TEST 99.3300%
  *** New best: 99.3300% ***
  step 54500 | loss 0.048924 | lr 0.000100 | 13.4min
  step 55000 | loss 0.048389 | lr 0.000100 | 13.6min
  VAL 99.65%
  TEST 99.3100%
  step 55500 | loss 0.049735 | lr 0.000100 | 13.7min
  step 56000 | loss 0.049193 | lr 0.000100 | 13.9min
  VAL 99.65%
  TEST 99.3600%
  *** New best: 99.3600% ***
  step 56500 | loss 0.049297 | lr 0.000100 | 14.1min
  step 57000 | loss 0.049434 | lr 0.000100 | 14.2min
  VAL 99.90%
  TEST 99.6600%
  *** New best: 99.6600% ***
  step 57500 | loss 0.049198 | lr 0.000100 | 14.4min
  step 58000 | loss 0.048314 | lr 0.000100 | 14.5min
  VAL 99.95%
  TEST 99.7400%
  *** New best: 99.7400% ***
  step 58500 | loss 0.049070 | lr 0.000100 | 14.6min
  step 59000 | loss 0.047889 | lr 0.000100 | 14.8min
  VAL 99.75%
  TEST 99.5700%
  step 59500 | loss 0.048774 | lr 0.000100 | 14.9min
  step 60000 | loss 0.047576 | lr 0.000100 | 15.0min
  VAL 99.85%
  TEST 99.7100%
  step 60500 | loss 0.049926 | lr 0.000100 | 15.2min
  step 61000 | loss 0.050027 | lr 0.000100 | 15.3min
  VAL 99.95%
  TEST 99.8100%
  *** New best: 99.8100% ***
  step 61500 | loss 0.049671 | lr 0.000100 | 15.5min
  step 62000 | loss 0.047725 | lr 0.000100 | 15.6min
  VAL 99.85%
  TEST 99.7300%
  step 62500 | loss 0.048123 | lr 0.000100 | 15.8min
  step 63000 | loss 0.048576 | lr 0.000100 | 15.9min
  VAL 99.95%
  TEST 99.8000%
  step 63500 | loss 0.048735 | lr 0.000100 | 16.1min
  step 64000 | loss 0.048808 | lr 0.000100 | 16.2min
  VAL 99.80%
  TEST 99.7400%
  step 64500 | loss 0.049321 | lr 0.000100 | 16.3min
  step 65000 | loss 0.048830 | lr 0.000100 | 16.4min
  VAL 99.95%
  TEST 99.8100%
  step 65500 | loss 0.050025 | lr 0.000100 | 16.6min
  step 66000 | loss 0.049095 | lr 0.000100 | 16.7min
  VAL 99.85%
  TEST 99.7700%
  step 66500 | loss 0.048051 | lr 0.000100 | 16.9min
  step 67000 | loss 0.048978 | lr 0.000100 | 17.0min
  VAL 100.00%
  TEST 99.9000%
  *** New best: 99.9000% ***
  step 67500 | loss 0.048995 | lr 0.000100 | 17.2min
  step 68000 | loss 0.049011 | lr 0.000100 | 17.3min
  VAL 99.95%
  TEST 99.8600%
  step 68500 | loss 0.049087 | lr 0.000100 | 17.5min
  step 69000 | loss 0.049731 | lr 0.000100 | 17.6min
  VAL 99.70%
  TEST 99.7100%
  step 69500 | loss 0.048621 | lr 0.000100 | 17.8min
  step 70000 | loss 0.051331 | lr 0.000100 | 17.9min
  VAL 99.95%
  TEST 99.8600%
  step 70500 | loss 0.048805 | lr 0.000100 | 18.1min
  step 71000 | loss 0.048226 | lr 0.000100 | 18.2min
  VAL 100.00%
  TEST 99.9300%
  *** New best: 99.9300% ***
  step 71500 | loss 0.049167 | lr 0.000100 | 18.4min
  step 72000 | loss 0.050533 | lr 0.000100 | 18.5min
  VAL 99.90%
  TEST 99.8500%
  step 72500 | loss 0.049015 | lr 0.000100 | 18.7min
  step 73000 | loss 0.048535 | lr 0.000100 | 18.8min
  VAL 99.75%
  TEST 99.8400%
  step 73500 | loss 0.048523 | lr 0.000100 | 18.9min
  step 74000 | loss 0.049687 | lr 0.000100 | 19.0min
  VAL 100.00%
  TEST 99.8400%
  step 74500 | loss 0.051766 | lr 0.000100 | 19.2min
  step 75000 | loss 0.049475 | lr 0.000100 | 19.3min
  VAL 99.95%
  TEST 99.8500%

Training complete in 19.4 minutes
Best test accuracy: 99.9300%
