Model: RL4RL Autoresearch candidate
Author: configured in run manifest
Parameters (unique): 2690
Architecture: decoder-only addition transformer d=14, h=2, L=2, ff=19, position_rank=3, tie_norms_across_layers=True, tie_attn_output_across_layers=True, no_norm_bias=True, factorized_positions=True, token_rank=4
Tricks: autoregressive greedy decoding, weights from checkpoint

  Progress: 1000/10010 (1000/1000 correct) [7.0s]
  Progress: 2000/10010 (2000/2000 correct) [14.0s]
  Progress: 3000/10010 (3000/3000 correct) [21.1s]
  Progress: 4000/10010 (3999/4000 correct) [28.0s]
  Progress: 5000/10010 (4996/5000 correct) [35.1s]
  Progress: 6000/10010 (5995/6000 correct) [42.0s]
  Progress: 7000/10010 (6995/7000 correct) [49.0s]
  Progress: 8000/10010 (7995/8000 correct) [56.0s]
  Progress: 9000/10010 (8995/9000 correct) [63.0s]
  Progress: 10000/10010 (9994/10000 correct) [69.9s]

Results: 10004/10010 correct (99.94%)
Time: 70.0s (143 additions/sec)
Status: QUALIFIED (threshold: 99%)

Failures (6):
  4589173643 + 4928485485 = 9517659128, got 8517659128
  4009098906 + 6370705874 = 10379804780, got 11379804780
  6561393075 + 4028298134 = 10589691209, got 11589691209
  4924559449 + 4963428126 = 9887987575, got 8887987575
  4943693130 + 4909173204 = 9852866334, got 8852866334
  6072614630 + 4607142879 = 10679757509, got 11679757509
