Model: 3,374 parameters
Config: d=14, h=2, L=2, ff=20
Device: mps

Training for 30000 steps...
  step   500 | loss 1.527946 | lr 0.001000 | 0.1min
  step  1000 | loss 1.389732 | lr 0.000999 | 0.3min
  VAL 0.00%
  step  1500 | loss 1.399983 | lr 0.000996 | 0.4min
  step  2000 | loss 1.366735 | lr 0.000992 | 0.6min
  VAL 0.00%
  step  2500 | loss 1.395604 | lr 0.000987 | 0.7min
  step  3000 | loss 1.341935 | lr 0.000980 | 0.9min
  VAL 0.00%
  step  3500 | loss 1.349533 | lr 0.000972 | 1.0min
  step  4000 | loss 1.391885 | lr 0.000962 | 1.2min
  VAL 0.00%
  step  4500 | loss 1.348617 | lr 0.000951 | 1.3min
  step  5000 | loss 1.388456 | lr 0.000939 | 1.4min
  VAL 0.00%
  step  5500 | loss 1.357209 | lr 0.000926 | 1.6min
  step  6000 | loss 1.375908 | lr 0.000912 | 1.7min
  VAL 0.00%
  step  6500 | loss 1.341867 | lr 0.000896 | 1.9min
  step  7000 | loss 1.314196 | lr 0.000880 | 2.0min
  VAL 0.00%
  step  7500 | loss 1.300749 | lr 0.000862 | 2.1min
  step  8000 | loss 1.322971 | lr 0.000843 | 2.3min
  VAL 0.00%
  step  8500 | loss 1.325097 | lr 0.000823 | 2.4min
  step  9000 | loss 1.310442 | lr 0.000803 | 2.5min
  VAL 0.00%
  step  9500 | loss 1.320596 | lr 0.000781 | 2.7min
  step 10000 | loss 1.273388 | lr 0.000759 | 2.8min
  VAL 0.00%
  step 10500 | loss 1.327474 | lr 0.000736 | 3.0min
  step 11000 | loss 1.307762 | lr 0.000713 | 3.1min
  VAL 0.00%
  step 11500 | loss 1.277046 | lr 0.000688 | 3.2min
  step 12000 | loss 1.288847 | lr 0.000664 | 3.4min
  VAL 0.00%
  step 12500 | loss 1.277827 | lr 0.000638 | 3.5min
  step 13000 | loss 1.307097 | lr 0.000613 | 3.6min
  VAL 0.00%
  step 13500 | loss 1.304157 | lr 0.000587 | 3.8min
  step 14000 | loss 1.283069 | lr 0.000561 | 3.9min
  VAL 0.00%
  step 14500 | loss 1.299211 | lr 0.000534 | 4.0min
  step 15000 | loss 1.297865 | lr 0.000508 | 4.1min
  VAL 0.00%
  step 15500 | loss 1.254377 | lr 0.000481 | 4.3min
  step 16000 | loss 1.312497 | lr 0.000455 | 4.4min
  VAL 0.00%
  step 16500 | loss 1.281640 | lr 0.000429 | 4.5min
  step 17000 | loss 1.303850 | lr 0.000403 | 4.7min
  VAL 0.00%
  step 17500 | loss 1.277717 | lr 0.000377 | 4.8min
  step 18000 | loss 1.272253 | lr 0.000352 | 5.0min
  VAL 0.00%
  step 18500 | loss 1.298951 | lr 0.000327 | 5.1min
  step 19000 | loss 1.262016 | lr 0.000302 | 5.3min
  VAL 0.00%
  step 19500 | loss 1.228616 | lr 0.000278 | 5.4min
  step 20000 | loss 1.298459 | lr 0.000255 | 5.5min
  VAL 0.00%
  step 20500 | loss 1.293620 | lr 0.000232 | 5.7min
  step 21000 | loss 1.287929 | lr 0.000210 | 5.8min
  VAL 0.00%
  step 21500 | loss 1.265751 | lr 0.000189 | 5.9min
  step 22000 | loss 1.271221 | lr 0.000169 | 6.0min
  VAL 0.00%
  step 22500 | loss 1.277220 | lr 0.000149 | 6.2min
  step 23000 | loss 1.247407 | lr 0.000131 | 6.3min
  VAL 0.00%
  step 23500 | loss 1.265825 | lr 0.000114 | 6.4min
  step 24000 | loss 1.248079 | lr 0.000097 | 6.5min
  VAL 0.00%
  step 24500 | loss 1.252137 | lr 0.000082 | 6.7min
  step 25000 | loss 1.269342 | lr 0.000068 | 6.8min
  VAL 0.00%
  step 25500 | loss 1.268600 | lr 0.000056 | 6.9min
  step 26000 | loss 1.252910 | lr 0.000044 | 7.0min
  VAL 0.00%
  step 26500 | loss 1.276004 | lr 0.000034 | 7.2min
  step 27000 | loss 1.240569 | lr 0.000025 | 7.3min
  VAL 0.00%
  step 27500 | loss 1.219983 | lr 0.000017 | 7.4min
  step 28000 | loss 1.268817 | lr 0.000011 | 7.5min
  VAL 0.00%
  step 28500 | loss 1.251129 | lr 0.000006 | 7.7min
  step 29000 | loss 1.245088 | lr 0.000003 | 7.8min
  VAL 0.00%
  step 29500 | loss 1.268593 | lr 0.000001 | 7.9min
  step 30000 | loss 1.224909 | lr 0.000000 | 8.0min
  VAL 0.00%

Training complete in 8.1 minutes
Best test accuracy: 0.0000%
