Initialized from retained incumbent: /Users/utshaho/Documents/GitHub/rl4rl/data/raw/autoresearch/sol-xhigh-overnight-20260814/state/incumbent.pt
Model: 3,632 parameters
Config: d=16, h=2, L=2, ff=10
Device: mps

INITIAL VAL 99.20%
INITIAL TEST 99.3700%

Fine-tuning for up to 10000 steps...
  step   500 | loss 0.000245 | lr 0.000100 | 0.2min
  VAL 99.40%
  TEST 99.4200%
  *** New best: 99.4200% ***
  step  1000 | loss 0.000189 | lr 0.000099 | 0.4min
  VAL 99.05%
  TEST 99.2500%
  step  1500 | loss 0.001554 | lr 0.000096 | 0.5min
  VAL 99.25%
  TEST 99.3200%
  step  2000 | loss 0.000116 | lr 0.000093 | 0.7min
  VAL 99.70%
  TEST 99.7900%
  *** New best: 99.7900% ***
  step  2500 | loss 0.000107 | lr 0.000088 | 0.9min
  VAL 100.00%
  TEST 100.0000%
  *** New best: 100.0000% ***
Fine-tuned candidate reached the early-stop target.
