Initialized from retained incumbent: /Users/utshaho/Documents/GitHub/rl4rl/data/raw/autoresearch/sol-xhigh-overnight-20260814/state/incumbent.pt
Model: 2,028 parameters
Config: d=16, h=2, L=2, ff=10
Device: mps

INITIAL VAL 99.20%
INITIAL TEST 99.3100%

Fine-tuning for up to 10000 steps...
  step   500 | loss 0.084490 | lr 0.000100 | 0.2min
  VAL 99.75%
  TEST 99.4400%
  *** New best: 99.4400% ***
  step  1000 | loss 0.084109 | lr 0.000099 | 0.3min
  VAL 99.65%
  TEST 99.2300%
  step  1500 | loss 0.081775 | lr 0.000096 | 0.5min
  VAL 99.35%
  TEST 99.2000%
  step  2000 | loss 0.083094 | lr 0.000093 | 0.6min
  VAL 99.55%
  TEST 99.3300%
  step  2500 | loss 0.083643 | lr 0.000088 | 0.8min
  VAL 99.40%
  TEST 99.3800%
  step  3000 | loss 0.081342 | lr 0.000082 | 0.9min
  VAL 99.55%
  TEST 99.3100%
  step  3500 | loss 0.081249 | lr 0.000075 | 1.0min
  VAL 99.70%
  TEST 99.4700%
  *** New best: 99.4700% ***
  step  4000 | loss 0.081960 | lr 0.000068 | 1.2min
  VAL 99.70%
  TEST 99.5500%
  *** New best: 99.5500% ***
Fine-tuned candidate reached the early-stop target.
