Initialized from retained incumbent: /Users/utshaho/Documents/GitHub/rl4rl/data/raw/autoresearch/sol-xhigh-overnight-20260814/state/incumbent.pt
Model: 2,192 parameters
Config: d=16, h=2, L=2, ff=10
Device: mps

INITIAL VAL 0.00%

Fine-tuning for up to 10000 steps...
  step   500 | loss 1.069248 | lr 0.000100 | 0.1min
  VAL 0.00%
  step  1000 | loss 0.769116 | lr 0.000099 | 0.2min
  VAL 0.00%
  step  1500 | loss 0.733812 | lr 0.000096 | 0.3min
  VAL 0.05%
  step  2000 | loss 0.676719 | lr 0.000093 | 0.4min
  VAL 0.05%
  step  2500 | loss 0.617354 | lr 0.000088 | 0.5min
  VAL 0.00%
  step  3000 | loss 0.583823 | lr 0.000082 | 0.6min
  VAL 0.00%
  step  3500 | loss 0.566453 | lr 0.000075 | 0.7min
  VAL 0.10%
  step  4000 | loss 0.553530 | lr 0.000068 | 0.8min
  VAL 0.40%
  step  4500 | loss 0.539431 | lr 0.000060 | 0.9min
  VAL 0.00%
  step  5000 | loss 0.515945 | lr 0.000052 | 1.1min
  VAL 0.15%
  step  5500 | loss 0.514732 | lr 0.000044 | 1.1min
  VAL 0.05%
  step  6000 | loss 0.507695 | lr 0.000036 | 1.3min
  VAL 0.15%
  step  6500 | loss 0.502252 | lr 0.000029 | 1.3min
  VAL 0.10%
  step  7000 | loss 0.487362 | lr 0.000022 | 1.5min
  VAL 0.15%
  step  7500 | loss 0.492153 | lr 0.000016 | 1.5min
  VAL 0.05%
  step  8000 | loss 0.511416 | lr 0.000010 | 1.7min
  VAL 0.20%
  step  8500 | loss 0.505991 | lr 0.000006 | 1.7min
  VAL 0.10%
  step  9000 | loss 0.493757 | lr 0.000003 | 1.9min
  VAL 0.15%
  step  9500 | loss 0.507300 | lr 0.000001 | 1.9min
  VAL 0.10%
  step 10000 | loss 0.499733 | lr 0.000000 | 2.1min
  VAL 0.10%

Training complete in 2.1 minutes
Best test accuracy: 0.0000%
