Model: 2,912 parameters
Config: d=16, h=2, L=2, ff=8
Device: mps

Training for 45000 steps...
  step   500 | loss 1.575255 | lr 0.001000 | 0.1min
  step  1000 | loss 1.482193 | lr 0.000999 | 0.3min
  VAL 0.00%
  step  1500 | loss 1.317392 | lr 0.000998 | 0.4min
  step  2000 | loss 0.843245 | lr 0.000996 | 0.5min
  VAL 0.00%
  step  2500 | loss 0.500169 | lr 0.000994 | 0.6min
  step  3000 | loss 0.357281 | lr 0.000991 | 0.7min
  VAL 2.15%
  step  3500 | loss 0.262030 | lr 0.000987 | 0.8min
  step  4000 | loss 0.209345 | lr 0.000983 | 1.0min
  VAL 11.15%
  step  4500 | loss 0.161606 | lr 0.000978 | 1.1min
  step  5000 | loss 0.129805 | lr 0.000973 | 1.2min
  VAL 41.85%
  step  5500 | loss 0.105819 | lr 0.000967 | 1.3min
  step  6000 | loss 0.089356 | lr 0.000960 | 1.4min
  VAL 67.70%
  step  6500 | loss 0.075442 | lr 0.000953 | 1.5min
  step  7000 | loss 0.062665 | lr 0.000946 | 1.7min
  VAL 70.70%
  step  7500 | loss 0.062024 | lr 0.000937 | 1.8min
  step  8000 | loss 0.054847 | lr 0.000929 | 1.9min
  VAL 79.05%
  step  8500 | loss 0.048717 | lr 0.000919 | 2.0min
  step  9000 | loss 0.052971 | lr 0.000909 | 2.1min
  VAL 71.95%
  step  9500 | loss 0.040065 | lr 0.000899 | 2.2min
  step 10000 | loss 0.035794 | lr 0.000888 | 2.3min
  VAL 85.60%
  step 10500 | loss 0.035427 | lr 0.000877 | 2.4min
  step 11000 | loss 0.033282 | lr 0.000865 | 2.6min
  VAL 85.45%
  step 11500 | loss 0.031669 | lr 0.000853 | 2.7min
  step 12000 | loss 0.030545 | lr 0.000840 | 2.8min
  VAL 83.90%
  step 12500 | loss 0.030692 | lr 0.000827 | 2.9min
  step 13000 | loss 0.028112 | lr 0.000814 | 3.0min
  VAL 83.00%
  step 13500 | loss 0.026996 | lr 0.000800 | 3.1min
  step 14000 | loss 0.024911 | lr 0.000786 | 3.2min
  VAL 87.10%
  step 14500 | loss 0.023222 | lr 0.000771 | 3.4min
  step 15000 | loss 0.029287 | lr 0.000756 | 3.5min
  VAL 89.50%
  step 15500 | loss 0.024605 | lr 0.000741 | 3.6min
  step 16000 | loss 0.024242 | lr 0.000725 | 3.7min
  VAL 92.90%
  step 16500 | loss 0.022152 | lr 0.000709 | 3.8min
  step 17000 | loss 0.022379 | lr 0.000693 | 3.9min
  VAL 90.75%
  step 17500 | loss 0.022155 | lr 0.000677 | 4.0min
  step 18000 | loss 0.021037 | lr 0.000661 | 4.2min
  VAL 89.70%
  step 18500 | loss 0.020290 | lr 0.000644 | 4.3min
  step 19000 | loss 0.019757 | lr 0.000627 | 4.4min
  VAL 89.00%
  step 19500 | loss 0.018946 | lr 0.000610 | 4.5min
  step 20000 | loss 0.019051 | lr 0.000593 | 4.6min
  VAL 93.30%
  step 20500 | loss 0.018758 | lr 0.000575 | 4.8min
  step 21000 | loss 0.018171 | lr 0.000558 | 4.9min
  VAL 86.70%
  step 21500 | loss 0.015939 | lr 0.000540 | 5.0min
  step 22000 | loss 0.018915 | lr 0.000523 | 5.1min
  VAL 93.70%
  step 22500 | loss 0.017906 | lr 0.000505 | 5.2min
  step 23000 | loss 0.017515 | lr 0.000488 | 5.3min
  VAL 89.00%
  step 23500 | loss 0.014857 | lr 0.000470 | 5.5min
  step 24000 | loss 0.015184 | lr 0.000453 | 5.6min
  VAL 83.45%
  step 24500 | loss 0.015891 | lr 0.000435 | 5.7min
  step 25000 | loss 0.014355 | lr 0.000418 | 5.8min
  VAL 92.25%
  step 25500 | loss 0.013365 | lr 0.000401 | 5.9min
  step 26000 | loss 0.015259 | lr 0.000383 | 6.0min
  VAL 93.65%
  step 26500 | loss 0.013577 | lr 0.000366 | 6.1min
  step 27000 | loss 0.012609 | lr 0.000350 | 6.2min
  VAL 93.85%
  step 27500 | loss 0.012412 | lr 0.000333 | 6.4min
  step 28000 | loss 0.011614 | lr 0.000316 | 6.5min
  VAL 96.65%
  step 28500 | loss 0.011451 | lr 0.000300 | 6.6min
  step 29000 | loss 0.011960 | lr 0.000284 | 6.7min
  VAL 94.50%
  step 29500 | loss 0.010835 | lr 0.000268 | 6.8min
  step 30000 | loss 0.010995 | lr 0.000253 | 6.9min
  VAL 92.55%
  step 30500 | loss 0.010485 | lr 0.000238 | 7.1min
  step 31000 | loss 0.010756 | lr 0.000223 | 7.2min
  VAL 97.25%
  step 31500 | loss 0.009994 | lr 0.000209 | 7.3min
  step 32000 | loss 0.009558 | lr 0.000195 | 7.4min
  VAL 97.60%
  step 32500 | loss 0.009385 | lr 0.000181 | 7.5min
  step 33000 | loss 0.008801 | lr 0.000168 | 7.6min
  VAL 97.50%
  step 33500 | loss 0.008525 | lr 0.000155 | 7.8min
  step 34000 | loss 0.008317 | lr 0.000142 | 7.9min
  VAL 98.20%
  step 34500 | loss 0.007573 | lr 0.000130 | 8.0min
  step 35000 | loss 0.007875 | lr 0.000118 | 8.1min
  VAL 98.10%
  step 35500 | loss 0.007229 | lr 0.000107 | 8.2min
  step 36000 | loss 0.007070 | lr 0.000097 | 8.3min
  VAL 94.55%
  step 36500 | loss 0.006605 | lr 0.000087 | 8.5min
  step 37000 | loss 0.006991 | lr 0.000077 | 8.6min
  VAL 98.40%
  step 37500 | loss 0.006803 | lr 0.000068 | 8.7min
  step 38000 | loss 0.006201 | lr 0.000059 | 8.8min
  VAL 98.50%
  step 38500 | loss 0.006494 | lr 0.000051 | 8.9min
  step 39000 | loss 0.006090 | lr 0.000044 | 9.0min
  VAL 98.90%
  step 39500 | loss 0.006512 | lr 0.000037 | 9.1min
  step 40000 | loss 0.005829 | lr 0.000031 | 9.2min
  VAL 99.15%
  TEST 98.5000%
  *** New best: 98.5000% ***
  step 40500 | loss 0.006223 | lr 0.000025 | 9.4min
  step 41000 | loss 0.005734 | lr 0.000020 | 9.5min
  VAL 99.20%
  TEST 98.5200%
  *** New best: 98.5200% ***
  step 41500 | loss 0.005904 | lr 0.000015 | 9.7min
  step 42000 | loss 0.005472 | lr 0.000011 | 9.8min
  VAL 98.90%
  step 42500 | loss 0.005627 | lr 0.000008 | 9.9min
  step 43000 | loss 0.005430 | lr 0.000005 | 10.0min
  VAL 99.30%
  TEST 98.6800%
  *** New best: 98.6800% ***
  step 43500 | loss 0.005556 | lr 0.000003 | 10.2min
  step 44000 | loss 0.005500 | lr 0.000001 | 10.3min
  VAL 99.30%
  TEST 98.7400%
  *** New best: 98.7400% ***
  step 44500 | loss 0.005287 | lr 0.000000 | 10.5min
  step 45000 | loss 0.005613 | lr 0.000000 | 10.6min
  VAL 99.35%
  TEST 98.7500%
  *** New best: 98.7500% ***

Training complete in 10.6 minutes
Best test accuracy: 98.7500%
