Model: RL4RL Autoresearch candidate
Author: configured in run manifest
Parameters (unique): 1601
Architecture: decoder-only addition transformer d=16, h=2, L=2, ff=16
Tricks: autoregressive greedy decoding, weights from checkpoint

  Progress: 1000/10010 (2/1000 correct) [8.8s]
  Progress: 2000/10010 (2/2000 correct) [17.7s]
  Progress: 3000/10010 (3/3000 correct) [25.6s]
  Progress: 4000/10010 (4/4000 correct) [33.8s]
  Progress: 5000/10010 (8/5000 correct) [41.8s]
  Progress: 6000/10010 (9/6000 correct) [49.7s]
  Progress: 7000/10010 (10/7000 correct) [58.0s]
  Progress: 8000/10010 (11/8000 correct) [65.8s]
  Progress: 9000/10010 (12/9000 correct) [74.3s]
  Progress: 10000/10010 (13/10000 correct) [82.3s]

Results: 13/10010 correct (0.13%)
Time: 82.4s (122 additions/sec)
Status: NOT QUALIFIED (threshold: 99%)

First 20 failures (of 9997):
  9999999999 + 0 = 9999999999, got 9999999998
  9999999999 + 1 = 10000000000, got 9999999999
  9999999999 + 9999999999 = 19999999998, got 18999999997
  5000000000 + 5000000000 = 10000000000, got 0
  1111111111 + 8888888889 = 10000000000, got 90000000000
  1234567890 + 9876543210 = 11111111100, got 90101111000
  9999999999 + 9999999999 = 19999999998, got 18999999997
  1 + 9999999999 = 10000000000, got 90000000000
  2395527356 + 9334186774 = 11729714130, got 10709916130
  4296888873 + 8475224721 = 12772113594, got 90772113594
  2446880696 + 4577514554 = 7024395250, got 98014191319
  1721735679 + 186192860 = 1907928539, got 91909003538
  3295396137 + 8512642381 = 11808038518, got 10909008408
  4721664841 + 8801376086 = 13523040927, got 12523032019
  8709633390 + 2191376109 = 10901009499, got 90901008499
  813236058 + 3041824170 = 3855060228, got 3965067228
  7038162399 + 8251837442 = 15289999841, got 16290009800
  3917771074 + 2558389380 = 6476160454, got 96106159255
  2345623234 + 894115330 = 3239738564, got 3109837565
  9635552803 + 139097711 = 9774650514, got 9870612614
