Model: 3,332 parameters
Config: d=14, h=2, L=2, ff=20
Device: mps

Training for 30000 steps...
  step   500 | loss 1.559364 | lr 0.001000 | 0.2min
  step  1000 | loss 1.432942 | lr 0.000999 | 0.3min
  VAL 0.00%
  step  1500 | loss 1.380606 | lr 0.000996 | 0.5min
  step  2000 | loss 1.380359 | lr 0.000992 | 0.6min
  VAL 0.00%
  step  2500 | loss 1.370122 | lr 0.000987 | 0.8min
  step  3000 | loss 1.315885 | lr 0.000980 | 0.9min
  VAL 0.00%
  step  3500 | loss 1.285887 | lr 0.000972 | 1.1min
  step  4000 | loss 1.233495 | lr 0.000962 | 1.2min
  VAL 0.00%
  step  4500 | loss 1.227437 | lr 0.000951 | 1.3min
  step  5000 | loss 1.215228 | lr 0.000939 | 1.5min
  VAL 0.00%
  step  5500 | loss 1.229589 | lr 0.000926 | 1.6min
  step  6000 | loss 1.224654 | lr 0.000912 | 1.8min
  VAL 0.00%
  step  6500 | loss 1.194886 | lr 0.000896 | 2.0min
  step  7000 | loss 1.159873 | lr 0.000880 | 2.1min
  VAL 0.00%
  step  7500 | loss 1.159230 | lr 0.000862 | 2.3min
  step  8000 | loss 1.052239 | lr 0.000843 | 2.5min
  VAL 0.00%
  step  8500 | loss 0.855055 | lr 0.000823 | 2.6min
  step  9000 | loss 0.684077 | lr 0.000803 | 2.8min
  VAL 0.00%
  step  9500 | loss 0.616690 | lr 0.000781 | 2.9min
  step 10000 | loss 0.578370 | lr 0.000759 | 3.1min
  VAL 0.00%
  step 10500 | loss 0.550632 | lr 0.000736 | 3.3min
  step 11000 | loss 0.531346 | lr 0.000713 | 3.4min
  VAL 0.10%
  step 11500 | loss 0.494053 | lr 0.000688 | 3.6min
  step 12000 | loss 0.479534 | lr 0.000664 | 3.8min
  VAL 0.20%
  step 12500 | loss 0.466464 | lr 0.000638 | 3.9min
  step 13000 | loss 0.378480 | lr 0.000613 | 4.0min
  VAL 0.90%
  step 13500 | loss 0.328833 | lr 0.000587 | 4.2min
  step 14000 | loss 0.295942 | lr 0.000561 | 4.4min
  VAL 5.95%
  step 14500 | loss 0.269438 | lr 0.000534 | 4.5min
  step 15000 | loss 0.263472 | lr 0.000508 | 4.7min
  VAL 7.60%
  step 15500 | loss 0.249039 | lr 0.000481 | 4.8min
  step 16000 | loss 0.240310 | lr 0.000455 | 5.0min
  VAL 8.35%
  step 16500 | loss 0.235671 | lr 0.000429 | 5.1min
  step 17000 | loss 0.228531 | lr 0.000403 | 5.3min
  VAL 8.70%
  step 17500 | loss 0.220787 | lr 0.000377 | 5.5min
  step 18000 | loss 0.218972 | lr 0.000352 | 5.6min
  VAL 8.55%
  step 18500 | loss 0.214933 | lr 0.000327 | 5.8min
  step 19000 | loss 0.213985 | lr 0.000302 | 5.9min
  VAL 9.65%
  step 19500 | loss 0.211168 | lr 0.000278 | 6.1min
  step 20000 | loss 0.209289 | lr 0.000255 | 6.2min
  VAL 8.80%
  step 20500 | loss 0.208603 | lr 0.000232 | 6.4min
  step 21000 | loss 0.206490 | lr 0.000210 | 6.5min
  VAL 9.55%
  step 21500 | loss 0.204869 | lr 0.000189 | 6.7min
  step 22000 | loss 0.205565 | lr 0.000169 | 6.9min
  VAL 9.10%
  step 22500 | loss 0.203892 | lr 0.000149 | 7.0min
  step 23000 | loss 0.203139 | lr 0.000131 | 7.2min
  VAL 9.25%
  step 23500 | loss 0.201078 | lr 0.000114 | 7.4min
  step 24000 | loss 0.201430 | lr 0.000097 | 7.5min
  VAL 9.75%
  step 24500 | loss 0.200649 | lr 0.000082 | 7.7min
  step 25000 | loss 0.200044 | lr 0.000068 | 7.8min
  VAL 9.20%
  step 25500 | loss 0.200041 | lr 0.000056 | 8.0min
  step 26000 | loss 0.199176 | lr 0.000044 | 8.2min
  VAL 10.25%
  step 26500 | loss 0.199667 | lr 0.000034 | 8.3min
  step 27000 | loss 0.199129 | lr 0.000025 | 8.5min
  VAL 8.50%
  step 27500 | loss 0.199154 | lr 0.000017 | 8.6min
  step 28000 | loss 0.199028 | lr 0.000011 | 8.8min
  VAL 9.10%
  step 28500 | loss 0.198316 | lr 0.000006 | 9.0min
  step 29000 | loss 0.199077 | lr 0.000003 | 9.1min
  VAL 9.15%
  step 29500 | loss 0.198971 | lr 0.000001 | 9.3min
  step 30000 | loss 0.198808 | lr 0.000000 | 9.4min
  VAL 9.05%

Training complete in 9.4 minutes
Best test accuracy: 0.0000%
