Model: RL4RL Autoresearch candidate
Author: configured in run manifest
Parameters (unique): 1671
Architecture: decoder-only addition transformer d=16, h=2, L=2, ff=16
Tricks: autoregressive greedy decoding, weights from checkpoint

  Progress: 1000/10010 (957/1000 correct) [6.7s]
  Progress: 2000/10010 (1909/2000 correct) [13.3s]
  Progress: 3000/10010 (2868/3000 correct) [20.0s]
  Progress: 4000/10010 (3819/4000 correct) [26.7s]
  Progress: 5000/10010 (4758/5000 correct) [33.4s]
  Progress: 6000/10010 (5712/6000 correct) [40.0s]
  Progress: 7000/10010 (6654/7000 correct) [46.7s]
  Progress: 8000/10010 (7606/8000 correct) [53.6s]
  Progress: 9000/10010 (8564/9000 correct) [60.2s]
  Progress: 10000/10010 (9522/10000 correct) [66.9s]

Results: 9532/10010 correct (95.22%)
Time: 66.9s (150 additions/sec)
Status: NOT QUALIFIED (threshold: 99%)

First 20 failures (of 478):
  5353030368 + 2525515399 = 7878545767, got 17878545767
  2966494253 + 598073131 = 3564567384, got 3464567384
  6728496408 + 8405949359 = 15134445767, got 14134445767
  1822866090 + 4832899953 = 6655766043, got 6555766043
  7197773205 + 9077000387 = 16274773592, got 6274773592
  6509152292 + 9209120080 = 15718272372, got 14818272372
  3962934002 + 929513088 = 4892447090, got 4992447090
  9802221894 + 7858087157 = 17660309051, got 17560309051
  3301773111 + 9770315390 = 13072088501, got 12072088501
  8793150034 + 6686591836 = 15479741870, got 15479741880
  5895167719 + 2695713301 = 8590881020, got 8490881020
  5468975900 + 1438734356 = 6907710256, got 5907710256
  2383813986 + 5194289640 = 7578103626, got 8578103626
  1875957208 + 5809047019 = 7685004227, got 7585004227
  7194558397 + 5495045311 = 12689603708, got 12699603708
  6088062572 + 2086199259 = 8174261831, got 9174261831
  7558647068 + 7318059319 = 14876706387, got 14976706387
  8825311319 + 4807262724 = 13632574043, got 13532574043
  6832437373 + 3830048430 = 10662485803, got 10562485803
  2060434325 + 4050653496 = 6111087821, got 6011087821
