Model: 2,832 parameters
Config: d=12, h=2, L=2, ff=20
Device: mps

Training for 30000 steps...
  step   500 | loss 1.511448 | lr 0.001000 | 0.2min
  step  1000 | loss 1.390793 | lr 0.000999 | 0.3min
  VAL 0.00%
  step  1500 | loss 1.351140 | lr 0.000996 | 0.5min
  step  2000 | loss 1.314990 | lr 0.000992 | 0.6min
  VAL 0.00%
  step  2500 | loss 1.182096 | lr 0.000987 | 0.7min
  step  3000 | loss 0.921136 | lr 0.000980 | 0.9min
  VAL 0.00%
  step  3500 | loss 0.820413 | lr 0.000972 | 1.0min
  step  4000 | loss 0.772033 | lr 0.000962 | 1.1min
  VAL 0.00%
  step  4500 | loss 0.738295 | lr 0.000951 | 1.3min
  step  5000 | loss 0.705734 | lr 0.000939 | 1.4min
  VAL 0.00%
  step  5500 | loss 0.688348 | lr 0.000926 | 1.6min
  step  6000 | loss 0.652023 | lr 0.000912 | 1.7min
  VAL 0.00%
  step  6500 | loss 0.643442 | lr 0.000896 | 1.9min
  step  7000 | loss 0.642198 | lr 0.000880 | 2.0min
  VAL 0.00%
  step  7500 | loss 0.619508 | lr 0.000862 | 2.2min
  step  8000 | loss 0.544578 | lr 0.000843 | 2.3min
  VAL 0.00%
  step  8500 | loss 0.433622 | lr 0.000823 | 2.4min
  step  9000 | loss 0.403628 | lr 0.000803 | 2.6min
  VAL 0.50%
  step  9500 | loss 0.388411 | lr 0.000781 | 2.7min
  step 10000 | loss 0.380724 | lr 0.000759 | 2.8min
  VAL 0.35%
  step 10500 | loss 0.366703 | lr 0.000736 | 3.0min
  step 11000 | loss 0.352434 | lr 0.000713 | 3.1min
  VAL 0.55%
  step 11500 | loss 0.338208 | lr 0.000688 | 3.2min
  step 12000 | loss 0.334431 | lr 0.000664 | 3.4min
  VAL 3.10%
  step 12500 | loss 0.318077 | lr 0.000638 | 3.5min
  step 13000 | loss 0.309874 | lr 0.000613 | 3.7min
  VAL 3.45%
  step 13500 | loss 0.308200 | lr 0.000587 | 3.8min
  step 14000 | loss 0.310979 | lr 0.000561 | 3.9min
  VAL 4.40%
  step 14500 | loss 0.312546 | lr 0.000534 | 4.0min
  step 15000 | loss 0.305457 | lr 0.000508 | 4.2min
  VAL 4.20%
  step 15500 | loss 0.300905 | lr 0.000481 | 4.3min
  step 16000 | loss 0.306079 | lr 0.000455 | 4.4min
  VAL 3.60%
  step 16500 | loss 0.304884 | lr 0.000429 | 4.6min
  step 17000 | loss 0.300951 | lr 0.000403 | 4.7min
  VAL 4.05%
  step 17500 | loss 0.306142 | lr 0.000377 | 4.9min
  step 18000 | loss 0.298266 | lr 0.000352 | 5.0min
  VAL 5.70%
  step 18500 | loss 0.288793 | lr 0.000327 | 5.1min
  step 19000 | loss 0.296667 | lr 0.000302 | 5.3min
  VAL 5.00%
  step 19500 | loss 0.289437 | lr 0.000278 | 5.4min
  step 20000 | loss 0.290353 | lr 0.000255 | 5.6min
  VAL 7.20%
  step 20500 | loss 0.289109 | lr 0.000232 | 5.8min
  step 21000 | loss 0.285518 | lr 0.000210 | 5.9min
  VAL 5.85%
  step 21500 | loss 0.284237 | lr 0.000189 | 6.1min
  step 22000 | loss 0.281377 | lr 0.000169 | 6.2min
  VAL 5.70%
  step 22500 | loss 0.277932 | lr 0.000149 | 6.4min
  step 23000 | loss 0.281937 | lr 0.000131 | 6.5min
  VAL 6.10%
  step 23500 | loss 0.277983 | lr 0.000114 | 6.7min
  step 24000 | loss 0.273158 | lr 0.000097 | 6.8min
  VAL 6.50%
  step 24500 | loss 0.274515 | lr 0.000082 | 7.0min
  step 25000 | loss 0.272823 | lr 0.000068 | 7.1min
  VAL 7.40%
  step 25500 | loss 0.267898 | lr 0.000056 | 7.2min
  step 26000 | loss 0.265995 | lr 0.000044 | 7.4min
  VAL 7.05%
  step 26500 | loss 0.267779 | lr 0.000034 | 7.5min
  step 27000 | loss 0.266788 | lr 0.000025 | 7.6min
  VAL 7.60%
  step 27500 | loss 0.264044 | lr 0.000017 | 7.8min
  step 28000 | loss 0.264029 | lr 0.000011 | 7.9min
  VAL 7.15%
  step 28500 | loss 0.262535 | lr 0.000006 | 8.0min
  step 29000 | loss 0.263403 | lr 0.000003 | 8.1min
  VAL 7.05%
  step 29500 | loss 0.262461 | lr 0.000001 | 8.2min
  step 30000 | loss 0.265422 | lr 0.000000 | 8.3min
  VAL 7.35%

Training complete in 8.3 minutes
Best test accuracy: 0.0000%
