Model: 4,512 parameters
Config: d=16, h=2, L=2, ff=24
Device: mps

Training for 45000 steps...
  step   500 | loss 1.402064 | lr 0.001000 | 0.2min
  step  1000 | loss 1.356151 | lr 0.000999 | 0.3min
  VAL 0.00%
  step  1500 | loss 1.240135 | lr 0.000998 | 0.4min
  step  2000 | loss 1.117728 | lr 0.000996 | 0.6min
  VAL 0.00%
  step  2500 | loss 0.891224 | lr 0.000994 | 0.7min
  step  3000 | loss 0.556431 | lr 0.000991 | 0.9min
  VAL 0.00%
  step  3500 | loss 0.362108 | lr 0.000987 | 1.0min
  step  4000 | loss 0.223313 | lr 0.000983 | 1.2min
  VAL 21.35%
  step  4500 | loss 0.171698 | lr 0.000978 | 1.3min
  step  5000 | loss 0.131546 | lr 0.000973 | 1.5min
  VAL 57.05%
  step  5500 | loss 0.102079 | lr 0.000967 | 1.6min
  step  6000 | loss 0.073306 | lr 0.000960 | 1.8min
  VAL 71.50%
  step  6500 | loss 0.063260 | lr 0.000953 | 1.9min
  step  7000 | loss 0.053531 | lr 0.000946 | 2.1min
  VAL 86.35%
  step  7500 | loss 0.037247 | lr 0.000937 | 2.2min
  step  8000 | loss 0.031525 | lr 0.000929 | 2.3min
  VAL 88.05%
  step  8500 | loss 0.023533 | lr 0.000919 | 2.4min
  step  9000 | loss 0.020319 | lr 0.000909 | 2.6min
  VAL 92.20%
  step  9500 | loss 0.017557 | lr 0.000899 | 2.7min
  step 10000 | loss 0.019383 | lr 0.000888 | 2.9min
  VAL 92.95%
  step 10500 | loss 0.012304 | lr 0.000877 | 3.0min
  step 11000 | loss 0.008537 | lr 0.000865 | 3.2min
  VAL 96.20%
  step 11500 | loss 0.011197 | lr 0.000853 | 3.3min
  step 12000 | loss 0.008975 | lr 0.000840 | 3.4min
  VAL 96.70%
  step 12500 | loss 0.009000 | lr 0.000827 | 3.5min
  step 13000 | loss 0.006687 | lr 0.000814 | 3.7min
  VAL 97.80%
  step 13500 | loss 0.007396 | lr 0.000800 | 3.8min
  step 14000 | loss 0.004255 | lr 0.000786 | 4.0min
  VAL 97.45%
  step 14500 | loss 0.007694 | lr 0.000771 | 4.1min
  step 15000 | loss 0.005989 | lr 0.000756 | 4.2min
  VAL 97.20%
  step 15500 | loss 0.004113 | lr 0.000741 | 4.4min
  step 16000 | loss 0.003550 | lr 0.000725 | 4.5min
  VAL 98.20%
  step 16500 | loss 0.003974 | lr 0.000709 | 4.6min
  step 17000 | loss 0.002928 | lr 0.000693 | 4.8min
  VAL 99.30%
  TEST 99.3100%
  *** New best: 99.3100% ***
  step 17500 | loss 0.001988 | lr 0.000677 | 5.0min
  step 18000 | loss 0.002802 | lr 0.000661 | 5.1min
  VAL 99.35%
  TEST 99.5600%
  *** New best: 99.5600% ***
  step 18500 | loss 0.002105 | lr 0.000644 | 5.3min
  step 19000 | loss 0.001077 | lr 0.000627 | 5.5min
  VAL 99.60%
  TEST 99.6200%
  *** New best: 99.6200% ***
  step 19500 | loss 0.001708 | lr 0.000610 | 5.6min
  step 20000 | loss 0.000997 | lr 0.000593 | 5.8min
  VAL 100.00%
  TEST 99.9800%
  *** New best: 99.9800% ***
  Early stop after qualifying checkpoint at step 20000 (5.8min)
