Model: RL4RL Autoresearch candidate
Author: configured in run manifest
Parameters (unique): 2046
Architecture: decoder-only addition transformer d=16, h=2, L=2, ff=10, block1_ff=8, fixed_separators=True, tied_position_pairs=[[4, 15], [7, 18], [5, 16], [3, 14], [2, 13], [8, 19], [6, 17], [1, 12], [0, 11], [9, 20]], interpolated_positions=[23, 24, 25, 26, 27], qkv_pruned=2
Tricks: autoregressive greedy decoding, weights from checkpoint

  Progress: 1000/10010 (995/1000 correct) [4.5s]
  Progress: 2000/10010 (1991/2000 correct) [9.0s]
  Progress: 3000/10010 (2987/3000 correct) [13.4s]
  Progress: 4000/10010 (3983/4000 correct) [17.8s]
  Progress: 5000/10010 (4979/5000 correct) [22.3s]
  Progress: 6000/10010 (5973/6000 correct) [26.7s]
  Progress: 7000/10010 (6969/7000 correct) [31.2s]
  Progress: 8000/10010 (7967/8000 correct) [35.8s]
  Progress: 9000/10010 (8965/9000 correct) [40.4s]
  Progress: 10000/10010 (9961/10000 correct) [44.8s]

Results: 9971/10010 correct (99.61%)
Time: 44.8s (223 additions/sec)
Status: QUALIFIED (threshold: 99%)

First 20 failures (of 39):
  6780533471 + 5090190326 = 11870723797, got 10870723797
  8261688289 + 8707679052 = 16969367341, got 17969367341
  1590870754 + 3891940101 = 5482810855, got 5492810855
  4501354141 + 9409669647 = 13911023788, got 13811023788
  9949339211 + 8948002488 = 18897341699, got 18997341699
  8946513248 + 1971558909 = 10918072157, got 11018072157
  4624637094 + 517131976 = 5141769070, got 5041769070
  6047119139 + 5060676488 = 11107795627, got 10107795627
  5199705329 + 6225705022 = 11425410351, got 10425410351
  6660112625 + 5142876686 = 11802989311, got 10802989311
  9278473654 + 9413599947 = 18692073601, got 19692073601
  5254066650 + 9287720511 = 14541787161, got 14441787161
  3439094253 + 1591035692 = 5030129945, got 5020129945
  6220808416 + 5189773965 = 11410582381, got 10410582381
  1965085837 + 3760032072 = 5725117909, got 5715117909
  6258014553 + 8283570450 = 14541585003, got 14441585003
  9217700662 + 9448597295 = 18666297957, got 19666297957
  8191852004 + 7194996854 = 15386848858, got 15396848858
  5634381845 + 6168469548 = 11802851393, got 10802851393
  9402679499 + 9293095411 = 18695774910, got 19695774910
