Model: 5,568 parameters
Config: d=16, h=2, L=2, ff=40
Device: mps

Training for 30000 steps...
  step   500 | loss 1.388420 | lr 0.001000 | 0.1min
  step  1000 | loss 1.341839 | lr 0.000999 | 0.3min
  VAL 0.00%
  step  1500 | loss 1.053843 | lr 0.000996 | 0.4min
  step  2000 | loss 0.794983 | lr 0.000992 | 0.6min
  VAL 0.00%
  step  2500 | loss 0.682117 | lr 0.000987 | 0.7min
  step  3000 | loss 0.373174 | lr 0.000980 | 0.8min
  VAL 2.45%
  step  3500 | loss 0.322828 | lr 0.000972 | 0.9min
  step  4000 | loss 0.263297 | lr 0.000962 | 1.1min
  VAL 6.50%
  step  4500 | loss 0.238589 | lr 0.000951 | 1.2min
  step  5000 | loss 0.226045 | lr 0.000939 | 1.3min
  VAL 9.20%
  step  5500 | loss 0.216538 | lr 0.000926 | 1.4min
  step  6000 | loss 0.209037 | lr 0.000912 | 1.6min
  VAL 10.60%
  step  6500 | loss 0.204619 | lr 0.000896 | 1.7min
  step  7000 | loss 0.202234 | lr 0.000880 | 1.8min
  VAL 10.10%
  step  7500 | loss 0.202800 | lr 0.000862 | 1.9min
  step  8000 | loss 0.199756 | lr 0.000843 | 2.1min
  VAL 9.55%
  step  8500 | loss 0.198280 | lr 0.000823 | 2.2min
  step  9000 | loss 0.197460 | lr 0.000803 | 2.3min
  VAL 10.60%
  step  9500 | loss 0.197792 | lr 0.000781 | 2.5min
  step 10000 | loss 0.195644 | lr 0.000759 | 2.6min
  VAL 10.00%
  step 10500 | loss 0.195139 | lr 0.000736 | 2.7min
  step 11000 | loss 0.194720 | lr 0.000713 | 2.8min
  VAL 9.70%
  step 11500 | loss 0.193781 | lr 0.000688 | 3.0min
  step 12000 | loss 0.193211 | lr 0.000664 | 3.1min
  VAL 9.70%
  step 12500 | loss 0.194588 | lr 0.000638 | 3.2min
  step 13000 | loss 0.194145 | lr 0.000613 | 3.3min
  VAL 10.25%
  step 13500 | loss 0.193651 | lr 0.000587 | 3.5min
  step 14000 | loss 0.193215 | lr 0.000561 | 3.6min
  VAL 10.35%
  step 14500 | loss 0.192945 | lr 0.000534 | 3.7min
  step 15000 | loss 0.193626 | lr 0.000508 | 3.9min
  VAL 9.45%
  step 15500 | loss 0.193185 | lr 0.000481 | 4.0min
  step 16000 | loss 0.114535 | lr 0.000455 | 4.1min
  VAL 53.15%
  step 16500 | loss 0.000887 | lr 0.000429 | 4.3min
  step 17000 | loss 0.000560 | lr 0.000403 | 4.5min
  VAL 100.00%
  TEST 99.9700%
  *** New best: 99.9700% ***
  step 17500 | loss 0.000443 | lr 0.000377 | 4.6min
  step 18000 | loss 0.000378 | lr 0.000352 | 4.8min
  VAL 99.95%
  TEST 99.9500%
  step 18500 | loss 0.000691 | lr 0.000327 | 5.0min
  step 19000 | loss 0.000205 | lr 0.000302 | 5.1min
  VAL 100.00%
  TEST 100.0000%
  *** New best: 100.0000% ***
  step 19500 | loss 0.000181 | lr 0.000278 | 5.3min
  step 20000 | loss 0.000146 | lr 0.000255 | 5.4min
  VAL 100.00%
  TEST 100.0000%
  step 20500 | loss 0.000103 | lr 0.000232 | 5.7min
  step 21000 | loss 0.000113 | lr 0.000210 | 5.8min
  VAL 100.00%
  TEST 100.0000%
  step 21500 | loss 0.000080 | lr 0.000189 | 6.0min
  step 22000 | loss 0.000071 | lr 0.000169 | 6.1min
  VAL 100.00%
  TEST 100.0000%
  step 22500 | loss 0.000058 | lr 0.000149 | 6.3min
  step 23000 | loss 0.000048 | lr 0.000131 | 6.4min
  VAL 100.00%
  TEST 100.0000%
  step 23500 | loss 0.000036 | lr 0.000114 | 6.6min
  step 24000 | loss 0.000030 | lr 0.000097 | 6.7min
  VAL 100.00%
  TEST 100.0000%
  step 24500 | loss 0.000026 | lr 0.000082 | 6.9min
  step 25000 | loss 0.000020 | lr 0.000068 | 7.0min
  VAL 100.00%
  TEST 100.0000%
  step 25500 | loss 0.000018 | lr 0.000056 | 7.2min
  step 26000 | loss 0.000016 | lr 0.000044 | 7.3min
  VAL 100.00%
  TEST 100.0000%
  step 26500 | loss 0.000014 | lr 0.000034 | 7.5min
  step 27000 | loss 0.000013 | lr 0.000025 | 7.6min
  VAL 100.00%
  TEST 100.0000%
  step 27500 | loss 0.000012 | lr 0.000017 | 7.9min
  step 28000 | loss 0.000011 | lr 0.000011 | 8.0min
  VAL 100.00%
  TEST 100.0000%
  step 28500 | loss 0.000011 | lr 0.000006 | 8.2min
  step 29000 | loss 0.000010 | lr 0.000003 | 8.3min
  VAL 100.00%
  TEST 100.0000%
  step 29500 | loss 0.000010 | lr 0.000001 | 8.5min
  step 30000 | loss 0.000010 | lr 0.000000 | 8.6min
  VAL 100.00%
  TEST 100.0000%

Training complete in 8.6 minutes
Best test accuracy: 100.0000%
