Model: 2,732 parameters
Config: d=14, h=2, L=2, ff=23
Device: mps

Training for 30000 steps...
  step   500 | loss 1.479715 | lr 0.001000 | 0.3min
  step  1000 | loss 1.363793 | lr 0.000999 | 0.6min
  VAL 0.00%
  step  1500 | loss 1.352904 | lr 0.000996 | 0.9min
  step  2000 | loss 1.289573 | lr 0.000992 | 1.1min
  VAL 0.00%
  step  2500 | loss 1.235745 | lr 0.000987 | 1.3min
  step  3000 | loss 1.182624 | lr 0.000980 | 1.5min
  VAL 0.00%
  step  3500 | loss 1.158462 | lr 0.000972 | 1.6min
  step  4000 | loss 1.084573 | lr 0.000962 | 1.8min
  VAL 0.00%
  step  4500 | loss 0.843413 | lr 0.000951 | 1.9min
  step  5000 | loss 0.623553 | lr 0.000939 | 2.1min
  VAL 0.00%
  step  5500 | loss 0.497123 | lr 0.000926 | 2.3min
  step  6000 | loss 0.405781 | lr 0.000912 | 2.4min
  VAL 0.25%
  step  6500 | loss 0.377527 | lr 0.000896 | 2.6min
  step  7000 | loss 0.334355 | lr 0.000880 | 2.8min
  VAL 0.60%
  step  7500 | loss 0.310314 | lr 0.000862 | 2.9min
  step  8000 | loss 0.307261 | lr 0.000843 | 3.1min
  VAL 1.40%
  step  8500 | loss 0.294826 | lr 0.000823 | 3.2min
  step  9000 | loss 0.265970 | lr 0.000803 | 3.4min
  VAL 3.00%
  step  9500 | loss 0.249675 | lr 0.000781 | 3.6min
  step 10000 | loss 0.251706 | lr 0.000759 | 3.8min
  VAL 3.05%
  step 10500 | loss 0.250258 | lr 0.000736 | 3.9min
  step 11000 | loss 0.232172 | lr 0.000713 | 4.1min
  VAL 3.85%
  step 11500 | loss 0.207981 | lr 0.000688 | 4.3min
  step 12000 | loss 0.204788 | lr 0.000664 | 4.5min
  VAL 7.40%
  step 12500 | loss 0.200381 | lr 0.000638 | 4.7min
  step 13000 | loss 0.198648 | lr 0.000613 | 4.8min
  VAL 10.45%
  step 13500 | loss 0.197647 | lr 0.000587 | 5.0min
  step 14000 | loss 0.196640 | lr 0.000561 | 5.2min
  VAL 9.65%
  step 14500 | loss 0.196193 | lr 0.000534 | 5.3min
  step 15000 | loss 0.195552 | lr 0.000508 | 5.5min
  VAL 9.60%
  step 15500 | loss 0.194325 | lr 0.000481 | 5.7min
  step 16000 | loss 0.195111 | lr 0.000455 | 5.9min
  VAL 10.85%
  step 16500 | loss 0.193067 | lr 0.000429 | 6.0min
  step 17000 | loss 0.192298 | lr 0.000403 | 6.2min
  VAL 10.20%
  step 17500 | loss 0.176245 | lr 0.000377 | 6.3min
  step 18000 | loss 0.169670 | lr 0.000352 | 6.5min
  VAL 20.60%
  step 18500 | loss 0.133391 | lr 0.000327 | 6.6min
  step 19000 | loss 0.109029 | lr 0.000302 | 6.8min
  VAL 40.85%
  step 19500 | loss 0.081284 | lr 0.000278 | 6.9min
  step 20000 | loss 0.083019 | lr 0.000255 | 7.1min
  VAL 28.45%
  step 20500 | loss 0.040834 | lr 0.000232 | 7.2min
  step 21000 | loss 0.037596 | lr 0.000210 | 7.4min
  VAL 61.45%
  step 21500 | loss 0.042054 | lr 0.000189 | 7.5min
  step 22000 | loss 0.022136 | lr 0.000169 | 7.7min
  VAL 75.10%
  step 22500 | loss 0.020005 | lr 0.000149 | 7.8min
  step 23000 | loss 0.018987 | lr 0.000131 | 7.9min
  VAL 82.75%
  step 23500 | loss 0.010322 | lr 0.000114 | 8.1min
  step 24000 | loss 0.010220 | lr 0.000097 | 8.2min
  VAL 84.50%
  step 24500 | loss 0.008012 | lr 0.000082 | 8.4min
  step 25000 | loss 0.009304 | lr 0.000068 | 8.5min
  VAL 88.50%
  step 25500 | loss 0.005221 | lr 0.000056 | 8.7min
  step 26000 | loss 0.004649 | lr 0.000044 | 8.8min
  VAL 89.85%
  step 26500 | loss 0.005735 | lr 0.000034 | 9.0min
  step 27000 | loss 0.004948 | lr 0.000025 | 9.1min
  VAL 92.20%
  step 27500 | loss 0.003466 | lr 0.000017 | 9.3min
  step 28000 | loss 0.004101 | lr 0.000011 | 9.5min
  VAL 92.95%
  step 28500 | loss 0.003269 | lr 0.000006 | 9.6min
  step 29000 | loss 0.003347 | lr 0.000003 | 9.8min
  VAL 93.10%
  step 29500 | loss 0.003837 | lr 0.000001 | 9.9min
  step 30000 | loss 0.003570 | lr 0.000000 | 10.0min
  VAL 93.10%

Training complete in 10.1 minutes
Best test accuracy: 0.0000%
