Model: RL4RL Autoresearch candidate
Author: configured in run manifest
Parameters (unique): 2732
Architecture: decoder-only addition transformer d=14, h=2, L=2, ff=23
Tricks: autoregressive greedy decoding, weights from checkpoint

  Progress: 1000/10010 (931/1000 correct) [7.9s]
  Progress: 2000/10010 (1887/2000 correct) [15.8s]
  Progress: 3000/10010 (2836/3000 correct) [23.8s]
  Progress: 4000/10010 (3784/4000 correct) [31.7s]
  Progress: 5000/10010 (4730/5000 correct) [39.6s]
  Progress: 6000/10010 (5662/6000 correct) [47.5s]
  Progress: 7000/10010 (6613/7000 correct) [55.4s]
  Progress: 8000/10010 (7552/8000 correct) [63.4s]
  Progress: 9000/10010 (8491/9000 correct) [71.3s]
  Progress: 10000/10010 (9432/10000 correct) [79.3s]

Results: 9442/10010 correct (94.33%)
Time: 79.4s (126 additions/sec)
Status: NOT QUALIFIED (threshold: 99%)

First 20 failures (of 568):
  9999999999 + 9999999999 = 19999999998, got 18899998998
  9999999999 + 9999999999 = 19999999998, got 18899998998
  1 + 9999999999 = 10000000000, got 9000000000
  9773982893 + 9769054290 = 19543037183, got 18543037183
  9809325681 + 9732050258 = 19541375939, got 18541375939
  7626167585 + 9466417731 = 17092585316, got 18092585316
  9208423606 + 3955956309 = 13164379915, got 12164379915
  9446792201 + 1205838177 = 10652630378, got 10652640378
  4121228763 + 4432953037 = 8554181800, got 7554181800
  6969938512 + 1800378914 = 8770317426, got 8770317526
  4556005497 + 1343501710 = 5899507207, got 4899507207
  9815978163 + 9778162604 = 19594140767, got 18594140767
  1288730988 + 8305219676 = 9593950664, got 10593950664
  5846894924 + 3448545329 = 9295440253, got 9295450253
  4202356892 + 4313341183 = 8515698075, got 7515698075
  4309178838 + 4579489714 = 8888668552, got 8889668552
  9134622609 + 9128967571 = 18263590180, got 19263590180
  1569991536 + 7812420999 = 9382412535, got 10382412535
  4954134308 + 4674222933 = 9628357241, got 8628357241
  4051300631 + 4780251947 = 8831552578, got 7831552578
