Model: RL4RL Autoresearch candidate
Author: configured in run manifest
Parameters (unique): 1884
Architecture: decoder-only addition transformer d=16, h=2, L=2, ff=10, block1_ff=8, fixed_separators=True, tied_position_pairs=[[4, 15], [7, 18], [5, 16], [3, 14], [2, 13], [8, 19], [6, 17], [1, 12], [0, 11], [9, 20]], interpolated_positions=[23, 24, 25, 26, 27], qkv_pruned=164
Tricks: autoregressive greedy decoding, weights from checkpoint

  Progress: 1000/10010 (1000/1000 correct) [4.5s]
  Progress: 2000/10010 (1998/2000 correct) [8.9s]
  Progress: 3000/10010 (2997/3000 correct) [13.3s]
  Progress: 4000/10010 (3996/4000 correct) [17.8s]
  Progress: 5000/10010 (4996/5000 correct) [22.2s]
  Progress: 6000/10010 (5996/6000 correct) [26.6s]
  Progress: 7000/10010 (6996/7000 correct) [31.0s]
  Progress: 8000/10010 (7996/8000 correct) [35.4s]
  Progress: 9000/10010 (8996/9000 correct) [39.8s]
  Progress: 10000/10010 (9995/10000 correct) [44.2s]

Results: 10005/10010 correct (99.95%)
Time: 44.3s (226 additions/sec)
Status: QUALIFIED (threshold: 99%)

Failures (5):
  3026730746 + 7374743427 = 10401474173, got 10451474173
  2774892802 + 1826501514 = 4601394316, got 4551394316
  976307749 + 6325056885 = 7301364634, got 7251364634
  2776702959 + 6924784164 = 9701487123, got 9651487123
  5118045857 + 6196185877 = 11314231734, got 10314231734
