Model: RL4RL Autoresearch candidate
Author: configured in run manifest
Parameters (unique): 3376
Architecture: decoder-only addition transformer d=16, h=2, L=2, ff=7
Tricks: autoregressive greedy decoding, weights from checkpoint

  Progress: 1000/10010 (988/1000 correct) [5.9s]
  Progress: 2000/10010 (1986/2000 correct) [11.7s]
  Progress: 3000/10010 (2979/3000 correct) [17.4s]
  Progress: 4000/10010 (3966/4000 correct) [23.1s]
  Progress: 5000/10010 (4956/5000 correct) [28.8s]
  Progress: 6000/10010 (5948/6000 correct) [34.5s]
  Progress: 7000/10010 (6946/7000 correct) [40.2s]
  Progress: 8000/10010 (7936/8000 correct) [45.9s]
  Progress: 9000/10010 (8929/9000 correct) [51.6s]
  Progress: 10000/10010 (9918/10000 correct) [57.3s]

Results: 9928/10010 correct (99.18%)
Time: 57.3s (175 additions/sec)
Status: QUALIFIED (threshold: 99%)

First 20 failures (of 82):
  9999999999 + 9999999999 = 19999999998, got 29999999998
  5000000000 + 5000000000 = 10000000000, got 10000000004
  9999999999 + 9999999999 = 19999999998, got 29999999998
  2759209720 + 5583816680 = 8343026400, got 8343026401
  5068017173 + 8123525398 = 13191542571, got 14191542571
  4184380900 + 6023296350 = 10207677250, got 10207677249
  1976493916 + 1906487771 = 3882981687, got 2882981687
  7800085540 + 4608897850 = 12408983390, got 12408983399
  9613096555 + 5839894206 = 15452990761, got 14452990761
  3989737060 + 6182588553 = 10172325613, got 9172325613
  5169036299 + 7982234344 = 13151270643, got 14151270643
  9949339211 + 8948002488 = 18897341699, got 8897341699
  6194052520 + 2029478460 = 8223530980, got 8223530981
  5947937530 + 7975587270 = 13923524800, got 13923524801
  1000727800 + 6608953825 = 7609681625, got 6609681625
  8917842740 + 5561618330 = 14479461070, got 14479461071
  2096009540 + 8156924670 = 10252934210, got 10252934211
  8089217239 + 5069079639 = 13158296878, got 14158296878
  9059809146 + 9105769454 = 18165578600, got 8165578600
  2108756145 + 9917157364 = 12025913509, got 11025913509
