Model: RL4RL Autoresearch candidate
Author: configured in run manifest
Parameters (unique): 1907
Architecture: decoder-only addition transformer d=16, h=2, L=2, ff=10, block1_ff=8, fixed_separators=True, tied_position_pairs=[[4, 15], [7, 18], [5, 16], [3, 14], [2, 13], [8, 19], [6, 17], [1, 12], [0, 11], [9, 20]], interpolated_positions=[23, 24, 25, 26, 27], qkv_pruned=141
Tricks: autoregressive greedy decoding, weights from checkpoint

  Progress: 1000/10010 (996/1000 correct) [4.4s]
  Progress: 2000/10010 (1996/2000 correct) [8.9s]
  Progress: 3000/10010 (2995/3000 correct) [13.3s]
  Progress: 4000/10010 (3995/4000 correct) [17.8s]
  Progress: 5000/10010 (4994/5000 correct) [22.2s]
  Progress: 6000/10010 (5990/6000 correct) [26.6s]
  Progress: 7000/10010 (6990/7000 correct) [31.1s]
  Progress: 8000/10010 (7987/8000 correct) [35.5s]
  Progress: 9000/10010 (8983/9000 correct) [39.9s]
  Progress: 10000/10010 (9981/10000 correct) [44.3s]

Results: 9991/10010 correct (99.81%)
Time: 44.3s (226 additions/sec)
Status: QUALIFIED (threshold: 99%)

Failures (19):
  7829306287 + 1024919386 = 8854225673, got 8844225673
  2540728468 + 2766259025 = 5306987493, got 4306987493
  8261688289 + 8707679052 = 16969367341, got 17969367341
  8451671660 + 8219874762 = 16671546422, got 17671546422
  3029838603 + 4424373860 = 7454212463, got 7444212463
  2988172828 + 2822699399 = 5810872227, got 4810872227
  4204529550 + 296440191 = 4500969741, got 4400969741
  7295822456 + 4296380992 = 11592203448, got 11492203448
  2828982940 + 2171822219 = 5000805159, got 4000805159
  2597748763 + 2430595917 = 5028344680, got 4028344680
  2796828290 + 2206270606 = 5003098896, got 4003098896
  8759742406 + 8209644900 = 16969387306, got 17969387306
  2561962598 + 2448131904 = 5010094502, got 4010094502
  8221226107 + 8352380936 = 16573607043, got 17573607043
  727175643 + 6327422462 = 7054598105, got 7044598105
  2540637875 + 2906523052 = 5447160927, got 4447160927
  2544951434 + 2456781784 = 5001733218, got 4001733218
  8413443535 + 8271002098 = 16684445633, got 17684445633
  2068770581 + 2967666774 = 5036437355, got 4036437355
