Model: RL4RL Autoresearch candidate
Author: configured in run manifest
Parameters (unique): 2592
Architecture: decoder-only addition transformer d=16, h=2, L=2, ff=15
Tricks: autoregressive greedy decoding, weights from checkpoint

  Progress: 1000/10010 (0/1000 correct) [5.8s]
  Progress: 2000/10010 (0/2000 correct) [11.6s]
  Progress: 3000/10010 (0/3000 correct) [17.2s]
  Progress: 4000/10010 (0/4000 correct) [23.0s]
  Progress: 5000/10010 (0/5000 correct) [28.7s]
  Progress: 6000/10010 (0/6000 correct) [34.4s]
  Progress: 7000/10010 (0/7000 correct) [40.1s]
  Progress: 8000/10010 (0/8000 correct) [45.8s]
  Progress: 9000/10010 (0/9000 correct) [51.4s]
  Progress: 10000/10010 (0/10000 correct) [57.1s]

Results: 0/10010 correct (0.00%)
Time: 57.2s (175 additions/sec)
Status: NOT QUALIFIED (threshold: 99%)

First 20 failures (of 10010):
  0 + 0 = 0, got 99090900
  0 + 1 = 1, got 99090901
  9999999999 + 0 = 9999999999, got 1121112112
  9999999999 + 1 = 10000000000, got 1121111204
  9999999999 + 9999999999 = 19999999998, got 97777777777
  5000000000 + 5000000000 = 10000000000, got 99909010
  1111111111 + 8888888889 = 10000000000, got 3335453324
  1234567890 + 9876543210 = 11111111100, got 7700008630
  9999999999 + 9999999999 = 19999999998, got 97777777777
  1 + 9999999999 = 10000000000, got 1121111204
  2395527356 + 9334186774 = 11729714130, got 7700775000
  4296888873 + 8475224721 = 12772113594, got 661000564
  2446880696 + 4577514554 = 7024395250, got 7005546100
  1721735679 + 186192860 = 1907928539, got 577707552
  3295396137 + 8512642381 = 11808038518, got 7778007674
  4721664841 + 8801376086 = 13523040927, got 10514050307
  8709633390 + 2191376109 = 10901009499, got 6587000512
  813236058 + 3041824170 = 3855060228, got 3146770302
  7038162399 + 8251837442 = 15289999841, got 15377708807
  3917771074 + 2558389380 = 6476160454, got 7066063454
