Model: 2,861 parameters
Config: d=13, h=1, L=2, ff=20
Device: mps

Training for 45000 steps...
  step   500 | loss 1.539878 | lr 0.001000 | 0.2min
  step  1000 | loss 1.377578 | lr 0.000999 | 0.3min
  VAL 0.00%
  step  1500 | loss 1.352201 | lr 0.000998 | 0.4min
  step  2000 | loss 1.395356 | lr 0.000997 | 0.6min
  VAL 0.00%
  step  2500 | loss 1.379829 | lr 0.000995 | 0.7min
  step  3000 | loss 1.312640 | lr 0.000992 | 0.9min
  VAL 0.00%
  step  3500 | loss 1.325704 | lr 0.000989 | 1.0min
  step  4000 | loss 1.312244 | lr 0.000985 | 1.1min
  VAL 0.00%
  step  4500 | loss 1.221227 | lr 0.000981 | 1.3min
  step  5000 | loss 1.227833 | lr 0.000976 | 1.4min
  VAL 0.00%
  step  5500 | loss 1.081142 | lr 0.000970 | 1.5min
  step  6000 | loss 0.566204 | lr 0.000964 | 1.7min
  VAL 0.20%
  step  6500 | loss 0.342929 | lr 0.000958 | 1.8min
  step  7000 | loss 0.316266 | lr 0.000951 | 1.9min
  VAL 18.95%
  step  7500 | loss 0.274941 | lr 0.000944 | 2.1min
  step  8000 | loss 0.233281 | lr 0.000936 | 2.2min
  VAL 29.85%
  step  8500 | loss 0.208788 | lr 0.000927 | 2.3min
  step  9000 | loss 0.202433 | lr 0.000918 | 2.5min
  VAL 43.85%
  step  9500 | loss 0.195503 | lr 0.000909 | 2.6min
  step 10000 | loss 0.176306 | lr 0.000899 | 2.7min
  VAL 49.00%
  step 10500 | loss 0.166414 | lr 0.000889 | 2.9min
  step 11000 | loss 0.151734 | lr 0.000879 | 3.0min
  VAL 55.30%
  step 11500 | loss 0.150083 | lr 0.000868 | 3.2min
  step 12000 | loss 0.139634 | lr 0.000856 | 3.3min
  VAL 62.65%
  step 12500 | loss 0.149225 | lr 0.000844 | 3.5min
  step 13000 | loss 0.139468 | lr 0.000832 | 3.6min
  VAL 65.50%
  step 13500 | loss 0.130175 | lr 0.000820 | 3.7min
  step 14000 | loss 0.132584 | lr 0.000807 | 3.9min
  VAL 54.20%
  step 14500 | loss 0.128460 | lr 0.000794 | 4.0min
  step 15000 | loss 0.122587 | lr 0.000780 | 4.2min
  VAL 67.70%
  step 15500 | loss 0.117289 | lr 0.000767 | 4.3min
  step 16000 | loss 0.134886 | lr 0.000753 | 4.4min
  VAL 56.55%
  step 16500 | loss 0.116081 | lr 0.000739 | 4.6min
  step 17000 | loss 0.123978 | lr 0.000724 | 4.7min
  VAL 69.15%
  step 17500 | loss 0.109826 | lr 0.000709 | 4.9min
  step 18000 | loss 0.109542 | lr 0.000694 | 5.0min
  VAL 72.80%
  step 18500 | loss 0.108368 | lr 0.000679 | 5.1min
  step 19000 | loss 0.110887 | lr 0.000664 | 5.3min
  VAL 71.35%
  step 19500 | loss 0.108655 | lr 0.000649 | 5.4min
  step 20000 | loss 0.100119 | lr 0.000633 | 5.6min
  VAL 74.25%
  step 20500 | loss 0.101395 | lr 0.000618 | 5.8min
  step 21000 | loss 0.105225 | lr 0.000602 | 5.9min
  VAL 75.55%
  step 21500 | loss 0.094256 | lr 0.000586 | 6.0min
  step 22000 | loss 0.089858 | lr 0.000571 | 6.1min
  VAL 83.70%
  step 22500 | loss 0.091291 | lr 0.000555 | 6.3min
  step 23000 | loss 0.087967 | lr 0.000539 | 6.4min
  VAL 78.90%
  step 23500 | loss 0.087496 | lr 0.000523 | 6.6min
  step 24000 | loss 0.094374 | lr 0.000507 | 6.7min
  VAL 78.20%
  step 24500 | loss 0.092331 | lr 0.000492 | 6.9min
  step 25000 | loss 0.087210 | lr 0.000476 | 7.0min
  VAL 81.70%
  step 25500 | loss 0.077925 | lr 0.000460 | 7.1min
  step 26000 | loss 0.081742 | lr 0.000445 | 7.2min
  VAL 83.00%
  step 26500 | loss 0.082878 | lr 0.000430 | 7.4min
  step 27000 | loss 0.077244 | lr 0.000415 | 7.5min
  VAL 77.55%
  step 27500 | loss 0.073234 | lr 0.000400 | 7.7min
  step 28000 | loss 0.072269 | lr 0.000385 | 7.8min
  VAL 79.80%
  step 28500 | loss 0.072335 | lr 0.000370 | 8.0min
  step 29000 | loss 0.067208 | lr 0.000356 | 8.1min
  VAL 79.65%
  step 29500 | loss 0.069203 | lr 0.000342 | 8.3min
  step 30000 | loss 0.063490 | lr 0.000328 | 8.4min
  VAL 76.30%
  step 30500 | loss 0.063448 | lr 0.000314 | 8.5min
  step 31000 | loss 0.066274 | lr 0.000301 | 8.6min
  VAL 76.65%
  step 31500 | loss 0.063262 | lr 0.000288 | 8.8min
  step 32000 | loss 0.060991 | lr 0.000275 | 8.9min
  VAL 77.85%
  step 32500 | loss 0.059690 | lr 0.000263 | 9.1min
  step 33000 | loss 0.058784 | lr 0.000251 | 9.2min
  VAL 77.25%
  step 33500 | loss 0.058072 | lr 0.000239 | 9.4min
  step 34000 | loss 0.054985 | lr 0.000228 | 9.5min
  VAL 77.10%
  step 34500 | loss 0.054236 | lr 0.000217 | 9.6min
  step 35000 | loss 0.051367 | lr 0.000207 | 9.8min
  VAL 75.70%
  step 35500 | loss 0.050726 | lr 0.000197 | 9.9min
  step 36000 | loss 0.052843 | lr 0.000187 | 10.0min
  VAL 75.60%
  step 36500 | loss 0.053159 | lr 0.000178 | 10.2min
  step 37000 | loss 0.049429 | lr 0.000169 | 10.3min
  VAL 74.60%
  step 37500 | loss 0.048213 | lr 0.000161 | 10.5min
  step 38000 | loss 0.048466 | lr 0.000153 | 10.6min
  VAL 76.15%
  step 38500 | loss 0.049926 | lr 0.000146 | 10.7min
  step 39000 | loss 0.046701 | lr 0.000139 | 10.8min
  VAL 74.00%
  step 39500 | loss 0.049158 | lr 0.000133 | 11.0min
  step 40000 | loss 0.048356 | lr 0.000128 | 11.1min
  VAL 75.10%
  step 40500 | loss 0.046726 | lr 0.000122 | 11.2min
  step 41000 | loss 0.042175 | lr 0.000118 | 11.4min
  VAL 74.25%
  step 41500 | loss 0.044674 | lr 0.000114 | 11.5min
  step 42000 | loss 0.040549 | lr 0.000110 | 11.7min
  VAL 74.40%
  step 42500 | loss 0.043770 | lr 0.000107 | 11.8min
  step 43000 | loss 0.042668 | lr 0.000104 | 11.9min
  VAL 74.15%
  step 43500 | loss 0.041710 | lr 0.000102 | 12.0min
  step 44000 | loss 0.044754 | lr 0.000101 | 12.2min
  VAL 73.60%
  step 44500 | loss 0.038035 | lr 0.000100 | 12.3min
  step 45000 | loss 0.042007 | lr 0.000100 | 12.4min
  VAL 72.70%

Training complete in 12.5 minutes
Best test accuracy: 0.0000%
