Initialized from retained incumbent: /Users/utshaho/Documents/GitHub/rl4rl/data/raw/autoresearch/sol-xhigh-overnight-20260814/state/incumbent.pt
Model: 3,776 parameters
Config: d=16, h=2, L=2, ff=12
Device: mps

INITIAL VAL 0.00%

Fine-tuning for up to 10000 steps...
  step   500 | loss 0.225074 | lr 0.000100 | 0.2min
  VAL 4.20%
  step  1000 | loss 0.013096 | lr 0.000099 | 0.3min
  VAL 69.40%
  step  1500 | loss 0.002495 | lr 0.000096 | 0.4min
  VAL 91.40%
  step  2000 | loss 0.000608 | lr 0.000093 | 0.5min
  VAL 97.90%
  step  2500 | loss 0.000372 | lr 0.000088 | 0.6min
  VAL 97.15%
  step  3000 | loss 0.000079 | lr 0.000082 | 0.8min
  VAL 99.90%
  TEST 99.8900%
  *** New best: 99.8900% ***
  step  3500 | loss 0.000077 | lr 0.000075 | 0.9min
  VAL 99.85%
  TEST 99.9600%
  *** New best: 99.9600% ***
  step  4000 | loss 0.000045 | lr 0.000068 | 1.1min
  VAL 99.95%
  TEST 99.9800%
  *** New best: 99.9800% ***
  step  4500 | loss 0.000041 | lr 0.000060 | 1.3min
  VAL 99.95%
  TEST 99.9400%
  step  5000 | loss 0.000032 | lr 0.000052 | 1.4min
  VAL 100.00%
  TEST 99.9600%
  step  5500 | loss 0.000023 | lr 0.000044 | 1.6min
  VAL 100.00%
  TEST 99.9900%
  *** New best: 99.9900% ***
  step  6000 | loss 0.000017 | lr 0.000036 | 1.8min
  VAL 99.95%
  TEST 99.9800%
  step  6500 | loss 0.000017 | lr 0.000029 | 1.9min
  VAL 99.95%
  TEST 99.9900%
  step  7000 | loss 0.000015 | lr 0.000022 | 2.1min
  VAL 100.00%
  TEST 99.9900%
  step  7500 | loss 0.000013 | lr 0.000016 | 2.3min
  VAL 100.00%
  TEST 100.0000%
  *** New best: 100.0000% ***
Fine-tuned candidate reached the early-stop target.
