Model: RL4RL Autoresearch candidate
Author: configured in run manifest
Parameters (unique): 1900
Architecture: decoder-only addition transformer d=16, h=2, L=2, ff=10, block1_ff=8, fixed_separators=True, tied_position_pairs=[[4, 15], [7, 18], [5, 16], [3, 14], [2, 13], [8, 19], [6, 17], [1, 12], [0, 11], [9, 20]], interpolated_positions=[23, 24, 25, 26, 27], qkv_pruned=148
Tricks: autoregressive greedy decoding, weights from checkpoint

  Progress: 1000/10010 (1000/1000 correct) [4.4s]
  Progress: 2000/10010 (2000/2000 correct) [8.8s]
  Progress: 3000/10010 (2998/3000 correct) [13.2s]
  Progress: 4000/10010 (3997/4000 correct) [17.6s]
  Progress: 5000/10010 (4996/5000 correct) [22.0s]
  Progress: 6000/10010 (5993/6000 correct) [26.4s]
  Progress: 7000/10010 (6993/7000 correct) [30.8s]
  Progress: 8000/10010 (7992/8000 correct) [35.2s]
  Progress: 9000/10010 (8990/9000 correct) [39.6s]
  Progress: 10000/10010 (9989/10000 correct) [44.1s]

Results: 9999/10010 correct (99.89%)
Time: 44.1s (227 additions/sec)
Status: QUALIFIED (threshold: 99%)

Failures (11):
  9278473654 + 9413599947 = 18692073601, got 19692073601
  5254066650 + 9287720511 = 14541787161, got 14441787161
  6258014553 + 8283570450 = 14541585003, got 14441585003
  9402679499 + 9293095411 = 18695774910, got 19695774910
  4204529550 + 296440191 = 4500969741, got 4400969741
  7295822456 + 4296380992 = 11592203448, got 11492203448
  2828982940 + 2171822219 = 5000805159, got 4000805159
  2561962598 + 2448131904 = 5010094502, got 4010094502
  9201756155 + 9771972022 = 18973728177, got 19973728177
  2544951434 + 2456781784 = 5001733218, got 4001733218
  2068770581 + 2967666774 = 5036437355, got 4036437355
