Model: 2,578 parameters
Config: d=14, h=2, L=2, ff=19
Device: mps

Training for 75000 steps...
  step   500 | loss 1.856509 | lr 0.001000 | 0.2min
  step  1000 | loss 1.336493 | lr 0.000999 | 0.3min
  VAL 0.00%
  step  1500 | loss 1.354549 | lr 0.000998 | 0.4min
  step  2000 | loss 1.358416 | lr 0.000997 | 0.6min
  VAL 0.00%
  step  2500 | loss 1.332854 | lr 0.000995 | 0.7min
  step  3000 | loss 1.335883 | lr 0.000992 | 0.9min
  VAL 0.00%
  step  3500 | loss 1.377350 | lr 0.000989 | 1.0min
  step  4000 | loss 1.273526 | lr 0.000985 | 1.1min
  VAL 0.00%
  step  4500 | loss 1.194645 | lr 0.000981 | 1.3min
  step  5000 | loss 1.041255 | lr 0.000976 | 1.4min
  VAL 0.00%
  step  5500 | loss 0.779015 | lr 0.000970 | 1.6min
  step  6000 | loss 0.636388 | lr 0.000964 | 1.7min
  VAL 0.25%
  step  6500 | loss 0.584008 | lr 0.000958 | 1.9min
  step  7000 | loss 0.523542 | lr 0.000951 | 2.0min
  VAL 3.95%
  step  7500 | loss 0.474218 | lr 0.000944 | 2.1min
  step  8000 | loss 0.455763 | lr 0.000936 | 2.3min
  VAL 18.15%
  step  8500 | loss 0.413547 | lr 0.000927 | 2.4min
  step  9000 | loss 0.376188 | lr 0.000918 | 2.5min
  VAL 33.35%
  step  9500 | loss 0.345459 | lr 0.000909 | 2.7min
  step 10000 | loss 0.326290 | lr 0.000899 | 2.8min
  VAL 45.85%
  step 10500 | loss 0.307483 | lr 0.000889 | 4.6min
  step 11000 | loss 0.283718 | lr 0.000879 | 4.8min
  VAL 74.30%
  step 11500 | loss 0.281722 | lr 0.000868 | 5.0min
  step 12000 | loss 0.246340 | lr 0.000856 | 5.2min
  VAL 78.40%
  step 12500 | loss 0.254535 | lr 0.000844 | 5.3min
  step 13000 | loss 0.246785 | lr 0.000832 | 5.5min
  VAL 85.30%
  step 13500 | loss 0.233317 | lr 0.000820 | 5.6min
  step 14000 | loss 0.217195 | lr 0.000807 | 5.7min
  VAL 88.00%
  step 14500 | loss 0.228588 | lr 0.000794 | 5.8min
  step 15000 | loss 0.230098 | lr 0.000780 | 6.0min
  VAL 83.90%
  step 15500 | loss 0.215588 | lr 0.000767 | 6.1min
  step 16000 | loss 0.216804 | lr 0.000753 | 6.2min
  VAL 87.70%
  step 16500 | loss 0.215220 | lr 0.000739 | 6.3min
  step 17000 | loss 0.207187 | lr 0.000724 | 6.4min
  VAL 87.45%
  step 17500 | loss 0.204408 | lr 0.000709 | 6.6min
  step 18000 | loss 0.205781 | lr 0.000694 | 6.7min
  VAL 89.70%
  step 18500 | loss 0.209232 | lr 0.000679 | 6.8min
  step 19000 | loss 0.204689 | lr 0.000664 | 6.9min
  VAL 90.05%
  step 19500 | loss 0.197342 | lr 0.000649 | 7.1min
  step 20000 | loss 0.200402 | lr 0.000633 | 7.2min
  VAL 88.65%
  step 20500 | loss 0.194999 | lr 0.000618 | 7.3min
  step 21000 | loss 0.185152 | lr 0.000602 | 7.4min
  VAL 90.05%
  step 21500 | loss 0.197400 | lr 0.000586 | 7.6min
  step 22000 | loss 0.195772 | lr 0.000571 | 7.7min
  VAL 91.00%
  step 22500 | loss 0.192347 | lr 0.000555 | 7.8min
  step 23000 | loss 0.192947 | lr 0.000539 | 7.9min
  VAL 91.80%
  step 23500 | loss 0.187471 | lr 0.000523 | 8.0min
  step 24000 | loss 0.180347 | lr 0.000507 | 8.1min
  VAL 94.25%
  step 24500 | loss 0.184304 | lr 0.000492 | 8.3min
  step 25000 | loss 0.176631 | lr 0.000476 | 8.4min
  VAL 93.40%
  step 25500 | loss 0.169366 | lr 0.000460 | 8.5min
  step 26000 | loss 0.175668 | lr 0.000445 | 8.6min
  VAL 94.85%
  step 26500 | loss 0.181748 | lr 0.000430 | 8.7min
  step 27000 | loss 0.173853 | lr 0.000415 | 8.8min
  VAL 93.70%
  step 27500 | loss 0.188653 | lr 0.000400 | 9.0min
  step 28000 | loss 0.169266 | lr 0.000385 | 9.1min
  VAL 95.20%
  step 28500 | loss 0.167741 | lr 0.000370 | 9.2min
  step 29000 | loss 0.165130 | lr 0.000356 | 9.3min
  VAL 94.80%
  step 29500 | loss 0.161005 | lr 0.000342 | 9.5min
  step 30000 | loss 0.159087 | lr 0.000328 | 9.6min
  VAL 95.30%
  step 30500 | loss 0.158280 | lr 0.000314 | 9.7min
  step 31000 | loss 0.155582 | lr 0.000301 | 9.8min
  VAL 94.45%
  step 31500 | loss 0.158238 | lr 0.000288 | 9.9min
  step 32000 | loss 0.150873 | lr 0.000275 | 10.0min
  VAL 95.30%
  step 32500 | loss 0.147339 | lr 0.000263 | 10.2min
  step 33000 | loss 0.144885 | lr 0.000251 | 10.3min
  VAL 96.20%
  step 33500 | loss 0.146143 | lr 0.000239 | 10.4min
  step 34000 | loss 0.141730 | lr 0.000228 | 10.5min
  VAL 96.05%
  step 34500 | loss 0.139972 | lr 0.000217 | 10.6min
  step 35000 | loss 0.137080 | lr 0.000207 | 10.7min
  VAL 96.40%
  step 35500 | loss 0.137352 | lr 0.000197 | 10.9min
  step 36000 | loss 0.130645 | lr 0.000187 | 11.0min
  VAL 96.50%
  step 36500 | loss 0.133807 | lr 0.000178 | 11.1min
  step 37000 | loss 0.132157 | lr 0.000169 | 11.2min
  VAL 95.85%
  step 37500 | loss 0.124887 | lr 0.000161 | 11.3min
  step 38000 | loss 0.127163 | lr 0.000153 | 11.4min
  VAL 97.10%
  step 38500 | loss 0.125919 | lr 0.000146 | 11.6min
  step 39000 | loss 0.127594 | lr 0.000139 | 11.7min
  VAL 97.50%
  step 39500 | loss 0.123416 | lr 0.000133 | 11.8min
  step 40000 | loss 0.121662 | lr 0.000128 | 11.9min
  VAL 97.25%
  step 40500 | loss 0.123554 | lr 0.000122 | 12.0min
  step 41000 | loss 0.116615 | lr 0.000118 | 12.2min
  VAL 96.95%
  step 41500 | loss 0.117216 | lr 0.000114 | 12.3min
  step 42000 | loss 0.114001 | lr 0.000110 | 12.5min
  VAL 97.35%
  step 42500 | loss 0.116525 | lr 0.000107 | 12.6min
  step 43000 | loss 0.116634 | lr 0.000104 | 12.7min
  VAL 98.15%
  step 43500 | loss 0.113705 | lr 0.000102 | 12.9min
  step 44000 | loss 0.114054 | lr 0.000101 | 13.0min
  VAL 97.85%
  step 44500 | loss 0.113601 | lr 0.000100 | 13.1min
  step 45000 | loss 0.109421 | lr 0.000100 | 13.2min
  VAL 98.05%
  step 45500 | loss 0.113203 | lr 0.000100 | 13.3min
  step 46000 | loss 0.107776 | lr 0.000100 | 13.5min
  VAL 98.30%
  step 46500 | loss 0.107464 | lr 0.000100 | 13.6min
  step 47000 | loss 0.108411 | lr 0.000100 | 13.7min
  VAL 98.20%
  step 47500 | loss 0.107254 | lr 0.000100 | 13.8min
  step 48000 | loss 0.107687 | lr 0.000100 | 14.0min
  VAL 97.40%
  step 48500 | loss 0.107601 | lr 0.000100 | 14.1min
  step 49000 | loss 0.106520 | lr 0.000100 | 14.2min
  VAL 98.40%
  step 49500 | loss 0.106010 | lr 0.000100 | 14.3min
  step 50000 | loss 0.108096 | lr 0.000100 | 14.4min
  VAL 98.45%
  step 50500 | loss 0.103890 | lr 0.000100 | 14.5min
  step 51000 | loss 0.103957 | lr 0.000100 | 14.7min
  VAL 98.10%
  step 51500 | loss 0.103928 | lr 0.000100 | 14.8min
  step 52000 | loss 0.102269 | lr 0.000100 | 14.9min
  VAL 98.60%
  step 52500 | loss 0.104435 | lr 0.000100 | 15.0min
  step 53000 | loss 0.105440 | lr 0.000100 | 15.2min
  VAL 98.60%
  step 53500 | loss 0.103707 | lr 0.000100 | 15.3min
  step 54000 | loss 0.102415 | lr 0.000100 | 15.4min
  VAL 98.70%
  step 54500 | loss 0.105767 | lr 0.000100 | 15.5min
  step 55000 | loss 0.101602 | lr 0.000100 | 15.6min
  VAL 99.25%
  TEST 99.3200%
  *** New best: 99.3200% ***
  step 55500 | loss 0.101203 | lr 0.000100 | 15.8min
  step 56000 | loss 0.105810 | lr 0.000100 | 16.0min
  VAL 98.95%
  step 56500 | loss 0.100834 | lr 0.000100 | 16.1min
  step 57000 | loss 0.102175 | lr 0.000100 | 16.2min
  VAL 99.10%
  TEST 99.2300%
  step 57500 | loss 0.102623 | lr 0.000100 | 16.4min
  step 58000 | loss 0.102801 | lr 0.000100 | 16.5min
  VAL 98.80%
  step 58500 | loss 0.106643 | lr 0.000100 | 16.6min
  step 59000 | loss 0.101288 | lr 0.000100 | 16.8min
  VAL 98.70%
  step 59500 | loss 0.102177 | lr 0.000100 | 16.9min
  step 60000 | loss 0.104979 | lr 0.000100 | 17.0min
  VAL 98.20%
  step 60500 | loss 0.101485 | lr 0.000100 | 17.1min
  step 61000 | loss 0.103666 | lr 0.000100 | 17.2min
  VAL 99.55%
  TEST 99.4300%
  *** New best: 99.4300% ***
  step 61500 | loss 0.102769 | lr 0.000100 | 17.4min
  step 62000 | loss 0.103694 | lr 0.000100 | 17.5min
  VAL 99.25%
  TEST 99.3300%
  step 62500 | loss 0.101928 | lr 0.000100 | 17.7min
  step 63000 | loss 0.103301 | lr 0.000100 | 17.8min
  VAL 98.70%
  step 63500 | loss 0.105162 | lr 0.000100 | 17.9min
  step 64000 | loss 0.102054 | lr 0.000100 | 18.0min
  VAL 99.65%
  TEST 99.3600%
  step 64500 | loss 0.105004 | lr 0.000100 | 18.3min
  step 65000 | loss 0.101999 | lr 0.000100 | 18.4min
  VAL 99.45%
  TEST 99.2900%
  step 65500 | loss 0.107749 | lr 0.000100 | 18.5min
  step 66000 | loss 0.102111 | lr 0.000100 | 18.6min
  VAL 99.55%
  TEST 99.2900%
  step 66500 | loss 0.105779 | lr 0.000100 | 18.8min
  step 67000 | loss 0.105364 | lr 0.000100 | 18.9min
  VAL 99.10%
  TEST 99.1300%
  step 67500 | loss 0.102343 | lr 0.000100 | 19.1min
  step 68000 | loss 0.104121 | lr 0.000100 | 19.2min
  VAL 99.20%
  TEST 99.2600%
  step 68500 | loss 0.102541 | lr 0.000100 | 19.4min
  step 69000 | loss 0.103497 | lr 0.000100 | 19.5min
  VAL 99.00%
  TEST 99.0400%
  step 69500 | loss 0.106080 | lr 0.000100 | 19.7min
  step 70000 | loss 0.116360 | lr 0.000100 | 19.8min
  VAL 98.60%
  step 70500 | loss 0.106256 | lr 0.000100 | 19.9min
  step 71000 | loss 0.105943 | lr 0.000100 | 20.0min
  VAL 98.45%
  step 71500 | loss 0.106850 | lr 0.000100 | 20.2min
  step 72000 | loss 0.104127 | lr 0.000100 | 20.3min
  VAL 99.50%
  TEST 99.2600%
  step 72500 | loss 0.107145 | lr 0.000100 | 20.4min
  step 73000 | loss 0.107002 | lr 0.000100 | 20.5min
  VAL 99.60%
  TEST 99.2200%
  step 73500 | loss 0.104710 | lr 0.000100 | 20.7min
  step 74000 | loss 0.106723 | lr 0.000100 | 20.8min
  VAL 99.55%
  TEST 99.4900%
  *** New best: 99.4900% ***
  step 74500 | loss 0.106782 | lr 0.000100 | 21.0min
  step 75000 | loss 0.107936 | lr 0.000100 | 21.1min
  VAL 99.55%
  TEST 99.4700%

Training complete in 21.2 minutes
Best test accuracy: 99.4900%
