Model: RL4RL Autoresearch candidate
Author: configured in run manifest
Parameters (unique): 2578
Architecture: decoder-only addition transformer d=14, h=2, L=2, ff=19, position_rank=3, tie_norms_across_layers=True, tie_attn_output_across_layers=True, head_local_output=True, tie_final_norm_to_pre_norm=True, no_norm_bias=True, factorized_positions=True, token_rank=4
Tricks: autoregressive greedy decoding, weights from checkpoint

  Progress: 1000/10010 (991/1000 correct) [7.3s]
  Progress: 2000/10010 (1983/2000 correct) [14.7s]
  Progress: 3000/10010 (2969/3000 correct) [21.8s]
  Progress: 4000/10010 (3964/4000 correct) [29.0s]
  Progress: 5000/10010 (4957/5000 correct) [36.2s]
  Progress: 6000/10010 (5945/6000 correct) [43.4s]
  Progress: 7000/10010 (6936/7000 correct) [50.7s]
  Progress: 8000/10010 (7929/8000 correct) [58.0s]
  Progress: 9000/10010 (8919/9000 correct) [65.4s]
  Progress: 10000/10010 (9911/10000 correct) [72.6s]

Results: 9921/10010 correct (99.11%)
Time: 72.7s (138 additions/sec)
Status: QUALIFIED (threshold: 99%)

First 20 failures (of 89):
  9999999999 + 9999999999 = 19999999998, got 8999999898
  9999999999 + 9999999999 = 19999999998, got 8999999898
  1 + 9999999999 = 10000000000, got 0
  9773982893 + 9769054290 = 19543037183, got 18543037183
  9894721768 + 9867080840 = 19761802608, got 18761802608
  7198425431 + 9230361473 = 16428786904, got 26428786904
  9527466102 + 8003103222 = 17530569324, got 27530569324
  9832152995 + 7312179995 = 17144332990, got 17144332890
  9727246114 + 8703142341 = 18430388455, got 28430388455
  9601140559 + 9688860108 = 19290000667, got 9290000667
  9463381177 + 9696657759 = 19160038936, got 9160038936
  9712318945 + 9323722442 = 19036041387, got 29036041387
  7013753172 + 9804023381 = 16817776553, got 26817776553
  8892399979 + 7764589558 = 16656989537, got 6656989537
  9736225960 + 9667182777 = 19403408737, got 18403408737
  9761227921 + 9476325973 = 19237553894, got 29237553894
  9081659111 + 9043816252 = 18125475363, got 28125475363
  7042638063 + 9454172300 = 16496810363, got 26496810363
  9386157601 + 9524346701 = 18910504302, got 28910504302
  9203467253 + 7593558011 = 16797025264, got 26797025264
