Model: RL4RL Autoresearch candidate
Author: configured in run manifest
Parameters (unique): 1657
Architecture: decoder-only addition transformer d=16, h=2, L=2, ff=16
Tricks: autoregressive greedy decoding, weights from checkpoint

  Progress: 1000/10010 (0/1000 correct) [6.9s]
  Progress: 2000/10010 (0/2000 correct) [13.8s]
  Progress: 3000/10010 (0/3000 correct) [20.9s]
  Progress: 4000/10010 (0/4000 correct) [28.1s]
  Progress: 5000/10010 (0/5000 correct) [35.6s]
  Progress: 6000/10010 (0/6000 correct) [43.2s]
  Progress: 7000/10010 (0/7000 correct) [51.5s]
  Progress: 8000/10010 (0/8000 correct) [59.7s]
  Progress: 9000/10010 (0/9000 correct) [68.0s]
  Progress: 10000/10010 (0/10000 correct) [76.3s]

Results: 0/10010 correct (0.00%)
Time: 76.4s (131 additions/sec)
Status: NOT QUALIFIED (threshold: 99%)

First 20 failures (of 10010):
  0 + 0 = 0, got 3348100033
  0 + 1 = 1, got 3348100033
  9999999999 + 0 = 9999999999, got 8590011034
  9999999999 + 1 = 10000000000, got 18590011064
  9999999999 + 9999999999 = 19999999998, got 17677000976
  5000000000 + 5000000000 = 10000000000, got 9348100033
  1111111111 + 8888888889 = 10000000000, got 18680000065
  1234567890 + 9876543210 = 11111111100, got 17800112033
  9999999999 + 9999999999 = 19999999998, got 17677000976
  1 + 9999999999 = 10000000000, got 8590011035
  2395527356 + 9334186774 = 11729714130, got 13869813043
  4296888873 + 8475224721 = 12772113594, got 14862112663
  2446880696 + 4577514554 = 7024395250, got 7845300363
  1721735679 + 186192860 = 1907928539, got 4685923434
  3295396137 + 8512642381 = 11808038518, got 12788020336
  4721664841 + 8801376086 = 13523040927, got 14558020933
  8709633390 + 2191376109 = 10901009499, got 19590010334
  813236058 + 3041824170 = 3855060228, got 4558040036
  7038162399 + 8251837442 = 15289999841, got 15590010743
  3917771074 + 2558389380 = 6476160454, got 17685211363
