Model: RL4RL Autoresearch candidate
Author: configured in run manifest
Parameters (unique): 1927
Architecture: decoder-only addition transformer d=16, h=2, L=2, ff=10, block1_ff=8, fixed_separators=True, tied_position_pairs=[[4, 15], [7, 18], [5, 16], [3, 14], [2, 13], [8, 19], [6, 17], [1, 12], [0, 11], [9, 20]], interpolated_positions=[23, 24, 25, 26, 27], qkv_pruned=121
Tricks: autoregressive greedy decoding, weights from checkpoint

  Progress: 1000/10010 (999/1000 correct) [4.4s]
  Progress: 2000/10010 (1999/2000 correct) [8.9s]
  Progress: 3000/10010 (2998/3000 correct) [13.3s]
  Progress: 4000/10010 (3996/4000 correct) [17.8s]
  Progress: 5000/10010 (4995/5000 correct) [22.4s]
  Progress: 6000/10010 (5994/6000 correct) [26.9s]
  Progress: 7000/10010 (6993/7000 correct) [31.4s]
  Progress: 8000/10010 (7992/8000 correct) [35.9s]
  Progress: 9000/10010 (8990/9000 correct) [40.3s]
  Progress: 10000/10010 (9987/10000 correct) [44.8s]

Results: 9997/10010 correct (99.87%)
Time: 44.8s (223 additions/sec)
Status: QUALIFIED (threshold: 99%)

Failures (13):
  8451671660 + 8219874762 = 16671546422, got 17671546422
  9278473654 + 9413599947 = 18692073601, got 19692073601
  6034185843 + 5879550316 = 11913736159, got 10913736159
  9217700662 + 9448597295 = 18666297957, got 19666297957
  9402679499 + 9293095411 = 18695774910, got 19695774910
  2828982940 + 2171822219 = 5000805159, got 4000805159
  9360408474 + 9213913869 = 18574322343, got 19574322343
  5812383983 + 6097421408 = 11909805391, got 10909805391
  8221226107 + 8352380936 = 16573607043, got 17573607043
  9201756155 + 9771972022 = 18973728177, got 19973728177
  8413443535 + 8271002098 = 16684445633, got 17684445633
  2068770581 + 2967666774 = 5036437355, got 4036437355
  6058598929 + 5352836860 = 11411435789, got 10411435789
