Model: RL4RL Autoresearch candidate
Author: configured in run manifest
Parameters (unique): 1671
Architecture: decoder-only addition transformer d=16, h=2, L=2, ff=16
Tricks: autoregressive greedy decoding, weights from checkpoint

  Progress: 1000/10010 (542/1000 correct) [6.6s]
  Progress: 2000/10010 (1089/2000 correct) [13.1s]
  Progress: 3000/10010 (1615/3000 correct) [19.7s]
  Progress: 4000/10010 (2125/4000 correct) [26.5s]
  Progress: 5000/10010 (2649/5000 correct) [32.9s]
  Progress: 6000/10010 (3191/6000 correct) [39.6s]
  Progress: 7000/10010 (3756/7000 correct) [46.2s]
  Progress: 8000/10010 (4288/8000 correct) [52.8s]
  Progress: 9000/10010 (4797/9000 correct) [59.4s]
  Progress: 10000/10010 (5335/10000 correct) [65.9s]

Results: 5343/10010 correct (53.38%)
Time: 66.0s (152 additions/sec)
Status: NOT QUALIFIED (threshold: 99%)

First 20 failures (of 4667):
  9999999999 + 9999999999 = 19999999998, got 9999999999
  9999999999 + 9999999999 = 19999999998, got 9999999999
  2395527356 + 9334186774 = 11729714130, got 11819714130
  4296888873 + 8475224721 = 12772113594, got 12772113593
  1721735679 + 186192860 = 1907928539, got 1907918539
  3295396137 + 8512642381 = 11808038518, got 11808028518
  3917771074 + 2558389380 = 6476160454, got 6476160354
  2345623234 + 894115330 = 3239738564, got 3229738574
  5487960534 + 2479695299 = 7967655833, got 7967655822
  6870499663 + 5717384931 = 12587884594, got 12587884593
  1550659006 + 2395544933 = 3946203939, got 3946202939
  9773982893 + 9769054290 = 19543037183, got 19542037193
  883443420 + 879455072 = 1762898492, got 1761898492
  9205914615 + 3284133032 = 12490047647, got 11490047647
  980155794 + 6513138938 = 7493294732, got 7493194722
  6337327306 + 4000359568 = 10337686874, got 337786874
  9910916827 + 6473406151 = 16384322978, got 16284222978
  6944924904 + 6087255289 = 13032180193, got 13032180192
  9375177927 + 312924514 = 9688102441, got 9788102441
  5082620509 + 3547561279 = 8630181788, got 8630181789
