Model: RL4RL Autoresearch candidate
Author: configured in run manifest
Parameters (unique): 1671
Architecture: decoder-only addition transformer d=16, h=2, L=2, ff=16
Tricks: autoregressive greedy decoding, weights from checkpoint

  Progress: 1000/10010 (976/1000 correct) [7.6s]
  Progress: 2000/10010 (1964/2000 correct) [14.7s]
  Progress: 3000/10010 (2952/3000 correct) [21.4s]
  Progress: 4000/10010 (3944/4000 correct) [28.4s]
  Progress: 5000/10010 (4937/5000 correct) [35.3s]
  Progress: 6000/10010 (5929/6000 correct) [42.1s]
  Progress: 7000/10010 (6912/7000 correct) [49.0s]
  Progress: 8000/10010 (7900/8000 correct) [56.0s]
  Progress: 9000/10010 (8888/9000 correct) [63.0s]
  Progress: 10000/10010 (9878/10000 correct) [69.8s]

Results: 9888/10010 correct (98.78%)
Time: 69.9s (143 additions/sec)
Status: NOT QUALIFIED (threshold: 99%)

First 20 failures (of 122):
  6337327306 + 4000359568 = 10337686874, got 337686874
  1822866090 + 4832899953 = 6655766043, got 6555766043
  7197773205 + 9077000387 = 16274773592, got 6274773592
  6509152292 + 9209120080 = 15718272372, got 14818272372
  6785680981 + 6097908899 = 12883589880, got 13883589880
  6969938512 + 1800378914 = 8770317426, got 8670317426
  9229471617 + 9474184142 = 18703655759, got 17703655759
  9089267194 + 4171613667 = 13260880861, got 14260880861
  9802221894 + 7858087157 = 17660309051, got 17560309051
  1976493916 + 1906487771 = 3882981687, got 3782981687
  5468975900 + 1438734356 = 6907710256, got 5907710256
  2383813986 + 5194289640 = 7578103626, got 8578103626
  1875957208 + 5809047019 = 7685004227, got 7585004227
  6832437373 + 3830048430 = 10662485803, got 10562485803
  2060434325 + 4050653496 = 6111087821, got 6011087821
  7006283134 + 2075731875 = 9082015009, got 10082015009
  5909551252 + 6873659338 = 12783210590, got 12683210590
  1978347876 + 4802489172 = 6780837048, got 6680837048
  8922508953 + 8744108725 = 17666617678, got 27666617678
  9527466102 + 8003103222 = 17530569324, got 16530569324
