Initialized from retained incumbent: /Users/utshaho/Documents/GitHub/rl4rl/data/raw/autoresearch/sol-xhigh-overnight-20260814/state/incumbent.pt
Model: 2,288 parameters
Config: d=16, h=2, L=2, ff=10
Device: mps

INITIAL VAL 100.00%
INITIAL TEST 99.9600%

Fine-tuning for up to 10000 steps...
  step   500 | loss 0.125915 | lr 0.000100 | 0.2min
  VAL 99.15%
  TEST 99.1800%
  step  1000 | loss 0.126726 | lr 0.000099 | 0.3min
  VAL 99.85%
  TEST 99.8500%
  step  1500 | loss 0.122675 | lr 0.000096 | 0.4min
  VAL 100.00%
  TEST 99.9500%
  step  2000 | loss 0.124455 | lr 0.000093 | 0.6min
  VAL 99.95%
  TEST 99.7100%
  step  2500 | loss 0.122510 | lr 0.000088 | 0.7min
  VAL 99.85%
  TEST 99.9400%
  step  3000 | loss 0.124921 | lr 0.000082 | 0.9min
  VAL 99.95%
  TEST 99.9800%
  *** New best: 99.9800% ***
  step  3500 | loss 0.121466 | lr 0.000075 | 1.0min
  VAL 99.95%
  TEST 99.9800%
  step  4000 | loss 0.118902 | lr 0.000068 | 1.1min
  VAL 99.80%
  TEST 99.7400%
  step  4500 | loss 0.120380 | lr 0.000060 | 1.3min
  VAL 99.90%
  TEST 99.9200%
  step  5000 | loss 0.122078 | lr 0.000052 | 1.4min
  VAL 99.90%
  TEST 99.9700%
  step  5500 | loss 0.119114 | lr 0.000044 | 1.5min
  VAL 99.95%
  TEST 99.9600%
  step  6000 | loss 0.118166 | lr 0.000036 | 1.7min
  VAL 99.90%
  TEST 99.8800%
  step  6500 | loss 0.114367 | lr 0.000029 | 1.8min
  VAL 99.95%
  TEST 99.9600%
  step  7000 | loss 0.115085 | lr 0.000022 | 2.0min
  VAL 100.00%
  TEST 99.9800%
  step  7500 | loss 0.115287 | lr 0.000016 | 2.1min
  VAL 99.95%
  TEST 99.9400%
  step  8000 | loss 0.114107 | lr 0.000010 | 2.2min
  VAL 100.00%
  TEST 99.9900%
  *** New best: 99.9900% ***
  step  8500 | loss 0.115988 | lr 0.000006 | 2.3min
  VAL 100.00%
  TEST 99.9700%
  step  9000 | loss 0.114220 | lr 0.000003 | 2.5min
  VAL 100.00%
  TEST 99.9800%
  step  9500 | loss 0.113910 | lr 0.000001 | 2.6min
  VAL 100.00%
  TEST 99.9800%
  step 10000 | loss 0.113500 | lr 0.000000 | 2.8min
  VAL 100.00%
  TEST 99.9800%

Training complete in 2.8 minutes
Best test accuracy: 99.9900%
