Model: 2,870 parameters
Config: d=14, h=2, L=2, ff=20
Device: mps

Training for 30000 steps...
  step   500 | loss 1.476135 | lr 0.001000 | 0.1min
  step  1000 | loss 1.389724 | lr 0.000999 | 0.3min
  VAL 0.00%
  step  1500 | loss 1.405546 | lr 0.000996 | 0.4min
  step  2000 | loss 1.391387 | lr 0.000992 | 0.6min
  VAL 0.00%
  step  2500 | loss 1.368858 | lr 0.000987 | 0.7min
  step  3000 | loss 1.346597 | lr 0.000980 | 0.8min
  VAL 0.00%
  step  3500 | loss 1.327960 | lr 0.000972 | 0.9min
  step  4000 | loss 1.312917 | lr 0.000962 | 1.1min
  VAL 0.00%
  step  4500 | loss 1.308893 | lr 0.000951 | 1.2min
  step  5000 | loss 1.353113 | lr 0.000939 | 1.3min
  VAL 0.00%
  step  5500 | loss 1.287468 | lr 0.000926 | 1.4min
  step  6000 | loss 1.320376 | lr 0.000912 | 1.6min
  VAL 0.00%
  step  6500 | loss 1.272129 | lr 0.000896 | 1.7min
  step  7000 | loss 1.277887 | lr 0.000880 | 1.9min
  VAL 0.00%
  step  7500 | loss 1.226601 | lr 0.000862 | 2.0min
  step  8000 | loss 1.232298 | lr 0.000843 | 2.1min
  VAL 0.00%
  step  8500 | loss 1.217492 | lr 0.000823 | 2.2min
  step  9000 | loss 1.172484 | lr 0.000803 | 2.4min
  VAL 0.00%
  step  9500 | loss 1.130284 | lr 0.000781 | 2.5min
  step 10000 | loss 0.992503 | lr 0.000759 | 2.7min
  VAL 0.00%
  step 10500 | loss 0.615409 | lr 0.000736 | 2.8min
  step 11000 | loss 0.366210 | lr 0.000713 | 2.9min
  VAL 0.10%
  step 11500 | loss 0.291826 | lr 0.000688 | 3.0min
  step 12000 | loss 0.252627 | lr 0.000664 | 3.1min
  VAL 2.95%
  step 12500 | loss 0.228931 | lr 0.000638 | 3.3min
  step 13000 | loss 0.206256 | lr 0.000613 | 3.4min
  VAL 6.80%
  step 13500 | loss 0.189959 | lr 0.000587 | 3.5min
  step 14000 | loss 0.177190 | lr 0.000561 | 3.6min
  VAL 13.30%
  step 14500 | loss 0.169122 | lr 0.000534 | 3.8min
  step 15000 | loss 0.162319 | lr 0.000508 | 3.9min
  VAL 21.00%
  step 15500 | loss 0.157539 | lr 0.000481 | 4.1min
  step 16000 | loss 0.141123 | lr 0.000455 | 4.2min
  VAL 25.30%
  step 16500 | loss 0.142346 | lr 0.000429 | 4.3min
  step 17000 | loss 0.134747 | lr 0.000403 | 4.5min
  VAL 31.80%
  step 17500 | loss 0.139312 | lr 0.000377 | 4.6min
  step 18000 | loss 0.134135 | lr 0.000352 | 4.7min
  VAL 36.35%
  step 18500 | loss 0.123241 | lr 0.000327 | 4.9min
  step 19000 | loss 0.129060 | lr 0.000302 | 5.0min
  VAL 38.05%
  step 19500 | loss 0.126914 | lr 0.000278 | 5.1min
  step 20000 | loss 0.118066 | lr 0.000255 | 5.3min
  VAL 42.30%
  step 20500 | loss 0.109368 | lr 0.000232 | 5.4min
  step 21000 | loss 0.119410 | lr 0.000210 | 5.5min
  VAL 44.25%
  step 21500 | loss 0.106701 | lr 0.000189 | 5.6min
  step 22000 | loss 0.108658 | lr 0.000169 | 5.7min
  VAL 47.40%
  step 22500 | loss 0.105905 | lr 0.000149 | 5.9min
  step 23000 | loss 0.104326 | lr 0.000131 | 6.0min
  VAL 50.20%
  step 23500 | loss 0.101922 | lr 0.000114 | 6.1min
  step 24000 | loss 0.095789 | lr 0.000097 | 6.2min
  VAL 52.50%
  step 24500 | loss 0.098286 | lr 0.000082 | 6.4min
  step 25000 | loss 0.091379 | lr 0.000068 | 6.5min
  VAL 54.55%
  step 25500 | loss 0.092320 | lr 0.000056 | 6.7min
  step 26000 | loss 0.091280 | lr 0.000044 | 6.8min
  VAL 56.90%
  step 26500 | loss 0.087676 | lr 0.000034 | 7.0min
  step 27000 | loss 0.086270 | lr 0.000025 | 7.1min
  VAL 57.50%
  step 27500 | loss 0.086540 | lr 0.000017 | 7.2min
  step 28000 | loss 0.088491 | lr 0.000011 | 7.3min
  VAL 58.15%
  step 28500 | loss 0.082929 | lr 0.000006 | 7.5min
  step 29000 | loss 0.089362 | lr 0.000003 | 7.6min
  VAL 58.85%
  step 29500 | loss 0.083604 | lr 0.000001 | 7.7min
  step 30000 | loss 0.087108 | lr 0.000000 | 7.8min
  VAL 58.95%

Training complete in 7.8 minutes
Best test accuracy: 0.0000%
