Model: RL4RL Autoresearch candidate
Author: configured in run manifest
Parameters (unique): 1967
Architecture: decoder-only addition transformer d=16, h=2, L=2, ff=10, block1_ff=8, fixed_separators=True, tied_position_pairs=[[4, 15], [7, 18], [5, 16], [3, 14], [2, 13], [8, 19], [6, 17], [1, 12], [0, 11], [9, 20]], interpolated_positions=[23, 24, 25, 26, 27], qkv_pruned=81
Tricks: autoregressive greedy decoding, weights from checkpoint

  Progress: 1000/10010 (997/1000 correct) [4.5s]
  Progress: 2000/10010 (1991/2000 correct) [8.9s]
  Progress: 3000/10010 (2989/3000 correct) [13.4s]
  Progress: 4000/10010 (3986/4000 correct) [17.8s]
  Progress: 5000/10010 (4982/5000 correct) [22.3s]
  Progress: 6000/10010 (5978/6000 correct) [26.7s]
  Progress: 7000/10010 (6974/7000 correct) [31.1s]
  Progress: 8000/10010 (7973/8000 correct) [35.5s]
  Progress: 9000/10010 (8969/9000 correct) [39.9s]
  Progress: 10000/10010 (9965/10000 correct) [44.2s]

Results: 9975/10010 correct (99.65%)
Time: 44.3s (226 additions/sec)
Status: QUALIFIED (threshold: 99%)

First 20 failures (of 35):
  5476370042 + 4129464580 = 9605834622, got 9655834622
  1726129725 + 4679463272 = 6405592997, got 6455592997
  9949339211 + 8948002488 = 18897341699, got 18997341699
  3026730746 + 7374743427 = 10401474173, got 10451474173
  2829187707 + 4176879979 = 7006067686, got 6956067686
  2774892802 + 1826501514 = 4601394316, got 4551394316
  6026543306 + 9679448277 = 15705991583, got 15755991583
  2763076017 + 9267356007 = 12030432024, got 12530432024
  6765445328 + 1271516668 = 8036961996, got 8536961996
  976307749 + 6325056885 = 7301364634, got 7251364634
  9278473654 + 9413599947 = 18692073601, got 19692073601
  3779529643 + 9726796401 = 13506326044, got 13456326044
  2776702959 + 6924784164 = 9701487123, got 9751487123
  9217700662 + 9448597295 = 18666297957, got 19666297957
  8191852004 + 7194996854 = 15386848858, got 15396848858
  9402679499 + 9293095411 = 18695774910, got 19695774910
  5760089229 + 7278678977 = 13038768206, got 13538768206
  9964543372 + 5945248928 = 15909792300, got 16009792300
  7295822456 + 4296380992 = 11592203448, got 11492203448
  5226253041 + 1679692553 = 6905945594, got 6955945594
