Initialized from retained incumbent: /Users/utshaho/Documents/GitHub/rl4rl/data/raw/autoresearch/sol-xhigh-overnight-20260814/state/incumbent.pt
Model: 3,456 parameters
Config: d=16, h=2, L=2, ff=10
Device: mps

INITIAL VAL 99.35%
INITIAL TEST 99.4300%

Fine-tuning for up to 10000 steps...
  step   500 | loss 0.312185 | lr 0.000100 | 0.2min
  VAL 98.90%
  step  1000 | loss 0.301655 | lr 0.000099 | 0.3min
  VAL 99.50%
  TEST 99.4300%
  step  1500 | loss 0.293146 | lr 0.000096 | 0.4min
  VAL 99.50%
  TEST 99.3100%
  step  2000 | loss 0.291204 | lr 0.000093 | 0.6min
  VAL 99.45%
  TEST 99.3900%
  step  2500 | loss 0.285109 | lr 0.000088 | 0.7min
  VAL 99.50%
  TEST 99.3900%
  step  3000 | loss 0.283332 | lr 0.000082 | 0.9min
  VAL 99.75%
  TEST 99.7300%
  *** New best: 99.7300% ***
  step  3500 | loss 0.276339 | lr 0.000075 | 1.0min
  VAL 99.25%
  TEST 99.2100%
  step  4000 | loss 0.273690 | lr 0.000068 | 1.2min
  VAL 99.80%
  TEST 99.7500%
  *** New best: 99.7500% ***
  step  4500 | loss 0.265551 | lr 0.000060 | 1.3min
  VAL 99.50%
  TEST 99.5100%
  step  5000 | loss 0.263818 | lr 0.000052 | 1.5min
  VAL 98.50%
  step  5500 | loss 0.257051 | lr 0.000044 | 1.6min
  VAL 99.90%
  TEST 99.8100%
  *** New best: 99.8100% ***
  step  6000 | loss 0.256367 | lr 0.000036 | 1.7min
  VAL 99.70%
  TEST 99.7500%
  step  6500 | loss 0.259524 | lr 0.000029 | 1.9min
  VAL 99.55%
  TEST 99.4700%
  step  7000 | loss 0.253261 | lr 0.000022 | 2.0min
  VAL 99.55%
  TEST 99.6000%
  step  7500 | loss 0.253089 | lr 0.000016 | 2.2min
  VAL 99.80%
  TEST 99.7800%
  step  8000 | loss 0.251625 | lr 0.000010 | 2.3min
  VAL 99.50%
  TEST 99.6200%
  step  8500 | loss 0.246024 | lr 0.000006 | 2.5min
  VAL 99.40%
  TEST 99.3700%
  step  9000 | loss 0.250836 | lr 0.000003 | 2.6min
  VAL 99.45%
  TEST 99.4400%
  step  9500 | loss 0.248602 | lr 0.000001 | 2.8min
  VAL 99.50%
  TEST 99.4700%
  step 10000 | loss 0.243625 | lr 0.000000 | 2.9min
  VAL 99.50%
  TEST 99.5600%

Training complete in 3.0 minutes
Best test accuracy: 99.8100%
