Model: RL4RL Autoresearch candidate
Author: configured in run manifest
Parameters (unique): 3456
Architecture: decoder-only addition transformer d=16, h=2, L=2, ff=10
Tricks: autoregressive greedy decoding, weights from checkpoint

  Progress: 1000/10010 (996/1000 correct) [5.9s]
  Progress: 2000/10010 (1995/2000 correct) [11.7s]
  Progress: 3000/10010 (2995/3000 correct) [17.7s]
  Progress: 4000/10010 (3993/4000 correct) [23.6s]
  Progress: 5000/10010 (4991/5000 correct) [29.5s]
  Progress: 6000/10010 (5989/6000 correct) [35.4s]
  Progress: 7000/10010 (6989/7000 correct) [41.3s]
  Progress: 8000/10010 (7989/8000 correct) [47.2s]
  Progress: 9000/10010 (8987/9000 correct) [53.1s]
  Progress: 10000/10010 (9986/10000 correct) [58.9s]

Results: 9996/10010 correct (99.86%)
Time: 59.0s (170 additions/sec)
Status: QUALIFIED (threshold: 99%)

Failures (14):
  8423230586 + 7436298590 = 15859529176, got 10859529176
  8047531742 + 7287348858 = 15334880600, got 10334880600
  6411217581 + 4618156788 = 11029374369, got 10029374369
  9792314344 + 2116428310 = 11908742654, got 12408742654
  6926439099 + 4974186137 = 11900625236, got 10900625236
  6403342674 + 4627421652 = 11030764326, got 10030764326
  7247983992 + 8399474570 = 15647458562, got 10647458562
  6333361504 + 4685972164 = 11019333668, got 10019333668
  6777607533 + 4230213925 = 11007821458, got 10007821458
  6937848309 + 4087435228 = 11025283537, got 10025283537
  8374086283 + 7229923566 = 15604009849, got 10604009849
  3555703260 + 2314704578 = 5870407838, got 5869907838
  6131759659 + 3648708249 = 9780467908, got 9780967908
  3996170290 + 164470145 = 4160640435, got 4160690435
