Model: RL4RL Autoresearch candidate
Author: configured in run manifest
Parameters (unique): 2119
Architecture: decoder-only addition transformer d=16, h=2, L=2, ff=16
Tricks: autoregressive greedy decoding, weights from checkpoint

  Progress: 1000/10010 (979/1000 correct) [6.3s]
  Progress: 2000/10010 (1963/2000 correct) [12.3s]
  Progress: 3000/10010 (2950/3000 correct) [18.2s]
  Progress: 4000/10010 (3939/4000 correct) [24.2s]
  Progress: 5000/10010 (4931/5000 correct) [30.1s]
  Progress: 6000/10010 (5922/6000 correct) [36.2s]
  Progress: 7000/10010 (6905/7000 correct) [42.2s]
  Progress: 8000/10010 (7894/8000 correct) [48.2s]
  Progress: 9000/10010 (8878/9000 correct) [54.1s]
  Progress: 10000/10010 (9868/10000 correct) [59.9s]

Results: 9878/10010 correct (98.68%)
Time: 60.0s (167 additions/sec)
Status: NOT QUALIFIED (threshold: 99%)

First 20 failures (of 132):
  6337327306 + 4000359568 = 10337686874, got 337686874
  6728496408 + 8405949359 = 15134445767, got 14134445767
  1822866090 + 4832899953 = 6655766043, got 6555766043
  7197773205 + 9077000387 = 16274773592, got 6274773592
  6509152292 + 9209120080 = 15718272372, got 14818272372
  6969938512 + 1800378914 = 8770317426, got 8670317426
  9229471617 + 9474184142 = 18703655759, got 17703655759
  9089267194 + 4171613667 = 13260880861, got 14260880861
  9802221894 + 7858087157 = 17660309051, got 17560309051
  1976493916 + 1906487771 = 3882981687, got 3782981687
  5468975900 + 1438734356 = 6907710256, got 5907710256
  2383813986 + 5194289640 = 7578103626, got 8578103626
  6832437373 + 3830048430 = 10662485803, got 10562485803
  2060434325 + 4050653496 = 6111087821, got 6011087821
  5909551252 + 6873659338 = 12783210590, got 12683210590
  1978347876 + 4802489172 = 6780837048, got 6680837048
  9527466102 + 8003103222 = 17530569324, got 16530569324
  6180382144 + 6085150276 = 12265532420, got 12255532420
  637740923 + 5408571909 = 6046312832, got 5046312832
  8953485676 + 8712760635 = 17666246311, got 27666246311
