Model: 2,690 parameters
Config: d=14, h=2, L=2, ff=23
Device: mps

Training for 50000 steps...
  step   500 | loss 1.485197 | lr 0.001000 | 0.2min
  step  1000 | loss 1.392712 | lr 0.001000 | 0.3min
  VAL 0.00%
  step  1500 | loss 1.381241 | lr 0.000999 | 0.4min
  step  2000 | loss 1.328359 | lr 0.000997 | 0.6min
  VAL 0.00%
  step  2500 | loss 1.384804 | lr 0.000995 | 0.7min
  step  3000 | loss 1.278019 | lr 0.000993 | 0.9min
  VAL 0.00%
  step  3500 | loss 1.238210 | lr 0.000990 | 1.0min
  step  4000 | loss 1.221287 | lr 0.000986 | 1.2min
  VAL 0.00%
  step  4500 | loss 1.176148 | lr 0.000982 | 1.3min
  step  5000 | loss 0.655152 | lr 0.000978 | 1.5min
  VAL 0.00%
  step  5500 | loss 0.273626 | lr 0.000973 | 1.6min
  step  6000 | loss 0.136319 | lr 0.000968 | 1.7min
  VAL 12.90%
  step  6500 | loss 0.064825 | lr 0.000962 | 1.9min
  step  7000 | loss 0.027866 | lr 0.000956 | 2.0min
  VAL 76.25%
  step  7500 | loss 0.016587 | lr 0.000949 | 2.2min
  step  8000 | loss 0.009303 | lr 0.000942 | 2.3min
  VAL 97.25%
  step  8500 | loss 0.004509 | lr 0.000934 | 2.5min
  step  9000 | loss 0.001702 | lr 0.000926 | 2.6min
  VAL 99.85%
  TEST 99.7500%
  *** New best: 99.7500% ***
  step  9500 | loss 0.001292 | lr 0.000918 | 2.8min
  step 10000 | loss 0.001236 | lr 0.000909 | 3.0min
  VAL 99.45%
  TEST 99.5000%
  step 10500 | loss 0.000334 | lr 0.000900 | 3.1min
  step 11000 | loss 0.000993 | lr 0.000890 | 3.3min
  VAL 99.65%
  TEST 99.5300%
  step 11500 | loss 0.000803 | lr 0.000880 | 3.5min
  step 12000 | loss 0.000089 | lr 0.000869 | 3.6min
  VAL 100.00%
  TEST 100.0000%
  *** New best: 100.0000% ***
  step 12500 | loss 0.000065 | lr 0.000859 | 3.8min
  step 13000 | loss 0.000051 | lr 0.000847 | 4.0min
  VAL 100.00%
  TEST 100.0000%
  step 13500 | loss 0.000066 | lr 0.000836 | 4.2min
  step 14000 | loss 0.000026 | lr 0.000824 | 4.3min
  VAL 100.00%
  TEST 100.0000%
  step 14500 | loss 0.000140 | lr 0.000812 | 4.5min
  step 15000 | loss 0.000018 | lr 0.000799 | 4.6min
  VAL 100.00%
  TEST 100.0000%
  step 15500 | loss 0.000013 | lr 0.000786 | 4.8min
  step 16000 | loss 0.000088 | lr 0.000773 | 5.0min
  VAL 99.80%
  TEST 99.9100%
  step 16500 | loss 0.000015 | lr 0.000760 | 5.2min
  step 17000 | loss 0.000015 | lr 0.000746 | 5.3min
  VAL 100.00%
  TEST 100.0000%
  step 17500 | loss 0.000017 | lr 0.000732 | 5.5min
  step 18000 | loss 0.001603 | lr 0.000718 | 5.7min
  VAL 99.90%
  TEST 99.7800%
  step 18500 | loss 0.000011 | lr 0.000704 | 5.9min
  step 19000 | loss 0.000008 | lr 0.000690 | 6.0min
  VAL 100.00%
  TEST 100.0000%
  step 19500 | loss 0.000005 | lr 0.000675 | 6.2min
  step 20000 | loss 0.000016 | lr 0.000660 | 6.4min
  VAL 100.00%
  TEST 99.9900%
  step 20500 | loss 0.001788 | lr 0.000645 | 6.6min
  step 21000 | loss 0.000003 | lr 0.000630 | 6.7min
  VAL 100.00%
  TEST 100.0000%
  step 21500 | loss 0.000003 | lr 0.000614 | 6.9min
  step 22000 | loss 0.000003 | lr 0.000599 | 7.0min
  VAL 100.00%
  TEST 100.0000%
  step 22500 | loss 0.000003 | lr 0.000583 | 7.2min
  step 23000 | loss 0.000002 | lr 0.000568 | 7.4min
  VAL 100.00%
  TEST 100.0000%
  step 23500 | loss 0.000002 | lr 0.000552 | 7.6min
  step 24000 | loss 0.000002 | lr 0.000536 | 7.7min
  VAL 100.00%
  TEST 100.0000%
  step 24500 | loss 0.000002 | lr 0.000521 | 7.9min
  step 25000 | loss 0.000002 | lr 0.000505 | 8.1min
  VAL 100.00%
  TEST 100.0000%
  step 25500 | loss 0.000045 | lr 0.000489 | 8.3min
  step 26000 | loss 0.000001 | lr 0.000473 | 8.4min
  VAL 100.00%
  TEST 100.0000%
  step 26500 | loss 0.000030 | lr 0.000457 | 8.6min
  step 27000 | loss 0.000227 | lr 0.000442 | 8.7min
  VAL 98.90%
  step 27500 | loss 0.000001 | lr 0.000426 | 8.9min
  step 28000 | loss 0.000001 | lr 0.000410 | 9.0min
  VAL 100.00%
  TEST 100.0000%
  step 28500 | loss 0.000002 | lr 0.000395 | 9.2min
  step 29000 | loss 0.000004 | lr 0.000380 | 9.3min
  VAL 100.00%
  TEST 100.0000%
  step 29500 | loss 0.000000 | lr 0.000364 | 9.6min
  step 30000 | loss 0.000001 | lr 0.000349 | 9.7min
  VAL 100.00%
  TEST 100.0000%
  step 30500 | loss 0.000008 | lr 0.000334 | 9.9min
  step 31000 | loss 0.000000 | lr 0.000319 | 10.0min
  VAL 100.00%
  TEST 100.0000%
  step 31500 | loss 0.000001 | lr 0.000305 | 10.2min
  step 32000 | loss 0.000000 | lr 0.000290 | 10.4min
  VAL 100.00%
  TEST 100.0000%
  step 32500 | loss 0.000000 | lr 0.000276 | 10.6min
  step 33000 | loss 0.000000 | lr 0.000262 | 10.7min
  VAL 100.00%
  TEST 100.0000%
  step 33500 | loss 0.000001 | lr 0.000248 | 10.9min
  step 34000 | loss 0.000000 | lr 0.000235 | 11.0min
  VAL 100.00%
  TEST 100.0000%
  step 34500 | loss 0.000000 | lr 0.000221 | 11.2min
  step 35000 | loss 0.000024 | lr 0.000208 | 11.3min
  VAL 100.00%
  TEST 99.9400%
  step 35500 | loss 0.000000 | lr 0.000196 | 11.5min
  step 36000 | loss 0.000005 | lr 0.000183 | 11.6min
  VAL 100.00%
  TEST 100.0000%
  step 36500 | loss 0.000000 | lr 0.000171 | 11.8min
  step 37000 | loss 0.000000 | lr 0.000160 | 12.0min
  VAL 100.00%
  TEST 100.0000%
  step 37500 | loss 0.000001 | lr 0.000148 | 12.2min
  step 38000 | loss 0.000000 | lr 0.000137 | 12.3min
  VAL 100.00%
  TEST 100.0000%
  step 38500 | loss 0.000000 | lr 0.000126 | 12.5min
  step 39000 | loss 0.000000 | lr 0.000116 | 12.6min
  VAL 100.00%
  TEST 100.0000%
  step 39500 | loss 0.000000 | lr 0.000106 | 12.8min
  step 40000 | loss 0.000000 | lr 0.000097 | 12.9min
  VAL 100.00%
  TEST 100.0000%
  step 40500 | loss 0.000000 | lr 0.000087 | 13.2min
  step 41000 | loss 0.000000 | lr 0.000079 | 13.3min
  VAL 100.00%
  TEST 100.0000%
  step 41500 | loss 0.000000 | lr 0.000070 | 13.5min
  step 42000 | loss 0.000000 | lr 0.000063 | 13.6min
  VAL 100.00%
  TEST 100.0000%
  step 42500 | loss 0.000000 | lr 0.000055 | 13.8min
  step 43000 | loss 0.000000 | lr 0.000048 | 14.0min
  VAL 100.00%
  TEST 100.0000%
  step 43500 | loss 0.000000 | lr 0.000042 | 14.1min
  step 44000 | loss 0.000000 | lr 0.000036 | 14.3min
  VAL 100.00%
  TEST 100.0000%
  step 44500 | loss 0.000000 | lr 0.000030 | 14.5min
  step 45000 | loss 0.000000 | lr 0.000025 | 14.6min
  VAL 100.00%
  TEST 100.0000%
  step 45500 | loss 0.000000 | lr 0.000020 | 14.8min
  step 46000 | loss 0.000000 | lr 0.000016 | 15.0min
  VAL 100.00%
  TEST 100.0000%
  step 46500 | loss 0.000000 | lr 0.000012 | 15.2min
  step 47000 | loss 0.000000 | lr 0.000009 | 15.3min
  VAL 100.00%
  TEST 100.0000%
  step 47500 | loss 0.000000 | lr 0.000006 | 15.5min
  step 48000 | loss 0.000000 | lr 0.000004 | 15.6min
  VAL 100.00%
  TEST 100.0000%
  step 48500 | loss 0.000000 | lr 0.000002 | 15.8min
  step 49000 | loss 0.000000 | lr 0.000001 | 16.0min
  VAL 100.00%
  TEST 100.0000%
  step 49500 | loss 0.000000 | lr 0.000000 | 16.1min
  step 50000 | loss 0.000000 | lr 0.000000 | 16.3min
  VAL 100.00%
  TEST 100.0000%

Training complete in 16.3 minutes
Best test accuracy: 100.0000%
