Model: 3,712 parameters
Config: d=16, h=2, L=2, ff=19
Device: mps

Training for 30000 steps...
  step   500 | loss 1.460935 | lr 0.001000 | 0.2min
  step  1000 | loss 1.324266 | lr 0.000999 | 0.4min
  VAL 0.00%
  step  1500 | loss 1.118020 | lr 0.000996 | 0.6min
  step  2000 | loss 0.752607 | lr 0.000992 | 0.7min
  VAL 0.00%
  step  2500 | loss 0.564934 | lr 0.000987 | 0.9min
  step  3000 | loss 0.523097 | lr 0.000980 | 1.0min
  VAL 0.70%
  step  3500 | loss 0.486994 | lr 0.000972 | 1.2min
  step  4000 | loss 0.457128 | lr 0.000962 | 1.3min
  VAL 0.90%
  step  4500 | loss 0.438575 | lr 0.000951 | 1.5min
  step  5000 | loss 0.430170 | lr 0.000939 | 1.6min
  VAL 0.85%
  step  5500 | loss 0.421268 | lr 0.000926 | 1.8min
  step  6000 | loss 0.410208 | lr 0.000912 | 1.9min
  VAL 0.75%
  step  6500 | loss 0.410870 | lr 0.000896 | 2.1min
  step  7000 | loss 0.405430 | lr 0.000880 | 2.3min
  VAL 0.55%
  step  7500 | loss 0.402246 | lr 0.000862 | 2.4min
  step  8000 | loss 0.215250 | lr 0.000843 | 2.6min
  VAL 8.20%
  step  8500 | loss 0.211374 | lr 0.000823 | 2.8min
  step  9000 | loss 0.207036 | lr 0.000803 | 2.9min
  VAL 9.65%
  step  9500 | loss 0.023441 | lr 0.000781 | 3.1min
  step 10000 | loss 0.015845 | lr 0.000759 | 3.3min
  VAL 90.60%
  step 10500 | loss 0.015377 | lr 0.000736 | 3.4min
  step 11000 | loss 0.011713 | lr 0.000713 | 3.6min
  VAL 89.90%
  step 11500 | loss 0.011878 | lr 0.000688 | 3.7min
  step 12000 | loss 0.010605 | lr 0.000664 | 3.9min
  VAL 93.70%
  step 12500 | loss 0.009311 | lr 0.000638 | 4.1min
  step 13000 | loss 0.010134 | lr 0.000613 | 4.3min
  VAL 94.35%
  step 13500 | loss 0.008470 | lr 0.000587 | 4.4min
  step 14000 | loss 0.008509 | lr 0.000561 | 4.6min
  VAL 97.90%
  step 14500 | loss 0.007510 | lr 0.000534 | 4.8min
  step 15000 | loss 0.007369 | lr 0.000508 | 4.9min
  VAL 98.85%
  step 15500 | loss 0.006900 | lr 0.000481 | 5.1min
  step 16000 | loss 0.006151 | lr 0.000455 | 5.3min
  VAL 98.15%
  step 16500 | loss 0.006650 | lr 0.000429 | 5.4min
  step 17000 | loss 0.005460 | lr 0.000403 | 5.6min
  VAL 99.20%
  TEST 99.3500%
  *** New best: 99.3500% ***
  step 17500 | loss 0.005339 | lr 0.000377 | 5.8min
  step 18000 | loss 0.005620 | lr 0.000352 | 6.0min
  VAL 99.60%
  TEST 99.7800%
  *** New best: 99.7800% ***
  step 18500 | loss 0.004772 | lr 0.000327 | 6.2min
  step 19000 | loss 0.003993 | lr 0.000302 | 6.4min
  VAL 99.95%
  TEST 99.8300%
  *** New best: 99.8300% ***
  step 19500 | loss 0.004424 | lr 0.000278 | 6.6min
  step 20000 | loss 0.004261 | lr 0.000255 | 6.7min
  VAL 99.15%
  TEST 99.4600%
  step 20500 | loss 0.003837 | lr 0.000232 | 6.9min
  step 21000 | loss 0.003724 | lr 0.000210 | 7.0min
  VAL 99.80%
  TEST 99.8500%
  *** New best: 99.8500% ***
  step 21500 | loss 0.003126 | lr 0.000189 | 7.2min
  step 22000 | loss 0.003132 | lr 0.000169 | 7.4min
  VAL 99.70%
  TEST 99.8400%
  step 22500 | loss 0.002895 | lr 0.000149 | 7.6min
  step 23000 | loss 0.002833 | lr 0.000131 | 7.7min
  VAL 99.80%
  TEST 99.8900%
  *** New best: 99.8900% ***
  step 23500 | loss 0.002714 | lr 0.000114 | 7.9min
  step 24000 | loss 0.002347 | lr 0.000097 | 8.1min
  VAL 99.85%
  TEST 99.9300%
  *** New best: 99.9300% ***
  step 24500 | loss 0.002207 | lr 0.000082 | 8.3min
  step 25000 | loss 0.002143 | lr 0.000068 | 8.4min
  VAL 100.00%
  TEST 99.9900%
  *** New best: 99.9900% ***
  step 25500 | loss 0.002186 | lr 0.000056 | 8.6min
  step 26000 | loss 0.001860 | lr 0.000044 | 8.7min
  VAL 100.00%
  TEST 99.9600%
  step 26500 | loss 0.001848 | lr 0.000034 | 9.0min
  step 27000 | loss 0.001819 | lr 0.000025 | 9.1min
  VAL 100.00%
  TEST 99.9500%
  step 27500 | loss 0.001714 | lr 0.000017 | 9.3min
  step 28000 | loss 0.001827 | lr 0.000011 | 9.4min
  VAL 100.00%
  TEST 99.9900%
  step 28500 | loss 0.001796 | lr 0.000006 | 9.7min
  step 29000 | loss 0.001748 | lr 0.000003 | 9.8min
  VAL 100.00%
  TEST 99.9900%
  step 29500 | loss 0.001702 | lr 0.000001 | 10.0min
  step 30000 | loss 0.001767 | lr 0.000000 | 10.1min
  VAL 100.00%
  TEST 99.9900%

Training complete in 10.2 minutes
Best test accuracy: 99.9900%
