Model: RL4RL Autoresearch candidate
Author: configured in run manifest
Parameters (unique): 3712
Architecture: decoder-only addition transformer d=16, h=2, L=2, ff=19
Tricks: autoregressive greedy decoding, weights from checkpoint

  Progress: 1000/10010 (998/1000 correct) [10.9s]
  Progress: 2000/10010 (1998/2000 correct) [21.6s]
  Progress: 3000/10010 (2998/3000 correct) [32.1s]
  Progress: 4000/10010 (3998/4000 correct) [43.0s]
  Progress: 5000/10010 (4998/5000 correct) [53.6s]
  Progress: 6000/10010 (5996/6000 correct) [64.1s]
  Progress: 7000/10010 (6996/7000 correct) [73.6s]
  Progress: 8000/10010 (7996/8000 correct) [82.1s]
  Progress: 9000/10010 (8996/9000 correct) [90.0s]
  Progress: 10000/10010 (9996/10000 correct) [98.5s]

Results: 10006/10010 correct (99.96%)
Time: 98.6s (102 additions/sec)
Status: QUALIFIED (threshold: 99%)

Failures (4):
  9691273414 + 7213693085 = 16904966499, got 17004966499
  9008276723 + 1061168960 = 10069445683, got 69445683
  9660591088 + 6323131363 = 15983722451, got 16083722451
  1050911330 + 9098600541 = 10149511871, got 149511871
