Model: 3,136 parameters
Config: d=16, h=2, L=2, ff=16
Device: mps

Training for 30000 steps...
  step   500 | loss 1.441916 | lr 0.001000 | 0.2min
  step  1000 | loss 1.404688 | lr 0.000999 | 0.3min
  VAL 0.00%
  step  1500 | loss 1.384148 | lr 0.000996 | 0.4min
  step  2000 | loss 1.330021 | lr 0.000992 | 0.6min
  VAL 0.00%
  step  2500 | loss 1.272669 | lr 0.000987 | 0.7min
  step  3000 | loss 0.978586 | lr 0.000980 | 0.8min
  VAL 0.00%
  step  3500 | loss 0.671039 | lr 0.000972 | 0.9min
  step  4000 | loss 0.567915 | lr 0.000962 | 1.0min
  VAL 0.05%
  step  4500 | loss 0.446889 | lr 0.000951 | 1.1min
  step  5000 | loss 0.315590 | lr 0.000939 | 1.3min
  VAL 4.70%
  step  5500 | loss 0.286686 | lr 0.000926 | 1.4min
  step  6000 | loss 0.269337 | lr 0.000912 | 1.6min
  VAL 6.60%
  step  6500 | loss 0.260239 | lr 0.000896 | 1.7min
  step  7000 | loss 0.255178 | lr 0.000880 | 1.8min
  VAL 7.90%
  step  7500 | loss 0.245036 | lr 0.000862 | 1.9min
  step  8000 | loss 0.233109 | lr 0.000843 | 2.1min
  VAL 8.85%
  step  8500 | loss 0.228284 | lr 0.000823 | 2.2min
  step  9000 | loss 0.224066 | lr 0.000803 | 2.4min
  VAL 9.00%
  step  9500 | loss 0.218398 | lr 0.000781 | 2.5min
  step 10000 | loss 0.216006 | lr 0.000759 | 2.6min
  VAL 9.55%
  step 10500 | loss 0.211751 | lr 0.000736 | 2.7min
  step 11000 | loss 0.122361 | lr 0.000713 | 2.8min
  VAL 20.55%
  step 11500 | loss 0.063313 | lr 0.000688 | 2.9min
  step 12000 | loss 0.038491 | lr 0.000664 | 3.1min
  VAL 67.80%
  step 12500 | loss 0.046179 | lr 0.000638 | 3.2min
  step 13000 | loss 0.030285 | lr 0.000613 | 3.3min
  VAL 84.65%
  step 13500 | loss 0.024375 | lr 0.000587 | 3.4min
  step 14000 | loss 0.024850 | lr 0.000561 | 3.5min
  VAL 91.40%
  step 14500 | loss 0.020027 | lr 0.000534 | 3.7min
  step 15000 | loss 0.019728 | lr 0.000508 | 3.8min
  VAL 91.45%
  step 15500 | loss 0.018101 | lr 0.000481 | 3.9min
  step 16000 | loss 0.016008 | lr 0.000455 | 4.1min
  VAL 96.20%
  step 16500 | loss 0.016426 | lr 0.000429 | 4.2min
  step 17000 | loss 0.017679 | lr 0.000403 | 4.4min
  VAL 95.95%
  step 17500 | loss 0.015139 | lr 0.000377 | 4.5min
  step 18000 | loss 0.013360 | lr 0.000352 | 4.6min
  VAL 98.15%
  step 18500 | loss 0.013612 | lr 0.000327 | 4.8min
  step 19000 | loss 0.012100 | lr 0.000302 | 4.9min
  VAL 98.75%
  step 19500 | loss 0.010524 | lr 0.000278 | 5.0min
  step 20000 | loss 0.012155 | lr 0.000255 | 5.1min
  VAL 99.00%
  TEST 99.3100%
  *** New best: 99.3100% ***
  step 20500 | loss 0.009840 | lr 0.000232 | 5.3min
  step 21000 | loss 0.009824 | lr 0.000210 | 5.4min
  VAL 99.55%
  TEST 99.6200%
  *** New best: 99.6200% ***
  step 21500 | loss 0.009450 | lr 0.000189 | 5.6min
  step 22000 | loss 0.008683 | lr 0.000169 | 5.7min
  VAL 99.60%
  TEST 99.7900%
  *** New best: 99.7900% ***
  step 22500 | loss 0.008666 | lr 0.000149 | 5.9min
  step 23000 | loss 0.007929 | lr 0.000131 | 6.0min
  VAL 99.30%
  TEST 99.2800%
  step 23500 | loss 0.007612 | lr 0.000114 | 6.2min
  step 24000 | loss 0.007129 | lr 0.000097 | 6.3min
  VAL 99.75%
  TEST 99.8400%
  *** New best: 99.8400% ***
  step 24500 | loss 0.007028 | lr 0.000082 | 6.5min
  step 25000 | loss 0.007406 | lr 0.000068 | 6.6min
  VAL 99.85%
  TEST 99.9200%
  *** New best: 99.9200% ***
  step 25500 | loss 0.006549 | lr 0.000056 | 6.8min
  step 26000 | loss 0.006705 | lr 0.000044 | 6.9min
  VAL 99.90%
  TEST 99.9400%
  *** New best: 99.9400% ***
  step 26500 | loss 0.006435 | lr 0.000034 | 7.1min
  step 27000 | loss 0.006111 | lr 0.000025 | 7.2min
  VAL 99.75%
  TEST 99.8200%
  step 27500 | loss 0.006118 | lr 0.000017 | 7.4min
  step 28000 | loss 0.005701 | lr 0.000011 | 7.5min
  VAL 99.80%
  TEST 99.8500%
  step 28500 | loss 0.005983 | lr 0.000006 | 7.7min
  step 29000 | loss 0.005863 | lr 0.000003 | 7.8min
  VAL 99.80%
  TEST 99.8800%
  step 29500 | loss 0.005737 | lr 0.000001 | 8.0min
  step 30000 | loss 0.005602 | lr 0.000000 | 8.1min
  VAL 99.80%
  TEST 99.8900%

Training complete in 8.2 minutes
Best test accuracy: 99.9400%
