Model: RL4RL Autoresearch candidate
Author: configured in run manifest
Parameters (unique): 3136
Architecture: decoder-only addition transformer d=16, h=2, L=2, ff=16
Tricks: autoregressive greedy decoding, weights from checkpoint

  Progress: 1000/10010 (1000/1000 correct) [7.2s]
  Progress: 2000/10010 (2000/2000 correct) [14.6s]
  Progress: 3000/10010 (3000/3000 correct) [21.7s]
  Progress: 4000/10010 (4000/4000 correct) [29.0s]
  Progress: 5000/10010 (4998/5000 correct) [36.2s]
  Progress: 6000/10010 (5998/6000 correct) [45.5s]
  Progress: 7000/10010 (6998/7000 correct) [54.6s]
  Progress: 8000/10010 (7998/8000 correct) [63.7s]
  Progress: 9000/10010 (8998/9000 correct) [72.8s]
  Progress: 10000/10010 (9995/10000 correct) [82.3s]

Results: 10005/10010 correct (99.95%)
Time: 82.4s (122 additions/sec)
Status: QUALIFIED (threshold: 99%)

Failures (5):
  2881022977 + 1883703363 = 4764726340, got 3764726340
  1434102343 + 9875118921 = 11309221264, got 10309221264
  2905978984 + 6958433690 = 9864412674, got 11864412674
  8968158202 + 9970715165 = 18938873367, got 17938873367
  2056203638 + 9002251210 = 11058454848, got 1058454848
