Model: RL4RL Autoresearch candidate
Author: configured in run manifest
Parameters (unique): 2119
Architecture: decoder-only addition transformer d=16, h=2, L=2, ff=16
Tricks: autoregressive greedy decoding, weights from checkpoint

  Progress: 1000/10010 (973/1000 correct) [5.9s]
  Progress: 2000/10010 (1952/2000 correct) [11.7s]
  Progress: 3000/10010 (2942/3000 correct) [17.4s]
  Progress: 4000/10010 (3929/4000 correct) [23.2s]
  Progress: 5000/10010 (4917/5000 correct) [29.0s]
  Progress: 6000/10010 (5901/6000 correct) [34.8s]
  Progress: 7000/10010 (6883/7000 correct) [40.6s]
  Progress: 8000/10010 (7869/8000 correct) [46.4s]
  Progress: 9000/10010 (8850/9000 correct) [52.2s]
  Progress: 10000/10010 (9837/10000 correct) [58.1s]

Results: 9847/10010 correct (98.37%)
Time: 58.1s (172 additions/sec)
Status: NOT QUALIFIED (threshold: 99%)

First 20 failures (of 163):
  9999999999 + 9999999999 = 19999999998, got 9999999998
  5000000000 + 5000000000 = 10000000000, got 0
  9999999999 + 9999999999 = 19999999998, got 9999999998
  6337327306 + 4000359568 = 10337686874, got 337686874
  6728496408 + 8405949359 = 15134445767, got 14134445767
  7197773205 + 9077000387 = 16274773592, got 6274773592
  6509152292 + 9209120080 = 15718272372, got 14818272372
  6785680981 + 6097908899 = 12883589880, got 13883589880
  6969938512 + 1800378914 = 8770317426, got 8670317426
  4184380900 + 6023296350 = 10207677250, got 207677250
  9229471617 + 9474184142 = 18703655759, got 17703655759
  9089267194 + 4171613667 = 13260880861, got 14260880861
  9802221894 + 7858087157 = 17660309051, got 17560309051
  1976493916 + 1906487771 = 3882981687, got 3782981687
  5468975900 + 1438734356 = 6907710256, got 5907710256
  2383813986 + 5194289640 = 7578103626, got 8578103626
  6832437373 + 3830048430 = 10662485803, got 10562485803
  2060434325 + 4050653496 = 6111087821, got 6011087821
  9008276723 + 1061168960 = 10069445683, got 69445683
  5909551252 + 6873659338 = 12783210590, got 12683210590
