Model: RL4RL Autoresearch candidate
Author: configured in run manifest
Parameters (unique): 1897
Architecture: decoder-only addition transformer d=16, h=2, L=2, ff=10, block1_ff=8, fixed_separators=True, tied_position_pairs=[[4, 15], [7, 18], [5, 16], [3, 14], [2, 13], [8, 19], [6, 17], [1, 12], [0, 11], [9, 20]], interpolated_positions=[23, 24, 25, 26, 27], qkv_pruned=151
Tricks: autoregressive greedy decoding, weights from checkpoint

  Progress: 1000/10010 (997/1000 correct) [4.4s]
  Progress: 2000/10010 (1995/2000 correct) [8.9s]
  Progress: 3000/10010 (2990/3000 correct) [13.3s]
  Progress: 4000/10010 (3988/4000 correct) [17.7s]
  Progress: 5000/10010 (4986/5000 correct) [22.1s]
  Progress: 6000/10010 (5983/6000 correct) [26.5s]
  Progress: 7000/10010 (6981/7000 correct) [30.8s]
  Progress: 8000/10010 (7979/8000 correct) [35.2s]
  Progress: 9000/10010 (8977/9000 correct) [39.7s]
  Progress: 10000/10010 (9974/10000 correct) [44.1s]

Results: 9984/10010 correct (99.74%)
Time: 44.1s (227 additions/sec)
Status: QUALIFIED (threshold: 99%)

First 20 failures (of 26):
  6780533471 + 5090190326 = 11870723797, got 10870723797
  5893580437 + 6075034739 = 11968615176, got 10968615176
  5082841972 + 6389390906 = 11472232878, got 10472232878
  6047119139 + 5060676488 = 11107795627, got 10107795627
  5199705329 + 6225705022 = 11425410351, got 10425410351
  5073074988 + 6351264488 = 11424339476, got 10424339476
  6660112625 + 5142876686 = 11802989311, got 10802989311
  6015097363 + 5934013354 = 11949110717, got 10949110717
  6081827802 + 5355690034 = 11437517836, got 10437517836
  6518372034 + 5016292194 = 11534664228, got 10534664228
  6220808416 + 5189773965 = 11410582381, got 10410582381
  6034185843 + 5879550316 = 11913736159, got 10913736159
  5634381845 + 6168469548 = 11802851393, got 10802851393
  6778965909 + 5155798510 = 11934764419, got 10934764419
  6191308326 + 5653373749 = 11844682075, got 10844682075
  6005893433 + 5803299494 = 11809192927, got 10809192927
  2828982940 + 2171822219 = 5000805159, got 4000805159
  5943693273 + 6031047381 = 11974740654, got 10974740654
  6783914258 + 5146864684 = 11930778942, got 10930778942
  5812383983 + 6097421408 = 11909805391, got 10909805391
