Model: 2,624 parameters
Config: d=16, h=2, L=2, ff=16
Device: mps

Training for 30000 steps...
  step   500 | loss 1.469037 | lr 0.001000 | 0.2min
  step  1000 | loss 1.344354 | lr 0.000999 | 0.3min
  VAL 0.00%
  step  1500 | loss 1.408812 | lr 0.000996 | 0.5min
  step  2000 | loss 1.372422 | lr 0.000992 | 0.6min
  VAL 0.00%
  step  2500 | loss 1.362268 | lr 0.000987 | 0.8min
  step  3000 | loss 1.148947 | lr 0.000980 | 0.9min
  VAL 0.00%
  step  3500 | loss 0.675743 | lr 0.000972 | 1.1min
  step  4000 | loss 0.504592 | lr 0.000962 | 1.3min
  VAL 0.20%
  step  4500 | loss 0.261952 | lr 0.000951 | 1.4min
  step  5000 | loss 0.194888 | lr 0.000939 | 1.6min
  VAL 16.80%
  step  5500 | loss 0.175227 | lr 0.000926 | 1.7min
  step  6000 | loss 0.145966 | lr 0.000912 | 1.9min
  VAL 26.80%
  step  6500 | loss 0.129224 | lr 0.000896 | 2.0min
  step  7000 | loss 0.125863 | lr 0.000880 | 2.2min
  VAL 33.80%
  step  7500 | loss 0.104995 | lr 0.000862 | 2.3min
  step  8000 | loss 0.098301 | lr 0.000843 | 2.5min
  VAL 36.95%
  step  8500 | loss 0.095467 | lr 0.000823 | 2.7min
  step  9000 | loss 0.085044 | lr 0.000803 | 2.8min
  VAL 44.80%
  step  9500 | loss 0.085903 | lr 0.000781 | 3.0min
  step 10000 | loss 0.074218 | lr 0.000759 | 3.2min
  VAL 47.40%
  step 10500 | loss 0.070624 | lr 0.000736 | 3.3min
  step 11000 | loss 0.062456 | lr 0.000713 | 3.5min
  VAL 55.00%
  step 11500 | loss 0.061435 | lr 0.000688 | 3.6min
  step 12000 | loss 0.057299 | lr 0.000664 | 3.8min
  VAL 61.10%
  step 12500 | loss 0.049942 | lr 0.000638 | 3.9min
  step 13000 | loss 0.049115 | lr 0.000613 | 4.1min
  VAL 64.80%
  step 13500 | loss 0.041605 | lr 0.000587 | 4.3min
  step 14000 | loss 0.043140 | lr 0.000561 | 4.4min
  VAL 72.65%
  step 14500 | loss 0.040737 | lr 0.000534 | 4.6min
  step 15000 | loss 0.036559 | lr 0.000508 | 4.8min
  VAL 76.75%
  step 15500 | loss 0.035154 | lr 0.000481 | 4.9min
  step 16000 | loss 0.032464 | lr 0.000455 | 5.1min
  VAL 80.75%
  step 16500 | loss 0.032267 | lr 0.000429 | 5.3min
  step 17000 | loss 0.029771 | lr 0.000403 | 5.4min
  VAL 82.25%
  step 17500 | loss 0.027631 | lr 0.000377 | 5.5min
  step 18000 | loss 0.024243 | lr 0.000352 | 5.7min
  VAL 83.65%
  step 18500 | loss 0.023211 | lr 0.000327 | 5.8min
  step 19000 | loss 0.024828 | lr 0.000302 | 6.0min
  VAL 84.35%
  step 19500 | loss 0.022274 | lr 0.000278 | 6.2min
  step 20000 | loss 0.023864 | lr 0.000255 | 6.3min
  VAL 85.10%
  step 20500 | loss 0.020471 | lr 0.000232 | 6.5min
  step 21000 | loss 0.018799 | lr 0.000210 | 6.7min
  VAL 84.85%
  step 21500 | loss 0.018554 | lr 0.000189 | 6.8min
  step 22000 | loss 0.018625 | lr 0.000169 | 7.0min
  VAL 86.10%
  step 22500 | loss 0.016524 | lr 0.000149 | 7.2min
  step 23000 | loss 0.016100 | lr 0.000131 | 7.3min
  VAL 86.90%
  step 23500 | loss 0.015870 | lr 0.000114 | 7.5min
  step 24000 | loss 0.017202 | lr 0.000097 | 7.6min
  VAL 88.00%
  step 24500 | loss 0.018408 | lr 0.000082 | 7.8min
  step 25000 | loss 0.014844 | lr 0.000068 | 7.9min
  VAL 87.60%
  step 25500 | loss 0.015814 | lr 0.000056 | 8.1min
  step 26000 | loss 0.015440 | lr 0.000044 | 8.3min
  VAL 88.40%
  step 26500 | loss 0.014126 | lr 0.000034 | 8.4min
  step 27000 | loss 0.015678 | lr 0.000025 | 8.6min
  VAL 88.70%
  step 27500 | loss 0.015449 | lr 0.000017 | 8.7min
  step 28000 | loss 0.013572 | lr 0.000011 | 8.9min
  VAL 88.70%
  step 28500 | loss 0.016229 | lr 0.000006 | 9.0min
  step 29000 | loss 0.014704 | lr 0.000003 | 9.2min
  VAL 89.00%
  step 29500 | loss 0.014935 | lr 0.000001 | 9.4min
  step 30000 | loss 0.016257 | lr 0.000000 | 9.5min
  VAL 88.95%

Training complete in 9.5 minutes
Best test accuracy: 0.0000%
