Model: RL4RL Autoresearch candidate
Author: configured in run manifest
Parameters (unique): 2624
Architecture: decoder-only addition transformer d=16, h=2, L=2, ff=16
Tricks: autoregressive greedy decoding, weights from checkpoint

  Progress: 1000/10010 (888/1000 correct) [9.4s]
  Progress: 2000/10010 (1783/2000 correct) [18.8s]
  Progress: 3000/10010 (2679/3000 correct) [28.4s]
  Progress: 4000/10010 (3568/4000 correct) [36.3s]
  Progress: 5000/10010 (4457/5000 correct) [43.8s]
  Progress: 6000/10010 (5361/6000 correct) [51.4s]
  Progress: 7000/10010 (6237/7000 correct) [58.9s]
  Progress: 8000/10010 (7125/8000 correct) [66.4s]
  Progress: 9000/10010 (8008/9000 correct) [74.0s]
  Progress: 10000/10010 (8902/10000 correct) [81.4s]

Results: 8910/10010 correct (89.01%)
Time: 81.5s (123 additions/sec)
Status: NOT QUALIFIED (threshold: 99%)

First 20 failures (of 1100):
  9999999999 + 9999999999 = 19999999998, got 8888888888
  1234567890 + 9876543210 = 11111111100, got 1111111100
  9999999999 + 9999999999 = 19999999998, got 8888888888
  9773982893 + 9769054290 = 19543037183, got 18543037183
  9699986894 + 48874272 = 9748861166, got 9747761166
  9809325681 + 9732050258 = 19541375939, got 18541375939
  6629857513 + 3846976084 = 10476833597, got 10476733597
  1319829745 + 5774898564 = 7094728309, got 7094727309
  632969767 + 7238958333 = 7871928100, got 7871828100
  6399886150 + 1679699782 = 8079585932, got 8078575932
  1285503311 + 99840072 = 1385343383, got 1375343383
  7626167585 + 9466417731 = 17092585316, got 18092585316
  5541457967 + 4314580997 = 9856038964, got 9856038864
  6180708356 + 9821559130 = 16002267486, got 16002268486
  2947455897 + 3800362329 = 6747818226, got 6847818226
  6785680981 + 6097908899 = 12883589880, got 12883589780
  801026482 + 1939438410 = 2740464892, got 2840464892
  9815978163 + 9778162604 = 19594140767, got 18594140767
  8663696916 + 4447789936 = 13111486852, got 13111476852
  3538987903 + 10975662 = 3549963565, got 3549863565
