Initialized from retained incumbent: /Users/utshaho/Documents/GitHub/rl4rl/data/raw/autoresearch/sol-xhigh-overnight-20260814/state/incumbent.pt
Model: 2,304 parameters
Config: d=16, h=2, L=2, ff=10
Device: mps

INITIAL VAL 0.00%

Fine-tuning for up to 10000 steps...
  step   500 | loss 0.401338 | lr 0.000100 | 0.1min
  VAL 4.20%
  step  1000 | loss 0.364199 | lr 0.000099 | 0.2min
  VAL 17.10%
  step  1500 | loss 0.342239 | lr 0.000096 | 0.3min
  VAL 19.05%
  step  2000 | loss 0.184028 | lr 0.000093 | 0.4min
  VAL 35.70%
  step  2500 | loss 0.170169 | lr 0.000088 | 0.5min
  VAL 36.45%
  step  3000 | loss 0.170138 | lr 0.000082 | 0.6min
  VAL 39.85%
  step  3500 | loss 0.172217 | lr 0.000075 | 0.7min
  VAL 43.90%
  step  4000 | loss 0.165715 | lr 0.000068 | 0.8min
  VAL 43.40%
  step  4500 | loss 0.163391 | lr 0.000060 | 0.9min
  VAL 46.25%
  step  5000 | loss 0.163388 | lr 0.000052 | 1.0min
  VAL 47.20%
  step  5500 | loss 0.160398 | lr 0.000044 | 1.1min
  VAL 48.40%
  step  6000 | loss 0.156349 | lr 0.000036 | 1.2min
  VAL 47.85%
  step  6500 | loss 0.157126 | lr 0.000029 | 1.3min
  VAL 48.55%
  step  7000 | loss 0.158253 | lr 0.000022 | 1.4min
  VAL 49.45%
  step  7500 | loss 0.154674 | lr 0.000016 | 1.5min
  VAL 49.10%
  step  8000 | loss 0.154632 | lr 0.000010 | 1.6min
  VAL 49.70%
  step  8500 | loss 0.158847 | lr 0.000006 | 1.6min
  VAL 49.35%
  step  9000 | loss 0.151727 | lr 0.000003 | 1.8min
  VAL 49.90%
  step  9500 | loss 0.151957 | lr 0.000001 | 1.8min
  VAL 49.65%
  step 10000 | loss 0.147413 | lr 0.000000 | 1.9min
  VAL 49.85%

Training complete in 2.0 minutes
Best test accuracy: 0.0000%
