Model: 2,976 parameters
Config: d=16, h=2, L=2, ff=9
Device: mps

Training for 45000 steps...
  step   500 | loss 1.550413 | lr 0.001000 | 0.1min
  step  1000 | loss 1.432134 | lr 0.000999 | 0.3min
  VAL 0.00%
  step  1500 | loss 1.008543 | lr 0.000998 | 0.4min
  step  2000 | loss 0.631312 | lr 0.000996 | 0.5min
  VAL 0.05%
  step  2500 | loss 0.446093 | lr 0.000994 | 0.6min
  step  3000 | loss 0.378604 | lr 0.000991 | 0.7min
  VAL 0.95%
  step  3500 | loss 0.347187 | lr 0.000987 | 0.8min
  step  4000 | loss 0.318720 | lr 0.000983 | 0.9min
  VAL 1.95%
  step  4500 | loss 0.302742 | lr 0.000978 | 1.0min
  step  5000 | loss 0.294625 | lr 0.000973 | 1.2min
  VAL 3.85%
  step  5500 | loss 0.278490 | lr 0.000967 | 1.3min
  step  6000 | loss 0.265152 | lr 0.000960 | 1.4min
  VAL 5.15%
  step  6500 | loss 0.262816 | lr 0.000953 | 1.5min
  step  7000 | loss 0.256420 | lr 0.000946 | 1.6min
  VAL 5.80%
  step  7500 | loss 0.148109 | lr 0.000937 | 1.7min
  step  8000 | loss 0.073431 | lr 0.000929 | 1.8min
  VAL 51.00%
  step  8500 | loss 0.061441 | lr 0.000919 | 1.9min
  step  9000 | loss 0.056029 | lr 0.000909 | 2.1min
  VAL 59.85%
  step  9500 | loss 0.055617 | lr 0.000899 | 2.2min
  step 10000 | loss 0.046747 | lr 0.000888 | 2.3min
  VAL 66.85%
  step 10500 | loss 0.041781 | lr 0.000877 | 2.4min
  step 11000 | loss 0.033866 | lr 0.000865 | 2.5min
  VAL 74.55%
  step 11500 | loss 0.033961 | lr 0.000853 | 2.6min
  step 12000 | loss 0.031164 | lr 0.000840 | 2.8min
  VAL 77.80%
  step 12500 | loss 0.025701 | lr 0.000827 | 2.9min
  step 13000 | loss 0.026980 | lr 0.000814 | 3.0min
  VAL 77.85%
  step 13500 | loss 0.023729 | lr 0.000800 | 3.1min
  step 14000 | loss 0.021057 | lr 0.000786 | 3.2min
  VAL 80.80%
  step 14500 | loss 0.023989 | lr 0.000771 | 3.3min
  step 15000 | loss 0.023809 | lr 0.000756 | 3.5min
  VAL 85.10%
  step 15500 | loss 0.019497 | lr 0.000741 | 3.6min
  step 16000 | loss 0.017997 | lr 0.000725 | 3.7min
  VAL 84.00%
  step 16500 | loss 0.018812 | lr 0.000709 | 3.8min
  step 17000 | loss 0.017169 | lr 0.000693 | 3.9min
  VAL 88.25%
  step 17500 | loss 0.016154 | lr 0.000677 | 4.0min
  step 18000 | loss 0.015899 | lr 0.000661 | 4.2min
  VAL 89.85%
  step 18500 | loss 0.014580 | lr 0.000644 | 4.3min
  step 19000 | loss 0.017709 | lr 0.000627 | 4.4min
  VAL 85.30%
  step 19500 | loss 0.014388 | lr 0.000610 | 4.5min
  step 20000 | loss 0.013657 | lr 0.000593 | 4.6min
  VAL 88.20%
  step 20500 | loss 0.012498 | lr 0.000575 | 4.8min
  step 21000 | loss 0.012129 | lr 0.000558 | 4.8min
  VAL 91.85%
  step 21500 | loss 0.012313 | lr 0.000540 | 5.0min
  step 22000 | loss 0.011774 | lr 0.000523 | 5.1min
  VAL 92.25%
  step 22500 | loss 0.011043 | lr 0.000505 | 5.2min
  step 23000 | loss 0.010197 | lr 0.000488 | 5.3min
  VAL 93.30%
  step 23500 | loss 0.010465 | lr 0.000470 | 5.4min
  step 24000 | loss 0.011683 | lr 0.000453 | 5.5min
  VAL 90.60%
  step 24500 | loss 0.009644 | lr 0.000435 | 5.7min
  step 25000 | loss 0.009710 | lr 0.000418 | 5.8min
  VAL 92.80%
  step 25500 | loss 0.009733 | lr 0.000401 | 5.9min
  step 26000 | loss 0.008210 | lr 0.000383 | 6.0min
  VAL 93.20%
  step 26500 | loss 0.008263 | lr 0.000366 | 6.1min
  step 27000 | loss 0.008470 | lr 0.000350 | 6.2min
  VAL 92.10%
  step 27500 | loss 0.008044 | lr 0.000333 | 6.4min
  step 28000 | loss 0.007002 | lr 0.000316 | 6.4min
  VAL 92.80%
  step 28500 | loss 0.007691 | lr 0.000300 | 6.6min
  step 29000 | loss 0.006571 | lr 0.000284 | 6.7min
  VAL 94.65%
  step 29500 | loss 0.006591 | lr 0.000268 | 6.8min
  step 30000 | loss 0.006607 | lr 0.000253 | 6.9min
  VAL 93.75%
  step 30500 | loss 0.006467 | lr 0.000238 | 7.1min
  step 31000 | loss 0.005920 | lr 0.000223 | 7.1min
  VAL 93.55%
  step 31500 | loss 0.005624 | lr 0.000209 | 7.3min
  step 32000 | loss 0.005582 | lr 0.000195 | 7.4min
  VAL 93.35%
  step 32500 | loss 0.005546 | lr 0.000181 | 7.5min
  step 33000 | loss 0.004634 | lr 0.000168 | 7.6min
  VAL 96.40%
  step 33500 | loss 0.004417 | lr 0.000155 | 7.7min
  step 34000 | loss 0.005046 | lr 0.000142 | 7.8min
  VAL 96.90%
  step 34500 | loss 0.004561 | lr 0.000130 | 8.0min
  step 35000 | loss 0.004805 | lr 0.000118 | 8.1min
  VAL 96.85%
  step 35500 | loss 0.005020 | lr 0.000107 | 8.2min
  step 36000 | loss 0.004364 | lr 0.000097 | 8.3min
  VAL 97.30%
  step 36500 | loss 0.004320 | lr 0.000087 | 8.4min
  step 37000 | loss 0.004107 | lr 0.000077 | 8.5min
  VAL 97.55%
  step 37500 | loss 0.003991 | lr 0.000068 | 8.7min
  step 38000 | loss 0.003812 | lr 0.000059 | 8.7min
  VAL 97.50%
  step 38500 | loss 0.003786 | lr 0.000051 | 8.9min
  step 39000 | loss 0.003716 | lr 0.000044 | 9.0min
  VAL 97.60%
  step 39500 | loss 0.003729 | lr 0.000037 | 9.1min
  step 40000 | loss 0.003903 | lr 0.000031 | 9.2min
  VAL 98.05%
  step 40500 | loss 0.003280 | lr 0.000025 | 9.4min
  step 41000 | loss 0.003403 | lr 0.000020 | 9.5min
  VAL 97.75%
  step 41500 | loss 0.003504 | lr 0.000015 | 9.6min
  step 42000 | loss 0.003496 | lr 0.000011 | 9.7min
  VAL 98.15%
  step 42500 | loss 0.003128 | lr 0.000008 | 9.8min
  step 43000 | loss 0.003439 | lr 0.000005 | 10.0min
  VAL 98.30%
  step 43500 | loss 0.003818 | lr 0.000003 | 10.1min
  step 44000 | loss 0.003234 | lr 0.000001 | 10.2min
  VAL 98.35%
  step 44500 | loss 0.003686 | lr 0.000000 | 10.3min
  step 45000 | loss 0.003439 | lr 0.000000 | 10.4min
  VAL 98.25%

Training complete in 10.4 minutes
Best test accuracy: 0.0000%
