Model: 3,008 parameters
Config: d=16, h=2, L=1, ff=48
Device: mps

Training for 30000 steps...
  step   500 | loss 1.463321 | lr 0.001000 | 0.1min
  step  1000 | loss 1.397793 | lr 0.000999 | 0.2min
  VAL 0.00%
  step  1500 | loss 1.400498 | lr 0.000996 | 0.3min
  step  2000 | loss 1.374895 | lr 0.000992 | 0.4min
  VAL 0.00%
  step  2500 | loss 1.393217 | lr 0.000987 | 0.5min
  step  3000 | loss 1.389589 | lr 0.000980 | 0.6min
  VAL 0.00%
  step  3500 | loss 1.391230 | lr 0.000972 | 0.7min
  step  4000 | loss 1.394692 | lr 0.000962 | 0.8min
  VAL 0.00%
  step  4500 | loss 1.380270 | lr 0.000951 | 0.9min
  step  5000 | loss 1.381741 | lr 0.000939 | 1.0min
  VAL 0.00%
  step  5500 | loss 1.364941 | lr 0.000926 | 1.1min
  step  6000 | loss 1.326642 | lr 0.000912 | 1.2min
  VAL 0.00%
  step  6500 | loss 1.350493 | lr 0.000896 | 1.3min
  step  7000 | loss 1.352666 | lr 0.000880 | 1.4min
  VAL 0.00%
  step  7500 | loss 1.335387 | lr 0.000862 | 1.5min
  step  8000 | loss 1.321743 | lr 0.000843 | 1.6min
  VAL 0.00%
  step  8500 | loss 1.308967 | lr 0.000823 | 1.7min
  step  9000 | loss 1.269012 | lr 0.000803 | 1.8min
  VAL 0.00%
  step  9500 | loss 1.273265 | lr 0.000781 | 1.9min
  step 10000 | loss 1.265183 | lr 0.000759 | 2.0min
  VAL 0.00%
  step 10500 | loss 1.198120 | lr 0.000736 | 2.1min
  step 11000 | loss 1.055065 | lr 0.000713 | 2.2min
  VAL 0.00%
  step 11500 | loss 0.898454 | lr 0.000688 | 2.3min
  step 12000 | loss 0.816576 | lr 0.000664 | 2.4min
  VAL 0.00%
  step 12500 | loss 0.680681 | lr 0.000638 | 2.5min
  step 13000 | loss 0.627982 | lr 0.000613 | 2.6min
  VAL 0.00%
  step 13500 | loss 0.583929 | lr 0.000587 | 2.7min
  step 14000 | loss 0.560868 | lr 0.000561 | 2.8min
  VAL 0.10%
  step 14500 | loss 0.520274 | lr 0.000534 | 2.9min
  step 15000 | loss 0.492168 | lr 0.000508 | 3.0min
  VAL 0.15%
  step 15500 | loss 0.466988 | lr 0.000481 | 3.1min
  step 16000 | loss 0.441385 | lr 0.000455 | 3.2min
  VAL 0.50%
  step 16500 | loss 0.425841 | lr 0.000429 | 3.3min
  step 17000 | loss 0.419768 | lr 0.000403 | 3.4min
  VAL 0.50%
  step 17500 | loss 0.415122 | lr 0.000377 | 3.5min
  step 18000 | loss 0.412523 | lr 0.000352 | 3.6min
  VAL 0.70%
  step 18500 | loss 0.407355 | lr 0.000327 | 3.7min
  step 19000 | loss 0.412505 | lr 0.000302 | 3.8min
  VAL 0.80%
  step 19500 | loss 0.330195 | lr 0.000278 | 3.9min
  step 20000 | loss 0.261561 | lr 0.000255 | 4.0min
  VAL 4.75%
  step 20500 | loss 0.227540 | lr 0.000232 | 4.1min
  step 21000 | loss 0.213243 | lr 0.000210 | 4.2min
  VAL 6.25%
  step 21500 | loss 0.211995 | lr 0.000189 | 4.3min
  step 22000 | loss 0.209910 | lr 0.000169 | 4.4min
  VAL 5.40%
  step 22500 | loss 0.207849 | lr 0.000149 | 4.5min
  step 23000 | loss 0.208506 | lr 0.000131 | 4.6min
  VAL 5.60%
  step 23500 | loss 0.208470 | lr 0.000114 | 4.7min
  step 24000 | loss 0.209146 | lr 0.000097 | 4.8min
  VAL 5.85%
  step 24500 | loss 0.208223 | lr 0.000082 | 4.9min
  step 25000 | loss 0.204567 | lr 0.000068 | 5.0min
  VAL 6.95%
  step 25500 | loss 0.206838 | lr 0.000056 | 5.1min
  step 26000 | loss 0.209778 | lr 0.000044 | 5.2min
  VAL 6.40%
  step 26500 | loss 0.207359 | lr 0.000034 | 5.3min
  step 27000 | loss 0.209697 | lr 0.000025 | 5.4min
  VAL 6.75%
  step 27500 | loss 0.206863 | lr 0.000017 | 5.5min
  step 28000 | loss 0.204432 | lr 0.000011 | 5.6min
  VAL 5.90%
  step 28500 | loss 0.206879 | lr 0.000006 | 5.7min
  step 29000 | loss 0.206546 | lr 0.000003 | 5.8min
  VAL 6.65%
  step 29500 | loss 0.203216 | lr 0.000001 | 5.9min
  step 30000 | loss 0.205455 | lr 0.000000 | 6.0min
  VAL 6.35%

Training complete in 6.0 minutes
Best test accuracy: 0.0000%
