Model: RL4RL Autoresearch candidate
Author: configured in run manifest
Parameters (unique): 3008
Architecture: decoder-only addition transformer d=16, h=2, L=1, ff=48
Tricks: autoregressive greedy decoding, weights from checkpoint

  Progress: 1000/10010 (72/1000 correct) [5.1s]
  Progress: 2000/10010 (143/2000 correct) [9.9s]
  Progress: 3000/10010 (220/3000 correct) [15.1s]
  Progress: 4000/10010 (280/4000 correct) [20.4s]
  Progress: 5000/10010 (337/5000 correct) [25.6s]
  Progress: 6000/10010 (405/6000 correct) [30.7s]
  Progress: 7000/10010 (471/7000 correct) [35.9s]
  Progress: 8000/10010 (538/8000 correct) [41.2s]
  Progress: 9000/10010 (605/9000 correct) [46.4s]
  Progress: 10000/10010 (674/10000 correct) [51.7s]

Results: 675/10010 correct (6.74%)
Time: 51.7s (194 additions/sec)
Status: NOT QUALIFIED (threshold: 99%)

First 20 failures (of 9335):
  0 + 0 = 0, got 1
  9999999999 + 0 = 9999999999, got 9999999997
  9999999999 + 1 = 10000000000, got 9999999997
  9999999999 + 9999999999 = 19999999998, got 10999999995
  5000000000 + 5000000000 = 10000000000, got 4
  1111111111 + 8888888889 = 10000000000, got 10000000001
  1234567890 + 9876543210 = 11111111100, got 11111111107
  9999999999 + 9999999999 = 19999999998, got 10999999995
  1 + 9999999999 = 10000000000, got 9999999997
  2395527356 + 9334186774 = 11729714130, got 11729714127
  4296888873 + 8475224721 = 12772113594, got 12672113600
  2446880696 + 4577514554 = 7024395250, got 7024395251
  1721735679 + 186192860 = 1907928539, got 1907928535
  3295396137 + 8512642381 = 11808038518, got 11808038521
  4721664841 + 8801376086 = 13523040927, got 13623040931
  8709633390 + 2191376109 = 10901009499, got 10901009501
  813236058 + 3041824170 = 3855060228, got 3855060231
  7038162399 + 8251837442 = 15289999841, got 15289999845
  3917771074 + 2558389380 = 6476160454, got 6476160451
  2345623234 + 894115330 = 3239738564, got 3239738561
