Model: 1,785 parameters
Config: d=14, h=2, L=1, ff=20
Device: mps

Training for 45000 steps...
  step   500 | loss 1.471250 | lr 0.001000 | 0.1min
  step  1000 | loss 1.439764 | lr 0.000999 | 0.3min
  VAL 0.00%
  step  1500 | loss 1.437266 | lr 0.000998 | 0.4min
  step  2000 | loss 1.395173 | lr 0.000997 | 0.5min
  VAL 0.00%
  step  2500 | loss 1.398327 | lr 0.000995 | 0.6min
  step  3000 | loss 1.327395 | lr 0.000992 | 0.7min
  VAL 0.00%
  step  3500 | loss 1.339116 | lr 0.000989 | 0.8min
  step  4000 | loss 1.331960 | lr 0.000985 | 0.9min
  VAL 0.00%
  step  4500 | loss 1.301881 | lr 0.000981 | 1.0min
  step  5000 | loss 1.288557 | lr 0.000976 | 1.1min
  VAL 0.00%
  step  5500 | loss 1.281366 | lr 0.000970 | 1.2min
  step  6000 | loss 1.242523 | lr 0.000964 | 1.3min
  VAL 0.00%
  step  6500 | loss 1.191110 | lr 0.000958 | 1.4min
  step  7000 | loss 1.174579 | lr 0.000951 | 1.5min
  VAL 0.00%
  step  7500 | loss 1.201718 | lr 0.000944 | 1.6min
  step  8000 | loss 1.235060 | lr 0.000936 | 1.7min
  VAL 0.00%
  step  8500 | loss 1.206392 | lr 0.000927 | 1.8min
  step  9000 | loss 1.212179 | lr 0.000918 | 2.0min
  VAL 0.00%
  step  9500 | loss 1.188970 | lr 0.000909 | 2.1min
  step 10000 | loss 1.185366 | lr 0.000899 | 2.2min
  VAL 0.00%
  step 10500 | loss 1.216306 | lr 0.000889 | 2.3min
  step 11000 | loss 1.134527 | lr 0.000879 | 2.4min
  VAL 0.00%
  step 11500 | loss 1.166785 | lr 0.000868 | 2.5min
  step 12000 | loss 1.157282 | lr 0.000856 | 2.6min
  VAL 0.00%
  step 12500 | loss 1.212781 | lr 0.000844 | 2.7min
  step 13000 | loss 1.148172 | lr 0.000832 | 2.8min
  VAL 0.00%
  step 13500 | loss 0.922663 | lr 0.000820 | 2.9min
  step 14000 | loss 0.674051 | lr 0.000807 | 3.0min
  VAL 0.00%
  step 14500 | loss 0.530243 | lr 0.000794 | 3.1min
  step 15000 | loss 0.456110 | lr 0.000780 | 3.2min
  VAL 0.30%
  step 15500 | loss 0.427802 | lr 0.000767 | 3.3min
  step 16000 | loss 0.385795 | lr 0.000753 | 3.4min
  VAL 0.40%
  step 16500 | loss 0.386166 | lr 0.000739 | 3.5min
  step 17000 | loss 0.367502 | lr 0.000724 | 3.6min
  VAL 0.50%
  step 17500 | loss 0.371204 | lr 0.000709 | 3.7min
  step 18000 | loss 0.361353 | lr 0.000694 | 3.8min
  VAL 0.60%
  step 18500 | loss 0.361561 | lr 0.000679 | 3.9min
  step 19000 | loss 0.361486 | lr 0.000664 | 4.0min
  VAL 0.75%
  step 19500 | loss 0.348652 | lr 0.000649 | 4.1min
  step 20000 | loss 0.356454 | lr 0.000633 | 4.3min
  VAL 0.70%
  step 20500 | loss 0.345487 | lr 0.000618 | 4.4min
  step 21000 | loss 0.344964 | lr 0.000602 | 4.5min
  VAL 0.80%
  step 21500 | loss 0.344087 | lr 0.000586 | 4.6min
  step 22000 | loss 0.334139 | lr 0.000571 | 4.7min
  VAL 0.95%
  step 22500 | loss 0.344044 | lr 0.000555 | 4.8min
  step 23000 | loss 0.335586 | lr 0.000539 | 4.9min
  VAL 0.75%
  step 23500 | loss 0.335515 | lr 0.000523 | 5.0min
  step 24000 | loss 0.336152 | lr 0.000507 | 5.1min
  VAL 1.10%
  step 24500 | loss 0.328966 | lr 0.000492 | 5.2min
  step 25000 | loss 0.322107 | lr 0.000476 | 5.3min
  VAL 1.75%
  step 25500 | loss 0.324999 | lr 0.000460 | 5.4min
  step 26000 | loss 0.325475 | lr 0.000445 | 5.5min
  VAL 1.40%
  step 26500 | loss 0.329221 | lr 0.000430 | 5.6min
  step 27000 | loss 0.318757 | lr 0.000415 | 5.7min
  VAL 1.45%
  step 27500 | loss 0.317903 | lr 0.000400 | 5.8min
  step 28000 | loss 0.312948 | lr 0.000385 | 5.9min
  VAL 1.70%
  step 28500 | loss 0.318063 | lr 0.000370 | 6.0min
  step 29000 | loss 0.316446 | lr 0.000356 | 6.0min
  VAL 1.55%
  step 29500 | loss 0.318853 | lr 0.000342 | 6.2min
  step 30000 | loss 0.319355 | lr 0.000328 | 6.2min
  VAL 1.70%
  step 30500 | loss 0.315041 | lr 0.000314 | 6.3min
  step 31000 | loss 0.314692 | lr 0.000301 | 6.4min
  VAL 1.95%
  step 31500 | loss 0.312181 | lr 0.000288 | 6.6min
  step 32000 | loss 0.312271 | lr 0.000275 | 6.6min
  VAL 1.80%
  step 32500 | loss 0.306249 | lr 0.000263 | 6.8min
  step 33000 | loss 0.317362 | lr 0.000251 | 6.8min
  VAL 1.85%
  step 33500 | loss 0.304869 | lr 0.000239 | 7.0min
  step 34000 | loss 0.310908 | lr 0.000228 | 7.0min
  VAL 1.70%
  step 34500 | loss 0.300881 | lr 0.000217 | 7.2min
  step 35000 | loss 0.301867 | lr 0.000207 | 7.2min
  VAL 1.70%
  step 35500 | loss 0.305401 | lr 0.000197 | 7.4min
  step 36000 | loss 0.296463 | lr 0.000187 | 7.4min
  VAL 1.90%
  step 36500 | loss 0.306237 | lr 0.000178 | 7.6min
  step 37000 | loss 0.307671 | lr 0.000169 | 7.7min
  VAL 2.05%
  step 37500 | loss 0.310673 | lr 0.000161 | 7.8min
  step 38000 | loss 0.303638 | lr 0.000153 | 7.9min
  VAL 2.15%
  step 38500 | loss 0.304828 | lr 0.000146 | 8.0min
  step 39000 | loss 0.299914 | lr 0.000139 | 8.0min
  VAL 2.00%
  step 39500 | loss 0.308406 | lr 0.000133 | 8.2min
  step 40000 | loss 0.286386 | lr 0.000128 | 8.2min
  VAL 2.30%
  step 40500 | loss 0.305573 | lr 0.000122 | 8.3min
  step 41000 | loss 0.303292 | lr 0.000118 | 8.4min
  VAL 2.30%
  step 41500 | loss 0.298828 | lr 0.000114 | 8.5min
  step 42000 | loss 0.292230 | lr 0.000110 | 8.6min
  VAL 2.15%
  step 42500 | loss 0.302745 | lr 0.000107 | 8.7min
  step 43000 | loss 0.302116 | lr 0.000104 | 8.8min
  VAL 2.35%
  step 43500 | loss 0.296570 | lr 0.000102 | 8.9min
  step 44000 | loss 0.304936 | lr 0.000101 | 9.0min
  VAL 2.35%
  step 44500 | loss 0.301872 | lr 0.000100 | 9.1min
  step 45000 | loss 0.301867 | lr 0.000100 | 9.2min
  VAL 2.40%

Training complete in 9.2 minutes
Best test accuracy: 0.0000%
