Model: RL4RL Autoresearch candidate
Author: configured in run manifest
Parameters (unique): 1854
Architecture: decoder-only addition transformer d=16, h=2, L=2, ff=10, block1_ff=8, fixed_separators=True, tied_position_pairs=[[4, 15], [7, 18], [5, 16], [3, 14], [2, 13], [8, 19], [6, 17], [1, 12], [0, 11], [9, 20]], interpolated_positions=[23, 24, 25, 26, 27], qkv_pruned=194
Tricks: autoregressive greedy decoding, weights from checkpoint

  Progress: 1000/10010 (1000/1000 correct) [4.5s]
  Progress: 2000/10010 (1999/2000 correct) [8.9s]
  Progress: 3000/10010 (2999/3000 correct) [13.3s]
  Progress: 4000/10010 (3999/4000 correct) [17.8s]
  Progress: 5000/10010 (4999/5000 correct) [22.2s]
  Progress: 6000/10010 (5998/6000 correct) [26.7s]
  Progress: 7000/10010 (6998/7000 correct) [31.1s]
  Progress: 8000/10010 (7998/8000 correct) [35.5s]
  Progress: 9000/10010 (8998/9000 correct) [40.3s]
  Progress: 10000/10010 (9998/10000 correct) [44.7s]

Results: 10008/10010 correct (99.98%)
Time: 44.7s (224 additions/sec)
Status: QUALIFIED (threshold: 99%)

Failures (2):
  6047119139 + 5060676488 = 11107795627, got 10107795627
  2828982940 + 2171822219 = 5000805159, got 4000805159
