Model: 5,312 parameters
Config: d=16, h=2, L=2, ff=36
Device: mps

Training for 30000 steps...
  step   500 | loss 1.430298 | lr 0.001000 | 0.2min
  step  1000 | loss 1.381264 | lr 0.000999 | 0.3min
  VAL 0.00%
  step  1500 | loss 1.283793 | lr 0.000996 | 0.4min
  step  2000 | loss 1.058778 | lr 0.000992 | 0.6min
  VAL 0.00%
  step  2500 | loss 0.698252 | lr 0.000987 | 0.7min
  step  3000 | loss 0.558830 | lr 0.000980 | 0.9min
  VAL 0.50%
  step  3500 | loss 0.476137 | lr 0.000972 | 1.0min
  step  4000 | loss 0.305135 | lr 0.000962 | 1.2min
  VAL 5.15%
  step  4500 | loss 0.241224 | lr 0.000951 | 1.3min
  step  5000 | loss 0.226355 | lr 0.000939 | 1.4min
  VAL 8.15%
  step  5500 | loss 0.215756 | lr 0.000926 | 1.6min
  step  6000 | loss 0.213373 | lr 0.000912 | 1.7min
  VAL 9.15%
  step  6500 | loss 0.206055 | lr 0.000896 | 1.8min
  step  7000 | loss 0.202394 | lr 0.000880 | 2.0min
  VAL 8.60%
  step  7500 | loss 0.201837 | lr 0.000862 | 2.1min
  step  8000 | loss 0.202234 | lr 0.000843 | 2.3min
  VAL 8.95%
  step  8500 | loss 0.199950 | lr 0.000823 | 2.4min
  step  9000 | loss 0.200159 | lr 0.000803 | 2.6min
  VAL 9.45%
  step  9500 | loss 0.197109 | lr 0.000781 | 2.7min
  step 10000 | loss 0.199228 | lr 0.000759 | 2.8min
  VAL 9.40%
  step 10500 | loss 0.196794 | lr 0.000736 | 2.9min
  step 11000 | loss 0.197114 | lr 0.000713 | 3.1min
  VAL 9.15%
  step 11500 | loss 0.196582 | lr 0.000688 | 3.2min
  step 12000 | loss 0.161809 | lr 0.000664 | 3.4min
  VAL 21.50%
  step 12500 | loss 0.090704 | lr 0.000638 | 3.5min
  step 13000 | loss 0.046411 | lr 0.000613 | 3.6min
  VAL 81.85%
  step 13500 | loss 0.029185 | lr 0.000587 | 3.7min
  step 14000 | loss 0.030329 | lr 0.000561 | 3.9min
  VAL 88.65%
  step 14500 | loss 0.020514 | lr 0.000534 | 4.0min
  step 15000 | loss 0.015919 | lr 0.000508 | 4.1min
  VAL 93.65%
  step 15500 | loss 0.011945 | lr 0.000481 | 4.3min
  step 16000 | loss 0.013210 | lr 0.000455 | 4.4min
  VAL 91.70%
  step 16500 | loss 0.010989 | lr 0.000429 | 4.6min
  step 17000 | loss 0.007966 | lr 0.000403 | 4.7min
  VAL 96.85%
  step 17500 | loss 0.006962 | lr 0.000377 | 4.8min
  step 18000 | loss 0.005849 | lr 0.000352 | 5.0min
  VAL 98.55%
  step 18500 | loss 0.005239 | lr 0.000327 | 5.1min
  step 19000 | loss 0.005179 | lr 0.000302 | 5.3min
  VAL 98.15%
  step 19500 | loss 0.004990 | lr 0.000278 | 5.4min
  step 20000 | loss 0.004154 | lr 0.000255 | 5.5min
  VAL 98.70%
  step 20500 | loss 0.003457 | lr 0.000232 | 5.7min
  step 21000 | loss 0.003464 | lr 0.000210 | 5.8min
  VAL 99.25%
  TEST 99.2100%
  *** New best: 99.2100% ***
  step 21500 | loss 0.002881 | lr 0.000189 | 6.0min
  step 22000 | loss 0.002745 | lr 0.000169 | 6.2min
  VAL 99.30%
  TEST 99.4200%
  *** New best: 99.4200% ***
  step 22500 | loss 0.003026 | lr 0.000149 | 6.4min
  step 23000 | loss 0.002366 | lr 0.000131 | 6.5min
  VAL 99.40%
  TEST 99.5100%
  *** New best: 99.5100% ***
  step 23500 | loss 0.002153 | lr 0.000114 | 6.7min
  step 24000 | loss 0.001977 | lr 0.000097 | 6.8min
  VAL 99.50%
  TEST 99.7200%
  *** New best: 99.7200% ***
  step 24500 | loss 0.001853 | lr 0.000082 | 7.0min
  step 25000 | loss 0.001839 | lr 0.000068 | 7.1min
  VAL 99.60%
  TEST 99.7100%
  step 25500 | loss 0.001658 | lr 0.000056 | 7.3min
  step 26000 | loss 0.001519 | lr 0.000044 | 7.4min
  VAL 99.70%
  TEST 99.8100%
  *** New best: 99.8100% ***
  step 26500 | loss 0.001475 | lr 0.000034 | 7.6min
  step 27000 | loss 0.001567 | lr 0.000025 | 7.8min
  VAL 99.70%
  TEST 99.8200%
  *** New best: 99.8200% ***
  step 27500 | loss 0.001644 | lr 0.000017 | 8.0min
  step 28000 | loss 0.001352 | lr 0.000011 | 8.1min
  VAL 99.70%
  TEST 99.8100%
  step 28500 | loss 0.001371 | lr 0.000006 | 8.3min
  step 29000 | loss 0.001382 | lr 0.000003 | 8.4min
  VAL 99.70%
  TEST 99.8700%
  *** New best: 99.8700% ***
  step 29500 | loss 0.001342 | lr 0.000001 | 8.6min
  step 30000 | loss 0.001348 | lr 0.000000 | 8.7min
  VAL 99.75%
  TEST 99.8600%

Training complete in 8.8 minutes
Best test accuracy: 99.8700%
