Model: RL4RL Autoresearch candidate
Author: configured in run manifest
Parameters (unique): 5312
Architecture: decoder-only addition transformer d=16, h=2, L=2, ff=36
Tricks: autoregressive greedy decoding, weights from checkpoint

  Progress: 1000/10010 (998/1000 correct) [10.7s]
  Progress: 2000/10010 (1997/2000 correct) [21.0s]
  Progress: 3000/10010 (2996/3000 correct) [31.6s]
  Progress: 4000/10010 (3994/4000 correct) [42.3s]
  Progress: 5000/10010 (4992/5000 correct) [52.9s]
  Progress: 6000/10010 (5991/6000 correct) [63.5s]
  Progress: 7000/10010 (6990/7000 correct) [74.1s]
  Progress: 8000/10010 (7988/8000 correct) [82.5s]
  Progress: 9000/10010 (8985/9000 correct) [91.0s]
  Progress: 10000/10010 (9982/10000 correct) [99.5s]

Results: 9992/10010 correct (99.82%)
Time: 99.6s (101 additions/sec)
Status: QUALIFIED (threshold: 99%)

Failures (18):
  6920152642 + 6939063813 = 13859216455, got 23859216455
  6693380656 + 6733498333 = 13426878989, got 23426878989
  6949627781 + 6528796457 = 13478424238, got 23478424238
  6771567513 + 6929689208 = 13701256721, got 23701256721
  6939833265 + 6604988852 = 13544822117, got 23544822117
  6961991249 + 6205786336 = 13167777585, got 23167777585
  1908197835 + 2908889649 = 4817087484, got 14817087484
  2988172828 + 2822699399 = 5810872227, got 15810872227
  7304202900 + 7220112226 = 14524315126, got 4524315126
  6534967091 + 6506993557 = 13041960648, got 23041960648
  7017330412 + 7129319221 = 14146649633, got 4146649633
  2926248259 + 5811990996 = 8738239255, got 18738239255
  2970898198 + 2844045321 = 5814943519, got 15814943519
  6842656043 + 6655973242 = 13498629285, got 23498629285
  7719129450 + 7008422828 = 14727552278, got 4727552278
  7606617111 + 7051217110 = 14657834221, got 4657834221
  7304270690 + 7007813425 = 14312084115, got 4312084115
  7125535321 + 7041094798 = 14166630119, got 4166630119
