Model: RL4RL Autoresearch candidate
Author: configured in run manifest
Parameters (unique): 1478
Architecture: decoder-only addition transformer d=16, h=2, L=2, ff=16
Tricks: autoregressive greedy decoding, weights from checkpoint

  Progress: 1000/10010 (987/1000 correct) [6.6s]
  Progress: 2000/10010 (1965/2000 correct) [13.1s]
  Progress: 3000/10010 (2945/3000 correct) [19.5s]
  Progress: 4000/10010 (3927/4000 correct) [26.0s]
  Progress: 5000/10010 (4900/5000 correct) [32.5s]
  Progress: 6000/10010 (5885/6000 correct) [39.0s]
  Progress: 7000/10010 (6856/7000 correct) [45.5s]
  Progress: 8000/10010 (7838/8000 correct) [52.2s]
  Progress: 9000/10010 (8820/9000 correct) [58.9s]
  Progress: 10000/10010 (9808/10000 correct) [65.4s]

Results: 9818/10010 correct (98.08%)
Time: 65.4s (153 additions/sec)
Status: NOT QUALIFIED (threshold: 99%)

First 20 failures (of 192):
  7038162399 + 8251837442 = 15289999841, got 16289999841
  7197773205 + 9077000387 = 16274773592, got 6274773592
  6509152292 + 9209120080 = 15718272372, got 15818272372
  8282255987 + 7185177148 = 15467433135, got 16467433135
  2383813986 + 5194289640 = 7578103626, got 8578103626
  7198425431 + 9230361473 = 16428786904, got 17428786904
  3509492375 + 9713299399 = 13222791774, got 12222791774
  7097198486 + 9497635225 = 16594833711, got 17594833711
  8953485676 + 8712760635 = 17666246311, got 27666246311
  6517064012 + 5929761163 = 12446825175, got 11446825175
  8783077237 + 7358001994 = 16141079231, got 16141079221
  8045674403 + 8182532273 = 16228206676, got 17228206676
  7316149219 + 8599939458 = 15916088677, got 15916088687
  3914352502 + 9647738271 = 13562090773, got 12562090773
  4890126842 + 3800011500 = 8690138342, got 8590138342
  8330338564 + 8081504374 = 16411842938, got 17411842938
  5939469578 + 1836045218 = 7775514796, got 7875514796
  5143096917 + 2497244804 = 7640341721, got 8640341721
  2797151853 + 2439724941 = 5236876794, got 5226876794
  4295262158 + 4953251124 = 9248513282, got 19248513282
