Model: RL4RL Autoresearch candidate
Author: configured in run manifest
Parameters (unique): 2119
Architecture: decoder-only addition transformer d=16, h=2, L=2, ff=16
Tricks: autoregressive greedy decoding, weights from checkpoint

  Progress: 1000/10010 (959/1000 correct) [6.0s]
  Progress: 2000/10010 (1925/2000 correct) [13.0s]
  Progress: 3000/10010 (2893/3000 correct) [18.9s]
  Progress: 4000/10010 (3864/4000 correct) [24.7s]
  Progress: 5000/10010 (4829/5000 correct) [30.5s]
  Progress: 6000/10010 (5796/6000 correct) [36.5s]
  Progress: 7000/10010 (6764/7000 correct) [42.3s]
  Progress: 8000/10010 (7731/8000 correct) [48.1s]
  Progress: 9000/10010 (8708/9000 correct) [54.0s]
  Progress: 10000/10010 (9680/10000 correct) [59.9s]

Results: 9690/10010 correct (96.80%)
Time: 59.9s (167 additions/sec)
Status: NOT QUALIFIED (threshold: 99%)

First 20 failures (of 320):
  9999999999 + 9999999999 = 19999999998, got 9999999998
  9999999999 + 9999999999 = 19999999998, got 9999999998
  6337327306 + 4000359568 = 10337686874, got 337686874
  6728496408 + 8405949359 = 15134445767, got 14134445767
  1822866090 + 4832899953 = 6655766043, got 6555766043
  7197773205 + 9077000387 = 16274773592, got 6274773592
  801026482 + 1939438410 = 2740464892, got 1740464892
  6969938512 + 1800378914 = 8770317426, got 8670317426
  9229471617 + 9474184142 = 18703655759, got 17703655759
  9802221894 + 7858087157 = 17660309051, got 17560309051
  847843106 + 8243805704 = 9091648810, got 9091648800
  1976493916 + 1906487771 = 3882981687, got 3782981687
  5468975900 + 1438734356 = 6907710256, got 5907710256
  2383813986 + 5194289640 = 7578103626, got 8578103626
  1875957208 + 5809047019 = 7685004227, got 7585004227
  8143673791 + 8516804826 = 16660478617, got 16560478617
  6832437373 + 3830048430 = 10662485803, got 10562485803
  4074712033 + 8030029417 = 12104741450, got 12004741450
  9265118944 + 9101331409 = 18366450353, got 17366450353
  2060434325 + 4050653496 = 6111087821, got 6011087821
