Model: RL4RL Autoresearch candidate
Author: configured in run manifest
Parameters (unique): 1861
Architecture: decoder-only addition transformer d=16, h=2, L=2, ff=10, block1_ff=8, fixed_separators=True, tied_position_pairs=[[4, 15], [7, 18], [5, 16], [3, 14], [2, 13], [8, 19], [6, 17], [1, 12], [0, 11], [9, 20]], interpolated_positions=[23, 24, 25, 26, 27], qkv_pruned=187
Tricks: autoregressive greedy decoding, weights from checkpoint

  Progress: 1000/10010 (997/1000 correct) [4.8s]
  Progress: 2000/10010 (1993/2000 correct) [9.3s]
  Progress: 3000/10010 (2989/3000 correct) [13.8s]
  Progress: 4000/10010 (3987/4000 correct) [18.8s]
  Progress: 5000/10010 (4984/5000 correct) [23.2s]
  Progress: 6000/10010 (5982/6000 correct) [27.6s]
  Progress: 7000/10010 (6977/7000 correct) [32.0s]
  Progress: 8000/10010 (7975/8000 correct) [36.4s]
  Progress: 9000/10010 (8972/9000 correct) [40.8s]
  Progress: 10000/10010 (9969/10000 correct) [45.2s]

Results: 9979/10010 correct (99.69%)
Time: 45.2s (221 additions/sec)
Status: QUALIFIED (threshold: 99%)

First 20 failures (of 31):
  6856587567 + 5217279121 = 12073866688, got 12073866788
  8996871469 + 881359370 = 9878230839, got 9878230939
  4570548664 + 1001206185 = 5571754849, got 5571754949
  9667565466 + 7850999362 = 17518564828, got 17518564928
  8051332463 + 3403183576 = 11454516039, got 11454516139
  6047119139 + 5060676488 = 11107795627, got 10107795627
  7578485564 + 7679059474 = 15257545038, got 15257545138
  8764399635 + 8983158513 = 17747558148, got 17747558248
  9278473654 + 9413599947 = 18692073601, got 19692073601
  712389169 + 5154499527 = 5866888696, got 5866888796
  3644544485 + 7233885524 = 10878430009, got 10878430109
  6768238360 + 2196574469 = 8964812829, got 8964812929
  9217700662 + 9448597295 = 18666297957, got 19666297957
  6186376627 + 3307992521 = 9494369148, got 9494369248
  5949339245 + 9889229807 = 15838569052, got 15828569052
  9402679499 + 9293095411 = 18695774910, got 19695774910
  2828982940 + 2171822219 = 5000805159, got 4000805159
  2597748763 + 2430595917 = 5028344680, got 4028344680
  9360408474 + 9213913869 = 18574322343, got 19574322343
  630520476 + 9848330533 = 10478851009, got 10478851109
