Model: 5,520 parameters
Config: d=16, h=2, L=2, ff=48
Device: mps

Training for 30000 steps...
  step   500 | loss 1.441557 | lr 0.001000 | 0.2min
  step  1000 | loss 1.414343 | lr 0.000999 | 0.3min
  VAL 0.00%
  step  1500 | loss 1.390415 | lr 0.000996 | 0.4min
  step  2000 | loss 1.343229 | lr 0.000992 | 0.6min
  VAL 0.00%
  step  2500 | loss 1.386929 | lr 0.000987 | 0.7min
  step  3000 | loss 1.344110 | lr 0.000980 | 0.8min
  VAL 0.00%
  step  3500 | loss 1.309273 | lr 0.000972 | 0.9min
  step  4000 | loss 1.373253 | lr 0.000962 | 1.1min
  VAL 0.00%
  step  4500 | loss 1.313241 | lr 0.000951 | 1.2min
  step  5000 | loss 1.312711 | lr 0.000939 | 1.3min
  VAL 0.00%
  step  5500 | loss 1.302864 | lr 0.000926 | 1.4min
  step  6000 | loss 1.310643 | lr 0.000912 | 1.5min
  VAL 0.00%
  step  6500 | loss 1.300091 | lr 0.000896 | 1.7min
  step  7000 | loss 1.292674 | lr 0.000880 | 1.8min
  VAL 0.00%
  step  7500 | loss 1.322352 | lr 0.000862 | 1.9min
  step  8000 | loss 1.262888 | lr 0.000843 | 2.0min
  VAL 0.00%
  step  8500 | loss 1.263620 | lr 0.000823 | 2.1min
  step  9000 | loss 1.260080 | lr 0.000803 | 2.3min
  VAL 0.00%
  step  9500 | loss 1.270655 | lr 0.000781 | 2.4min
  step 10000 | loss 1.286658 | lr 0.000759 | 2.5min
  VAL 0.00%
  step 10500 | loss 1.277216 | lr 0.000736 | 2.6min
  step 11000 | loss 1.274034 | lr 0.000713 | 2.7min
  VAL 0.00%
  step 11500 | loss 1.292373 | lr 0.000688 | 2.9min
  step 12000 | loss 1.267579 | lr 0.000664 | 3.0min
  VAL 0.00%
  step 12500 | loss 1.239038 | lr 0.000638 | 3.1min
  step 13000 | loss 1.267043 | lr 0.000613 | 3.3min
  VAL 0.00%
  step 13500 | loss 1.283384 | lr 0.000587 | 3.4min
  step 14000 | loss 1.281078 | lr 0.000561 | 3.5min
  VAL 0.00%
  step 14500 | loss 1.239406 | lr 0.000534 | 3.6min
  step 15000 | loss 1.268377 | lr 0.000508 | 3.8min
  VAL 0.00%
  step 15500 | loss 1.257878 | lr 0.000481 | 3.9min
  step 16000 | loss 1.229383 | lr 0.000455 | 4.0min
  VAL 0.00%
  step 16500 | loss 1.236647 | lr 0.000429 | 4.2min
  step 17000 | loss 1.232360 | lr 0.000403 | 4.3min
  VAL 0.00%
  step 17500 | loss 1.223189 | lr 0.000377 | 4.4min
  step 18000 | loss 1.255364 | lr 0.000352 | 4.5min
  VAL 0.00%
  step 18500 | loss 1.236431 | lr 0.000327 | 4.7min
  step 19000 | loss 1.231532 | lr 0.000302 | 4.8min
  VAL 0.00%
  step 19500 | loss 1.219103 | lr 0.000278 | 4.9min
  step 20000 | loss 1.256997 | lr 0.000255 | 5.0min
  VAL 0.00%
  step 20500 | loss 1.187512 | lr 0.000232 | 5.2min
  step 21000 | loss 1.223997 | lr 0.000210 | 5.3min
  VAL 0.00%
  step 21500 | loss 1.226002 | lr 0.000189 | 5.5min
  step 22000 | loss 1.243084 | lr 0.000169 | 5.6min
  VAL 0.00%
  step 22500 | loss 1.273068 | lr 0.000149 | 5.8min
  step 23000 | loss 1.254430 | lr 0.000131 | 5.9min
  VAL 0.00%
  step 23500 | loss 1.234562 | lr 0.000114 | 6.1min
  step 24000 | loss 1.216217 | lr 0.000097 | 6.2min
  VAL 0.00%
  step 24500 | loss 1.228752 | lr 0.000082 | 6.3min
  step 25000 | loss 1.218519 | lr 0.000068 | 6.4min
  VAL 0.00%
  step 25500 | loss 1.253537 | lr 0.000056 | 6.6min
  step 26000 | loss 1.193272 | lr 0.000044 | 6.7min
  VAL 0.00%
  step 26500 | loss 1.210823 | lr 0.000034 | 6.8min
  step 27000 | loss 1.221648 | lr 0.000025 | 6.9min
  VAL 0.00%
  step 27500 | loss 1.212840 | lr 0.000017 | 7.1min
  step 28000 | loss 1.201688 | lr 0.000011 | 7.2min
  VAL 0.00%
  step 28500 | loss 1.183012 | lr 0.000006 | 7.4min
  step 29000 | loss 1.199456 | lr 0.000003 | 7.5min
  VAL 0.00%
  step 29500 | loss 1.235498 | lr 0.000001 | 7.6min
  step 30000 | loss 1.237498 | lr 0.000000 | 7.7min
  VAL 0.00%

Training complete in 7.7 minutes
Best test accuracy: 0.0000%
