Model: RL4RL Autoresearch candidate
Author: configured in run manifest
Parameters (unique): 1672
Architecture: decoder-only addition transformer d=16, h=2, L=2, ff=16
Tricks: autoregressive greedy decoding, weights from checkpoint

  Progress: 1000/10010 (979/1000 correct) [7.6s]
  Progress: 2000/10010 (1963/2000 correct) [14.2s]
  Progress: 3000/10010 (2945/3000 correct) [20.9s]
  Progress: 4000/10010 (3922/4000 correct) [27.6s]
  Progress: 5000/10010 (4898/5000 correct) [34.3s]
  Progress: 6000/10010 (5881/6000 correct) [41.1s]
  Progress: 7000/10010 (6849/7000 correct) [47.6s]
  Progress: 8000/10010 (7826/8000 correct) [54.7s]
  Progress: 9000/10010 (8802/9000 correct) [61.5s]
  Progress: 10000/10010 (9790/10000 correct) [68.3s]

Results: 9800/10010 correct (97.90%)
Time: 68.4s (146 additions/sec)
Status: NOT QUALIFIED (threshold: 99%)

First 20 failures (of 210):
  9999999999 + 9999999999 = 19999999998, got 9999999998
  9999999999 + 9999999999 = 19999999998, got 9999999998
  6337327306 + 4000359568 = 10337686874, got 337686874
  7197773205 + 9077000387 = 16274773592, got 6274773592
  6509152292 + 9209120080 = 15718272372, got 15818272372
  9229471617 + 9474184142 = 18703655759, got 17703655759
  8386537299 + 1025580039 = 9412117338, got 9412117328
  8793150034 + 6686591836 = 15479741870, got 15479741880
  2383813986 + 5194289640 = 7578103626, got 8578103626
  3104870128 + 7631391239 = 10736261367, got 10736161367
  5968829248 + 4433926150 = 10402755398, got 10401755398
  2060434325 + 4050653496 = 6111087821, got 6011087821
  3162524289 + 3770398349 = 6932922638, got 6932922628
  9399458412 + 7539362235 = 16938820647, got 16928820647
  1590870754 + 3891940101 = 5482810855, got 5382810855
  2695667493 + 3493813159 = 6189480652, got 7189480652
  6740855352 + 8941192960 = 15682048312, got 15682048212
  8953485676 + 8712760635 = 17666246311, got 27666246311
  8783077237 + 7358001994 = 16141079231, got 16141079221
  7316149219 + 8599939458 = 15916088677, got 15916088687
