Initialized from retained incumbent: /Users/utshaho/Documents/GitHub/rl4rl/data/raw/autoresearch/sol-xhigh-overnight-20260814/state/incumbent.pt
Model: 3,840 parameters
Config: d=16, h=2, L=2, ff=13
Device: mps

INITIAL VAL 0.00%

Fine-tuning for up to 10000 steps...
  step   500 | loss 0.000807 | lr 0.000100 | 0.2min
  VAL 98.20%
  step  1000 | loss 0.000144 | lr 0.000099 | 0.3min
  VAL 99.55%
  TEST 99.6300%
  *** New best: 99.6300% ***
  step  1500 | loss 0.000074 | lr 0.000096 | 0.4min
  VAL 99.85%
  TEST 99.9400%
  *** New best: 99.9400% ***
  step  2000 | loss 0.000042 | lr 0.000093 | 0.6min
  VAL 99.95%
  TEST 99.9700%
  *** New best: 99.9700% ***
  step  2500 | loss 0.000067 | lr 0.000088 | 0.8min
  VAL 99.95%
  TEST 99.9500%
  step  3000 | loss 0.000061 | lr 0.000082 | 1.0min
  VAL 99.60%
  TEST 99.5000%
  step  3500 | loss 0.000039 | lr 0.000075 | 1.1min
  VAL 99.95%
  TEST 99.9800%
  *** New best: 99.9800% ***
  step  4000 | loss 0.000013 | lr 0.000068 | 1.3min
  VAL 99.95%
  TEST 99.9800%
  step  4500 | loss 0.000016 | lr 0.000060 | 1.5min
  VAL 99.95%
  TEST 99.9600%
  step  5000 | loss 0.000012 | lr 0.000052 | 1.6min
  VAL 99.95%
  TEST 99.9800%
  step  5500 | loss 0.000023 | lr 0.000044 | 1.8min
  VAL 99.95%
  TEST 99.9900%
  *** New best: 99.9900% ***
  step  6000 | loss 0.000023 | lr 0.000036 | 2.0min
  VAL 100.00%
  TEST 100.0000%
  *** New best: 100.0000% ***
Fine-tuned candidate reached the early-stop target.
