Model: RL4RL Autoresearch candidate
Author: configured in run manifest
Parameters (unique): 1639
Architecture: decoder-only addition transformer d=16, h=2, L=2, ff=16
Tricks: autoregressive greedy decoding, weights from checkpoint

  Progress: 1000/10010 (0/1000 correct) [8.5s]
  Progress: 2000/10010 (0/2000 correct) [15.8s]
  Progress: 3000/10010 (0/3000 correct) [23.3s]
  Progress: 4000/10010 (0/4000 correct) [30.6s]
  Progress: 5000/10010 (0/5000 correct) [38.1s]
  Progress: 6000/10010 (0/6000 correct) [45.3s]
  Progress: 7000/10010 (0/7000 correct) [52.8s]
  Progress: 8000/10010 (0/8000 correct) [60.1s]
  Progress: 9000/10010 (0/9000 correct) [68.2s]
  Progress: 10000/10010 (0/10000 correct) [75.5s]

Results: 0/10010 correct (0.00%)
Time: 75.6s (132 additions/sec)
Status: NOT QUALIFIED (threshold: 99%)

First 20 failures (of 10010):
  0 + 0 = 0, got 3304322004
  0 + 1 = 1, got 3334322003
  9999999999 + 0 = 9999999999, got 6063331006
  9999999999 + 1 = 10000000000, got 6063331006
  9999999999 + 9999999999 = 19999999998, got 18889709807
  5000000000 + 5000000000 = 10000000000, got 4334322004
  1111111111 + 8888888889 = 10000000000, got 18883331006
  1234567890 + 9876543210 = 11111111100, got 16754432006
  9999999999 + 9999999999 = 19999999998, got 18889709807
  1 + 9999999999 = 10000000000, got 6703331006
  2395527356 + 9334186774 = 11729714130, got 18885441808
  4296888873 + 8475224721 = 12772113594, got 18884430907
  2446880696 + 4577514554 = 7024395250, got 17654441808
  1721735679 + 186192860 = 1907928539, got 25654432006
  3295396137 + 8512642381 = 11808038518, got 17886432007
  4721664841 + 8801376086 = 13523040927, got 16754432007
  8709633390 + 2191376109 = 10901009499, got 16753432006
  813236058 + 3041824170 = 3855060228, got 25655433006
  7038162399 + 8251837442 = 15289999841, got 18884431907
  3917771074 + 2558389380 = 6476160454, got 16754431007
