Model: 2,499 parameters
Config: d=14, h=2, L=2, ff=19
Device: mps

Training for 45000 steps...
  step   500 | loss 1.513695 | lr 0.001000 | 0.1min
  step  1000 | loss 1.468686 | lr 0.000999 | 0.3min
  VAL 0.00%
  step  1500 | loss 1.433543 | lr 0.000998 | 0.4min
  step  2000 | loss 1.422194 | lr 0.000997 | 0.5min
  VAL 0.00%
  step  2500 | loss 1.444945 | lr 0.000995 | 0.6min
  step  3000 | loss 1.353358 | lr 0.000992 | 0.8min
  VAL 0.00%
  step  3500 | loss 1.401956 | lr 0.000989 | 0.9min
  step  4000 | loss 1.410434 | lr 0.000985 | 1.0min
  VAL 0.00%
  step  4500 | loss 1.380376 | lr 0.000981 | 1.1min
  step  5000 | loss 1.367747 | lr 0.000976 | 1.3min
  VAL 0.00%
  step  5500 | loss 1.398923 | lr 0.000970 | 1.4min
  step  6000 | loss 1.390991 | lr 0.000964 | 1.5min
  VAL 0.00%
  step  6500 | loss 1.402098 | lr 0.000958 | 1.6min
  step  7000 | loss 1.373996 | lr 0.000951 | 1.8min
  VAL 0.00%
  step  7500 | loss 1.352641 | lr 0.000944 | 1.9min
  step  8000 | loss 1.389242 | lr 0.000936 | 2.0min
  VAL 0.00%
  step  8500 | loss 1.322764 | lr 0.000927 | 2.1min
  step  9000 | loss 1.347473 | lr 0.000918 | 2.3min
  VAL 0.00%
  step  9500 | loss 1.330757 | lr 0.000909 | 2.4min
  step 10000 | loss 1.300176 | lr 0.000899 | 2.5min
  VAL 0.00%
  step 10500 | loss 1.233547 | lr 0.000889 | 2.6min
  step 11000 | loss 1.091215 | lr 0.000879 | 2.8min
  VAL 0.00%
  step 11500 | loss 0.975332 | lr 0.000868 | 2.9min
  step 12000 | loss 0.885592 | lr 0.000856 | 3.0min
  VAL 0.00%
  step 12500 | loss 0.679130 | lr 0.000844 | 3.1min
  step 13000 | loss 0.417882 | lr 0.000832 | 3.3min
  VAL 1.00%
  step 13500 | loss 0.307751 | lr 0.000820 | 3.4min
  step 14000 | loss 0.177771 | lr 0.000807 | 3.5min
  VAL 16.60%
  step 14500 | loss 0.145014 | lr 0.000794 | 3.6min
  step 15000 | loss 0.112970 | lr 0.000780 | 3.8min
  VAL 24.60%
  step 15500 | loss 0.097378 | lr 0.000767 | 3.9min
  step 16000 | loss 0.091519 | lr 0.000753 | 4.0min
  VAL 36.15%
  step 16500 | loss 0.078364 | lr 0.000739 | 4.2min
  step 17000 | loss 0.076100 | lr 0.000724 | 4.3min
  VAL 43.35%
  step 17500 | loss 0.064355 | lr 0.000709 | 4.4min
  step 18000 | loss 0.060940 | lr 0.000694 | 4.5min
  VAL 49.90%
  step 18500 | loss 0.048098 | lr 0.000679 | 4.6min
  step 19000 | loss 0.045334 | lr 0.000664 | 4.8min
  VAL 59.55%
  step 19500 | loss 0.039671 | lr 0.000649 | 4.9min
  step 20000 | loss 0.037090 | lr 0.000633 | 5.0min
  VAL 65.35%
  step 20500 | loss 0.043037 | lr 0.000618 | 5.2min
  step 21000 | loss 0.028947 | lr 0.000602 | 5.3min
  VAL 68.30%
  step 21500 | loss 0.031579 | lr 0.000586 | 5.4min
  step 22000 | loss 0.025813 | lr 0.000571 | 5.5min
  VAL 72.50%
  step 22500 | loss 0.024858 | lr 0.000555 | 5.7min
  step 23000 | loss 0.030733 | lr 0.000539 | 5.8min
  VAL 72.55%
  step 23500 | loss 0.027342 | lr 0.000523 | 5.9min
  step 24000 | loss 0.023709 | lr 0.000507 | 6.0min
  VAL 79.45%
  step 24500 | loss 0.023393 | lr 0.000492 | 6.1min
  step 25000 | loss 0.023246 | lr 0.000476 | 6.2min
  VAL 80.80%
  step 25500 | loss 0.022187 | lr 0.000460 | 6.4min
  step 26000 | loss 0.019466 | lr 0.000445 | 6.5min
  VAL 81.40%
  step 26500 | loss 0.021292 | lr 0.000430 | 6.6min
  step 27000 | loss 0.019618 | lr 0.000415 | 6.7min
  VAL 83.55%
  step 27500 | loss 0.020851 | lr 0.000400 | 6.8min
  step 28000 | loss 0.018556 | lr 0.000385 | 6.9min
  VAL 81.70%
  step 28500 | loss 0.018392 | lr 0.000370 | 7.1min
  step 29000 | loss 0.019835 | lr 0.000356 | 7.2min
  VAL 87.80%
  step 29500 | loss 0.017194 | lr 0.000342 | 7.3min
  step 30000 | loss 0.016877 | lr 0.000328 | 7.4min
  VAL 87.90%
  step 30500 | loss 0.016870 | lr 0.000314 | 7.5min
  step 31000 | loss 0.015570 | lr 0.000301 | 7.6min
  VAL 85.70%
  step 31500 | loss 0.016373 | lr 0.000288 | 7.8min
  step 32000 | loss 0.016223 | lr 0.000275 | 7.9min
  VAL 88.80%
  step 32500 | loss 0.014623 | lr 0.000263 | 8.0min
  step 33000 | loss 0.015013 | lr 0.000251 | 8.1min
  VAL 91.65%
  step 33500 | loss 0.015115 | lr 0.000239 | 8.2min
  step 34000 | loss 0.014545 | lr 0.000228 | 8.3min
  VAL 90.50%
  step 34500 | loss 0.014587 | lr 0.000217 | 8.5min
  step 35000 | loss 0.014408 | lr 0.000207 | 8.6min
  VAL 91.25%
  step 35500 | loss 0.014520 | lr 0.000197 | 8.7min
  step 36000 | loss 0.013899 | lr 0.000187 | 8.8min
  VAL 91.70%
  step 36500 | loss 0.013420 | lr 0.000178 | 9.0min
  step 37000 | loss 0.012667 | lr 0.000169 | 9.1min
  VAL 92.10%
  step 37500 | loss 0.012233 | lr 0.000161 | 9.2min
  step 38000 | loss 0.011946 | lr 0.000153 | 9.3min
  VAL 92.90%
  step 38500 | loss 0.011426 | lr 0.000146 | 9.5min
  step 39000 | loss 0.012711 | lr 0.000139 | 9.6min
  VAL 93.50%
  step 39500 | loss 0.011018 | lr 0.000133 | 9.7min
  step 40000 | loss 0.011946 | lr 0.000128 | 9.8min
  VAL 93.40%
  step 40500 | loss 0.011126 | lr 0.000122 | 9.9min
  step 41000 | loss 0.011650 | lr 0.000118 | 10.1min
  VAL 92.75%
  step 41500 | loss 0.009485 | lr 0.000114 | 10.2min
  step 42000 | loss 0.010617 | lr 0.000110 | 10.3min
  VAL 93.80%
  step 42500 | loss 0.010708 | lr 0.000107 | 10.4min
  step 43000 | loss 0.010645 | lr 0.000104 | 10.6min
  VAL 93.25%
  step 43500 | loss 0.010686 | lr 0.000102 | 10.7min
  step 44000 | loss 0.010907 | lr 0.000101 | 10.8min
  VAL 94.85%
  step 44500 | loss 0.012117 | lr 0.000100 | 10.9min
  step 45000 | loss 0.009983 | lr 0.000100 | 11.1min
  VAL 94.25%

Training complete in 11.1 minutes
Best test accuracy: 0.0000%
