Traceback (most recent call last):
  File "/Users/utshaho/Documents/GitHub/rl4rl/data/raw/autoresearch/terra-xhigh-20260816/workspace/src/train.py", line 180, in <module>
    train()
  File "/Users/utshaho/Documents/GitHub/rl4rl/data/raw/autoresearch/terra-xhigh-20260816/workspace/src/train.py", line 84, in train
    model = AdditionTransformer(
            ^^^^^^^^^^^^^^^^^^^^
  File "/Users/utshaho/Documents/GitHub/rl4rl/data/raw/autoresearch/terra-xhigh-20260816/workspace/src/model.py", line 88, in __init__
    self.apply(self._init_weights)
  File "/Users/utshaho/Documents/GitHub/rl4rl/architecture_discovery/.venv/lib/python3.12/site-packages/torch/nn/modules/module.py", line 1044, in apply
    module.apply(fn)
  File "/Users/utshaho/Documents/GitHub/rl4rl/architecture_discovery/.venv/lib/python3.12/site-packages/torch/nn/modules/module.py", line 1044, in apply
    module.apply(fn)
  File "/Users/utshaho/Documents/GitHub/rl4rl/architecture_discovery/.venv/lib/python3.12/site-packages/torch/nn/modules/module.py", line 1044, in apply
    module.apply(fn)
  File "/Users/utshaho/Documents/GitHub/rl4rl/architecture_discovery/.venv/lib/python3.12/site-packages/torch/nn/modules/module.py", line 1045, in apply
    fn(self)
  File "/Users/utshaho/Documents/GitHub/rl4rl/data/raw/autoresearch/terra-xhigh-20260816/workspace/src/model.py", line 99, in _init_weights
    torch.nn.init.zeros_(module.bias)
  File "/Users/utshaho/Documents/GitHub/rl4rl/architecture_discovery/.venv/lib/python3.12/site-packages/torch/nn/init.py", line 268, in zeros_
    return _no_grad_zero_(tensor)
           ^^^^^^^^^^^^^^^^^^^^^^
  File "/Users/utshaho/Documents/GitHub/rl4rl/architecture_discovery/.venv/lib/python3.12/site-packages/torch/nn/init.py", line 69, in _no_grad_zero_
    return tensor.zero_()
           ^^^^^^^^^^^^
AttributeError: 'NoneType' object has no attribute 'zero_'
