Model: RL4RL Autoresearch candidate
Author: configured in run manifest
Parameters (unique): 1948
Architecture: decoder-only addition transformer d=16, h=2, L=2, ff=10, block1_ff=8, fixed_separators=True, tied_position_pairs=[[4, 15], [7, 18], [5, 16], [3, 14], [2, 13], [8, 19], [6, 17], [1, 12], [0, 11], [9, 20]], interpolated_positions=[23, 24, 25, 26, 27], qkv_pruned=100
Tricks: autoregressive greedy decoding, weights from checkpoint

  Progress: 1000/10010 (997/1000 correct) [4.4s]
  Progress: 2000/10010 (1995/2000 correct) [8.8s]
  Progress: 3000/10010 (2992/3000 correct) [13.3s]
  Progress: 4000/10010 (3989/4000 correct) [17.7s]
  Progress: 5000/10010 (4988/5000 correct) [22.1s]
  Progress: 6000/10010 (5983/6000 correct) [26.6s]
  Progress: 7000/10010 (6982/7000 correct) [31.0s]
  Progress: 8000/10010 (7979/8000 correct) [35.4s]
  Progress: 9000/10010 (8977/9000 correct) [39.8s]
  Progress: 10000/10010 (9973/10000 correct) [44.1s]

Results: 9983/10010 correct (99.73%)
Time: 44.2s (227 additions/sec)
Status: QUALIFIED (threshold: 99%)

First 20 failures (of 27):
  7829306287 + 1024919386 = 8854225673, got 8844225673
  6116232171 + 6692893101 = 12809125272, got 11809125272
  8529372708 + 4454872662 = 12984245370, got 12984295370
  5295810452 + 6238977555 = 11534788007, got 11434788007
  4624637094 + 517131976 = 5141769070, got 5041769070
  9278473654 + 9413599947 = 18692073601, got 19692073601
  5254066650 + 9287720511 = 14541787161, got 14441787161
  3029838603 + 4424373860 = 7454212463, got 7444212463
  1728591427 + 3825887437 = 5554478864, got 5544478864
  6258014553 + 8283570450 = 14541585003, got 14441585003
  9217700662 + 9448597295 = 18666297957, got 19666297957
  9402679499 + 9293095411 = 18695774910, got 19695774910
  4204529550 + 296440191 = 4500969741, got 4400969741
  9286919757 + 9253558462 = 18540478219, got 18440478219
  7295822456 + 4296380992 = 11592203448, got 11492203448
  2828982940 + 2171822219 = 5000805159, got 4000805159
  9479323125 + 9453799615 = 18933122740, got 19933122740
  294472611 + 7499372748 = 7793845359, got 7793795359
  5812383983 + 6097421408 = 11909805391, got 10909805391
  2628585680 + 1726040371 = 4354626051, got 4344626051
