Model: RL4RL Autoresearch candidate
Author: configured in run manifest
Parameters (unique): 1585
Architecture: decoder-only addition transformer d=16, h=2, L=2, ff=16
Tricks: autoregressive greedy decoding, weights from checkpoint

  Progress: 1000/10010 (2/1000 correct) [8.4s]
  Progress: 2000/10010 (2/2000 correct) [16.6s]
  Progress: 3000/10010 (2/3000 correct) [24.6s]
  Progress: 4000/10010 (2/4000 correct) [32.6s]
  Progress: 5000/10010 (2/5000 correct) [40.4s]
  Progress: 6000/10010 (4/6000 correct) [48.5s]
  Progress: 7000/10010 (4/7000 correct) [56.3s]
  Progress: 8000/10010 (5/8000 correct) [64.3s]
  Progress: 9000/10010 (5/9000 correct) [72.4s]
  Progress: 10000/10010 (5/10000 correct) [80.8s]

Results: 5/10010 correct (0.05%)
Time: 80.9s (124 additions/sec)
Status: NOT QUALIFIED (threshold: 99%)

First 20 failures (of 10005):
  0 + 0 = 0, got 1
  9999999999 + 0 = 9999999999, got 9999000000
  9999999999 + 1 = 10000000000, got 9999000001
  9999999999 + 9999999999 = 19999999998, got 9999999998
  5000000000 + 5000000000 = 10000000000, got 1
  1234567890 + 9876543210 = 11111111100, got 20001111101
  9999999999 + 9999999999 = 19999999998, got 9999999998
  1 + 9999999999 = 10000000000, got 9999999990
  2395527356 + 9334186774 = 11729714130, got 20709914010
  4296888873 + 8475224721 = 12772113594, got 20772110704
  2446880696 + 4577514554 = 7024395250, got 8014106200
  1721735679 + 186192860 = 1907928539, got 1909999530
  3295396137 + 8512642381 = 11808038518, got 10899000499
  4721664841 + 8801376086 = 13523040927, got 20423040008
  8709633390 + 2191376109 = 10901009499, got 10999999599
  813236058 + 3041824170 = 3855060228, got 3875060211
  7038162399 + 8251837442 = 15289999841, got 4290000801
  3917771074 + 2558389380 = 6476160454, got 7106060475
  2345623234 + 894115330 = 3239738564, got 3009838565
  9635552803 + 139097711 = 9774650514, got 9970310505
