Model: RL4RL Autoresearch candidate
Author: configured in run manifest
Parameters (unique): 2127
Architecture: decoder-only addition transformer d=16, h=2, L=2, ff=16
Tricks: autoregressive greedy decoding, weights from checkpoint

  Progress: 1000/10010 (989/1000 correct) [5.9s]
  Progress: 2000/10010 (1977/2000 correct) [11.9s]
  Progress: 3000/10010 (2969/3000 correct) [17.9s]
  Progress: 4000/10010 (3966/4000 correct) [24.0s]
  Progress: 5000/10010 (4956/5000 correct) [29.9s]
  Progress: 6000/10010 (5947/6000 correct) [35.8s]
  Progress: 7000/10010 (6935/7000 correct) [41.6s]
  Progress: 8000/10010 (7929/8000 correct) [47.4s]
  Progress: 9000/10010 (8921/9000 correct) [53.4s]
  Progress: 10000/10010 (9914/10000 correct) [59.3s]

Results: 9924/10010 correct (99.14%)
Time: 59.4s (169 additions/sec)
Status: QUALIFIED (threshold: 99%)

First 20 failures (of 86):
  6337327306 + 4000359568 = 10337686874, got 337686874
  7197773205 + 9077000387 = 16274773592, got 6274773592
  6509152292 + 9209120080 = 15718272372, got 15818272372
  9229471617 + 9474184142 = 18703655759, got 17703655759
  9089267194 + 4171613667 = 13260880861, got 14260880861
  5468975900 + 1438734356 = 6907710256, got 5907710256
  2383813986 + 5194289640 = 7578103626, got 8578103626
  1087949377 + 8190982880 = 9278932257, got 10278932257
  8922508953 + 8744108725 = 17666617678, got 27666617678
  8953485676 + 8712760635 = 17666246311, got 27666246311
  7400462276 + 6082641204 = 13483103480, got 3483103480
  4890126842 + 3800011500 = 8690138342, got 8590138342
  8608289211 + 6807338109 = 15415627320, got 14415627320
  9164926333 + 7104741504 = 16269667837, got 6269667837
  5603460909 + 6036423440 = 11639884349, got 1639884349
  9379911396 + 6710868207 = 16090779603, got 6090779603
  5068301911 + 2389048768 = 7457350679, got 8457350679
  9093595501 + 9827769033 = 18921364534, got 17921364534
  1615090008 + 5148495220 = 6763585228, got 5763585228
  8997389031 + 3923518121 = 12920907152, got 11920907152
