Model: 3,458 parameters
Config: d=14, h=2, L=2, ff=20
Device: mps

Training for 30000 steps...
  step   500 | loss 1.478438 | lr 0.001000 | 0.2min
  step  1000 | loss 1.333259 | lr 0.000999 | 0.3min
  VAL 0.00%
  step  1500 | loss 1.254850 | lr 0.000996 | 0.5min
  step  2000 | loss 1.003656 | lr 0.000992 | 0.6min
  VAL 0.00%
  step  2500 | loss 0.740122 | lr 0.000987 | 0.7min
  step  3000 | loss 0.583895 | lr 0.000980 | 0.9min
  VAL 0.15%
  step  3500 | loss 0.444823 | lr 0.000972 | 1.0min
  step  4000 | loss 0.388249 | lr 0.000962 | 1.2min
  VAL 2.20%
  step  4500 | loss 0.363425 | lr 0.000951 | 1.3min
  step  5000 | loss 0.336074 | lr 0.000939 | 1.5min
  VAL 4.40%
  step  5500 | loss 0.323865 | lr 0.000926 | 1.6min
  step  6000 | loss 0.314307 | lr 0.000912 | 1.8min
  VAL 5.50%
  step  6500 | loss 0.297123 | lr 0.000896 | 1.9min
  step  7000 | loss 0.282348 | lr 0.000880 | 2.1min
  VAL 6.15%
  step  7500 | loss 0.278089 | lr 0.000862 | 2.2min
  step  8000 | loss 0.277154 | lr 0.000843 | 2.4min
  VAL 7.70%
  step  8500 | loss 0.267753 | lr 0.000823 | 2.5min
  step  9000 | loss 0.262919 | lr 0.000803 | 2.7min
  VAL 8.65%
  step  9500 | loss 0.254997 | lr 0.000781 | 2.8min
  step 10000 | loss 0.254464 | lr 0.000759 | 2.9min
  VAL 7.85%
  step 10500 | loss 0.248099 | lr 0.000736 | 3.1min
  step 11000 | loss 0.243725 | lr 0.000713 | 3.2min
  VAL 9.00%
  step 11500 | loss 0.240414 | lr 0.000688 | 3.3min
  step 12000 | loss 0.237736 | lr 0.000664 | 3.5min
  VAL 8.90%
  step 12500 | loss 0.231322 | lr 0.000638 | 3.6min
  step 13000 | loss 0.229991 | lr 0.000613 | 3.7min
  VAL 8.85%
  step 13500 | loss 0.229762 | lr 0.000587 | 3.9min
  step 14000 | loss 0.208497 | lr 0.000561 | 4.0min
  VAL 23.25%
  step 14500 | loss 0.047404 | lr 0.000534 | 4.1min
  step 15000 | loss 0.041777 | lr 0.000508 | 4.3min
  VAL 90.30%
  step 15500 | loss 0.036344 | lr 0.000481 | 4.4min
  step 16000 | loss 0.033121 | lr 0.000455 | 4.5min
  VAL 95.10%
  step 16500 | loss 0.032459 | lr 0.000429 | 4.7min
  step 17000 | loss 0.030753 | lr 0.000403 | 4.8min
  VAL 95.05%
  step 17500 | loss 0.028324 | lr 0.000377 | 4.9min
  step 18000 | loss 0.026691 | lr 0.000352 | 5.1min
  VAL 96.65%
  step 18500 | loss 0.026646 | lr 0.000327 | 5.2min
  step 19000 | loss 0.025741 | lr 0.000302 | 5.3min
  VAL 96.85%
  step 19500 | loss 0.023730 | lr 0.000278 | 5.4min
  step 20000 | loss 0.024453 | lr 0.000255 | 5.6min
  VAL 96.10%
  step 20500 | loss 0.023505 | lr 0.000232 | 5.7min
  step 21000 | loss 0.023451 | lr 0.000210 | 5.8min
  VAL 97.05%
  step 21500 | loss 0.024005 | lr 0.000189 | 6.0min
  step 22000 | loss 0.021366 | lr 0.000169 | 6.1min
  VAL 97.45%
  step 22500 | loss 0.020401 | lr 0.000149 | 6.2min
  step 23000 | loss 0.019732 | lr 0.000131 | 6.3min
  VAL 97.50%
  step 23500 | loss 0.019359 | lr 0.000114 | 6.5min
  step 24000 | loss 0.019173 | lr 0.000097 | 6.6min
  VAL 98.15%
  step 24500 | loss 0.019160 | lr 0.000082 | 6.8min
  step 25000 | loss 0.018670 | lr 0.000068 | 6.9min
  VAL 98.15%
  step 25500 | loss 0.018585 | lr 0.000056 | 7.0min
  step 26000 | loss 0.017649 | lr 0.000044 | 7.1min
  VAL 98.40%
  step 26500 | loss 0.017386 | lr 0.000034 | 7.3min
  step 27000 | loss 0.016545 | lr 0.000025 | 7.4min
  VAL 98.60%
  step 27500 | loss 0.016579 | lr 0.000017 | 7.5min
  step 28000 | loss 0.015829 | lr 0.000011 | 7.7min
  VAL 98.50%
  step 28500 | loss 0.016476 | lr 0.000006 | 7.8min
  step 29000 | loss 0.016821 | lr 0.000003 | 7.9min
  VAL 98.50%
  step 29500 | loss 0.016338 | lr 0.000001 | 8.1min
  step 30000 | loss 0.016889 | lr 0.000000 | 8.2min
  VAL 98.55%

Training complete in 8.2 minutes
Best test accuracy: 0.0000%
