Model: RL4RL Autoresearch candidate
Author: configured in run manifest
Parameters (unique): 1952
Architecture: decoder-only addition transformer d=16, h=2, L=2, ff=10, block1_ff=8, fixed_separators=True, tied_position_pairs=[[4, 15], [7, 18], [5, 16], [3, 14], [2, 13], [8, 19], [6, 17], [1, 12], [0, 11], [9, 20]], interpolated_positions=[23, 24, 25, 26, 27], qkv_pruned=96
Tricks: autoregressive greedy decoding, weights from checkpoint

  Progress: 1000/10010 (998/1000 correct) [4.5s]
  Progress: 2000/10010 (1996/2000 correct) [8.9s]
  Progress: 3000/10010 (2992/3000 correct) [13.4s]
  Progress: 4000/10010 (3990/4000 correct) [17.8s]
  Progress: 5000/10010 (4987/5000 correct) [22.3s]
  Progress: 6000/10010 (5986/6000 correct) [26.7s]
  Progress: 7000/10010 (6986/7000 correct) [31.2s]
  Progress: 8000/10010 (7985/8000 correct) [35.8s]
  Progress: 9000/10010 (8985/9000 correct) [40.4s]
  Progress: 10000/10010 (9983/10000 correct) [45.0s]

Results: 9993/10010 correct (99.83%)
Time: 45.0s (222 additions/sec)
Status: QUALIFIED (threshold: 99%)

Failures (17):
  5082841972 + 6389390906 = 11472232878, got 10472232878
  9949339211 + 8948002488 = 18897341699, got 18997341699
  6047119139 + 5060676488 = 11107795627, got 10107795627
  5199705329 + 6225705022 = 11425410351, got 10425410351
  5073074988 + 6351264488 = 11424339476, got 10424339476
  6660112625 + 5142876686 = 11802989311, got 10802989311
  6081827802 + 5355690034 = 11437517836, got 10437517836
  9278473654 + 9413599947 = 18692073601, got 19692073601
  6220808416 + 5189773965 = 11410582381, got 10410582381
  6034185843 + 5879550316 = 11913736159, got 10913736159
  8191852004 + 7194996854 = 15386848858, got 15396848858
  5634381845 + 6168469548 = 11802851393, got 10802851393
  9402679499 + 9293095411 = 18695774910, got 19695774910
  6005893433 + 5803299494 = 11809192927, got 10809192927
  5812383983 + 6097421408 = 11909805391, got 10909805391
  5118045857 + 6196185877 = 11314231734, got 10314231734
  6058598929 + 5352836860 = 11411435789, got 10411435789
