Model: 3,374 parameters
Config: d=14, h=2, L=2, ff=19
Device: mps

Training for 30000 steps...
  step   500 | loss 1.459592 | lr 0.001000 | 0.2min
  step  1000 | loss 1.348660 | lr 0.000999 | 0.3min
  VAL 0.00%
  step  1500 | loss 1.326058 | lr 0.000996 | 0.4min
  step  2000 | loss 1.347267 | lr 0.000992 | 0.6min
  VAL 0.00%
  step  2500 | loss 1.298079 | lr 0.000987 | 0.7min
  step  3000 | loss 1.270297 | lr 0.000980 | 0.9min
  VAL 0.00%
  step  3500 | loss 1.196269 | lr 0.000972 | 1.0min
  step  4000 | loss 1.199087 | lr 0.000962 | 1.1min
  VAL 0.00%
  step  4500 | loss 1.026837 | lr 0.000951 | 1.2min
  step  5000 | loss 0.824998 | lr 0.000939 | 1.4min
  VAL 0.00%
  step  5500 | loss 0.645063 | lr 0.000926 | 1.5min
  step  6000 | loss 0.521044 | lr 0.000912 | 1.6min
  VAL 0.15%
  step  6500 | loss 0.474063 | lr 0.000896 | 1.7min
  step  7000 | loss 0.418564 | lr 0.000880 | 1.9min
  VAL 0.20%
  step  7500 | loss 0.389542 | lr 0.000862 | 2.0min
  step  8000 | loss 0.357513 | lr 0.000843 | 2.2min
  VAL 0.95%
  step  8500 | loss 0.339198 | lr 0.000823 | 2.3min
  step  9000 | loss 0.346779 | lr 0.000803 | 2.5min
  VAL 1.20%
  step  9500 | loss 0.295059 | lr 0.000781 | 2.6min
  step 10000 | loss 0.280364 | lr 0.000759 | 2.7min
  VAL 3.80%
  step 10500 | loss 0.276904 | lr 0.000736 | 2.9min
  step 11000 | loss 0.264933 | lr 0.000713 | 3.0min
  VAL 4.15%
  step 11500 | loss 0.267213 | lr 0.000688 | 3.1min
  step 12000 | loss 0.248474 | lr 0.000664 | 3.2min
  VAL 5.90%
  step 12500 | loss 0.243750 | lr 0.000638 | 3.3min
  step 13000 | loss 0.244392 | lr 0.000613 | 3.5min
  VAL 5.35%
  step 13500 | loss 0.236707 | lr 0.000587 | 3.6min
  step 14000 | loss 0.233553 | lr 0.000561 | 3.7min
  VAL 5.80%
  step 14500 | loss 0.231619 | lr 0.000534 | 3.9min
  step 15000 | loss 0.227660 | lr 0.000508 | 4.0min
  VAL 7.00%
  step 15500 | loss 0.227165 | lr 0.000481 | 4.2min
  step 16000 | loss 0.220394 | lr 0.000455 | 4.3min
  VAL 7.45%
  step 16500 | loss 0.218269 | lr 0.000429 | 4.4min
  step 17000 | loss 0.221137 | lr 0.000403 | 4.6min
  VAL 7.30%
  step 17500 | loss 0.215119 | lr 0.000377 | 4.7min
  step 18000 | loss 0.214683 | lr 0.000352 | 4.9min
  VAL 8.05%
  step 18500 | loss 0.214899 | lr 0.000327 | 5.0min
  step 19000 | loss 0.212523 | lr 0.000302 | 5.1min
  VAL 7.55%
  step 19500 | loss 0.210969 | lr 0.000278 | 5.2min
  step 20000 | loss 0.209462 | lr 0.000255 | 5.4min
  VAL 9.30%
  step 20500 | loss 0.208478 | lr 0.000232 | 5.5min
  step 21000 | loss 0.207452 | lr 0.000210 | 5.6min
  VAL 9.10%
  step 21500 | loss 0.206483 | lr 0.000189 | 5.8min
  step 22000 | loss 0.206122 | lr 0.000169 | 5.9min
  VAL 8.80%
  step 22500 | loss 0.203975 | lr 0.000149 | 6.0min
  step 23000 | loss 0.204499 | lr 0.000131 | 6.1min
  VAL 9.25%
  step 23500 | loss 0.204313 | lr 0.000114 | 6.3min
  step 24000 | loss 0.202655 | lr 0.000097 | 6.4min
  VAL 8.10%
  step 24500 | loss 0.202810 | lr 0.000082 | 6.5min
  step 25000 | loss 0.202401 | lr 0.000068 | 6.6min
  VAL 8.20%
  step 25500 | loss 0.201598 | lr 0.000056 | 6.8min
  step 26000 | loss 0.201573 | lr 0.000044 | 6.9min
  VAL 8.65%
  step 26500 | loss 0.200966 | lr 0.000034 | 7.0min
  step 27000 | loss 0.201270 | lr 0.000025 | 7.1min
  VAL 9.90%
  step 27500 | loss 0.200662 | lr 0.000017 | 7.3min
  step 28000 | loss 0.201534 | lr 0.000011 | 7.4min
  VAL 8.65%
  step 28500 | loss 0.200732 | lr 0.000006 | 7.5min
  step 29000 | loss 0.200634 | lr 0.000003 | 7.7min
  VAL 8.95%
  step 29500 | loss 0.200736 | lr 0.000001 | 7.8min
  step 30000 | loss 0.200500 | lr 0.000000 | 7.9min
  VAL 8.85%

Training complete in 7.9 minutes
Best test accuracy: 0.0000%
