Model: RL4RL Autoresearch candidate
Author: configured in run manifest
Parameters (unique): 1877
Architecture: decoder-only addition transformer d=16, h=2, L=2, ff=10, block1_ff=8, fixed_separators=True, tied_position_pairs=[[4, 15], [7, 18], [5, 16], [3, 14], [2, 13], [8, 19], [6, 17], [1, 12], [0, 11], [9, 20]], interpolated_positions=[23, 24, 25, 26, 27], qkv_pruned=171
Tricks: autoregressive greedy decoding, weights from checkpoint

  Progress: 1000/10010 (999/1000 correct) [4.4s]
  Progress: 2000/10010 (1998/2000 correct) [8.7s]
  Progress: 3000/10010 (2997/3000 correct) [13.1s]
  Progress: 4000/10010 (3997/4000 correct) [17.5s]
  Progress: 5000/10010 (4994/5000 correct) [21.8s]
  Progress: 6000/10010 (5991/6000 correct) [26.1s]
  Progress: 7000/10010 (6991/7000 correct) [30.4s]
  Progress: 8000/10010 (7989/8000 correct) [34.8s]
  Progress: 9000/10010 (8985/9000 correct) [39.1s]
  Progress: 10000/10010 (9982/10000 correct) [43.5s]

Results: 9992/10010 correct (99.82%)
Time: 43.5s (230 additions/sec)
Status: QUALIFIED (threshold: 99%)

Failures (18):
  2540728468 + 2766259025 = 5306987493, got 4306987493
  6047119139 + 5060676488 = 11107795627, got 10107795627
  9278473654 + 9413599947 = 18692073601, got 19692073601
  5634381845 + 6168469548 = 11802851393, got 10802851393
  9402679499 + 9293095411 = 18695774910, got 19695774910
  2988172828 + 2822699399 = 5810872227, got 4810872227
  6005893433 + 5803299494 = 11809192927, got 10809192927
  2828982940 + 2171822219 = 5000805159, got 4000805159
  2597748763 + 2430595917 = 5028344680, got 4028344680
  2796828290 + 2206270606 = 5003098896, got 4003098896
  2561962598 + 2448131904 = 5010094502, got 4010094502
  2970898198 + 2844045321 = 5814943519, got 4814943519
  9201756155 + 9771972022 = 18973728177, got 19973728177
  2540637875 + 2906523052 = 5447160927, got 4447160927
  2544951434 + 2456781784 = 5001733218, got 4001733218
  5118045857 + 6196185877 = 11314231734, got 10314231734
  2068770581 + 2967666774 = 5036437355, got 4036437355
  6058598929 + 5352836860 = 11411435789, got 10411435789
