Model: 4,544 parameters
Config: d=16, h=2, L=2, ff=24
Device: mps

Training for 30000 steps...
  step   500 | loss 1.448452 | lr 0.001000 | 0.1min
  step  1000 | loss 1.356145 | lr 0.000999 | 0.3min
  VAL 0.00%
  step  1500 | loss 1.100711 | lr 0.000996 | 0.4min
  step  2000 | loss 0.704111 | lr 0.000992 | 0.6min
  VAL 0.05%
  step  2500 | loss 0.470658 | lr 0.000987 | 0.7min
  step  3000 | loss 0.367317 | lr 0.000980 | 0.9min
  VAL 5.30%
  step  3500 | loss 0.303963 | lr 0.000972 | 1.0min
  step  4000 | loss 0.276633 | lr 0.000962 | 1.1min
  VAL 8.70%
  step  4500 | loss 0.251369 | lr 0.000951 | 1.3min
  step  5000 | loss 0.239226 | lr 0.000939 | 1.4min
  VAL 9.45%
  step  5500 | loss 0.232875 | lr 0.000926 | 1.5min
  step  6000 | loss 0.219269 | lr 0.000912 | 1.7min
  VAL 7.85%
  step  6500 | loss 0.215377 | lr 0.000896 | 1.8min
  step  7000 | loss 0.211922 | lr 0.000880 | 2.0min
  VAL 10.10%
  step  7500 | loss 0.207827 | lr 0.000862 | 2.1min
  step  8000 | loss 0.206976 | lr 0.000843 | 2.2min
  VAL 8.85%
  step  8500 | loss 0.203396 | lr 0.000823 | 2.4min
  step  9000 | loss 0.030086 | lr 0.000803 | 2.5min
  VAL 85.55%
  step  9500 | loss 0.026853 | lr 0.000781 | 2.7min
  step 10000 | loss 0.018240 | lr 0.000759 | 2.8min
  VAL 90.05%
  step 10500 | loss 0.018664 | lr 0.000736 | 2.9min
  step 11000 | loss 0.012781 | lr 0.000713 | 3.1min
  VAL 95.80%
  step 11500 | loss 0.014156 | lr 0.000688 | 3.2min
  step 12000 | loss 0.010513 | lr 0.000664 | 3.4min
  VAL 97.20%
  step 12500 | loss 0.008207 | lr 0.000638 | 3.5min
  step 13000 | loss 0.007032 | lr 0.000613 | 3.6min
  VAL 97.05%
  step 13500 | loss 0.007114 | lr 0.000587 | 3.8min
  step 14000 | loss 0.007346 | lr 0.000561 | 3.9min
  VAL 97.65%
  step 14500 | loss 0.005825 | lr 0.000534 | 4.1min
  step 15000 | loss 0.005701 | lr 0.000508 | 4.2min
  VAL 98.25%
  step 15500 | loss 0.005840 | lr 0.000481 | 4.3min
  step 16000 | loss 0.004225 | lr 0.000455 | 4.5min
  VAL 97.45%
  step 16500 | loss 0.004835 | lr 0.000429 | 4.6min
  step 17000 | loss 0.003675 | lr 0.000403 | 4.8min
  VAL 98.95%
  step 17500 | loss 0.003274 | lr 0.000377 | 4.9min
  step 18000 | loss 0.002754 | lr 0.000352 | 5.0min
  VAL 98.60%
  step 18500 | loss 0.002576 | lr 0.000327 | 5.2min
  step 19000 | loss 0.003989 | lr 0.000302 | 5.3min
  VAL 99.25%
  TEST 99.3000%
  *** New best: 99.3000% ***
  step 19500 | loss 0.002371 | lr 0.000278 | 5.5min
  step 20000 | loss 0.002260 | lr 0.000255 | 5.7min
  VAL 99.10%
  TEST 98.9700%
  step 20500 | loss 0.002194 | lr 0.000232 | 5.9min
  step 21000 | loss 0.002025 | lr 0.000210 | 6.0min
  VAL 99.40%
  TEST 99.5700%
  *** New best: 99.5700% ***
  step 21500 | loss 0.001622 | lr 0.000189 | 6.2min
  step 22000 | loss 0.001963 | lr 0.000169 | 6.3min
  VAL 99.90%
  TEST 99.6600%
  *** New best: 99.6600% ***
  step 22500 | loss 0.001662 | lr 0.000149 | 6.5min
  step 23000 | loss 0.001541 | lr 0.000131 | 6.6min
  VAL 99.70%
  TEST 99.8400%
  *** New best: 99.8400% ***
  step 23500 | loss 0.001452 | lr 0.000114 | 6.8min
  step 24000 | loss 0.001558 | lr 0.000097 | 6.9min
  VAL 99.95%
  TEST 99.8600%
  *** New best: 99.8600% ***
  step 24500 | loss 0.001323 | lr 0.000082 | 7.1min
  step 25000 | loss 0.001254 | lr 0.000068 | 7.2min
  VAL 99.85%
  TEST 99.8300%
  step 25500 | loss 0.001113 | lr 0.000056 | 7.4min
  step 26000 | loss 0.001148 | lr 0.000044 | 7.5min
  VAL 99.85%
  TEST 99.8800%
  *** New best: 99.8800% ***
  step 26500 | loss 0.001088 | lr 0.000034 | 7.7min
  step 27000 | loss 0.001074 | lr 0.000025 | 7.8min
  VAL 99.85%
  TEST 99.8500%
  step 27500 | loss 0.001051 | lr 0.000017 | 7.9min
  step 28000 | loss 0.001022 | lr 0.000011 | 8.0min
  VAL 99.85%
  TEST 99.8300%
  step 28500 | loss 0.000979 | lr 0.000006 | 8.2min
  step 29000 | loss 0.000988 | lr 0.000003 | 8.3min
  VAL 99.90%
  TEST 99.8600%
  step 29500 | loss 0.000972 | lr 0.000001 | 8.5min
  step 30000 | loss 0.000999 | lr 0.000000 | 8.6min
  VAL 99.90%
  TEST 99.8700%

Training complete in 8.7 minutes
Best test accuracy: 99.8800%
