Model: RL4RL Autoresearch candidate
Author: configured in run manifest
Parameters (unique): 4544
Architecture: decoder-only addition transformer d=16, h=2, L=2, ff=24
Tricks: autoregressive greedy decoding, weights from checkpoint

  Progress: 1000/10010 (999/1000 correct) [10.5s]
  Progress: 2000/10010 (1999/2000 correct) [21.0s]
  Progress: 3000/10010 (2997/3000 correct) [31.5s]
  Progress: 4000/10010 (3997/4000 correct) [41.9s]
  Progress: 5000/10010 (4997/5000 correct) [52.4s]
  Progress: 6000/10010 (5996/6000 correct) [63.0s]
  Progress: 7000/10010 (6996/7000 correct) [73.4s]
  Progress: 8000/10010 (7994/8000 correct) [83.1s]
  Progress: 9000/10010 (8993/9000 correct) [91.4s]
  Progress: 10000/10010 (9990/10000 correct) [99.3s]

Results: 10000/10010 correct (99.90%)
Time: 99.3s (101 additions/sec)
Status: QUALIFIED (threshold: 99%)

Failures (10):
  1072386478 + 6024888770 = 7097275248, got 8097275248
  2401182128 + 6692168482 = 9093350610, got 10093350610
  5176984637 + 4002756102 = 9179740739, got 10179740739
  7304202900 + 7220112226 = 14524315126, got 4524315126
  7017330412 + 7129319221 = 14146649633, got 4146649633
  5014689744 + 4028103932 = 9042793676, got 10042793676
  7808614277 + 7705002057 = 15513616334, got 5513616334
  7333738086 + 7793310014 = 15127048100, got 5127048100
  7304270690 + 7007813425 = 14312084115, got 4312084115
  7125535321 + 7041094798 = 14166630119, got 4166630119
