Model: RL4RL Autoresearch candidate
Author: configured in run manifest
Parameters (unique): 3488
Architecture: decoder-only addition transformer d=16, h=2, L=2, ff=10
Tricks: autoregressive greedy decoding, weights from checkpoint

  Progress: 1000/10010 (992/1000 correct) [6.5s]
  Progress: 2000/10010 (1988/2000 correct) [13.0s]
  Progress: 3000/10010 (2984/3000 correct) [19.4s]
  Progress: 4000/10010 (3979/4000 correct) [25.9s]
  Progress: 5000/10010 (4974/5000 correct) [32.3s]
  Progress: 6000/10010 (5968/6000 correct) [38.8s]
  Progress: 7000/10010 (6962/7000 correct) [45.2s]
  Progress: 8000/10010 (7958/8000 correct) [51.6s]
  Progress: 9000/10010 (8954/9000 correct) [58.0s]
  Progress: 10000/10010 (9947/10000 correct) [64.5s]

Results: 9957/10010 correct (99.47%)
Time: 64.5s (155 additions/sec)
Status: QUALIFIED (threshold: 99%)

First 20 failures (of 53):
  8423230586 + 7436298590 = 15859529176, got 10859529176
  8456922853 + 7332349232 = 15789272085, got 10789272085
  6615686751 + 4797356451 = 11413043202, got 10413043202
  7449298169 + 8320281235 = 15769579404, got 10769579404
  7316149219 + 8599939458 = 15916088677, got 10916088677
  8047531742 + 7287348858 = 15334880600, got 10334880600
  6411217581 + 4618156788 = 11029374369, got 10029374369
  9792314344 + 2116428310 = 11908742654, got 12408742654
  8531021770 + 7114038705 = 15645060475, got 10645060475
  7047411339 + 8773894180 = 15821305519, got 10821305519
  8066189727 + 7587591963 = 15653781690, got 10653781690
  6926439099 + 4974186137 = 11900625236, got 10900625236
  2163831798 + 7745318704 = 9909150502, got 10409150502
  6315838348 + 4738353018 = 11054191366, got 10054191366
  7584834059 + 8361657539 = 15946491598, got 10946491598
  7525349959 + 8227140576 = 15752490535, got 10752490535
  3656150081 + 6447287365 = 10103437446, got 10003437446
  6403342674 + 4627421652 = 11030764326, got 10030764326
  8160308854 + 7472498022 = 15632806876, got 10632806876
  7247983992 + 8399474570 = 15647458562, got 10647458562
