Model: 3,520 parameters
Config: d=16, h=2, L=2, ff=17
Device: mps

Training for 30000 steps...
  step   500 | loss 1.425060 | lr 0.001000 | 0.2min
  step  1000 | loss 1.377235 | lr 0.000999 | 0.3min
  VAL 0.00%
  step  1500 | loss 1.187458 | lr 0.000996 | 0.5min
  step  2000 | loss 1.053962 | lr 0.000992 | 0.6min
  VAL 0.00%
  step  2500 | loss 0.897240 | lr 0.000987 | 0.8min
  step  3000 | loss 0.771784 | lr 0.000980 | 0.9min
  VAL 0.00%
  step  3500 | loss 0.688618 | lr 0.000972 | 1.1min
  step  4000 | loss 0.635527 | lr 0.000962 | 1.2min
  VAL 0.00%
  step  4500 | loss 0.596784 | lr 0.000951 | 1.3min
  step  5000 | loss 0.586838 | lr 0.000939 | 1.5min
  VAL 0.15%
  step  5500 | loss 0.555774 | lr 0.000926 | 1.6min
  step  6000 | loss 0.541740 | lr 0.000912 | 1.8min
  VAL 0.15%
  step  6500 | loss 0.512085 | lr 0.000896 | 1.9min
  step  7000 | loss 0.494265 | lr 0.000880 | 2.0min
  VAL 0.10%
  step  7500 | loss 0.487840 | lr 0.000862 | 2.2min
  step  8000 | loss 0.484057 | lr 0.000843 | 2.3min
  VAL 0.35%
  step  8500 | loss 0.472191 | lr 0.000823 | 2.4min
  step  9000 | loss 0.466761 | lr 0.000803 | 2.5min
  VAL 0.20%
  step  9500 | loss 0.466088 | lr 0.000781 | 2.7min
  step 10000 | loss 0.467380 | lr 0.000759 | 2.8min
  VAL 0.20%
  step 10500 | loss 0.456840 | lr 0.000736 | 2.9min
  step 11000 | loss 0.452429 | lr 0.000713 | 3.1min
  VAL 0.25%
  step 11500 | loss 0.450325 | lr 0.000688 | 3.2min
  step 12000 | loss 0.442811 | lr 0.000664 | 3.4min
  VAL 0.45%
  step 12500 | loss 0.442310 | lr 0.000638 | 3.5min
  step 13000 | loss 0.441475 | lr 0.000613 | 3.7min
  VAL 0.60%
  step 13500 | loss 0.431375 | lr 0.000587 | 3.8min
  step 14000 | loss 0.423622 | lr 0.000561 | 4.0min
  VAL 0.75%
  step 14500 | loss 0.431270 | lr 0.000534 | 4.1min
  step 15000 | loss 0.424038 | lr 0.000508 | 4.3min
  VAL 0.75%
  step 15500 | loss 0.419917 | lr 0.000481 | 4.4min
  step 16000 | loss 0.416436 | lr 0.000455 | 4.6min
  VAL 0.60%
  step 16500 | loss 0.412578 | lr 0.000429 | 4.7min
  step 17000 | loss 0.413224 | lr 0.000403 | 4.9min
  VAL 0.65%
  step 17500 | loss 0.414068 | lr 0.000377 | 5.0min
  step 18000 | loss 0.411879 | lr 0.000352 | 5.2min
  VAL 0.90%
  step 18500 | loss 0.408166 | lr 0.000327 | 5.3min
  step 19000 | loss 0.404201 | lr 0.000302 | 5.4min
  VAL 0.70%
  step 19500 | loss 0.402826 | lr 0.000278 | 5.6min
  step 20000 | loss 0.402920 | lr 0.000255 | 5.7min
  VAL 0.55%
  step 20500 | loss 0.398163 | lr 0.000232 | 5.8min
  step 21000 | loss 0.399485 | lr 0.000210 | 5.9min
  VAL 0.85%
  step 21500 | loss 0.398032 | lr 0.000189 | 6.1min
  step 22000 | loss 0.398507 | lr 0.000169 | 6.2min
  VAL 0.90%
  step 22500 | loss 0.396924 | lr 0.000149 | 6.3min
  step 23000 | loss 0.396971 | lr 0.000131 | 6.5min
  VAL 1.15%
  step 23500 | loss 0.394988 | lr 0.000114 | 6.6min
  step 24000 | loss 0.390730 | lr 0.000097 | 6.7min
  VAL 1.30%
  step 24500 | loss 0.388837 | lr 0.000082 | 6.9min
  step 25000 | loss 0.389356 | lr 0.000068 | 7.0min
  VAL 1.15%
  step 25500 | loss 0.388602 | lr 0.000056 | 7.1min
  step 26000 | loss 0.393208 | lr 0.000044 | 7.2min
  VAL 1.10%
  step 26500 | loss 0.388066 | lr 0.000034 | 7.4min
  step 27000 | loss 0.382959 | lr 0.000025 | 7.5min
  VAL 1.20%
  step 27500 | loss 0.388128 | lr 0.000017 | 7.7min
  step 28000 | loss 0.385041 | lr 0.000011 | 7.8min
  VAL 0.80%
  step 28500 | loss 0.385667 | lr 0.000006 | 7.9min
  step 29000 | loss 0.393482 | lr 0.000003 | 8.1min
  VAL 0.85%
  step 29500 | loss 0.384484 | lr 0.000001 | 8.2min
  step 30000 | loss 0.384760 | lr 0.000000 | 8.3min
  VAL 1.10%

Training complete in 8.4 minutes
Best test accuracy: 0.0000%
