Model: RL4RL Autoresearch candidate
Author: configured in run manifest
Parameters (unique): 3520
Architecture: decoder-only addition transformer d=16, h=2, L=2, ff=17
Tricks: autoregressive greedy decoding, weights from checkpoint

  Progress: 1000/10010 (10/1000 correct) [8.5s]
  Progress: 2000/10010 (19/2000 correct) [17.0s]
  Progress: 3000/10010 (24/3000 correct) [24.9s]
  Progress: 4000/10010 (35/4000 correct) [31.7s]
  Progress: 5000/10010 (47/5000 correct) [38.6s]
  Progress: 6000/10010 (58/6000 correct) [45.4s]
  Progress: 7000/10010 (74/7000 correct) [52.2s]
  Progress: 8000/10010 (82/8000 correct) [59.4s]
  Progress: 9000/10010 (92/9000 correct) [66.5s]
  Progress: 10000/10010 (106/10000 correct) [73.4s]

Results: 106/10010 correct (1.06%)
Time: 73.5s (136 additions/sec)
Status: NOT QUALIFIED (threshold: 99%)

First 20 failures (of 9904):
  0 + 0 = 0, got 7
  0 + 1 = 1, got 7
  9999999999 + 0 = 9999999999, got 9999999998
  9999999999 + 1 = 10000000000, got 9999999998
  9999999999 + 9999999999 = 19999999998, got 19898889933
  5000000000 + 5000000000 = 10000000000, got 7
  1111111111 + 8888888889 = 10000000000, got 9999999993
  1234567890 + 9876543210 = 11111111100, got 10111111033
  9999999999 + 9999999999 = 19999999998, got 19898889933
  1 + 9999999999 = 10000000000, got 9999999999
  4296888873 + 8475224721 = 12772113594, got 12672113630
  2446880696 + 4577514554 = 7024395250, got 7024395240
  1721735679 + 186192860 = 1907928539, got 1907928530
  3295396137 + 8512642381 = 11808038518, got 11808038563
  4721664841 + 8801376086 = 13523040927, got 13523040890
  8709633390 + 2191376109 = 10901009499, got 10901009503
  813236058 + 3041824170 = 3855060228, got 3855060193
  7038162399 + 8251837442 = 15289999841, got 15289999840
  3917771074 + 2558389380 = 6476160454, got 6476160463
  2345623234 + 894115330 = 3239738564, got 3239738553
