Model: RL4RL Autoresearch candidate
Author: configured in run manifest
Parameters (unique): 1862
Architecture: decoder-only addition transformer d=16, h=2, L=2, ff=10, block1_ff=8, fixed_separators=True, tied_position_pairs=[[4, 15], [7, 18], [5, 16], [3, 14], [2, 13], [8, 19], [6, 17], [1, 12], [0, 11], [9, 20]], interpolated_positions=[23, 24, 25, 26, 27], qkv_pruned=186
Tricks: autoregressive greedy decoding, weights from checkpoint

  Progress: 1000/10010 (998/1000 correct) [4.4s]
  Progress: 2000/10010 (1995/2000 correct) [8.8s]
  Progress: 3000/10010 (2991/3000 correct) [13.2s]
  Progress: 4000/10010 (3990/4000 correct) [17.6s]
  Progress: 5000/10010 (4988/5000 correct) [22.0s]
  Progress: 6000/10010 (5986/6000 correct) [26.4s]
  Progress: 7000/10010 (6981/7000 correct) [30.9s]
  Progress: 8000/10010 (7979/8000 correct) [35.3s]
  Progress: 9000/10010 (8977/9000 correct) [40.3s]
  Progress: 10000/10010 (9974/10000 correct) [44.8s]

Results: 9984/10010 correct (99.74%)
Time: 44.8s (223 additions/sec)
Status: QUALIFIED (threshold: 99%)

First 20 failures (of 26):
  6856587567 + 5217279121 = 12073866688, got 12073866788
  4570548664 + 1001206185 = 5571754849, got 5571754949
  8051332463 + 3403183576 = 11454516039, got 11454516139
  6047119139 + 5060676488 = 11107795627, got 10107795627
  7578485564 + 7679059474 = 15257545038, got 15257545138
  8764399635 + 8983158513 = 17747558148, got 17747558248
  9278473654 + 9413599947 = 18692073601, got 19692073601
  712389169 + 5154499527 = 5866888696, got 5866888796
  3644544485 + 7233885524 = 10878430009, got 10878430109
  9217700662 + 9448597295 = 18666297957, got 19666297957
  6186376627 + 3307992521 = 9494369148, got 9494369248
  9402679499 + 9293095411 = 18695774910, got 19695774910
  2828982940 + 2171822219 = 5000805159, got 4000805159
  2597748763 + 2430595917 = 5028344680, got 4028344680
  9360408474 + 9213913869 = 18574322343, got 19574322343
  630520476 + 9848330533 = 10478851009, got 10478851109
  5361235476 + 1167260562 = 6528496038, got 6528496138
  2724077707 + 7869055642 = 10593133349, got 10592133349
  5784429567 + 8132782121 = 13917211688, got 13917211788
  2796828290 + 2206270606 = 5003098896, got 4003098896
