Model: 2,944 parameters
Config: d=14, h=2, L=2, ff=19
Device: mps

Training for 75000 steps...
  step   500 | loss 1.572055 | lr 0.001000 | 0.1min
  step  1000 | loss 1.414119 | lr 0.000999 | 0.3min
  VAL 0.00%
  step  1500 | loss 1.389664 | lr 0.000998 | 0.4min
  step  2000 | loss 1.379704 | lr 0.000997 | 0.5min
  VAL 0.00%
  step  2500 | loss 1.411267 | lr 0.000995 | 0.6min
  step  3000 | loss 1.341751 | lr 0.000992 | 0.8min
  VAL 0.00%
  step  3500 | loss 1.289197 | lr 0.000989 | 0.9min
  step  4000 | loss 1.267968 | lr 0.000985 | 1.0min
  VAL 0.00%
  step  4500 | loss 1.142732 | lr 0.000981 | 1.1min
  step  5000 | loss 0.761983 | lr 0.000976 | 1.3min
  VAL 0.00%
  step  5500 | loss 0.435045 | lr 0.000970 | 1.4min
  step  6000 | loss 0.291084 | lr 0.000964 | 1.6min
  VAL 10.95%
  step  6500 | loss 0.206514 | lr 0.000958 | 1.7min
  step  7000 | loss 0.177418 | lr 0.000951 | 1.9min
  VAL 46.20%
  step  7500 | loss 0.149847 | lr 0.000944 | 2.0min
  step  8000 | loss 0.123653 | lr 0.000936 | 2.2min
  VAL 62.75%
  step  8500 | loss 0.112109 | lr 0.000927 | 2.3min
  step  9000 | loss 0.108882 | lr 0.000918 | 2.5min
  VAL 67.85%
  step  9500 | loss 0.098849 | lr 0.000909 | 2.6min
  step 10000 | loss 0.086438 | lr 0.000899 | 2.7min
  VAL 50.85%
  step 10500 | loss 0.089116 | lr 0.000889 | 2.9min
  step 11000 | loss 0.082927 | lr 0.000879 | 3.0min
  VAL 78.25%
  step 11500 | loss 0.088057 | lr 0.000868 | 3.2min
  step 12000 | loss 0.076990 | lr 0.000856 | 3.3min
  VAL 73.00%
  step 12500 | loss 0.088311 | lr 0.000844 | 3.5min
  step 13000 | loss 0.077713 | lr 0.000832 | 3.6min
  VAL 79.05%
  step 13500 | loss 0.081463 | lr 0.000820 | 3.8min
  step 14000 | loss 0.080880 | lr 0.000807 | 4.2min
  VAL 80.35%
  step 14500 | loss 0.090705 | lr 0.000794 | 4.5min
  step 15000 | loss 0.070119 | lr 0.000780 | 4.7min
  VAL 69.70%
  step 15500 | loss 0.076788 | lr 0.000767 | 4.8min
  step 16000 | loss 0.078673 | lr 0.000753 | 5.0min
  VAL 57.95%
  step 16500 | loss 0.077703 | lr 0.000739 | 5.1min
  step 17000 | loss 0.074958 | lr 0.000724 | 5.3min
  VAL 73.75%
  step 17500 | loss 0.070967 | lr 0.000709 | 5.4min
  step 18000 | loss 0.072833 | lr 0.000694 | 5.6min
  VAL 72.85%
  step 18500 | loss 0.077372 | lr 0.000679 | 5.7min
  step 19000 | loss 0.066645 | lr 0.000664 | 5.8min
  VAL 82.65%
  step 19500 | loss 0.065887 | lr 0.000649 | 6.0min
  step 20000 | loss 0.066680 | lr 0.000633 | 6.1min
  VAL 77.00%
  step 20500 | loss 0.064349 | lr 0.000618 | 6.3min
  step 21000 | loss 0.071744 | lr 0.000602 | 6.4min
  VAL 75.05%
  step 21500 | loss 0.065094 | lr 0.000586 | 6.6min
  step 22000 | loss 0.056999 | lr 0.000571 | 6.7min
  VAL 77.95%
  step 22500 | loss 0.059443 | lr 0.000555 | 6.8min
  step 23000 | loss 0.063757 | lr 0.000539 | 7.0min
  VAL 78.75%
  step 23500 | loss 0.055727 | lr 0.000523 | 7.1min
  step 24000 | loss 0.054657 | lr 0.000507 | 7.2min
  VAL 85.90%
  step 24500 | loss 0.051867 | lr 0.000492 | 7.4min
  step 25000 | loss 0.059903 | lr 0.000476 | 7.5min
  VAL 84.45%
  step 25500 | loss 0.053833 | lr 0.000460 | 7.7min
  step 26000 | loss 0.059721 | lr 0.000445 | 7.8min
  VAL 80.55%
  step 26500 | loss 0.049476 | lr 0.000430 | 8.0min
  step 27000 | loss 0.057544 | lr 0.000415 | 8.1min
  VAL 94.15%
  step 27500 | loss 0.046484 | lr 0.000400 | 8.3min
  step 28000 | loss 0.045285 | lr 0.000385 | 8.4min
  VAL 90.85%
  step 28500 | loss 0.044599 | lr 0.000370 | 8.6min
  step 29000 | loss 0.040362 | lr 0.000356 | 8.7min
  VAL 91.85%
  step 29500 | loss 0.042852 | lr 0.000342 | 8.9min
  step 30000 | loss 0.038320 | lr 0.000328 | 9.0min
  VAL 91.55%
  step 30500 | loss 0.036533 | lr 0.000314 | 9.2min
  step 31000 | loss 0.035780 | lr 0.000301 | 9.3min
  VAL 91.80%
  step 31500 | loss 0.035697 | lr 0.000288 | 9.5min
  step 32000 | loss 0.031954 | lr 0.000275 | 9.6min
  VAL 95.15%
  step 32500 | loss 0.034639 | lr 0.000263 | 9.7min
  step 33000 | loss 0.031870 | lr 0.000251 | 9.9min
  VAL 96.90%
  step 33500 | loss 0.030957 | lr 0.000239 | 10.0min
  step 34000 | loss 0.031367 | lr 0.000228 | 10.2min
  VAL 94.50%
  step 34500 | loss 0.028652 | lr 0.000217 | 10.3min
  step 35000 | loss 0.032043 | lr 0.000207 | 10.4min
  VAL 92.75%
  step 35500 | loss 0.031979 | lr 0.000197 | 10.6min
  step 36000 | loss 0.025520 | lr 0.000187 | 10.7min
  VAL 97.45%
  step 36500 | loss 0.026038 | lr 0.000178 | 10.9min
  step 37000 | loss 0.024889 | lr 0.000169 | 11.0min
  VAL 97.35%
  step 37500 | loss 0.024900 | lr 0.000161 | 11.2min
  step 38000 | loss 0.023211 | lr 0.000153 | 11.3min
  VAL 98.00%
  step 38500 | loss 0.022464 | lr 0.000146 | 11.5min
  step 39000 | loss 0.022319 | lr 0.000139 | 11.6min
  VAL 98.80%
  step 39500 | loss 0.021583 | lr 0.000133 | 11.7min
  step 40000 | loss 0.020934 | lr 0.000128 | 11.9min
  VAL 98.45%
  step 40500 | loss 0.020216 | lr 0.000122 | 12.0min
  step 41000 | loss 0.020358 | lr 0.000118 | 12.1min
  VAL 98.25%
  step 41500 | loss 0.018850 | lr 0.000114 | 12.3min
  step 42000 | loss 0.018826 | lr 0.000110 | 12.4min
  VAL 98.60%
  step 42500 | loss 0.020392 | lr 0.000107 | 12.5min
  step 43000 | loss 0.019324 | lr 0.000104 | 12.7min
  VAL 98.75%
  step 43500 | loss 0.017436 | lr 0.000102 | 12.8min
  step 44000 | loss 0.017016 | lr 0.000101 | 12.9min
  VAL 98.45%
  step 44500 | loss 0.016251 | lr 0.000100 | 13.0min
  step 45000 | loss 0.016699 | lr 0.000100 | 13.2min
  VAL 99.00%
  TEST 98.5300%
  *** New best: 98.5300% ***
  step 45500 | loss 0.016027 | lr 0.000100 | 13.3min
  step 46000 | loss 0.016680 | lr 0.000100 | 13.5min
  VAL 99.00%
  TEST 98.6700%
  *** New best: 98.6700% ***
  step 46500 | loss 0.015560 | lr 0.000100 | 13.7min
  step 47000 | loss 0.015430 | lr 0.000100 | 13.8min
  VAL 99.15%
  TEST 98.9400%
  *** New best: 98.9400% ***
  step 47500 | loss 0.015956 | lr 0.000100 | 14.0min
  step 48000 | loss 0.014758 | lr 0.000100 | 14.1min
  VAL 98.85%
  step 48500 | loss 0.014950 | lr 0.000100 | 14.2min
  step 49000 | loss 0.014601 | lr 0.000100 | 14.4min
  VAL 98.95%
  step 49500 | loss 0.015092 | lr 0.000100 | 14.5min
  step 50000 | loss 0.015109 | lr 0.000100 | 14.7min
  VAL 97.85%
  step 50500 | loss 0.015099 | lr 0.000100 | 14.8min
  step 51000 | loss 0.014798 | lr 0.000100 | 14.9min
  VAL 99.05%
  TEST 98.7600%
  step 51500 | loss 0.014548 | lr 0.000100 | 15.1min
  step 52000 | loss 0.013977 | lr 0.000100 | 15.3min
  VAL 99.15%
  TEST 98.9200%
  step 52500 | loss 0.014792 | lr 0.000100 | 15.5min
  step 53000 | loss 0.014105 | lr 0.000100 | 15.6min
  VAL 98.95%
  step 53500 | loss 0.014548 | lr 0.000100 | 15.8min
  step 54000 | loss 0.013941 | lr 0.000100 | 15.9min
  VAL 98.25%
  step 54500 | loss 0.014240 | lr 0.000100 | 16.1min
  step 55000 | loss 0.013412 | lr 0.000100 | 16.2min
  VAL 99.10%
  TEST 98.7500%
  step 55500 | loss 0.013466 | lr 0.000100 | 16.4min
  step 56000 | loss 0.013533 | lr 0.000100 | 16.6min
  VAL 98.50%
  step 56500 | loss 0.013245 | lr 0.000100 | 16.7min
  step 57000 | loss 0.013413 | lr 0.000100 | 16.8min
  VAL 98.55%
  step 57500 | loss 0.014355 | lr 0.000100 | 17.0min
  step 58000 | loss 0.013773 | lr 0.000100 | 17.1min
  VAL 99.00%
  TEST 98.5000%
  step 58500 | loss 0.014694 | lr 0.000100 | 17.3min
  step 59000 | loss 0.013679 | lr 0.000100 | 17.5min
  VAL 98.90%
  step 59500 | loss 0.014686 | lr 0.000100 | 17.6min
  step 60000 | loss 0.013817 | lr 0.000100 | 17.8min
  VAL 98.50%
  step 60500 | loss 0.014577 | lr 0.000100 | 17.9min
  step 61000 | loss 0.013701 | lr 0.000100 | 18.1min
  VAL 98.65%
  step 61500 | loss 0.013497 | lr 0.000100 | 18.2min
  step 62000 | loss 0.013902 | lr 0.000100 | 18.4min
  VAL 98.60%
  step 62500 | loss 0.014135 | lr 0.000100 | 18.5min
  step 63000 | loss 0.013928 | lr 0.000100 | 18.6min
  VAL 98.20%
  step 63500 | loss 0.013486 | lr 0.000100 | 18.8min
  step 64000 | loss 0.014229 | lr 0.000100 | 18.9min
  VAL 97.50%
  step 64500 | loss 0.014589 | lr 0.000100 | 19.1min
  step 65000 | loss 0.014174 | lr 0.000100 | 19.2min
  VAL 98.40%
  step 65500 | loss 0.013753 | lr 0.000100 | 19.4min
  step 66000 | loss 0.012827 | lr 0.000100 | 19.5min
  VAL 98.80%
  step 66500 | loss 0.013759 | lr 0.000100 | 19.7min
  step 67000 | loss 0.014091 | lr 0.000100 | 19.8min
  VAL 98.50%
  step 67500 | loss 0.014354 | lr 0.000100 | 20.0min
  step 68000 | loss 0.013089 | lr 0.000100 | 20.1min
  VAL 98.60%
  step 68500 | loss 0.013460 | lr 0.000100 | 20.3min
  step 69000 | loss 0.013888 | lr 0.000100 | 20.4min
  VAL 98.40%
  step 69500 | loss 0.013377 | lr 0.000100 | 20.5min
  step 70000 | loss 0.014453 | lr 0.000100 | 20.7min
  VAL 97.60%
  step 70500 | loss 0.013806 | lr 0.000100 | 20.8min
  step 71000 | loss 0.015545 | lr 0.000100 | 21.0min
  VAL 97.85%
  step 71500 | loss 0.014462 | lr 0.000100 | 21.1min
  step 72000 | loss 0.013900 | lr 0.000100 | 21.2min
  VAL 98.80%
  step 72500 | loss 0.013188 | lr 0.000100 | 21.4min
  step 73000 | loss 0.015098 | lr 0.000100 | 21.5min
  VAL 95.00%
  step 73500 | loss 0.013444 | lr 0.000100 | 21.7min
  step 74000 | loss 0.013957 | lr 0.000100 | 21.8min
  VAL 98.70%
  step 74500 | loss 0.014196 | lr 0.000100 | 22.0min
  step 75000 | loss 0.013107 | lr 0.000100 | 22.1min
  VAL 98.65%

Training complete in 22.2 minutes
Best test accuracy: 98.9400%
