Model: RL4RL Autoresearch candidate
Author: configured in run manifest
Parameters (unique): 2944
Architecture: decoder-only addition transformer d=14, h=2, L=2, ff=19, position_rank=3, tie_norms_across_layers=True, no_norm_bias=True, factorized_positions=True, token_rank=6
Tricks: autoregressive greedy decoding, weights from checkpoint

  Progress: 1000/10010 (987/1000 correct) [8.9s]
  Progress: 2000/10010 (1980/2000 correct) [17.7s]
  Progress: 3000/10010 (2967/3000 correct) [26.4s]
  Progress: 4000/10010 (3954/4000 correct) [35.1s]
  Progress: 5000/10010 (4941/5000 correct) [43.9s]
  Progress: 6000/10010 (5931/6000 correct) [52.8s]
  Progress: 7000/10010 (6922/7000 correct) [61.6s]
  Progress: 8000/10010 (7911/8000 correct) [69.8s]
  Progress: 9000/10010 (8903/9000 correct) [79.9s]
  Progress: 10000/10010 (9894/10000 correct) [90.4s]

Results: 9903/10010 correct (98.93%)
Time: 90.5s (111 additions/sec)
Status: NOT QUALIFIED (threshold: 99%)

First 20 failures (of 107):
  5000000000 + 5000000000 = 10000000000, got 0
  1234567890 + 9876543210 = 11111111100, got 1111111100
  4245369000 + 8212998130 = 12458367130, got 2458367130
  4184380900 + 6023296350 = 10207677250, got 207677250
  4146862030 + 6987939170 = 11134801200, got 1134801200
  3301773111 + 9770315390 = 13072088501, got 3072088501
  9989885130 + 1305758330 = 11295643460, got 1295643460
  8268211062 + 9822667920 = 18090878982, got 8090878982
  9008276723 + 1061168960 = 10069445683, got 69445683
  3085570450 + 8519051131 = 11604621581, got 1604621581
  8948665722 + 7181898320 = 16130564042, got 6130564042
  9544767603 + 7533029170 = 17077796773, got 7077796773
  9963863741 + 7172978040 = 17136841781, got 7136841781
  8248776341 + 9005178461 = 17253954802, got 7253954802
  7144975271 + 8552967180 = 15697942451, got 5697942451
  5005612560 + 8857962710 = 13863575270, got 3863575270
  987095610 + 9112421541 = 10099517151, got 99517151
  6331651370 + 9656426370 = 15988077740, got 5988077740
  8442964410 + 7779467391 = 16222431801, got 6222431801
  9081659111 + 9043816252 = 18125475363, got 8125475363
