Model: RL4RL Autoresearch candidate
Author: configured in run manifest
Parameters (unique): 2122
Architecture: decoder-only addition transformer d=16, h=2, L=2, ff=16
Tricks: autoregressive greedy decoding, weights from checkpoint

  Progress: 1000/10010 (987/1000 correct) [5.9s]
  Progress: 2000/10010 (1973/2000 correct) [11.6s]
  Progress: 3000/10010 (2967/3000 correct) [17.4s]
  Progress: 4000/10010 (3963/4000 correct) [23.1s]
  Progress: 5000/10010 (4954/5000 correct) [28.9s]
  Progress: 6000/10010 (5945/6000 correct) [34.6s]
  Progress: 7000/10010 (6931/7000 correct) [40.4s]
  Progress: 8000/10010 (7921/8000 correct) [46.1s]
  Progress: 9000/10010 (8913/9000 correct) [52.0s]
  Progress: 10000/10010 (9906/10000 correct) [57.8s]

Results: 9916/10010 correct (99.06%)
Time: 57.8s (173 additions/sec)
Status: QUALIFIED (threshold: 99%)

First 20 failures (of 94):
  5000000000 + 5000000000 = 10000000000, got 0
  6337327306 + 4000359568 = 10337686874, got 337686874
  7197773205 + 9077000387 = 16274773592, got 6274773592
  6509152292 + 9209120080 = 15718272372, got 15818272372
  4184380900 + 6023296350 = 10207677250, got 207677250
  9229471617 + 9474184142 = 18703655759, got 17703655759
  9089267194 + 4171613667 = 13260880861, got 14260880861
  5468975900 + 1438734356 = 6907710256, got 5907710256
  2383813986 + 5194289640 = 7578103626, got 8578103626
  1087949377 + 8190982880 = 9278932257, got 278932257
  8953485676 + 8712760635 = 17666246311, got 27666246311
  7400462276 + 6082641204 = 13483103480, got 3483103480
  6840669308 + 801434060 = 7642103368, got 7542103368
  9601140559 + 9688860108 = 19290000667, got 18290000667
  4890126842 + 3800011500 = 8690138342, got 8590138342
  8608289211 + 6807338109 = 15415627320, got 14415627320
  9164926333 + 7104741504 = 16269667837, got 6269667837
  5603460909 + 6036423440 = 11639884349, got 1639884349
  9379911396 + 6710868207 = 16090779603, got 6090779603
  3501935208 + 9726184827 = 13228120035, got 12228120035
