Model: 2,886 parameters
Config: d=14, h=2, L=2, ff=19
Device: mps

Training for 75000 steps...
  step   500 | loss 1.769689 | lr 0.001000 | 0.1min
  step  1000 | loss 1.377346 | lr 0.000999 | 0.3min
  VAL 0.00%
  step  1500 | loss 1.398731 | lr 0.000998 | 0.4min
  step  2000 | loss 1.364197 | lr 0.000997 | 0.6min
  VAL 0.00%
  step  2500 | loss 1.369837 | lr 0.000995 | 0.7min
  step  3000 | loss 1.304981 | lr 0.000992 | 0.8min
  VAL 0.00%
  step  3500 | loss 1.312368 | lr 0.000989 | 1.0min
  step  4000 | loss 1.309556 | lr 0.000985 | 1.1min
  VAL 0.00%
  step  4500 | loss 1.252954 | lr 0.000981 | 1.3min
  step  5000 | loss 1.225305 | lr 0.000976 | 1.4min
  VAL 0.00%
  step  5500 | loss 1.152850 | lr 0.000970 | 1.6min
  step  6000 | loss 1.074770 | lr 0.000964 | 1.7min
  VAL 0.00%
  step  6500 | loss 1.056729 | lr 0.000958 | 1.8min
  step  7000 | loss 0.876922 | lr 0.000951 | 2.0min
  VAL 0.00%
  step  7500 | loss 0.795092 | lr 0.000944 | 2.1min
  step  8000 | loss 0.750545 | lr 0.000936 | 2.3min
  VAL 0.00%
  step  8500 | loss 0.608645 | lr 0.000927 | 2.4min
  step  9000 | loss 0.420295 | lr 0.000918 | 2.6min
  VAL 0.80%
  step  9500 | loss 0.289603 | lr 0.000909 | 2.7min
  step 10000 | loss 0.212462 | lr 0.000899 | 2.8min
  VAL 10.20%
  step 10500 | loss 0.169696 | lr 0.000889 | 3.0min
  step 11000 | loss 0.126342 | lr 0.000879 | 3.1min
  VAL 17.05%
  step 11500 | loss 0.102893 | lr 0.000868 | 3.3min
  step 12000 | loss 0.091078 | lr 0.000856 | 3.4min
  VAL 35.20%
  step 12500 | loss 0.081852 | lr 0.000844 | 3.6min
  step 13000 | loss 0.067626 | lr 0.000832 | 3.7min
  VAL 47.75%
  step 13500 | loss 0.055407 | lr 0.000820 | 3.8min
  step 14000 | loss 0.061715 | lr 0.000807 | 3.9min
  VAL 56.90%
  step 14500 | loss 0.059819 | lr 0.000794 | 4.1min
  step 15000 | loss 0.053013 | lr 0.000780 | 4.2min
  VAL 59.80%
  step 15500 | loss 0.043645 | lr 0.000767 | 4.3min
  step 16000 | loss 0.051610 | lr 0.000753 | 4.4min
  VAL 69.90%
  step 16500 | loss 0.042055 | lr 0.000739 | 4.5min
  step 17000 | loss 0.043090 | lr 0.000724 | 4.7min
  VAL 64.70%
  step 17500 | loss 0.045682 | lr 0.000709 | 4.8min
  step 18000 | loss 0.040647 | lr 0.000694 | 5.0min
  VAL 74.00%
  step 18500 | loss 0.042035 | lr 0.000679 | 5.1min
  step 19000 | loss 0.038888 | lr 0.000664 | 5.3min
  VAL 73.30%
  step 19500 | loss 0.038540 | lr 0.000649 | 5.5min
  step 20000 | loss 0.040227 | lr 0.000633 | 5.6min
  VAL 75.50%
  step 20500 | loss 0.043166 | lr 0.000618 | 5.8min
  step 21000 | loss 0.034801 | lr 0.000602 | 6.0min
  VAL 79.55%
  step 21500 | loss 0.038171 | lr 0.000586 | 6.3min
  step 22000 | loss 0.033310 | lr 0.000571 | 6.4min
  VAL 80.25%
  step 22500 | loss 0.035954 | lr 0.000555 | 6.6min
  step 23000 | loss 0.032616 | lr 0.000539 | 6.8min
  VAL 82.40%
  step 23500 | loss 0.031179 | lr 0.000523 | 7.0min
  step 24000 | loss 0.034101 | lr 0.000507 | 7.2min
  VAL 79.75%
  step 24500 | loss 0.028622 | lr 0.000492 | 7.4min
  step 25000 | loss 0.029663 | lr 0.000476 | 7.5min
  VAL 83.15%
  step 25500 | loss 0.027270 | lr 0.000460 | 7.7min
  step 26000 | loss 0.029528 | lr 0.000445 | 7.9min
  VAL 82.60%
  step 26500 | loss 0.029242 | lr 0.000430 | 8.1min
  step 27000 | loss 0.026800 | lr 0.000415 | 8.3min
  VAL 83.45%
  step 27500 | loss 0.027467 | lr 0.000400 | 8.5min
  step 28000 | loss 0.028723 | lr 0.000385 | 8.6min
  VAL 82.25%
  step 28500 | loss 0.027254 | lr 0.000370 | 8.8min
  step 29000 | loss 0.024848 | lr 0.000356 | 9.0min
  VAL 82.20%
  step 29500 | loss 0.025727 | lr 0.000342 | 9.2min
  step 30000 | loss 0.025319 | lr 0.000328 | 9.3min
  VAL 84.85%
  step 30500 | loss 0.022122 | lr 0.000314 | 9.5min
  step 31000 | loss 0.023540 | lr 0.000301 | 9.6min
  VAL 86.35%
  step 31500 | loss 0.020518 | lr 0.000288 | 9.8min
  step 32000 | loss 0.022560 | lr 0.000275 | 9.9min
  VAL 87.65%
  step 32500 | loss 0.021651 | lr 0.000263 | 10.1min
  step 33000 | loss 0.020719 | lr 0.000251 | 10.3min
  VAL 87.70%
  step 33500 | loss 0.020943 | lr 0.000239 | 10.4min
  step 34000 | loss 0.020586 | lr 0.000228 | 10.6min
  VAL 89.35%
  step 34500 | loss 0.018500 | lr 0.000217 | 10.8min
  step 35000 | loss 0.018337 | lr 0.000207 | 10.9min
  VAL 93.55%
  step 35500 | loss 0.018366 | lr 0.000197 | 11.1min
  step 36000 | loss 0.018131 | lr 0.000187 | 11.3min
  VAL 94.05%
  step 36500 | loss 0.016499 | lr 0.000178 | 11.5min
  step 37000 | loss 0.017753 | lr 0.000169 | 11.6min
  VAL 96.35%
  step 37500 | loss 0.016176 | lr 0.000161 | 11.8min
  step 38000 | loss 0.017100 | lr 0.000153 | 12.0min
  VAL 96.90%
  step 38500 | loss 0.016775 | lr 0.000146 | 12.3min
  step 39000 | loss 0.016280 | lr 0.000139 | 12.4min
  VAL 97.10%
  step 39500 | loss 0.015827 | lr 0.000133 | 12.6min
  step 40000 | loss 0.013944 | lr 0.000128 | 12.7min
  VAL 98.75%
  step 40500 | loss 0.014340 | lr 0.000122 | 12.9min
  step 41000 | loss 0.014149 | lr 0.000118 | 13.0min
  VAL 98.40%
  step 41500 | loss 0.013179 | lr 0.000114 | 13.2min
  step 42000 | loss 0.014023 | lr 0.000110 | 13.3min
  VAL 98.95%
  step 42500 | loss 0.012881 | lr 0.000107 | 13.5min
  step 43000 | loss 0.014049 | lr 0.000104 | 13.6min
  VAL 99.10%
  TEST 98.5900%
  *** New best: 98.5900% ***
  step 43500 | loss 0.013052 | lr 0.000102 | 13.8min
  step 44000 | loss 0.012516 | lr 0.000101 | 14.0min
  VAL 98.80%
  step 44500 | loss 0.012910 | lr 0.000100 | 14.2min
  step 45000 | loss 0.012806 | lr 0.000100 | 14.3min
  VAL 99.20%
  TEST 98.7200%
  *** New best: 98.7200% ***
  step 45500 | loss 0.011800 | lr 0.000100 | 14.5min
  step 46000 | loss 0.012894 | lr 0.000100 | 14.6min
  VAL 98.85%
  step 46500 | loss 0.012424 | lr 0.000100 | 14.8min
  step 47000 | loss 0.011982 | lr 0.000100 | 14.9min
  VAL 98.45%
  step 47500 | loss 0.012260 | lr 0.000100 | 15.0min
  step 48000 | loss 0.011537 | lr 0.000100 | 15.1min
  VAL 99.25%
  TEST 98.9300%
  *** New best: 98.9300% ***
  step 48500 | loss 0.010876 | lr 0.000100 | 15.3min
  step 49000 | loss 0.011800 | lr 0.000100 | 15.5min
  VAL 99.00%
  TEST 98.8000%
  step 49500 | loss 0.012037 | lr 0.000100 | 15.6min
  step 50000 | loss 0.011796 | lr 0.000100 | 15.8min
  VAL 99.55%
  TEST 99.1000%
  *** New best: 99.1000% ***
  step 50500 | loss 0.012404 | lr 0.000100 | 16.0min
  step 51000 | loss 0.011704 | lr 0.000100 | 16.2min
  VAL 99.40%
  TEST 99.1000%
  step 51500 | loss 0.012209 | lr 0.000100 | 16.5min
  step 52000 | loss 0.011947 | lr 0.000100 | 16.7min
  VAL 99.55%
  TEST 99.1600%
  *** New best: 99.1600% ***
  step 52500 | loss 0.012081 | lr 0.000100 | 16.9min
  step 53000 | loss 0.012024 | lr 0.000100 | 17.1min
  VAL 99.55%
  TEST 99.1800%
  *** New best: 99.1800% ***
  step 53500 | loss 0.011533 | lr 0.000100 | 17.3min
  step 54000 | loss 0.011680 | lr 0.000100 | 17.5min
  VAL 99.40%
  TEST 99.1000%
  step 54500 | loss 0.011605 | lr 0.000100 | 17.7min
  step 55000 | loss 0.011553 | lr 0.000100 | 17.9min
  VAL 99.50%
  TEST 99.2300%
  *** New best: 99.2300% ***
  step 55500 | loss 0.012128 | lr 0.000100 | 18.2min
  step 56000 | loss 0.011582 | lr 0.000100 | 18.3min
  VAL 99.25%
  TEST 98.8800%
  step 56500 | loss 0.012150 | lr 0.000100 | 18.6min
  step 57000 | loss 0.012029 | lr 0.000100 | 18.8min
  VAL 99.35%
  TEST 98.9300%
  step 57500 | loss 0.012271 | lr 0.000100 | 19.0min
  step 58000 | loss 0.012339 | lr 0.000100 | 19.2min
  VAL 99.60%
  TEST 99.2800%
  *** New best: 99.2800% ***
  step 58500 | loss 0.013258 | lr 0.000100 | 19.3min
  step 59000 | loss 0.011736 | lr 0.000100 | 19.5min
  VAL 99.20%
  TEST 99.0900%
  step 59500 | loss 0.012348 | lr 0.000100 | 19.7min
  step 60000 | loss 0.012547 | lr 0.000100 | 19.8min
  VAL 99.65%
  TEST 99.1800%
  step 60500 | loss 0.012504 | lr 0.000100 | 20.1min
  step 61000 | loss 0.011613 | lr 0.000100 | 20.3min
  VAL 99.45%
  TEST 99.0300%
  step 61500 | loss 0.012795 | lr 0.000100 | 20.5min
  step 62000 | loss 0.012512 | lr 0.000100 | 20.6min
  VAL 99.55%
  TEST 99.2100%
  step 62500 | loss 0.011913 | lr 0.000100 | 20.9min
  step 63000 | loss 0.012412 | lr 0.000100 | 21.1min
  VAL 99.15%
  TEST 98.7300%
  step 63500 | loss 0.012517 | lr 0.000100 | 21.4min
  step 64000 | loss 0.012908 | lr 0.000100 | 21.5min
  VAL 99.35%
  TEST 98.9000%
  step 64500 | loss 0.012722 | lr 0.000100 | 21.8min
  step 65000 | loss 0.013218 | lr 0.000100 | 22.0min
  VAL 99.40%
  TEST 99.0500%
  step 65500 | loss 0.012337 | lr 0.000100 | 22.2min
  step 66000 | loss 0.013015 | lr 0.000100 | 22.4min
  VAL 99.65%
  TEST 99.3100%
  *** New best: 99.3100% ***
  step 66500 | loss 0.012425 | lr 0.000100 | 22.6min
  step 67000 | loss 0.012289 | lr 0.000100 | 22.8min
  VAL 99.60%
  TEST 99.2200%
  step 67500 | loss 0.012570 | lr 0.000100 | 23.0min
  step 68000 | loss 0.012834 | lr 0.000100 | 23.2min
  VAL 99.50%
  TEST 99.0600%
  step 68500 | loss 0.012640 | lr 0.000100 | 23.5min
  step 69000 | loss 0.013368 | lr 0.000100 | 23.6min
  VAL 99.55%
  TEST 99.0100%
  step 69500 | loss 0.013503 | lr 0.000100 | 23.9min
  step 70000 | loss 0.013151 | lr 0.000100 | 24.1min
  VAL 99.65%
  TEST 99.3000%
  step 70500 | loss 0.013256 | lr 0.000100 | 24.3min
  step 71000 | loss 0.013353 | lr 0.000100 | 24.5min
  VAL 99.40%
  TEST 99.2500%
  step 71500 | loss 0.012237 | lr 0.000100 | 24.7min
  step 72000 | loss 0.012612 | lr 0.000100 | 24.9min
  VAL 99.05%
  TEST 98.8900%
  step 72500 | loss 0.014112 | lr 0.000100 | 25.1min
  step 73000 | loss 0.013723 | lr 0.000100 | 25.2min
  VAL 99.65%
  TEST 99.1800%
  step 73500 | loss 0.013946 | lr 0.000100 | 25.4min
  step 74000 | loss 0.014207 | lr 0.000100 | 25.5min
  VAL 99.70%
  TEST 99.3900%
  *** New best: 99.3900% ***
  step 74500 | loss 0.014844 | lr 0.000100 | 25.7min
  step 75000 | loss 0.014151 | lr 0.000100 | 25.9min
  VAL 99.50%
  TEST 99.2300%

Training complete in 25.9 minutes
Best test accuracy: 99.3900%
