Model: RL4RL Autoresearch candidate
Author: configured in run manifest
Parameters (unique): 2886
Architecture: decoder-only addition transformer d=14, h=2, L=2, ff=19, position_rank=3, tie_norms_across_layers=True, no_norm_bias=True, factorized_positions=True, token_rank=4
Tricks: autoregressive greedy decoding, weights from checkpoint

  Progress: 1000/10010 (990/1000 correct) [9.3s]
  Progress: 2000/10010 (1982/2000 correct) [19.0s]
  Progress: 3000/10010 (2973/3000 correct) [29.0s]
  Progress: 4000/10010 (3967/4000 correct) [39.6s]
  Progress: 5000/10010 (4960/5000 correct) [49.6s]
  Progress: 6000/10010 (5957/6000 correct) [58.5s]
  Progress: 7000/10010 (6954/7000 correct) [68.5s]
  Progress: 8000/10010 (7947/8000 correct) [79.2s]
  Progress: 9000/10010 (8937/9000 correct) [89.3s]
  Progress: 10000/10010 (9931/10000 correct) [99.9s]

Results: 9941/10010 correct (99.31%)
Time: 100.0s (100 additions/sec)
Status: QUALIFIED (threshold: 99%)

First 20 failures (of 69):
  1234567890 + 9876543210 = 11111111100, got 1111111100
  4245369000 + 8212998130 = 12458367130, got 2458367130
  4184380900 + 6023296350 = 10207677250, got 207677250
  4146862030 + 6987939170 = 11134801200, got 1134801200
  9989885130 + 1305758330 = 11295643460, got 1295643460
  7800085540 + 4608897850 = 12408983390, got 2408983390
  4881644679 + 9713187874 = 14594832553, got 13594832553
  2187138326 + 3234411758 = 5421550084, got 4421550084
  9767311577 + 4791615229 = 14558926806, got 13558926806
  9723446840 + 7965164350 = 17688611190, got 7688611190
  6362182980 + 4270965430 = 10633148410, got 633148410
  7874868210 + 4239244551 = 12114112761, got 2114112761
  9745506676 + 4711546051 = 14457052727, got 13457052727
  4963164482 + 9585730759 = 14548895241, got 14648895241
  3860823061 + 4707322870 = 8568145931, got 8668145931
  6055327727 + 8052782938 = 14108110665, got 14208110665
  4784149260 + 9480341893 = 14264491153, got 13264491153
  6926439099 + 4974186137 = 11900625236, got 10900625236
  923522370 + 9547760050 = 10471282420, got 471282420
  7818993620 + 3928633920 = 11747627540, got 1747627540
