Model: 3,520 parameters
Config: d=16, h=2, L=2, ff=17
Device: mps

Training for 30000 steps...
  step   500 | loss 1.480070 | lr 0.001000 | 0.1min
  step  1000 | loss 1.377225 | lr 0.000999 | 0.3min
  VAL 0.00%
  step  1500 | loss 1.334927 | lr 0.000996 | 0.4min
  step  2000 | loss 1.133263 | lr 0.000992 | 0.5min
  VAL 0.00%
  step  2500 | loss 0.582464 | lr 0.000987 | 0.6min
  step  3000 | loss 0.298275 | lr 0.000980 | 0.8min
  VAL 14.65%
  step  3500 | loss 0.226801 | lr 0.000972 | 0.9min
  step  4000 | loss 0.164846 | lr 0.000962 | 1.0min
  VAL 42.70%
  step  4500 | loss 0.132943 | lr 0.000951 | 1.1min
  step  5000 | loss 0.109408 | lr 0.000939 | 1.2min
  VAL 49.15%
  step  5500 | loss 0.084285 | lr 0.000926 | 1.3min
  step  6000 | loss 0.073526 | lr 0.000912 | 1.5min
  VAL 71.60%
  step  6500 | loss 0.056803 | lr 0.000896 | 1.6min
  step  7000 | loss 0.043105 | lr 0.000880 | 1.7min
  VAL 78.70%
  step  7500 | loss 0.042231 | lr 0.000862 | 1.8min
  step  8000 | loss 0.032690 | lr 0.000843 | 1.9min
  VAL 79.05%
  step  8500 | loss 0.030714 | lr 0.000823 | 2.0min
  step  9000 | loss 0.025417 | lr 0.000803 | 2.2min
  VAL 88.85%
  step  9500 | loss 0.023479 | lr 0.000781 | 2.3min
  step 10000 | loss 0.025853 | lr 0.000759 | 2.4min
  VAL 88.85%
  step 10500 | loss 0.018417 | lr 0.000736 | 2.5min
  step 11000 | loss 0.017775 | lr 0.000713 | 2.7min
  VAL 91.65%
  step 11500 | loss 0.014742 | lr 0.000688 | 2.8min
  step 12000 | loss 0.012199 | lr 0.000664 | 3.0min
  VAL 91.65%
  step 12500 | loss 0.013541 | lr 0.000638 | 3.1min
  step 13000 | loss 0.011875 | lr 0.000613 | 3.2min
  VAL 94.85%
  step 13500 | loss 0.010001 | lr 0.000587 | 3.3min
  step 14000 | loss 0.011517 | lr 0.000561 | 3.5min
  VAL 92.85%
  step 14500 | loss 0.009038 | lr 0.000534 | 3.6min
  step 15000 | loss 0.008165 | lr 0.000508 | 3.8min
  VAL 91.75%
  step 15500 | loss 0.007938 | lr 0.000481 | 3.9min
  step 16000 | loss 0.007373 | lr 0.000455 | 4.0min
  VAL 95.75%
  step 16500 | loss 0.006518 | lr 0.000429 | 4.1min
  step 17000 | loss 0.007253 | lr 0.000403 | 4.2min
  VAL 93.00%
  step 17500 | loss 0.007053 | lr 0.000377 | 4.4min
  step 18000 | loss 0.005309 | lr 0.000352 | 4.5min
  VAL 98.00%
  step 18500 | loss 0.005739 | lr 0.000327 | 4.6min
  step 19000 | loss 0.005217 | lr 0.000302 | 4.7min
  VAL 97.35%
  step 19500 | loss 0.005072 | lr 0.000278 | 4.8min
  step 20000 | loss 0.004430 | lr 0.000255 | 5.0min
  VAL 99.20%
  TEST 98.7800%
  *** New best: 98.7800% ***
  step 20500 | loss 0.004109 | lr 0.000232 | 5.1min
  step 21000 | loss 0.003836 | lr 0.000210 | 5.2min
  VAL 99.10%
  TEST 99.1600%
  *** New best: 99.1600% ***
  step 21500 | loss 0.003508 | lr 0.000189 | 5.4min
  step 22000 | loss 0.003589 | lr 0.000169 | 5.5min
  VAL 99.50%
  TEST 99.2800%
  *** New best: 99.2800% ***
  step 22500 | loss 0.004002 | lr 0.000149 | 5.7min
  step 23000 | loss 0.003368 | lr 0.000131 | 5.8min
  VAL 99.65%
  TEST 99.5300%
  *** New best: 99.5300% ***
  step 23500 | loss 0.003576 | lr 0.000114 | 6.0min
  step 24000 | loss 0.003009 | lr 0.000097 | 6.1min
  VAL 99.60%
  TEST 99.3400%
  step 24500 | loss 0.003622 | lr 0.000082 | 6.2min
  step 25000 | loss 0.003075 | lr 0.000068 | 6.3min
  VAL 99.80%
  TEST 99.6800%
  *** New best: 99.6800% ***
  step 25500 | loss 0.003143 | lr 0.000056 | 6.5min
  step 26000 | loss 0.002904 | lr 0.000044 | 6.6min
  VAL 99.75%
  TEST 99.6000%
  step 26500 | loss 0.002661 | lr 0.000034 | 6.8min
  step 27000 | loss 0.002750 | lr 0.000025 | 6.9min
  VAL 99.85%
  TEST 99.6400%
  step 27500 | loss 0.002628 | lr 0.000017 | 7.1min
  step 28000 | loss 0.002796 | lr 0.000011 | 7.2min
  VAL 99.90%
  TEST 99.7700%
  *** New best: 99.7700% ***
  step 28500 | loss 0.002474 | lr 0.000006 | 7.4min
  step 29000 | loss 0.002604 | lr 0.000003 | 7.5min
  VAL 99.95%
  TEST 99.8100%
  *** New best: 99.8100% ***
  step 29500 | loss 0.002490 | lr 0.000001 | 7.7min
  step 30000 | loss 0.002598 | lr 0.000000 | 7.8min
  VAL 99.95%
  TEST 99.8100%

Training complete in 7.9 minutes
Best test accuracy: 99.8100%
