Model: RL4RL Autoresearch candidate
Author: configured in run manifest
Parameters (unique): 3520
Architecture: decoder-only addition transformer d=16, h=2, L=2, ff=17
Tricks: autoregressive greedy decoding, weights from checkpoint

  Progress: 1000/10010 (997/1000 correct) [8.3s]
  Progress: 2000/10010 (1996/2000 correct) [16.5s]
  Progress: 3000/10010 (2995/3000 correct) [24.8s]
  Progress: 4000/10010 (3993/4000 correct) [33.2s]
  Progress: 5000/10010 (4991/5000 correct) [41.0s]
  Progress: 6000/10010 (5989/6000 correct) [47.9s]
  Progress: 7000/10010 (6989/7000 correct) [54.7s]
  Progress: 8000/10010 (7987/8000 correct) [61.8s]
  Progress: 9000/10010 (8981/9000 correct) [68.7s]
  Progress: 10000/10010 (9979/10000 correct) [75.7s]

Results: 9989/10010 correct (99.79%)
Time: 75.8s (132 additions/sec)
Status: QUALIFIED (threshold: 99%)

First 20 failures (of 21):
  4309178838 + 4579489714 = 8888668552, got 18888668552
  3539288202 + 4861048062 = 8400336264, got 18400336264
  6180382144 + 6085150276 = 12265532420, got 2265532420
  4166278842 + 4717229043 = 8883507885, got 18883507885
  6264910762 + 6135751022 = 12400661784, got 2400661784
  3710568404 + 5898729371 = 9609297775, got 19609297775
  4834299011 + 4695239053 = 9529538064, got 19529538064
  4755339734 + 3725899070 = 8481238804, got 18481238804
  4924559449 + 4963428126 = 9887987575, got 19887987575
  3628399914 + 5332199057 = 8960598971, got 18960598971
  3664218572 + 4808079996 = 8472298568, got 18472298568
  6134531353 + 6235950660 = 12370482013, got 2370482013
  4718299202 + 4967124304 = 9685423506, got 19685423506
  3796037740 + 4858289007 = 8654326747, got 18654326747
  3359769250 + 4879839301 = 8239608551, got 18239608551
  8312002480 + 9677365279 = 17989367759, got 18089367759
  4672499812 + 4243699233 = 8916199045, got 18916199045
  9955018487 + 2903172434 = 12858190921, got 13858190921
  4906794761 + 4658119070 = 9564913831, got 19564913831
  4685696888 + 4999749200 = 9685446088, got 19685446088
