Model: RL4RL Autoresearch candidate
Author: configured in run manifest
Parameters (unique): 1644
Architecture: decoder-only addition transformer d=16, h=2, L=2, ff=15
Tricks: autoregressive greedy decoding, weights from checkpoint

  Progress: 1000/10010 (1/1000 correct) [6.6s]
  Progress: 2000/10010 (1/2000 correct) [13.2s]
  Progress: 3000/10010 (1/3000 correct) [19.8s]
  Progress: 4000/10010 (1/4000 correct) [26.5s]
  Progress: 5000/10010 (1/5000 correct) [33.2s]
  Progress: 6000/10010 (1/6000 correct) [39.7s]
  Progress: 7000/10010 (1/7000 correct) [47.6s]
  Progress: 8000/10010 (1/8000 correct) [54.6s]
  Progress: 9000/10010 (1/9000 correct) [61.1s]
  Progress: 10000/10010 (1/10000 correct) [68.1s]

Results: 1/10010 correct (0.01%)
Time: 68.1s (147 additions/sec)
Status: NOT QUALIFIED (threshold: 99%)

First 20 failures (of 10009):
  0 + 1 = 1, got 9
  9999999999 + 0 = 9999999999, got 9090919098
  9999999999 + 1 = 10000000000, got 9091919091
  9999999999 + 9999999999 = 19999999998, got 6666666665
  5000000000 + 5000000000 = 10000000000, got 5000000000
  1111111111 + 8888888889 = 10000000000, got 8777666751
  1234567890 + 9876543210 = 11111111100, got 12078796210
  9999999999 + 9999999999 = 19999999998, got 6666666665
  1 + 9999999999 = 10000000000, got 9091929091
  2395527356 + 9334186774 = 11729714130, got 13140506978
  4296888873 + 8475224721 = 12772113594, got 4065206673
  2446880696 + 4577514554 = 7024395250, got 4876452848
  1721735679 + 186192860 = 1907928539, got 849728668
  3295396137 + 8512642381 = 11808038518, got 11414834327
  4721664841 + 8801376086 = 13523040927, got 23521969745
  8709633390 + 2191376109 = 10901009499, got 10690697309
  813236058 + 3041824170 = 3855060228, got 1514076975
  7038162399 + 8251837442 = 15289999841, got 15187586842
  3917771074 + 2558389380 = 6476160454, got 3415151164
  2345623234 + 894115330 = 3239738564, got 2240528674
