Model: RL4RL Autoresearch candidate
Author: configured in run manifest
Parameters (unique): 5312
Architecture: decoder-only addition transformer d=16, h=2, L=2, ff=36
Tricks: autoregressive greedy decoding, weights from checkpoint

  Progress: 1000/10010 (999/1000 correct) [6.6s]
  Progress: 2000/10010 (1999/2000 correct) [13.2s]
  Progress: 3000/10010 (2999/3000 correct) [19.8s]
  Progress: 4000/10010 (3998/4000 correct) [26.4s]
  Progress: 5000/10010 (4998/5000 correct) [32.9s]
  Progress: 6000/10010 (5998/6000 correct) [39.5s]
  Progress: 7000/10010 (6998/7000 correct) [46.0s]
  Progress: 8000/10010 (7998/8000 correct) [52.6s]
  Progress: 9000/10010 (8998/9000 correct) [59.2s]
  Progress: 10000/10010 (9998/10000 correct) [65.8s]

Results: 10008/10010 correct (99.98%)
Time: 65.9s (152 additions/sec)
Status: QUALIFIED (threshold: 99%)

Failures (2):
  5000000000 + 5000000000 = 10000000000, got 0
  5065450841 + 5084143183 = 10149594024, got 149594024
