Model: 2,816 parameters
Config: d=14, h=2, L=2, ff=23
Device: mps

Training for 30000 steps...
  step   500 | loss 1.480392 | lr 0.001000 | 0.2min
  step  1000 | loss 1.372774 | lr 0.000999 | 0.3min
  VAL 0.00%
  step  1500 | loss 1.291825 | lr 0.000996 | 0.5min
  step  2000 | loss 1.139016 | lr 0.000992 | 0.7min
  VAL 0.00%
  step  2500 | loss 0.784797 | lr 0.000987 | 0.8min
  step  3000 | loss 0.595026 | lr 0.000980 | 1.0min
  VAL 0.20%
  step  3500 | loss 0.545170 | lr 0.000972 | 1.1min
  step  4000 | loss 0.491769 | lr 0.000962 | 1.3min
  VAL 0.35%
  step  4500 | loss 0.478790 | lr 0.000951 | 1.4min
  step  5000 | loss 0.443792 | lr 0.000939 | 1.6min
  VAL 0.75%
  step  5500 | loss 0.395340 | lr 0.000926 | 1.7min
  step  6000 | loss 0.286453 | lr 0.000912 | 1.9min
  VAL 4.80%
  step  6500 | loss 0.263665 | lr 0.000896 | 2.1min
  step  7000 | loss 0.226737 | lr 0.000880 | 2.3min
  VAL 7.60%
  step  7500 | loss 0.205789 | lr 0.000862 | 2.5min
  step  8000 | loss 0.162089 | lr 0.000843 | 2.6min
  VAL 25.05%
  step  8500 | loss 0.137113 | lr 0.000823 | 2.8min
  step  9000 | loss 0.121470 | lr 0.000803 | 3.0min
  VAL 35.25%
  step  9500 | loss 0.108555 | lr 0.000781 | 3.1min
  step 10000 | loss 0.104282 | lr 0.000759 | 3.3min
  VAL 47.70%
  step 10500 | loss 0.081873 | lr 0.000736 | 3.5min
  step 11000 | loss 0.074058 | lr 0.000713 | 3.6min
  VAL 49.00%
  step 11500 | loss 0.073156 | lr 0.000688 | 3.8min
  step 12000 | loss 0.063859 | lr 0.000664 | 4.0min
  VAL 57.50%
  step 12500 | loss 0.063595 | lr 0.000638 | 4.1min
  step 13000 | loss 0.068994 | lr 0.000613 | 4.3min
  VAL 65.10%
  step 13500 | loss 0.053592 | lr 0.000587 | 4.4min
  step 14000 | loss 0.044711 | lr 0.000561 | 4.6min
  VAL 67.90%
  step 14500 | loss 0.036003 | lr 0.000534 | 4.8min
  step 15000 | loss 0.040490 | lr 0.000508 | 4.9min
  VAL 68.70%
  step 15500 | loss 0.033957 | lr 0.000481 | 5.1min
  step 16000 | loss 0.029999 | lr 0.000455 | 5.2min
  VAL 75.55%
  step 16500 | loss 0.041214 | lr 0.000429 | 5.4min
  step 17000 | loss 0.026983 | lr 0.000403 | 5.6min
  VAL 77.75%
  step 17500 | loss 0.020324 | lr 0.000377 | 5.7min
  step 18000 | loss 0.019954 | lr 0.000352 | 5.8min
  VAL 80.90%
  step 18500 | loss 0.020011 | lr 0.000327 | 6.0min
  step 19000 | loss 0.019555 | lr 0.000302 | 6.1min
  VAL 85.45%
  step 19500 | loss 0.015593 | lr 0.000278 | 6.3min
  step 20000 | loss 0.013822 | lr 0.000255 | 6.5min
  VAL 87.25%
  step 20500 | loss 0.017635 | lr 0.000232 | 6.7min
  step 21000 | loss 0.012207 | lr 0.000210 | 6.8min
  VAL 89.05%
  step 21500 | loss 0.010243 | lr 0.000189 | 7.0min
  step 22000 | loss 0.009410 | lr 0.000169 | 7.1min
  VAL 90.40%
  step 22500 | loss 0.011611 | lr 0.000149 | 7.3min
  step 23000 | loss 0.007776 | lr 0.000131 | 7.5min
  VAL 92.70%
  step 23500 | loss 0.008526 | lr 0.000114 | 7.7min
  step 24000 | loss 0.007051 | lr 0.000097 | 7.8min
  VAL 93.40%
  step 24500 | loss 0.005536 | lr 0.000082 | 8.0min
  step 25000 | loss 0.005749 | lr 0.000068 | 8.1min
  VAL 93.75%
  step 25500 | loss 0.006323 | lr 0.000056 | 8.3min
  step 26000 | loss 0.005159 | lr 0.000044 | 8.4min
  VAL 95.40%
  step 26500 | loss 0.005904 | lr 0.000034 | 8.6min
  step 27000 | loss 0.006059 | lr 0.000025 | 8.7min
  VAL 95.55%
  step 27500 | loss 0.005563 | lr 0.000017 | 8.9min
  step 28000 | loss 0.005028 | lr 0.000011 | 9.1min
  VAL 95.35%
  step 28500 | loss 0.004739 | lr 0.000006 | 9.2min
  step 29000 | loss 0.004499 | lr 0.000003 | 9.4min
  VAL 95.75%
  step 29500 | loss 0.004326 | lr 0.000001 | 9.6min
  step 30000 | loss 0.004005 | lr 0.000000 | 9.7min
  VAL 95.80%

Training complete in 9.7 minutes
Best test accuracy: 0.0000%
