Model: RL4RL Autoresearch candidate
Author: configured in run manifest
Parameters (unique): 2816
Architecture: decoder-only addition transformer d=14, h=2, L=2, ff=23
Tricks: autoregressive greedy decoding, weights from checkpoint

  Progress: 1000/10010 (962/1000 correct) [9.4s]
  Progress: 2000/10010 (1928/2000 correct) [18.5s]
  Progress: 3000/10010 (2897/3000 correct) [27.3s]
  Progress: 4000/10010 (3852/4000 correct) [36.5s]
  Progress: 5000/10010 (4799/5000 correct) [45.6s]
  Progress: 6000/10010 (5761/6000 correct) [54.9s]
  Progress: 7000/10010 (6721/7000 correct) [64.0s]
  Progress: 8000/10010 (7682/8000 correct) [73.2s]
  Progress: 9000/10010 (8636/9000 correct) [82.4s]
  Progress: 10000/10010 (9597/10000 correct) [91.7s]

Results: 9606/10010 correct (95.96%)
Time: 91.8s (109 additions/sec)
Status: NOT QUALIFIED (threshold: 99%)

First 20 failures (of 404):
  9999999999 + 9999999999 = 19999999998, got 19899999988
  5000000000 + 5000000000 = 10000000000, got 0
  9999999999 + 9999999999 = 19999999998, got 19899999988
  5487960534 + 2479695299 = 7967655833, got 7967655823
  7380035983 + 2131518373 = 9511554356, got 8511554356
  4162085339 + 3488186070 = 7650271409, got 7650271419
  4723332198 + 7519509300 = 12242841498, got 12242841508
  4721147644 + 7791022899 = 12512170543, got 12512170533
  3969144850 + 6628971442 = 10598116292, got 10598116302
  1569991536 + 7812420999 = 9382412535, got 9382412525
  4569444916 + 8538942433 = 13108387349, got 13008387349
  1558580797 + 1750847867 = 3309428664, got 2309428664
  6368275042 + 5681725749 = 12050000791, got 11050000791
  8632333021 + 8389825988 = 17022159009, got 16023159009
  3439706693 + 2609436655 = 6049143348, got 7049143348
  3377277923 + 2601417744 = 5978695667, got 6978695667
  3820526709 + 8513535880 = 12334062589, got 12434062589
  8779092885 + 1971288758 = 10750381643, got 11750381643
  2419324703 + 3516291980 = 5935616683, got 6935616683
  7800085540 + 4608897850 = 12408983390, got 12408983400
