Model: RL4RL Autoresearch candidate
Author: configured in run manifest
Parameters (unique): 1458
Architecture: decoder-only addition transformer d=16, h=2, L=2, ff=16
Tricks: autoregressive greedy decoding, weights from checkpoint

  Progress: 1000/10010 (994/1000 correct) [8.5s]
  Progress: 2000/10010 (1987/2000 correct) [15.9s]
  Progress: 3000/10010 (2980/3000 correct) [23.6s]
  Progress: 4000/10010 (3974/4000 correct) [30.7s]
  Progress: 5000/10010 (4967/5000 correct) [39.0s]
  Progress: 6000/10010 (5961/6000 correct) [46.4s]
  Progress: 7000/10010 (6946/7000 correct) [53.4s]
  Progress: 8000/10010 (7935/8000 correct) [61.2s]
  Progress: 9000/10010 (8927/9000 correct) [68.3s]
  Progress: 10000/10010 (9921/10000 correct) [75.9s]

Results: 9931/10010 correct (99.21%)
Time: 75.9s (132 additions/sec)
Status: QUALIFIED (threshold: 99%)

First 20 failures (of 79):
  6509152292 + 9209120080 = 15718272372, got 15818272372
  9229471617 + 9474184142 = 18703655759, got 17703655759
  5468975900 + 1438734356 = 6907710256, got 5907710256
  2383813986 + 5194289640 = 7578103626, got 8578103626
  1978347876 + 4802489172 = 6780837048, got 6680837048
  8953485676 + 8712760635 = 17666246311, got 27666246311
  4890126842 + 3800011500 = 8690138342, got 8590138342
  3501935208 + 9726184827 = 13228120035, got 12228120035
  5068301911 + 2389048768 = 7457350679, got 8457350679
  9093595501 + 9827769033 = 18921364534, got 17921364534
  3156085673 + 9095035109 = 12251120782, got 12241120782
  7190183396 + 7497382532 = 14687565928, got 15687565928
  2194094483 + 6296971782 = 8491066265, got 9491066265
  7714504318 + 6513202658 = 14227706976, got 14227706986
  4979903411 + 8570506424 = 13550409835, got 13450409835
  9386157601 + 9524346701 = 18910504302, got 17910504302
  6476362474 + 6596865789 = 13073228263, got 14073228263
  9922359244 + 2512053409 = 12434412653, got 22434412653
  9276781256 + 9446454302 = 18723235558, got 17723235558
  8512244419 + 9221503805 = 17733748224, got 16733748224
