Model: RL4RL Autoresearch candidate
Author: configured in run manifest
Parameters (unique): 5568
Architecture: decoder-only addition transformer d=16, h=2, L=2, ff=40
Tricks: autoregressive greedy decoding, weights from checkpoint

  Progress: 1000/10010 (999/1000 correct) [6.5s]
  Progress: 2000/10010 (1999/2000 correct) [13.0s]
  Progress: 3000/10010 (2999/3000 correct) [19.4s]
  Progress: 4000/10010 (3998/4000 correct) [25.9s]
  Progress: 5000/10010 (4998/5000 correct) [32.4s]
  Progress: 6000/10010 (5998/6000 correct) [39.0s]
  Progress: 7000/10010 (6998/7000 correct) [45.4s]
  Progress: 8000/10010 (7998/8000 correct) [51.9s]
  Progress: 9000/10010 (8998/9000 correct) [58.5s]
  Progress: 10000/10010 (9997/10000 correct) [65.1s]

Results: 10007/10010 correct (99.97%)
Time: 65.1s (154 additions/sec)
Status: QUALIFIED (threshold: 99%)

Failures (3):
  5000000000 + 5000000000 = 10000000000, got 0
  6194898600 + 6145852101 = 12340750701, got 2340750701
  9325920960 + 8899178650 = 18225099610, got 8225099610
