Model: RL4RL Autoresearch candidate
Author: configured in run manifest
Parameters (unique): 3018
Architecture: decoder-only addition transformer d=16, h=2, L=2, ff=10
Tricks: autoregressive greedy decoding, weights from checkpoint

  Progress: 1000/10010 (323/1000 correct) [5.8s]
  Progress: 2000/10010 (661/2000 correct) [11.6s]
  Progress: 3000/10010 (975/3000 correct) [17.5s]
  Progress: 4000/10010 (1293/4000 correct) [23.3s]
  Progress: 5000/10010 (1605/5000 correct) [29.1s]
  Progress: 6000/10010 (1934/6000 correct) [34.9s]
  Progress: 7000/10010 (2268/7000 correct) [40.7s]
  Progress: 8000/10010 (2595/8000 correct) [46.5s]
  Progress: 9000/10010 (2928/9000 correct) [52.3s]
  Progress: 10000/10010 (3244/10000 correct) [58.1s]

Results: 3247/10010 correct (32.44%)
Time: 58.1s (172 additions/sec)
Status: NOT QUALIFIED (threshold: 99%)

First 20 failures (of 6763):
  9999999999 + 1 = 10000000000, got 9999999999
  9999999999 + 9999999999 = 19999999998, got 19999999908
  5000000000 + 5000000000 = 10000000000, got 11000000000
  1111111111 + 8888888889 = 10000000000, got 11000000000
  1234567890 + 9876543210 = 11111111100, got 12111111100
  9999999999 + 9999999999 = 19999999998, got 19999999908
  1 + 9999999999 = 10000000000, got 9999999998
  2395527356 + 9334186774 = 11729714130, got 11729714132
  2446880696 + 4577514554 = 7024395250, got 6024395250
  3295396137 + 8512642381 = 11808038518, got 11798038517
  8709633390 + 2191376109 = 10901009499, got 11901009499
  813236058 + 3041824170 = 3855060228, got 3855060227
  7038162399 + 8251837442 = 15289999841, got 14289999841
  3917771074 + 2558389380 = 6476160454, got 5476160454
  3369214745 + 1580376784 = 4949591529, got 3949591528
  5487960534 + 2479695299 = 7967655833, got 6967655834
  9981988602 + 6255527173 = 16237515775, got 15237515775
  3607041661 + 1478604144 = 5085645805, got 4085645805
  1550659006 + 2395544933 = 3946203939, got 3946203938
  7435684237 + 9703907347 = 17139591584, got 17139591585
