Model: RL4RL Autoresearch candidate
Author: configured in run manifest
Parameters (unique): 1869
Architecture: decoder-only addition transformer d=16, h=2, L=2, ff=10, block1_ff=8, fixed_separators=True, tied_position_pairs=[[4, 15], [7, 18], [5, 16], [3, 14], [2, 13], [8, 19], [6, 17], [1, 12], [0, 11], [9, 20]], interpolated_positions=[23, 24, 25, 26, 27], qkv_pruned=179
Tricks: autoregressive greedy decoding, weights from checkpoint

  Progress: 1000/10010 (998/1000 correct) [4.4s]
  Progress: 2000/10010 (1994/2000 correct) [8.9s]
  Progress: 3000/10010 (2990/3000 correct) [13.3s]
  Progress: 4000/10010 (3988/4000 correct) [17.7s]
  Progress: 5000/10010 (4986/5000 correct) [22.2s]
  Progress: 6000/10010 (5983/6000 correct) [26.6s]
  Progress: 7000/10010 (6983/7000 correct) [31.1s]
  Progress: 8000/10010 (7981/8000 correct) [35.6s]
  Progress: 9000/10010 (8980/9000 correct) [40.1s]
  Progress: 10000/10010 (9976/10000 correct) [44.5s]

Results: 9986/10010 correct (99.76%)
Time: 44.6s (225 additions/sec)
Status: QUALIFIED (threshold: 99%)

First 20 failures (of 24):
  5476370042 + 4129464580 = 9605834622, got 9555834622
  1726129725 + 4679463272 = 6405592997, got 6455592997
  2829187707 + 4176879979 = 7006067686, got 6956067686
  6026543306 + 9679448277 = 15705991583, got 15755991583
  5925958706 + 8679487973 = 14605446679, got 14555446679
  6047119139 + 5060676488 = 11107795627, got 10107795627
  5073074988 + 6351264488 = 11424339476, got 10424339476
  6660112625 + 5142876686 = 11802989311, got 10802989311
  1515540916 + 125165363 = 1640706279, got 1540706279
  5254066650 + 9287720511 = 14541787161, got 14441787161
  6258014553 + 8283570450 = 14541585003, got 14441585003
  3779529643 + 9726796401 = 13506326044, got 13456326044
  5634381845 + 6168469548 = 11802851393, got 10802851393
  9402679499 + 9293095411 = 18695774910, got 19695774910
  9286919757 + 9253558462 = 18540478219, got 18440478219
  6005893433 + 5803299494 = 11809192927, got 10809192927
  5226253041 + 1679692553 = 6905945594, got 6955945594
  5812383983 + 6097421408 = 11909805391, got 10909805391
  979865603 + 8725705256 = 9705570859, got 9755570859
  1376205167 + 1326173731 = 2702378898, got 2642378898
