Model: 3,332 parameters
Config: d=14, h=2, L=2, ff=20
Device: mps

Training for 45000 steps...
  step   500 | loss 1.503837 | lr 0.001000 | 0.1min
  step  1000 | loss 1.391050 | lr 0.000999 | 0.3min
  VAL 0.00%
  step  1500 | loss 1.387131 | lr 0.000998 | 0.4min
  step  2000 | loss 1.359616 | lr 0.000997 | 0.5min
  VAL 0.00%
  step  2500 | loss 1.362689 | lr 0.000995 | 0.6min
  step  3000 | loss 1.352716 | lr 0.000992 | 0.8min
  VAL 0.00%
  step  3500 | loss 1.303373 | lr 0.000989 | 0.9min
  step  4000 | loss 1.306727 | lr 0.000985 | 1.0min
  VAL 0.00%
  step  4500 | loss 1.261073 | lr 0.000981 | 1.1min
  step  5000 | loss 1.205255 | lr 0.000976 | 1.3min
  VAL 0.00%
  step  5500 | loss 1.226297 | lr 0.000970 | 1.4min
  step  6000 | loss 1.190676 | lr 0.000964 | 1.6min
  VAL 0.00%
  step  6500 | loss 1.196901 | lr 0.000958 | 1.7min
  step  7000 | loss 1.130301 | lr 0.000951 | 1.8min
  VAL 0.00%
  step  7500 | loss 1.145060 | lr 0.000944 | 2.0min
  step  8000 | loss 1.110732 | lr 0.000936 | 2.1min
  VAL 0.00%
  step  8500 | loss 1.072383 | lr 0.000927 | 2.2min
  step  9000 | loss 1.033783 | lr 0.000918 | 2.3min
  VAL 0.00%
  step  9500 | loss 0.900836 | lr 0.000909 | 2.4min
  step 10000 | loss 0.752984 | lr 0.000899 | 2.6min
  VAL 0.00%
  step 10500 | loss 0.438810 | lr 0.000889 | 2.7min
  step 11000 | loss 0.299479 | lr 0.000879 | 2.8min
  VAL 6.25%
  step 11500 | loss 0.226322 | lr 0.000868 | 2.9min
  step 12000 | loss 0.189678 | lr 0.000856 | 3.1min
  VAL 30.45%
  step 12500 | loss 0.169251 | lr 0.000844 | 3.2min
  step 13000 | loss 0.148494 | lr 0.000832 | 3.4min
  VAL 49.20%
  step 13500 | loss 0.142323 | lr 0.000820 | 3.5min
  step 14000 | loss 0.139497 | lr 0.000807 | 3.6min
  VAL 57.50%
  step 14500 | loss 0.120815 | lr 0.000794 | 3.8min
  step 15000 | loss 0.112912 | lr 0.000780 | 3.9min
  VAL 70.85%
  step 15500 | loss 0.109084 | lr 0.000767 | 4.0min
  step 16000 | loss 0.106888 | lr 0.000753 | 4.1min
  VAL 72.20%
  step 16500 | loss 0.108056 | lr 0.000739 | 4.3min
  step 17000 | loss 0.098321 | lr 0.000724 | 4.4min
  VAL 79.60%
  step 17500 | loss 0.098546 | lr 0.000709 | 4.5min
  step 18000 | loss 0.100905 | lr 0.000694 | 4.6min
  VAL 80.20%
  step 18500 | loss 0.086456 | lr 0.000679 | 4.7min
  step 19000 | loss 0.089076 | lr 0.000664 | 4.9min
  VAL 81.05%
  step 19500 | loss 0.083253 | lr 0.000649 | 5.0min
  step 20000 | loss 0.088031 | lr 0.000633 | 5.1min
  VAL 84.00%
  step 20500 | loss 0.082600 | lr 0.000618 | 5.2min
  step 21000 | loss 0.075314 | lr 0.000602 | 5.4min
  VAL 91.60%
  step 21500 | loss 0.075848 | lr 0.000586 | 5.5min
  step 22000 | loss 0.078285 | lr 0.000571 | 5.6min
  VAL 91.85%
  step 22500 | loss 0.072124 | lr 0.000555 | 5.7min
  step 23000 | loss 0.066990 | lr 0.000539 | 5.8min
  VAL 91.35%
  step 23500 | loss 0.066998 | lr 0.000523 | 6.0min
  step 24000 | loss 0.068990 | lr 0.000507 | 6.1min
  VAL 87.05%
  step 24500 | loss 0.062387 | lr 0.000492 | 6.3min
  step 25000 | loss 0.060758 | lr 0.000476 | 6.4min
  VAL 89.85%
  step 25500 | loss 0.059080 | lr 0.000460 | 6.5min
  step 26000 | loss 0.058641 | lr 0.000445 | 6.7min
  VAL 91.60%
  step 26500 | loss 0.055012 | lr 0.000430 | 6.8min
  step 27000 | loss 0.053243 | lr 0.000415 | 6.9min
  VAL 93.70%
  step 27500 | loss 0.051677 | lr 0.000400 | 7.1min
  step 28000 | loss 0.050204 | lr 0.000385 | 7.2min
  VAL 93.30%
  step 28500 | loss 0.046985 | lr 0.000370 | 7.3min
  step 29000 | loss 0.045882 | lr 0.000356 | 7.4min
  VAL 94.95%
  step 29500 | loss 0.044639 | lr 0.000342 | 7.6min
  step 30000 | loss 0.043813 | lr 0.000328 | 7.7min
  VAL 95.20%
  step 30500 | loss 0.041589 | lr 0.000314 | 7.8min
  step 31000 | loss 0.039305 | lr 0.000301 | 8.0min
  VAL 95.75%
  step 31500 | loss 0.038148 | lr 0.000288 | 8.1min
  step 32000 | loss 0.036148 | lr 0.000275 | 8.3min
  VAL 97.20%
  step 32500 | loss 0.035963 | lr 0.000263 | 8.4min
  step 33000 | loss 0.035125 | lr 0.000251 | 8.5min
  VAL 97.40%
  step 33500 | loss 0.032647 | lr 0.000239 | 8.7min
  step 34000 | loss 0.029318 | lr 0.000228 | 8.8min
  VAL 95.45%
  step 34500 | loss 0.029564 | lr 0.000217 | 9.0min
  step 35000 | loss 0.027995 | lr 0.000207 | 9.1min
  VAL 95.95%
  step 35500 | loss 0.027128 | lr 0.000197 | 9.2min
  step 36000 | loss 0.025217 | lr 0.000187 | 9.3min
  VAL 97.90%
  step 36500 | loss 0.024023 | lr 0.000178 | 9.5min
  step 37000 | loss 0.023941 | lr 0.000169 | 9.6min
  VAL 98.10%
  step 37500 | loss 0.022485 | lr 0.000161 | 9.7min
  step 38000 | loss 0.022663 | lr 0.000153 | 9.8min
  VAL 95.55%
  step 38500 | loss 0.022449 | lr 0.000146 | 9.9min
  step 39000 | loss 0.021113 | lr 0.000139 | 10.1min
  VAL 98.75%
  step 39500 | loss 0.020126 | lr 0.000133 | 10.2min
  step 40000 | loss 0.019116 | lr 0.000128 | 10.3min
  VAL 96.90%
  step 40500 | loss 0.018779 | lr 0.000122 | 10.5min
  step 41000 | loss 0.017859 | lr 0.000118 | 10.7min
  VAL 99.75%
  TEST 99.6500%
  *** New best: 99.6500% ***
  step 41500 | loss 0.016902 | lr 0.000114 | 10.8min
  step 42000 | loss 0.016993 | lr 0.000110 | 11.0min
  VAL 99.50%
  TEST 99.4400%
  step 42500 | loss 0.016783 | lr 0.000107 | 11.2min
  step 43000 | loss 0.016016 | lr 0.000104 | 11.3min
  VAL 99.55%
  TEST 99.3900%
  step 43500 | loss 0.015574 | lr 0.000102 | 11.5min
  step 44000 | loss 0.014880 | lr 0.000101 | 11.6min
  VAL 98.55%
  step 44500 | loss 0.015716 | lr 0.000100 | 11.7min
  step 45000 | loss 0.015276 | lr 0.000100 | 11.8min
  VAL 99.90%
  TEST 99.8900%
  *** New best: 99.8900% ***

Training complete in 11.9 minutes
Best test accuracy: 99.8900%
