Model: RL4RL Autoresearch candidate
Author: configured in run manifest
Parameters (unique): 3332
Architecture: decoder-only addition transformer d=14, h=2, L=2, ff=20, position_rank=6
Tricks: autoregressive greedy decoding, weights from checkpoint

  Progress: 1000/10010 (996/1000 correct) [6.8s]
  Progress: 2000/10010 (1996/2000 correct) [13.6s]
  Progress: 3000/10010 (2995/3000 correct) [20.3s]
  Progress: 4000/10010 (3992/4000 correct) [27.2s]
  Progress: 5000/10010 (4989/5000 correct) [34.1s]
  Progress: 6000/10010 (5983/6000 correct) [40.8s]
  Progress: 7000/10010 (6976/7000 correct) [47.7s]
  Progress: 8000/10010 (7974/8000 correct) [54.5s]
  Progress: 9000/10010 (8973/9000 correct) [61.4s]
  Progress: 10000/10010 (9971/10000 correct) [68.1s]

Results: 9981/10010 correct (99.71%)
Time: 68.2s (147 additions/sec)
Status: QUALIFIED (threshold: 99%)

First 20 failures (of 29):
  9999999999 + 9999999999 = 19999999998, got 19999999988
  9999999999 + 9999999999 = 19999999998, got 19999999988
  9894721768 + 9867080840 = 19761802608, got 18761802608
  9957898751 + 9859613698 = 19817512449, got 18817512449
  3092446384 + 8087484170 = 11179930554, got 1179930554
  1609977934 + 7983756226 = 9593734160, got 10593734160
  9171692853 + 8760657345 = 17932350198, got 18032350198
  2026938095 + 9092559839 = 11119497934, got 1119497934
  9780518977 + 3174981540 = 12955500517, got 13055500517
  9422899993 + 4539798746 = 13962698739, got 13962688739
  1815120799 + 2246850599 = 4061971398, got 4061971388
  2024241894 + 9046281760 = 11070523654, got 1070523654
  989197859 + 7997329763 = 8986527622, got 8886527622
  9787419797 + 4181704456 = 13969124253, got 14069124253
  2053284482 + 9015564682 = 11068849164, got 1068849164
  9194168052 + 9714829344 = 18908997396, got 18008997396
  1179985499 + 1649862705 = 2829848204, got 2828848204
  9983669255 + 9897063595 = 19880732850, got 18880732850
  9526822032 + 1498092686 = 11024914718, got 10024914718
  7160848177 + 4797294689 = 11958142866, got 12058142866
