Model: 2,608 parameters
Config: d=16, h=2, L=2, ff=16
Device: mps

Training for 30000 steps...
  step   500 | loss 1.460501 | lr 0.001000 | 0.1min
  step  1000 | loss 1.347795 | lr 0.000999 | 0.3min
  VAL 0.00%
  step  1500 | loss 1.326201 | lr 0.000996 | 0.4min
  step  2000 | loss 1.296562 | lr 0.000992 | 0.5min
  VAL 0.00%
  step  2500 | loss 1.191435 | lr 0.000987 | 0.7min
  step  3000 | loss 1.155172 | lr 0.000980 | 0.8min
  VAL 0.00%
  step  3500 | loss 1.094500 | lr 0.000972 | 0.9min
  step  4000 | loss 1.097295 | lr 0.000962 | 1.0min
  VAL 0.00%
  step  4500 | loss 1.029876 | lr 0.000951 | 1.1min
  step  5000 | loss 0.913120 | lr 0.000939 | 1.2min
  VAL 0.00%
  step  5500 | loss 0.735998 | lr 0.000926 | 1.4min
  step  6000 | loss 0.526737 | lr 0.000912 | 1.5min
  VAL 0.00%
  step  6500 | loss 0.419172 | lr 0.000896 | 1.6min
  step  7000 | loss 0.367242 | lr 0.000880 | 1.7min
  VAL 1.25%
  step  7500 | loss 0.323165 | lr 0.000862 | 1.8min
  step  8000 | loss 0.294237 | lr 0.000843 | 1.9min
  VAL 7.80%
  step  8500 | loss 0.282151 | lr 0.000823 | 2.1min
  step  9000 | loss 0.271961 | lr 0.000803 | 2.2min
  VAL 9.65%
  step  9500 | loss 0.254141 | lr 0.000781 | 2.3min
  step 10000 | loss 0.250920 | lr 0.000759 | 2.5min
  VAL 10.05%
  step 10500 | loss 0.241461 | lr 0.000736 | 2.6min
  step 11000 | loss 0.248739 | lr 0.000713 | 2.7min
  VAL 9.10%
  step 11500 | loss 0.231221 | lr 0.000688 | 2.9min
  step 12000 | loss 0.226044 | lr 0.000664 | 3.0min
  VAL 9.95%
  step 12500 | loss 0.221852 | lr 0.000638 | 3.1min
  step 13000 | loss 0.221919 | lr 0.000613 | 3.3min
  VAL 10.25%
  step 13500 | loss 0.216047 | lr 0.000587 | 3.4min
  step 14000 | loss 0.214310 | lr 0.000561 | 3.5min
  VAL 10.50%
  step 14500 | loss 0.212627 | lr 0.000534 | 3.6min
  step 15000 | loss 0.212065 | lr 0.000508 | 3.7min
  VAL 9.90%
  step 15500 | loss 0.209099 | lr 0.000481 | 3.8min
  step 16000 | loss 0.207624 | lr 0.000455 | 4.0min
  VAL 10.50%
  step 16500 | loss 0.207162 | lr 0.000429 | 4.1min
  step 17000 | loss 0.205463 | lr 0.000403 | 4.2min
  VAL 9.30%
  step 17500 | loss 0.204377 | lr 0.000377 | 4.3min
  step 18000 | loss 0.202973 | lr 0.000352 | 4.4min
  VAL 9.85%
  step 18500 | loss 0.202057 | lr 0.000327 | 4.5min
  step 19000 | loss 0.202428 | lr 0.000302 | 4.6min
  VAL 9.55%
  step 19500 | loss 0.202013 | lr 0.000278 | 4.7min
  step 20000 | loss 0.201134 | lr 0.000255 | 4.9min
  VAL 9.25%
  step 20500 | loss 0.200637 | lr 0.000232 | 5.0min
  step 21000 | loss 0.200052 | lr 0.000210 | 5.1min
  VAL 10.05%
  step 21500 | loss 0.199853 | lr 0.000189 | 5.3min
  step 22000 | loss 0.199446 | lr 0.000169 | 5.4min
  VAL 10.00%
  step 22500 | loss 0.198608 | lr 0.000149 | 5.5min
  step 23000 | loss 0.198700 | lr 0.000131 | 5.6min
  VAL 9.30%
  step 23500 | loss 0.197993 | lr 0.000114 | 5.7min
  step 24000 | loss 0.198591 | lr 0.000097 | 5.9min
  VAL 11.05%
  step 24500 | loss 0.197695 | lr 0.000082 | 6.0min
  step 25000 | loss 0.197865 | lr 0.000068 | 6.1min
  VAL 9.25%
  step 25500 | loss 0.197502 | lr 0.000056 | 6.2min
  step 26000 | loss 0.197017 | lr 0.000044 | 6.3min
  VAL 10.10%
  step 26500 | loss 0.197570 | lr 0.000034 | 6.5min
  step 27000 | loss 0.197116 | lr 0.000025 | 6.6min
  VAL 10.45%
  step 27500 | loss 0.196914 | lr 0.000017 | 6.8min
  step 28000 | loss 0.196666 | lr 0.000011 | 6.9min
  VAL 10.90%
  step 28500 | loss 0.196380 | lr 0.000006 | 7.0min
  step 29000 | loss 0.196741 | lr 0.000003 | 7.1min
  VAL 10.45%
  step 29500 | loss 0.196811 | lr 0.000001 | 7.3min
  step 30000 | loss 0.197078 | lr 0.000000 | 7.4min
  VAL 10.40%

Training complete in 7.4 minutes
Best test accuracy: 0.0000%
