Model: RL4RL Autoresearch candidate
Author: configured in run manifest
Parameters (unique): 2608
Architecture: decoder-only addition transformer d=16, h=2, L=2, ff=16
Tricks: autoregressive greedy decoding, weights from checkpoint

  Progress: 1000/10010 (109/1000 correct) [9.1s]
  Progress: 2000/10010 (214/2000 correct) [18.2s]
  Progress: 3000/10010 (317/3000 correct) [27.4s]
  Progress: 4000/10010 (414/4000 correct) [36.5s]
  Progress: 5000/10010 (516/5000 correct) [45.5s]
  Progress: 6000/10010 (617/6000 correct) [54.1s]
  Progress: 7000/10010 (713/7000 correct) [61.3s]
  Progress: 8000/10010 (826/8000 correct) [68.5s]
  Progress: 9000/10010 (920/9000 correct) [75.7s]
  Progress: 10000/10010 (1029/10000 correct) [82.9s]

Results: 1030/10010 correct (10.29%)
Time: 83.1s (121 additions/sec)
Status: NOT QUALIFIED (threshold: 99%)

First 20 failures (of 8980):
  0 + 0 = 0, got 8
  0 + 1 = 1, got 8
  9999999999 + 0 = 9999999999, got 10000000002
  9999999999 + 1 = 10000000000, got 10000000002
  9999999999 + 9999999999 = 19999999998, got 19999999992
  5000000000 + 5000000000 = 10000000000, got 10000000002
  1111111111 + 8888888889 = 10000000000, got 10000000002
  1234567890 + 9876543210 = 11111111100, got 11111111102
  9999999999 + 9999999999 = 19999999998, got 19999999992
  1 + 9999999999 = 10000000000, got 10000000002
  2395527356 + 9334186774 = 11729714130, got 11729714132
  4296888873 + 8475224721 = 12772113594, got 12772113592
  2446880696 + 4577514554 = 7024395250, got 7024395252
  1721735679 + 186192860 = 1907928539, got 1907928535
  3295396137 + 8512642381 = 11808038518, got 11808038522
  4721664841 + 8801376086 = 13523040927, got 13523040932
  8709633390 + 2191376109 = 10901009499, got 10901009502
  813236058 + 3041824170 = 3855060228, got 3855060232
  7038162399 + 8251837442 = 15289999841, got 15289999842
  3917771074 + 2558389380 = 6476160454, got 6476160452
