Model: 3,008 parameters
Config: d=16, h=2, L=2, ff=16
Device: mps

Training for 30000 steps...
  step   500 | loss 1.367053 | lr 0.001000 | 0.1min
  step  1000 | loss 1.364341 | lr 0.000999 | 0.3min
  VAL 0.00%
  step  1500 | loss 1.280089 | lr 0.000996 | 0.4min
  step  2000 | loss 1.023270 | lr 0.000992 | 0.5min
  VAL 0.00%
  step  2500 | loss 0.845700 | lr 0.000987 | 0.6min
  step  3000 | loss 0.760350 | lr 0.000980 | 0.8min
  VAL 0.00%
  step  3500 | loss 0.727132 | lr 0.000972 | 0.9min
  step  4000 | loss 0.680158 | lr 0.000962 | 1.0min
  VAL 0.00%
  step  4500 | loss 0.679758 | lr 0.000951 | 1.1min
  step  5000 | loss 0.625250 | lr 0.000939 | 1.2min
  VAL 0.00%
  step  5500 | loss 0.604792 | lr 0.000926 | 1.3min
  step  6000 | loss 0.583400 | lr 0.000912 | 1.4min
  VAL 0.05%
  step  6500 | loss 0.581627 | lr 0.000896 | 1.5min
  step  7000 | loss 0.530388 | lr 0.000880 | 1.7min
  VAL 0.10%
  step  7500 | loss 0.524963 | lr 0.000862 | 1.8min
  step  8000 | loss 0.514148 | lr 0.000843 | 1.9min
  VAL 0.05%
  step  8500 | loss 0.508822 | lr 0.000823 | 2.0min
  step  9000 | loss 0.494235 | lr 0.000803 | 2.1min
  VAL 0.05%
  step  9500 | loss 0.313986 | lr 0.000781 | 2.2min
  step 10000 | loss 0.207362 | lr 0.000759 | 2.4min
  VAL 8.70%
  step 10500 | loss 0.200132 | lr 0.000736 | 2.5min
  step 11000 | loss 0.198668 | lr 0.000713 | 2.6min
  VAL 8.90%
  step 11500 | loss 0.195736 | lr 0.000688 | 2.7min
  step 12000 | loss 0.195890 | lr 0.000664 | 2.9min
  VAL 9.05%
  step 12500 | loss 0.195379 | lr 0.000638 | 3.0min
  step 13000 | loss 0.194940 | lr 0.000613 | 3.1min
  VAL 9.70%
  step 13500 | loss 0.194299 | lr 0.000587 | 3.2min
  step 14000 | loss 0.194822 | lr 0.000561 | 3.4min
  VAL 9.10%
  step 14500 | loss 0.194380 | lr 0.000534 | 3.4min
  step 15000 | loss 0.193832 | lr 0.000508 | 3.6min
  VAL 9.85%
  step 15500 | loss 0.193753 | lr 0.000481 | 3.7min
  step 16000 | loss 0.193960 | lr 0.000455 | 3.8min
  VAL 9.35%
  step 16500 | loss 0.193377 | lr 0.000429 | 3.9min
  step 17000 | loss 0.193558 | lr 0.000403 | 4.0min
  VAL 9.10%
  step 17500 | loss 0.193975 | lr 0.000377 | 4.1min
  step 18000 | loss 0.194388 | lr 0.000352 | 4.2min
  VAL 9.20%
  step 18500 | loss 0.194772 | lr 0.000327 | 4.3min
  step 19000 | loss 0.193245 | lr 0.000302 | 4.5min
  VAL 9.95%
  step 19500 | loss 0.193610 | lr 0.000278 | 4.6min
  step 20000 | loss 0.193141 | lr 0.000255 | 4.7min
  VAL 9.60%
  step 20500 | loss 0.193209 | lr 0.000232 | 4.9min
  step 21000 | loss 0.192961 | lr 0.000210 | 5.0min
  VAL 9.45%
  step 21500 | loss 0.193181 | lr 0.000189 | 5.1min
  step 22000 | loss 0.193436 | lr 0.000169 | 5.2min
  VAL 9.75%
  step 22500 | loss 0.193158 | lr 0.000149 | 5.4min
  step 23000 | loss 0.193232 | lr 0.000131 | 5.5min
  VAL 9.70%
  step 23500 | loss 0.193284 | lr 0.000114 | 5.6min
  step 24000 | loss 0.192921 | lr 0.000097 | 5.7min
  VAL 8.95%
  step 24500 | loss 0.192825 | lr 0.000082 | 5.8min
  step 25000 | loss 0.193106 | lr 0.000068 | 5.9min
  VAL 9.65%
  step 25500 | loss 0.192807 | lr 0.000056 | 6.0min
  step 26000 | loss 0.192789 | lr 0.000044 | 6.1min
  VAL 9.15%
  step 26500 | loss 0.193018 | lr 0.000034 | 6.3min
  step 27000 | loss 0.192912 | lr 0.000025 | 6.4min
  VAL 8.60%
  step 27500 | loss 0.192995 | lr 0.000017 | 6.5min
  step 28000 | loss 0.192963 | lr 0.000011 | 6.6min
  VAL 9.45%
  step 28500 | loss 0.192803 | lr 0.000006 | 6.7min
  step 29000 | loss 0.192672 | lr 0.000003 | 6.8min
  VAL 9.85%
  step 29500 | loss 0.192633 | lr 0.000001 | 7.0min
  step 30000 | loss 0.192877 | lr 0.000000 | 7.1min
  VAL 10.05%

Training complete in 7.1 minutes
Best test accuracy: 0.0000%
