Model: RL4RL Autoresearch candidate
Author: configured in run manifest
Parameters (unique): 3008
Architecture: decoder-only addition transformer d=16, h=2, L=2, ff=16
Tricks: autoregressive greedy decoding, weights from checkpoint

  Progress: 1000/10010 (96/1000 correct) [8.4s]
  Progress: 2000/10010 (185/2000 correct) [16.8s]
  Progress: 3000/10010 (275/3000 correct) [25.1s]
  Progress: 4000/10010 (378/4000 correct) [33.5s]
  Progress: 5000/10010 (481/5000 correct) [41.2s]
  Progress: 6000/10010 (592/6000 correct) [48.0s]
  Progress: 7000/10010 (694/7000 correct) [54.9s]
  Progress: 8000/10010 (792/8000 correct) [61.8s]
  Progress: 9000/10010 (886/9000 correct) [68.6s]
  Progress: 10000/10010 (992/10000 correct) [75.3s]

Results: 992/10010 correct (9.91%)
Time: 75.4s (133 additions/sec)
Status: NOT QUALIFIED (threshold: 99%)

First 20 failures (of 9018):
  0 + 1 = 1, got 0
  9999999999 + 0 = 9999999999, got 10000000001
  9999999999 + 1 = 10000000000, got 10000000001
  9999999999 + 9999999999 = 19999999998, got 19999999996
  5000000000 + 5000000000 = 10000000000, got 10000000004
  1111111111 + 8888888889 = 10000000000, got 10000000001
  1234567890 + 9876543210 = 11111111100, got 11111111101
  9999999999 + 9999999999 = 19999999998, got 19999999996
  1 + 9999999999 = 10000000000, got 10000000001
  4296888873 + 8475224721 = 12772113594, got 12772113596
  2446880696 + 4577514554 = 7024395250, got 7024395254
  1721735679 + 186192860 = 1907928539, got 1907928536
  3295396137 + 8512642381 = 11808038518, got 11808038515
  4721664841 + 8801376086 = 13523040927, got 13523040925
  8709633390 + 2191376109 = 10901009499, got 10901009500
  813236058 + 3041824170 = 3855060228, got 3855060233
  7038162399 + 8251837442 = 15289999841, got 15289999846
  2345623234 + 894115330 = 3239738564, got 3239738563
  9635552803 + 139097711 = 9774650514, got 9774650511
  3369214745 + 1580376784 = 4949591529, got 4949591534
