Model: RL4RL Autoresearch candidate
Author: configured in run manifest
Parameters (unique): 1839
Architecture: decoder-only addition transformer d=16, h=2, L=2, ff=10, block1_ff=8, fixed_separators=True, tied_position_pairs=[[4, 15], [7, 18], [5, 16], [3, 14], [2, 13], [8, 19], [6, 17], [1, 12], [0, 11], [9, 20]], interpolated_positions=[23, 24, 25, 26, 27], qkv_pruned=209
Tricks: autoregressive greedy decoding, weights from checkpoint

  Progress: 1000/10010 (998/1000 correct) [4.4s]
  Progress: 2000/10010 (1995/2000 correct) [8.8s]
  Progress: 3000/10010 (2993/3000 correct) [13.2s]
  Progress: 4000/10010 (3990/4000 correct) [18.1s]
  Progress: 5000/10010 (4989/5000 correct) [22.6s]
  Progress: 6000/10010 (5984/6000 correct) [27.1s]
  Progress: 7000/10010 (6984/7000 correct) [31.5s]
  Progress: 8000/10010 (7981/8000 correct) [36.0s]
  Progress: 9000/10010 (8978/9000 correct) [40.4s]
  Progress: 10000/10010 (9974/10000 correct) [44.9s]

Results: 9984/10010 correct (99.74%)
Time: 44.9s (223 additions/sec)
Status: QUALIFIED (threshold: 99%)

First 20 failures (of 26):
  2540728468 + 2766259025 = 5306987493, got 4306987493
  6780533471 + 5090190326 = 11870723797, got 10870723797
  5250483323 + 6768919741 = 12019403064, got 12519403064
  6047119139 + 5060676488 = 11107795627, got 10107795627
  5199705329 + 6225705022 = 11425410351, got 10425410351
  5073074988 + 6351264488 = 11424339476, got 10424339476
  6660112625 + 5142876686 = 11802989311, got 10802989311
  6220808416 + 5189773965 = 11410582381, got 10410582381
  6034185843 + 5879550316 = 11913736159, got 10913736159
  5021663770 + 6582160848 = 11603824618, got 10603824618
  5634381845 + 6168469548 = 11802851393, got 10802851393
  2729596844 + 2315812265 = 5045409109, got 4045409109
  6191308326 + 5653373749 = 11844682075, got 10844682075
  6005893433 + 5803299494 = 11809192927, got 10809192927
  2828982940 + 2171822219 = 5000805159, got 4000805159
  2597748763 + 2430595917 = 5028344680, got 4028344680
  2796828290 + 2206270606 = 5003098896, got 4003098896
  5812383983 + 6097421408 = 11909805391, got 10909805391
  2561962598 + 2448131904 = 5010094502, got 4010094502
  2540637875 + 2906523052 = 5447160927, got 4447160927
