Model: RL4RL Autoresearch candidate
Author: configured in run manifest
Parameters (unique): 2012
Architecture: decoder-only addition transformer d=16, h=2, L=2, ff=10, block1_ff=8, fixed_separators=True, tied_position_pairs=[[4, 15], [7, 18], [5, 16], [3, 14], [2, 13], [8, 19], [6, 17], [1, 12], [0, 11], [9, 20]], interpolated_positions=[23, 24, 25, 26, 27], qkv_pruned=36
Tricks: autoregressive greedy decoding, weights from checkpoint

  Progress: 1000/10010 (999/1000 correct) [4.4s]
  Progress: 2000/10010 (1999/2000 correct) [8.8s]
  Progress: 3000/10010 (2999/3000 correct) [13.2s]
  Progress: 4000/10010 (3999/4000 correct) [17.5s]
  Progress: 5000/10010 (4998/5000 correct) [21.9s]
  Progress: 6000/10010 (5995/6000 correct) [26.3s]
  Progress: 7000/10010 (6995/7000 correct) [30.7s]
  Progress: 8000/10010 (7995/8000 correct) [35.2s]
  Progress: 9000/10010 (8992/9000 correct) [39.6s]
  Progress: 10000/10010 (9991/10000 correct) [44.0s]

Results: 10001/10010 correct (99.91%)
Time: 44.0s (227 additions/sec)
Status: QUALIFIED (threshold: 99%)

Failures (9):
  4501354141 + 9409669647 = 13911023788, got 13811023788
  8191852004 + 7194996854 = 15386848858, got 15396848858
  8918493315 + 4192479048 = 13110972363, got 12110972363
  7295822456 + 4296380992 = 11592203448, got 11492203448
  9479323125 + 9453799615 = 18933122740, got 19933122740
  4976077648 + 8127685554 = 13103763202, got 12103763202
  9516562991 + 9413390151 = 18929953142, got 19929953142
  9201756155 + 9771972022 = 18973728177, got 19973728177
  9296743949 + 4249084756 = 13545828705, got 13445828705
