Model: 2,864 parameters
Config: d=16, h=2, L=2, ff=16
Device: mps

Training for 30000 steps...
  step   500 | loss 1.524777 | lr 0.001000 | 0.1min
  step  1000 | loss 1.374833 | lr 0.000999 | 0.3min
  VAL 0.00%
  step  1500 | loss 1.316904 | lr 0.000996 | 0.4min
  step  2000 | loss 1.228106 | lr 0.000992 | 0.5min
  VAL 0.00%
  step  2500 | loss 0.944348 | lr 0.000987 | 0.6min
  step  3000 | loss 0.841650 | lr 0.000980 | 0.8min
  VAL 0.00%
  step  3500 | loss 0.770297 | lr 0.000972 | 0.9min
  step  4000 | loss 0.721783 | lr 0.000962 | 1.0min
  VAL 0.00%
  step  4500 | loss 0.684993 | lr 0.000951 | 1.1min
  step  5000 | loss 0.626801 | lr 0.000939 | 1.3min
  VAL 0.50%
  step  5500 | loss 0.575768 | lr 0.000926 | 1.4min
  step  6000 | loss 0.509525 | lr 0.000912 | 1.5min
  VAL 0.35%
  step  6500 | loss 0.463604 | lr 0.000896 | 1.6min
  step  7000 | loss 0.431578 | lr 0.000880 | 1.8min
  VAL 1.60%
  step  7500 | loss 0.419438 | lr 0.000862 | 1.9min
  step  8000 | loss 0.405589 | lr 0.000843 | 2.0min
  VAL 1.65%
  step  8500 | loss 0.389781 | lr 0.000823 | 2.2min
  step  9000 | loss 0.383868 | lr 0.000803 | 2.3min
  VAL 1.60%
  step  9500 | loss 0.392193 | lr 0.000781 | 2.4min
  step 10000 | loss 0.364428 | lr 0.000759 | 2.6min
  VAL 3.90%
  step 10500 | loss 0.370945 | lr 0.000736 | 2.7min
  step 11000 | loss 0.350068 | lr 0.000713 | 2.8min
  VAL 3.75%
  step 11500 | loss 0.349889 | lr 0.000688 | 2.9min
  step 12000 | loss 0.351276 | lr 0.000664 | 3.1min
  VAL 3.45%
  step 12500 | loss 0.338813 | lr 0.000638 | 3.2min
  step 13000 | loss 0.347200 | lr 0.000613 | 3.3min
  VAL 4.30%
  step 13500 | loss 0.347913 | lr 0.000587 | 3.5min
  step 14000 | loss 0.344201 | lr 0.000561 | 3.6min
  VAL 3.95%
  step 14500 | loss 0.326634 | lr 0.000534 | 3.7min
  step 15000 | loss 0.326517 | lr 0.000508 | 3.8min
  VAL 3.60%
  step 15500 | loss 0.333105 | lr 0.000481 | 3.9min
  step 16000 | loss 0.320121 | lr 0.000455 | 4.1min
  VAL 3.70%
  step 16500 | loss 0.322503 | lr 0.000429 | 4.2min
  step 17000 | loss 0.313575 | lr 0.000403 | 4.4min
  VAL 5.30%
  step 17500 | loss 0.315798 | lr 0.000377 | 4.5min
  step 18000 | loss 0.318634 | lr 0.000352 | 4.6min
  VAL 6.45%
  step 18500 | loss 0.317746 | lr 0.000327 | 4.7min
  step 19000 | loss 0.306079 | lr 0.000302 | 4.9min
  VAL 6.25%
  step 19500 | loss 0.303623 | lr 0.000278 | 5.0min
  step 20000 | loss 0.306734 | lr 0.000255 | 5.1min
  VAL 6.25%
  step 20500 | loss 0.303739 | lr 0.000232 | 5.3min
  step 21000 | loss 0.301315 | lr 0.000210 | 5.4min
  VAL 6.55%
  step 21500 | loss 0.297952 | lr 0.000189 | 5.6min
  step 22000 | loss 0.293588 | lr 0.000169 | 5.7min
  VAL 6.35%
  step 22500 | loss 0.294188 | lr 0.000149 | 5.8min
  step 23000 | loss 0.294966 | lr 0.000131 | 5.9min
  VAL 6.60%
  step 23500 | loss 0.288967 | lr 0.000114 | 6.1min
  step 24000 | loss 0.284160 | lr 0.000097 | 6.2min
  VAL 7.50%
  step 24500 | loss 0.286424 | lr 0.000082 | 6.3min
  step 25000 | loss 0.282547 | lr 0.000068 | 6.4min
  VAL 7.45%
  step 25500 | loss 0.282789 | lr 0.000056 | 6.5min
  step 26000 | loss 0.283720 | lr 0.000044 | 6.6min
  VAL 7.10%
  step 26500 | loss 0.280777 | lr 0.000034 | 6.8min
  step 27000 | loss 0.277709 | lr 0.000025 | 6.9min
  VAL 6.50%
  step 27500 | loss 0.281227 | lr 0.000017 | 7.0min
  step 28000 | loss 0.279578 | lr 0.000011 | 7.1min
  VAL 7.45%
  step 28500 | loss 0.278410 | lr 0.000006 | 7.2min
  step 29000 | loss 0.278191 | lr 0.000003 | 7.3min
  VAL 7.90%
  step 29500 | loss 0.277359 | lr 0.000001 | 7.5min
  step 30000 | loss 0.276685 | lr 0.000000 | 7.6min
  VAL 7.90%

Training complete in 7.6 minutes
Best test accuracy: 0.0000%
