Model: RL4RL Autoresearch candidate
Author: configured in run manifest
Parameters (unique): 2864
Architecture: decoder-only addition transformer d=16, h=2, L=2, ff=16
Tricks: autoregressive greedy decoding, weights from checkpoint

  Progress: 1000/10010 (76/1000 correct) [9.0s]
  Progress: 2000/10010 (150/2000 correct) [18.2s]
  Progress: 3000/10010 (239/3000 correct) [27.3s]
  Progress: 4000/10010 (310/4000 correct) [36.7s]
  Progress: 5000/10010 (393/5000 correct) [45.9s]
  Progress: 6000/10010 (466/6000 correct) [55.0s]
  Progress: 7000/10010 (537/7000 correct) [64.2s]
  Progress: 8000/10010 (615/8000 correct) [73.3s]
  Progress: 9000/10010 (704/9000 correct) [82.5s]
  Progress: 10000/10010 (782/10000 correct) [90.7s]

Results: 784/10010 correct (7.83%)
Time: 90.8s (110 additions/sec)
Status: NOT QUALIFIED (threshold: 99%)

First 20 failures (of 9226):
  0 + 1 = 1, got 10
  9999999999 + 0 = 9999999999, got 9999999998
  9999999999 + 1 = 10000000000, got 9999999998
  9999999999 + 9999999999 = 19999999998, got 7888888988
  5000000000 + 5000000000 = 10000000000, got 10000000005
  1234567890 + 9876543210 = 11111111100, got 11111111108
  9999999999 + 9999999999 = 19999999998, got 7888888988
  2395527356 + 9334186774 = 11729714130, got 11729714127
  4296888873 + 8475224721 = 12772113594, got 12772113597
  2446880696 + 4577514554 = 7024395250, got 7024395247
  1721735679 + 186192860 = 1907928539, got 1907928538
  3295396137 + 8512642381 = 11808038518, got 11808038521
  8709633390 + 2191376109 = 10901009499, got 10901009508
  813236058 + 3041824170 = 3855060228, got 3855060233
  7038162399 + 8251837442 = 15289999841, got 16289999841
  3917771074 + 2558389380 = 6476160454, got 6476160458
  2345623234 + 894115330 = 3239738564, got 3239738565
  9635552803 + 139097711 = 9774650514, got 9774650520
  3369214745 + 1580376784 = 4949591529, got 4949591533
  5487960534 + 2479695299 = 7967655833, got 7967655828
