Model: RL4RL Autoresearch candidate
Author: configured in run manifest
Parameters (unique): 1860
Architecture: decoder-only addition transformer d=16, h=2, L=2, ff=10, block1_ff=8, fixed_separators=True, tied_position_pairs=[[4, 15], [7, 18], [5, 16], [3, 14], [2, 13], [8, 19], [6, 17], [1, 12], [0, 11], [9, 20]], interpolated_positions=[23, 24, 25, 26, 27], qkv_pruned=188
Tricks: autoregressive greedy decoding, weights from checkpoint

  Progress: 1000/10010 (999/1000 correct) [4.4s]
  Progress: 2000/10010 (1998/2000 correct) [8.8s]
  Progress: 3000/10010 (2998/3000 correct) [13.2s]
  Progress: 4000/10010 (3998/4000 correct) [18.0s]
  Progress: 5000/10010 (4998/5000 correct) [22.4s]
  Progress: 6000/10010 (5995/6000 correct) [26.8s]
  Progress: 7000/10010 (6995/7000 correct) [31.1s]
  Progress: 8000/10010 (7993/8000 correct) [35.5s]
  Progress: 9000/10010 (8990/9000 correct) [39.9s]
  Progress: 10000/10010 (9989/10000 correct) [44.4s]

Results: 9999/10010 correct (99.89%)
Time: 44.4s (225 additions/sec)
Status: QUALIFIED (threshold: 99%)

Failures (11):
  2540728468 + 2766259025 = 5306987493, got 4306987493
  2306218232 + 2770008487 = 5076226719, got 4076226719
  2729596844 + 2315812265 = 5045409109, got 4045409109
  2828982940 + 2171822219 = 5000805159, got 4000805159
  2597748763 + 2430595917 = 5028344680, got 4028344680
  2796828290 + 2206270606 = 5003098896, got 4003098896
  2561962598 + 2448131904 = 5010094502, got 4010094502
  2724806416 + 2362740373 = 5087546789, got 4087546789
  2540637875 + 2906523052 = 5447160927, got 4447160927
  2544951434 + 2456781784 = 5001733218, got 4001733218
  2068770581 + 2967666774 = 5036437355, got 4036437355
