Model: RL4RL Autoresearch candidate
Author: configured in run manifest
Parameters (unique): 2021
Architecture: decoder-only addition transformer d=16, h=2, L=2, ff=10, block1_ff=8, fixed_separators=True, tied_position_pairs=[[4, 15], [7, 18], [5, 16], [3, 14], [2, 13], [8, 19], [6, 17], [1, 12], [0, 11], [9, 20]], interpolated_positions=[23, 24, 25, 26, 27], qkv_pruned=27
Tricks: autoregressive greedy decoding, weights from checkpoint

  Progress: 1000/10010 (996/1000 correct) [4.5s]
  Progress: 2000/10010 (1993/2000 correct) [9.1s]
  Progress: 3000/10010 (2993/3000 correct) [13.6s]
  Progress: 4000/10010 (3992/4000 correct) [18.0s]
  Progress: 5000/10010 (4990/5000 correct) [22.5s]
  Progress: 6000/10010 (5987/6000 correct) [26.9s]
  Progress: 7000/10010 (6985/7000 correct) [31.4s]
  Progress: 8000/10010 (7985/8000 correct) [35.8s]
  Progress: 9000/10010 (8981/9000 correct) [40.2s]
  Progress: 10000/10010 (9980/10000 correct) [44.7s]

Results: 9990/10010 correct (99.80%)
Time: 44.7s (224 additions/sec)
Status: QUALIFIED (threshold: 99%)

Failures (20):
  2419324703 + 3516291980 = 5935616683, got 5835616683
  522897407 + 2418627610 = 2941525017, got 2841525017
  4501354141 + 9409669647 = 13911023788, got 13811023788
  5437022783 + 1503903689 = 6940926472, got 6840926472
  2414276349 + 2517436867 = 4931713216, got 4831713216
  6426851749 + 7519674639 = 13946526388, got 13846526388
  4624637094 + 517131976 = 5141769070, got 5041769070
  1415015538 + 2519348781 = 3934364319, got 3834364319
  4407693531 + 9534202615 = 13941896146, got 13841896146
  8191852004 + 7194996854 = 15386848858, got 15396848858
  8918493315 + 4192479048 = 13110972363, got 12110972363
  7295822456 + 4296380992 = 11592203448, got 11492203448
  9479323125 + 9453799615 = 18933122740, got 19933122740
  9611914057 + 7529885855 = 17141799912, got 17041799912
  9512514419 + 1429558372 = 10942072791, got 10842072791
  4976077648 + 8127685554 = 13103763202, got 12103763202
  405989949 + 5525825456 = 5931815405, got 5831815405
  9516562991 + 9413390151 = 18929953142, got 19929953142
  9201756155 + 9771972022 = 18973728177, got 19973728177
  9296743949 + 4249084756 = 13545828705, got 13445828705
