Model: RL4RL Autoresearch candidate
Author: configured in run manifest
Parameters (unique): 1971
Architecture: decoder-only addition transformer d=16, h=2, L=2, ff=10, block1_ff=8, fixed_separators=True, tied_position_pairs=[[4, 15], [7, 18], [5, 16], [3, 14], [2, 13], [8, 19], [6, 17], [1, 12], [0, 11], [9, 20]], interpolated_positions=[23, 24, 25, 26, 27], qkv_pruned=77
Tricks: autoregressive greedy decoding, weights from checkpoint

  Progress: 1000/10010 (999/1000 correct) [4.4s]
  Progress: 2000/10010 (1999/2000 correct) [8.8s]
  Progress: 3000/10010 (2999/3000 correct) [13.2s]
  Progress: 4000/10010 (3999/4000 correct) [17.7s]
  Progress: 5000/10010 (4998/5000 correct) [22.1s]
  Progress: 6000/10010 (5997/6000 correct) [26.5s]
  Progress: 7000/10010 (6997/7000 correct) [31.0s]
  Progress: 8000/10010 (7997/8000 correct) [35.4s]
  Progress: 9000/10010 (8997/9000 correct) [39.8s]
  Progress: 10000/10010 (9997/10000 correct) [44.2s]

Results: 10007/10010 correct (99.97%)
Time: 44.3s (226 additions/sec)
Status: QUALIFIED (threshold: 99%)

Failures (3):
  9949339211 + 8948002488 = 18897341699, got 18997341699
  9402679499 + 9293095411 = 18695774910, got 19695774910
  7295822456 + 4296380992 = 11592203448, got 11492203448
