Model: RL4RL Autoresearch candidate
Author: configured in run manifest
Parameters (unique): 1663
Architecture: decoder-only addition transformer d=16, h=2, L=2, ff=16
Tricks: autoregressive greedy decoding, weights from checkpoint

  Progress: 1000/10010 (289/1000 correct) [6.3s]
  Progress: 2000/10010 (571/2000 correct) [12.7s]
  Progress: 3000/10010 (874/3000 correct) [19.1s]
  Progress: 4000/10010 (1187/4000 correct) [25.3s]
  Progress: 5000/10010 (1468/5000 correct) [31.5s]
  Progress: 6000/10010 (1780/6000 correct) [37.7s]
  Progress: 7000/10010 (2070/7000 correct) [43.9s]
  Progress: 8000/10010 (2351/8000 correct) [50.3s]
  Progress: 9000/10010 (2612/9000 correct) [56.9s]
  Progress: 10000/10010 (2882/10000 correct) [63.4s]

Results: 2883/10010 correct (28.80%)
Time: 63.4s (158 additions/sec)
Status: NOT QUALIFIED (threshold: 99%)

First 20 failures (of 7127):
  2395527356 + 9334186774 = 11729714130, got 11729724229
  4296888873 + 8475224721 = 12772113594, got 11772112594
  2446880696 + 4577514554 = 7024395250, got 7024395349
  3295396137 + 8512642381 = 11808038518, got 12808028528
  4721664841 + 8801376086 = 13523040927, got 12523039917
  813236058 + 3041824170 = 3855060228, got 3865059228
  7038162399 + 8251837442 = 15289999841, got 15299999831
  3917771074 + 2558389380 = 6476160454, got 6476160354
  2345623234 + 894115330 = 3239738564, got 3329738564
  9635552803 + 139097711 = 9774650514, got 9864650514
  3369214745 + 1580376784 = 4949591529, got 4949591519
  5487960534 + 2479695299 = 7967655833, got 7967655832
  3607041661 + 1478604144 = 5085645805, got 4985645805
  6870499663 + 5717384931 = 12587884594, got 12587983604
  1550659006 + 2395544933 = 3946203939, got 3946202939
  637362742 + 2453369862 = 3090732604, got 2991732594
  5353030368 + 2525515399 = 7878545767, got 17878545767
  9205914615 + 3284133032 = 12490047647, got 13490047647
  9699986894 + 48874272 = 9748861166, got 9738861166
  6795557231 + 2923425751 = 9718982982, got 9718982992
