Model: 2,976 parameters
Config: d=16, h=2, L=2, ff=16
Device: mps

Training for 30000 steps...
  step   500 | loss 1.442218 | lr 0.001000 | 0.2min
  step  1000 | loss 1.376039 | lr 0.000999 | 0.3min
  VAL 0.00%
  step  1500 | loss 1.358416 | lr 0.000996 | 0.4min
  step  2000 | loss 1.360920 | lr 0.000992 | 0.5min
  VAL 0.00%
  step  2500 | loss 1.339715 | lr 0.000987 | 0.7min
  step  3000 | loss 1.316592 | lr 0.000980 | 0.8min
  VAL 0.00%
  step  3500 | loss 1.354980 | lr 0.000972 | 0.9min
  step  4000 | loss 1.202942 | lr 0.000962 | 1.0min
  VAL 0.00%
  step  4500 | loss 1.121645 | lr 0.000951 | 1.1min
  step  5000 | loss 0.945521 | lr 0.000939 | 1.3min
  VAL 0.00%
  step  5500 | loss 0.868488 | lr 0.000926 | 1.4min
  step  6000 | loss 0.785505 | lr 0.000912 | 1.5min
  VAL 0.00%
  step  6500 | loss 0.711505 | lr 0.000896 | 1.6min
  step  7000 | loss 0.625538 | lr 0.000880 | 1.8min
  VAL 0.10%
  step  7500 | loss 0.624000 | lr 0.000862 | 1.9min
  step  8000 | loss 0.607620 | lr 0.000843 | 2.0min
  VAL 0.00%
  step  8500 | loss 0.591598 | lr 0.000823 | 2.2min
  step  9000 | loss 0.572759 | lr 0.000803 | 2.3min
  VAL 0.25%
  step  9500 | loss 0.556960 | lr 0.000781 | 2.4min
  step 10000 | loss 0.536128 | lr 0.000759 | 2.6min
  VAL 0.30%
  step 10500 | loss 0.528443 | lr 0.000736 | 2.7min
  step 11000 | loss 0.520027 | lr 0.000713 | 2.8min
  VAL 0.40%
  step 11500 | loss 0.508237 | lr 0.000688 | 3.0min
  step 12000 | loss 0.507906 | lr 0.000664 | 3.1min
  VAL 0.55%
  step 12500 | loss 0.491071 | lr 0.000638 | 3.3min
  step 13000 | loss 0.491547 | lr 0.000613 | 3.4min
  VAL 0.50%
  step 13500 | loss 0.464619 | lr 0.000587 | 3.5min
  step 14000 | loss 0.461574 | lr 0.000561 | 3.7min
  VAL 0.25%
  step 14500 | loss 0.458144 | lr 0.000534 | 3.8min
  step 15000 | loss 0.453174 | lr 0.000508 | 3.9min
  VAL 0.60%
  step 15500 | loss 0.449630 | lr 0.000481 | 4.1min
  step 16000 | loss 0.442013 | lr 0.000455 | 4.2min
  VAL 0.60%
  step 16500 | loss 0.440763 | lr 0.000429 | 4.3min
  step 17000 | loss 0.436969 | lr 0.000403 | 4.4min
  VAL 0.80%
  step 17500 | loss 0.431429 | lr 0.000377 | 4.5min
  step 18000 | loss 0.430879 | lr 0.000352 | 4.7min
  VAL 0.95%
  step 18500 | loss 0.425855 | lr 0.000327 | 4.8min
  step 19000 | loss 0.422411 | lr 0.000302 | 4.9min
  VAL 0.80%
  step 19500 | loss 0.423837 | lr 0.000278 | 5.0min
  step 20000 | loss 0.418954 | lr 0.000255 | 5.2min
  VAL 1.15%
  step 20500 | loss 0.417146 | lr 0.000232 | 5.3min
  step 21000 | loss 0.415993 | lr 0.000210 | 5.4min
  VAL 1.05%
  step 21500 | loss 0.414379 | lr 0.000189 | 5.6min
  step 22000 | loss 0.412188 | lr 0.000169 | 5.7min
  VAL 0.95%
  step 22500 | loss 0.410999 | lr 0.000149 | 5.9min
  step 23000 | loss 0.410958 | lr 0.000131 | 6.0min
  VAL 0.75%
  step 23500 | loss 0.409705 | lr 0.000114 | 6.1min
  step 24000 | loss 0.407686 | lr 0.000097 | 6.2min
  VAL 0.90%
  step 24500 | loss 0.406621 | lr 0.000082 | 6.4min
  step 25000 | loss 0.406658 | lr 0.000068 | 6.5min
  VAL 0.85%
  step 25500 | loss 0.405521 | lr 0.000056 | 6.7min
  step 26000 | loss 0.405632 | lr 0.000044 | 6.8min
  VAL 0.75%
  step 26500 | loss 0.404902 | lr 0.000034 | 6.9min
  step 27000 | loss 0.404443 | lr 0.000025 | 7.1min
  VAL 0.75%
  step 27500 | loss 0.404333 | lr 0.000017 | 7.2min
  step 28000 | loss 0.403444 | lr 0.000011 | 7.3min
  VAL 0.90%
  step 28500 | loss 0.403414 | lr 0.000006 | 7.5min
  step 29000 | loss 0.403725 | lr 0.000003 | 7.6min
  VAL 0.95%
  step 29500 | loss 0.403130 | lr 0.000001 | 7.8min
  step 30000 | loss 0.403751 | lr 0.000000 | 7.9min
  VAL 0.65%

Training complete in 7.9 minutes
Best test accuracy: 0.0000%
