Model: RL4RL Autoresearch candidate
Author: configured in run manifest
Parameters (unique): 2976
Architecture: decoder-only addition transformer d=16, h=2, L=2, ff=16
Tricks: autoregressive greedy decoding, weights from checkpoint

  Progress: 1000/10010 (6/1000 correct) [9.0s]
  Progress: 2000/10010 (20/2000 correct) [18.1s]
  Progress: 3000/10010 (33/3000 correct) [27.1s]
  Progress: 4000/10010 (43/4000 correct) [36.2s]
  Progress: 5000/10010 (53/5000 correct) [45.2s]
  Progress: 6000/10010 (60/6000 correct) [54.3s]
  Progress: 7000/10010 (67/7000 correct) [63.4s]
  Progress: 8000/10010 (77/8000 correct) [72.4s]
  Progress: 9000/10010 (87/9000 correct) [81.5s]
  Progress: 10000/10010 (100/10000 correct) [91.8s]

Results: 100/10010 correct (1.00%)
Time: 91.9s (109 additions/sec)
Status: NOT QUALIFIED (threshold: 99%)

First 20 failures (of 9910):
  0 + 0 = 0, got 40
  0 + 1 = 1, got 40
  9999999999 + 0 = 9999999999, got 9999999988
  9999999999 + 1 = 10000000000, got 9999999988
  9999999999 + 9999999999 = 19999999998, got 19999999967
  5000000000 + 5000000000 = 10000000000, got 10000000049
  1111111111 + 8888888889 = 10000000000, got 9999999952
  1234567890 + 9876543210 = 11111111100, got 11111111067
  9999999999 + 9999999999 = 19999999998, got 19999999967
  1 + 9999999999 = 10000000000, got 9999999989
  2395527356 + 9334186774 = 11729714130, got 11729714155
  4296888873 + 8475224721 = 12772113594, got 12772113567
  2446880696 + 4577514554 = 7024395250, got 7024395267
  1721735679 + 186192860 = 1907928539, got 1907928563
  3295396137 + 8512642381 = 11808038518, got 11808038552
  4721664841 + 8801376086 = 13523040927, got 13523040877
  8709633390 + 2191376109 = 10901009499, got 10901009452
  813236058 + 3041824170 = 3855060228, got 3855060232
  7038162399 + 8251837442 = 15289999841, got 15289999857
  3917771074 + 2558389380 = 6476160454, got 6476160477
