Model: 3,234 parameters
Config: d=14, h=2, L=2, ff=20
Device: mps

Training for 45000 steps...
  step   500 | loss 1.481710 | lr 0.001000 | 0.2min
  step  1000 | loss 1.387564 | lr 0.000999 | 0.3min
  VAL 0.00%
  step  1500 | loss 1.380694 | lr 0.000998 | 0.5min
  step  2000 | loss 1.314493 | lr 0.000997 | 0.6min
  VAL 0.00%
  step  2500 | loss 1.303917 | lr 0.000995 | 0.8min
  step  3000 | loss 1.311704 | lr 0.000992 | 0.9min
  VAL 0.00%
  step  3500 | loss 1.283702 | lr 0.000989 | 1.0min
  step  4000 | loss 1.279363 | lr 0.000985 | 1.1min
  VAL 0.00%
  step  4500 | loss 1.223138 | lr 0.000981 | 1.3min
  step  5000 | loss 1.200568 | lr 0.000976 | 1.4min
  VAL 0.00%
  step  5500 | loss 1.225632 | lr 0.000970 | 1.5min
  step  6000 | loss 1.203147 | lr 0.000964 | 1.6min
  VAL 0.00%
  step  6500 | loss 1.185538 | lr 0.000958 | 1.7min
  step  7000 | loss 1.181076 | lr 0.000951 | 1.9min
  VAL 0.00%
  step  7500 | loss 1.160674 | lr 0.000944 | 2.0min
  step  8000 | loss 0.888314 | lr 0.000936 | 2.1min
  VAL 0.00%
  step  8500 | loss 0.617626 | lr 0.000927 | 2.3min
  step  9000 | loss 0.444684 | lr 0.000918 | 2.4min
  VAL 0.05%
  step  9500 | loss 0.380343 | lr 0.000909 | 2.6min
  step 10000 | loss 0.356075 | lr 0.000899 | 2.7min
  VAL 0.95%
  step 10500 | loss 0.313974 | lr 0.000889 | 2.9min
  step 11000 | loss 0.296279 | lr 0.000879 | 3.0min
  VAL 2.80%
  step 11500 | loss 0.282208 | lr 0.000868 | 3.1min
  step 12000 | loss 0.266066 | lr 0.000856 | 3.3min
  VAL 3.50%
  step 12500 | loss 0.256030 | lr 0.000844 | 3.4min
  step 13000 | loss 0.256544 | lr 0.000832 | 3.5min
  VAL 4.55%
  step 13500 | loss 0.244801 | lr 0.000820 | 3.7min
  step 14000 | loss 0.233636 | lr 0.000807 | 3.8min
  VAL 6.05%
  step 14500 | loss 0.202777 | lr 0.000794 | 3.9min
  step 15000 | loss 0.062904 | lr 0.000780 | 4.1min
  VAL 46.80%
  step 15500 | loss 0.044732 | lr 0.000767 | 4.2min
  step 16000 | loss 0.041304 | lr 0.000753 | 4.3min
  VAL 60.40%
  step 16500 | loss 0.032831 | lr 0.000739 | 4.5min
  step 17000 | loss 0.024072 | lr 0.000724 | 4.6min
  VAL 74.75%
  step 17500 | loss 0.020603 | lr 0.000709 | 4.8min
  step 18000 | loss 0.015138 | lr 0.000694 | 4.9min
  VAL 86.30%
  step 18500 | loss 0.013073 | lr 0.000679 | 5.0min
  step 19000 | loss 0.012344 | lr 0.000664 | 5.2min
  VAL 90.40%
  step 19500 | loss 0.009845 | lr 0.000649 | 5.3min
  step 20000 | loss 0.008792 | lr 0.000633 | 5.5min
  VAL 95.30%
  step 20500 | loss 0.007509 | lr 0.000618 | 5.6min
  step 21000 | loss 0.005939 | lr 0.000602 | 5.7min
  VAL 96.60%
  step 21500 | loss 0.005677 | lr 0.000586 | 5.8min
  step 22000 | loss 0.003908 | lr 0.000571 | 5.9min
  VAL 99.00%
  TEST 98.9300%
  *** New best: 98.9300% ***
  step 22500 | loss 0.003595 | lr 0.000555 | 6.1min
  step 23000 | loss 0.003085 | lr 0.000539 | 6.3min
  VAL 99.75%
  TEST 99.8600%
  *** New best: 99.8600% ***
  step 23500 | loss 0.002389 | lr 0.000523 | 6.5min
  step 24000 | loss 0.001824 | lr 0.000507 | 6.6min
  VAL 99.90%
  TEST 99.8800%
  *** New best: 99.8800% ***
  step 24500 | loss 0.002007 | lr 0.000492 | 6.8min
  step 25000 | loss 0.001288 | lr 0.000476 | 6.9min
  VAL 100.00%
  TEST 99.9400%
  *** New best: 99.9400% ***
  step 25500 | loss 0.001314 | lr 0.000460 | 7.1min
  step 26000 | loss 0.003689 | lr 0.000445 | 7.2min
  VAL 100.00%
  TEST 99.9200%
  step 26500 | loss 0.001233 | lr 0.000430 | 7.4min
  step 27000 | loss 0.000833 | lr 0.000415 | 7.5min
  VAL 100.00%
  TEST 99.9600%
  *** New best: 99.9600% ***
  step 27500 | loss 0.000745 | lr 0.000400 | 7.7min
  step 28000 | loss 0.000730 | lr 0.000385 | 7.9min
  VAL 100.00%
  TEST 99.9600%
  step 28500 | loss 0.000705 | lr 0.000370 | 8.1min
  step 29000 | loss 0.000615 | lr 0.000356 | 8.2min
  VAL 100.00%
  TEST 99.9700%
  *** New best: 99.9700% ***
  step 29500 | loss 0.004117 | lr 0.000342 | 8.4min
  step 30000 | loss 0.000516 | lr 0.000328 | 8.5min
  VAL 100.00%
  TEST 99.9900%
  *** New best: 99.9900% ***
  step 30500 | loss 0.000511 | lr 0.000314 | 8.7min
  step 31000 | loss 0.000466 | lr 0.000301 | 8.8min
  VAL 100.00%
  TEST 100.0000%
  *** New best: 100.0000% ***
  step 31500 | loss 0.000391 | lr 0.000288 | 8.9min
  step 32000 | loss 0.000356 | lr 0.000275 | 9.0min
  VAL 100.00%
  TEST 100.0000%
  step 32500 | loss 0.000331 | lr 0.000263 | 9.2min
  step 33000 | loss 0.000293 | lr 0.000251 | 9.3min
  VAL 100.00%
  TEST 100.0000%
  step 33500 | loss 0.000262 | lr 0.000239 | 9.5min
  step 34000 | loss 0.000243 | lr 0.000228 | 9.6min
  VAL 100.00%
  TEST 100.0000%
  step 34500 | loss 0.000240 | lr 0.000217 | 9.8min
  step 35000 | loss 0.000214 | lr 0.000207 | 9.9min
  VAL 100.00%
  TEST 100.0000%
  step 35500 | loss 0.000196 | lr 0.000197 | 10.1min
  step 36000 | loss 0.000169 | lr 0.000187 | 10.3min
  VAL 100.00%
  TEST 100.0000%
  step 36500 | loss 0.000165 | lr 0.000178 | 10.5min
  step 37000 | loss 0.000138 | lr 0.000169 | 10.6min
  VAL 100.00%
  TEST 100.0000%
  step 37500 | loss 0.000132 | lr 0.000161 | 10.8min
  step 38000 | loss 0.000115 | lr 0.000153 | 10.9min
  VAL 100.00%
  TEST 100.0000%
  step 38500 | loss 0.000107 | lr 0.000146 | 11.1min
  step 39000 | loss 0.000095 | lr 0.000139 | 11.2min
  VAL 100.00%
  TEST 100.0000%
  step 39500 | loss 0.000089 | lr 0.000133 | 11.4min
  step 40000 | loss 0.000083 | lr 0.000128 | 11.5min
  VAL 100.00%
  TEST 100.0000%
  step 40500 | loss 0.000077 | lr 0.000122 | 11.7min
  step 41000 | loss 0.000076 | lr 0.000118 | 11.8min
  VAL 100.00%
  TEST 100.0000%
  step 41500 | loss 0.000068 | lr 0.000114 | 12.0min
  step 42000 | loss 0.000062 | lr 0.000110 | 12.1min
  VAL 100.00%
  TEST 100.0000%
  step 42500 | loss 0.000057 | lr 0.000107 | 12.3min
  step 43000 | loss 0.000054 | lr 0.000104 | 12.4min
  VAL 100.00%
  TEST 100.0000%
  step 43500 | loss 0.000053 | lr 0.000102 | 12.6min
  step 44000 | loss 0.000049 | lr 0.000101 | 12.8min
  VAL 100.00%
  TEST 100.0000%
  step 44500 | loss 0.000045 | lr 0.000100 | 12.9min
  step 45000 | loss 0.000044 | lr 0.000100 | 13.1min
  VAL 100.00%
  TEST 100.0000%

Training complete in 13.1 minutes
Best test accuracy: 100.0000%
