Initialized from retained incumbent: /Users/utshaho/Documents/GitHub/rl4rl/data/raw/autoresearch/sol-xhigh-overnight-20260814/state/incumbent.pt
Model: 2,096 parameters
Config: d=16, h=2, L=2, ff=10
Device: mps

INITIAL VAL 1.05%

Fine-tuning for up to 10000 steps...
  step   500 | loss 0.105997 | lr 0.000100 | 0.1min
  VAL 99.90%
  TEST 99.9900%
  *** New best: 99.9900% ***
  step  1000 | loss 0.107064 | lr 0.000099 | 0.3min
  VAL 99.90%
  TEST 99.8400%
  step  1500 | loss 0.107331 | lr 0.000096 | 0.4min
  VAL 99.95%
  TEST 99.9400%
  step  2000 | loss 0.105147 | lr 0.000093 | 0.6min
  VAL 99.80%
  TEST 99.8500%
  step  2500 | loss 0.107005 | lr 0.000088 | 0.7min
  VAL 99.95%
  TEST 99.9800%
  step  3000 | loss 0.101761 | lr 0.000082 | 0.8min
  VAL 99.95%
  TEST 99.9900%
  step  3500 | loss 0.102211 | lr 0.000075 | 1.0min
  VAL 100.00%
  TEST 99.9700%
  step  4000 | loss 0.102581 | lr 0.000068 | 1.1min
  VAL 99.95%
  TEST 100.0000%
  *** New best: 100.0000% ***
Fine-tuned candidate reached the early-stop target.
