Model: 5,544 parameters
Config: d=16, h=2, L=2, ff=44
Device: mps

Training for 45000 steps...
  step   500 | loss 1.426836 | lr 0.001000 | 0.1min
  step  1000 | loss 1.409928 | lr 0.000999 | 0.3min
  VAL 0.00%
  step  1500 | loss 1.376027 | lr 0.000998 | 0.4min
  step  2000 | loss 1.324471 | lr 0.000996 | 0.6min
  VAL 0.00%
  step  2500 | loss 1.270621 | lr 0.000994 | 0.7min
  step  3000 | loss 1.252354 | lr 0.000991 | 0.8min
  VAL 0.00%
  step  3500 | loss 1.078817 | lr 0.000987 | 0.9min
  step  4000 | loss 0.614725 | lr 0.000983 | 1.1min
  VAL 0.00%
  step  4500 | loss 0.511442 | lr 0.000978 | 1.2min
  step  5000 | loss 0.467690 | lr 0.000973 | 1.3min
  VAL 0.90%
  step  5500 | loss 0.434063 | lr 0.000967 | 1.4min
  step  6000 | loss 0.417812 | lr 0.000960 | 1.6min
  VAL 1.15%
  step  6500 | loss 0.405184 | lr 0.000953 | 1.7min
  step  7000 | loss 0.389621 | lr 0.000946 | 1.8min
  VAL 1.25%
  step  7500 | loss 0.359448 | lr 0.000937 | 1.9min
  step  8000 | loss 0.347693 | lr 0.000929 | 2.0min
  VAL 2.00%
  step  8500 | loss 0.286930 | lr 0.000919 | 2.2min
  step  9000 | loss 0.257342 | lr 0.000909 | 2.3min
  VAL 6.85%
  step  9500 | loss 0.231932 | lr 0.000899 | 2.5min
  step 10000 | loss 0.221230 | lr 0.000888 | 2.6min
  VAL 10.15%
  step 10500 | loss 0.218676 | lr 0.000877 | 2.7min
  step 11000 | loss 0.216516 | lr 0.000865 | 2.9min
  VAL 9.30%
  step 11500 | loss 0.215670 | lr 0.000853 | 3.0min
  step 12000 | loss 0.210711 | lr 0.000840 | 3.1min
  VAL 9.50%
  step 12500 | loss 0.210631 | lr 0.000827 | 3.2min
  step 13000 | loss 0.209700 | lr 0.000814 | 3.4min
  VAL 8.25%
  step 13500 | loss 0.209304 | lr 0.000800 | 3.5min
  step 14000 | loss 0.207188 | lr 0.000786 | 3.6min
  VAL 9.55%
  step 14500 | loss 0.206168 | lr 0.000771 | 3.7min
  step 15000 | loss 0.206050 | lr 0.000756 | 3.9min
  VAL 9.35%
  Early abort: validation below 50% at step 15000
