Model: 4,288 parameters
Config: d=16, h=2, L=2, ff=20
Device: mps

Training for 30000 steps...
  step   500 | loss 1.428574 | lr 0.001000 | 0.1min
  step  1000 | loss 1.264207 | lr 0.000999 | 0.3min
  VAL 0.00%
  step  1500 | loss 1.044874 | lr 0.000996 | 0.4min
  step  2000 | loss 0.741142 | lr 0.000992 | 0.5min
  VAL 0.05%
  step  2500 | loss 0.534265 | lr 0.000987 | 0.6min
  step  3000 | loss 0.456267 | lr 0.000980 | 0.8min
  VAL 3.95%
  step  3500 | loss 0.387217 | lr 0.000972 | 0.9min
  step  4000 | loss 0.346006 | lr 0.000962 | 1.1min
  VAL 5.00%
  step  4500 | loss 0.318370 | lr 0.000951 | 1.2min
  step  5000 | loss 0.294378 | lr 0.000939 | 1.3min
  VAL 5.50%
  step  5500 | loss 0.282435 | lr 0.000926 | 1.5min
  step  6000 | loss 0.271732 | lr 0.000912 | 1.6min
  VAL 6.95%
  step  6500 | loss 0.259820 | lr 0.000896 | 1.7min
  step  7000 | loss 0.249158 | lr 0.000880 | 1.9min
  VAL 6.75%
  step  7500 | loss 0.245087 | lr 0.000862 | 2.0min
  step  8000 | loss 0.244723 | lr 0.000843 | 2.2min
  VAL 6.65%
  step  8500 | loss 0.233442 | lr 0.000823 | 2.3min
  step  9000 | loss 0.231168 | lr 0.000803 | 2.5min
  VAL 8.15%
  step  9500 | loss 0.227853 | lr 0.000781 | 2.6min
  step 10000 | loss 0.231563 | lr 0.000759 | 2.7min
  VAL 7.55%
  step 10500 | loss 0.232214 | lr 0.000736 | 2.8min
  step 11000 | loss 0.221721 | lr 0.000713 | 3.0min
  VAL 9.10%
  step 11500 | loss 0.224582 | lr 0.000688 | 3.1min
  step 12000 | loss 0.219785 | lr 0.000664 | 3.3min
  VAL 9.70%
  step 12500 | loss 0.217311 | lr 0.000638 | 3.4min
  step 13000 | loss 0.213482 | lr 0.000613 | 3.5min
  VAL 8.85%
  step 13500 | loss 0.035099 | lr 0.000587 | 3.7min
  step 14000 | loss 0.026728 | lr 0.000561 | 3.8min
  VAL 92.15%
  step 14500 | loss 0.025709 | lr 0.000534 | 3.9min
  step 15000 | loss 0.024404 | lr 0.000508 | 4.1min
  VAL 90.85%
  step 15500 | loss 0.021960 | lr 0.000481 | 4.2min
  step 16000 | loss 0.017833 | lr 0.000455 | 4.3min
  VAL 94.90%
  step 16500 | loss 0.017740 | lr 0.000429 | 4.4min
  step 17000 | loss 0.015921 | lr 0.000403 | 4.6min
  VAL 95.80%
  step 17500 | loss 0.014882 | lr 0.000377 | 4.7min
  step 18000 | loss 0.012642 | lr 0.000352 | 4.8min
  VAL 97.30%
  step 18500 | loss 0.012026 | lr 0.000327 | 4.9min
  step 19000 | loss 0.009980 | lr 0.000302 | 5.1min
  VAL 97.65%
  step 19500 | loss 0.010229 | lr 0.000278 | 5.2min
  step 20000 | loss 0.009015 | lr 0.000255 | 5.3min
  VAL 98.50%
  step 20500 | loss 0.008557 | lr 0.000232 | 5.4min
  step 21000 | loss 0.007332 | lr 0.000210 | 5.6min
  VAL 99.05%
  TEST 99.1200%
  *** New best: 99.1200% ***
  step 21500 | loss 0.007113 | lr 0.000189 | 5.8min
  step 22000 | loss 0.006257 | lr 0.000169 | 5.9min
  VAL 99.40%
  TEST 99.1700%
  *** New best: 99.1700% ***
  step 22500 | loss 0.005565 | lr 0.000149 | 6.0min
  step 23000 | loss 0.005636 | lr 0.000131 | 6.1min
  VAL 99.85%
  TEST 99.6900%
  *** New best: 99.6900% ***
  step 23500 | loss 0.005619 | lr 0.000114 | 6.3min
  step 24000 | loss 0.005412 | lr 0.000097 | 6.5min
  VAL 99.90%
  TEST 99.8400%
  *** New best: 99.8400% ***
  step 24500 | loss 0.004716 | lr 0.000082 | 6.7min
  step 25000 | loss 0.004810 | lr 0.000068 | 6.8min
  VAL 99.90%
  TEST 99.8300%
  step 25500 | loss 0.004029 | lr 0.000056 | 7.0min
  step 26000 | loss 0.004133 | lr 0.000044 | 7.1min
  VAL 100.00%
  TEST 99.9600%
  *** New best: 99.9600% ***
  step 26500 | loss 0.004090 | lr 0.000034 | 7.3min
  step 27000 | loss 0.004125 | lr 0.000025 | 7.4min
  VAL 100.00%
  TEST 99.9500%
  step 27500 | loss 0.003905 | lr 0.000017 | 7.6min
  step 28000 | loss 0.003755 | lr 0.000011 | 7.7min
  VAL 100.00%
  TEST 99.9800%
  *** New best: 99.9800% ***
  step 28500 | loss 0.003459 | lr 0.000006 | 7.9min
  step 29000 | loss 0.003389 | lr 0.000003 | 8.0min
  VAL 100.00%
  TEST 99.9600%
  step 29500 | loss 0.003532 | lr 0.000001 | 8.2min
  step 30000 | loss 0.003712 | lr 0.000000 | 8.3min
  VAL 100.00%
  TEST 99.9700%

Training complete in 8.3 minutes
Best test accuracy: 99.9800%
