Model: RL4RL Autoresearch candidate
Author: configured in run manifest
Parameters (unique): 4288
Architecture: decoder-only addition transformer d=16, h=2, L=2, ff=20
Tricks: autoregressive greedy decoding, weights from checkpoint

  Progress: 1000/10010 (1000/1000 correct) [7.3s]
  Progress: 2000/10010 (2000/2000 correct) [17.4s]
  Progress: 3000/10010 (2996/3000 correct) [28.0s]
  Progress: 4000/10010 (3996/4000 correct) [38.7s]
  Progress: 5000/10010 (4996/5000 correct) [49.3s]
  Progress: 6000/10010 (5992/6000 correct) [59.9s]
  Progress: 7000/10010 (6992/7000 correct) [70.7s]
  Progress: 8000/10010 (7992/8000 correct) [81.4s]
  Progress: 9000/10010 (8991/9000 correct) [92.2s]
  Progress: 10000/10010 (9991/10000 correct) [102.9s]

Results: 10001/10010 correct (99.91%)
Time: 103.0s (97 additions/sec)
Status: QUALIFIED (threshold: 99%)

Failures (9):
  9035118571 + 3031649771 = 12066768342, got 2066768342
  9386157601 + 9524346701 = 18910504302, got 17910504302
  8089217239 + 5069079639 = 13158296878, got 13159296878
  9085365161 + 3206968430 = 12292333591, got 2292333591
  2024241894 + 9046281760 = 11070523654, got 1070523654
  2987815422 + 9057156380 = 12044971802, got 2044971802
  2053284482 + 9015564682 = 11068849164, got 1068849164
  1050911330 + 9098600541 = 10149511871, got 149511871
  9516562991 + 9413390151 = 18929953142, got 17929953142
