Model: 2,781 parameters
Config: d=14, h=2, L=2, ff=23
Device: mps

Training for 30000 steps...
  step   500 | loss 1.500824 | lr 0.001000 | 0.2min
  step  1000 | loss 1.439506 | lr 0.000999 | 0.3min
  VAL 0.00%
  step  1500 | loss 1.358938 | lr 0.000996 | 0.5min
  step  2000 | loss 1.345864 | lr 0.000992 | 0.6min
  VAL 0.00%
  step  2500 | loss 1.308941 | lr 0.000987 | 0.8min
  step  3000 | loss 1.229091 | lr 0.000980 | 1.0min
  VAL 0.00%
  step  3500 | loss 0.888845 | lr 0.000972 | 1.1min
  step  4000 | loss 0.537791 | lr 0.000962 | 1.3min
  VAL 0.00%
  step  4500 | loss 0.309172 | lr 0.000951 | 1.4min
  step  5000 | loss 0.252560 | lr 0.000939 | 1.6min
  VAL 3.30%
  step  5500 | loss 0.219507 | lr 0.000926 | 1.7min
  step  6000 | loss 0.204181 | lr 0.000912 | 1.9min
  VAL 8.10%
  step  6500 | loss 0.198953 | lr 0.000896 | 2.0min
  step  7000 | loss 0.194402 | lr 0.000880 | 2.2min
  VAL 11.80%
  step  7500 | loss 0.159355 | lr 0.000862 | 2.3min
  step  8000 | loss 0.132544 | lr 0.000843 | 2.5min
  VAL 50.05%
  step  8500 | loss 0.083883 | lr 0.000823 | 2.7min
  step  9000 | loss 0.052270 | lr 0.000803 | 3.1min
  VAL 72.95%
  step  9500 | loss 0.025774 | lr 0.000781 | 3.4min
  step 10000 | loss 0.008127 | lr 0.000759 | 3.6min
  VAL 96.85%
  step 10500 | loss 0.003969 | lr 0.000736 | 3.7min
  step 11000 | loss 0.002088 | lr 0.000713 | 3.9min
  VAL 99.40%
  TEST 99.5700%
  *** New best: 99.5700% ***
  step 11500 | loss 0.001393 | lr 0.000688 | 4.1min
  step 12000 | loss 0.002237 | lr 0.000664 | 4.3min
  VAL 98.30%
  step 12500 | loss 0.000971 | lr 0.000638 | 4.4min
  step 13000 | loss 0.000407 | lr 0.000613 | 4.6min
  VAL 99.90%
  TEST 99.9500%
  *** New best: 99.9500% ***
  step 13500 | loss 0.000300 | lr 0.000587 | 4.7min
  step 14000 | loss 0.000213 | lr 0.000561 | 4.9min
  VAL 99.95%
  TEST 99.9900%
  *** New best: 99.9900% ***
  step 14500 | loss 0.000164 | lr 0.000534 | 5.1min
  step 15000 | loss 0.000117 | lr 0.000508 | 5.3min
  VAL 99.85%
  TEST 99.9400%
  step 15500 | loss 0.000090 | lr 0.000481 | 5.4min
  step 16000 | loss 0.000079 | lr 0.000455 | 5.6min
  VAL 100.00%
  TEST 100.0000%
  *** New best: 100.0000% ***
  step 16500 | loss 0.000091 | lr 0.000429 | 5.8min
  step 17000 | loss 0.000233 | lr 0.000403 | 6.0min
  VAL 99.60%
  TEST 99.5000%
  step 17500 | loss 0.000041 | lr 0.000377 | 6.1min
  step 18000 | loss 0.000043 | lr 0.000352 | 6.3min
  VAL 100.00%
  TEST 100.0000%
  step 18500 | loss 0.000037 | lr 0.000327 | 6.5min
  step 19000 | loss 0.000028 | lr 0.000302 | 6.7min
  VAL 100.00%
  TEST 100.0000%
  step 19500 | loss 0.000023 | lr 0.000278 | 6.9min
  step 20000 | loss 0.000024 | lr 0.000255 | 7.0min
  VAL 100.00%
  TEST 100.0000%
  step 20500 | loss 0.000017 | lr 0.000232 | 7.3min
  step 21000 | loss 0.000015 | lr 0.000210 | 7.4min
  VAL 100.00%
  TEST 100.0000%
  step 21500 | loss 0.000013 | lr 0.000189 | 7.6min
  step 22000 | loss 0.000017 | lr 0.000169 | 7.8min
  VAL 100.00%
  TEST 100.0000%
  step 22500 | loss 0.000009 | lr 0.000149 | 8.0min
  step 23000 | loss 0.000009 | lr 0.000131 | 8.1min
  VAL 100.00%
  TEST 99.9900%
  step 23500 | loss 0.000008 | lr 0.000114 | 8.4min
  step 24000 | loss 0.000007 | lr 0.000097 | 8.5min
  VAL 100.00%
  TEST 100.0000%
  step 24500 | loss 0.000007 | lr 0.000082 | 8.7min
  step 25000 | loss 0.000006 | lr 0.000068 | 8.8min
  VAL 100.00%
  TEST 100.0000%
  step 25500 | loss 0.000005 | lr 0.000056 | 9.1min
  step 26000 | loss 0.000005 | lr 0.000044 | 9.2min
  VAL 100.00%
  TEST 100.0000%
  step 26500 | loss 0.000004 | lr 0.000034 | 9.4min
  step 27000 | loss 0.000004 | lr 0.000025 | 9.6min
  VAL 100.00%
  TEST 100.0000%
  step 27500 | loss 0.000008 | lr 0.000017 | 9.8min
  step 28000 | loss 0.000004 | lr 0.000011 | 9.9min
  VAL 100.00%
  TEST 100.0000%
  step 28500 | loss 0.000003 | lr 0.000006 | 10.1min
  step 29000 | loss 0.000003 | lr 0.000003 | 10.3min
  VAL 100.00%
  TEST 100.0000%
  step 29500 | loss 0.000003 | lr 0.000001 | 10.5min
  step 30000 | loss 0.000003 | lr 0.000000 | 10.6min
  VAL 100.00%
  TEST 100.0000%

Training complete in 10.7 minutes
Best test accuracy: 100.0000%
