Model: 2,915 parameters
Config: d=14, h=2, L=2, ff=19
Device: mps

Training for 45000 steps...
  step   500 | loss 1.750852 | lr 0.001000 | 0.2min
  step  1000 | loss 1.368875 | lr 0.000999 | 0.3min
  VAL 0.00%
  step  1500 | loss 1.383419 | lr 0.000998 | 0.4min
  step  2000 | loss 1.385285 | lr 0.000997 | 0.6min
  VAL 0.00%
  step  2500 | loss 1.340979 | lr 0.000995 | 0.7min
  step  3000 | loss 1.319562 | lr 0.000992 | 0.8min
  VAL 0.00%
  step  3500 | loss 1.330191 | lr 0.000989 | 1.0min
  step  4000 | loss 1.328388 | lr 0.000985 | 1.1min
  VAL 0.00%
  step  4500 | loss 1.309797 | lr 0.000981 | 1.2min
  step  5000 | loss 1.239388 | lr 0.000976 | 1.4min
  VAL 0.00%
  step  5500 | loss 1.219305 | lr 0.000970 | 1.5min
  step  6000 | loss 1.182128 | lr 0.000964 | 1.6min
  VAL 0.00%
  step  6500 | loss 1.130673 | lr 0.000958 | 1.7min
  step  7000 | loss 0.893439 | lr 0.000951 | 1.9min
  VAL 0.00%
  step  7500 | loss 0.384614 | lr 0.000944 | 2.0min
  step  8000 | loss 0.264322 | lr 0.000936 | 2.1min
  VAL 34.80%
  step  8500 | loss 0.187148 | lr 0.000927 | 2.2min
  step  9000 | loss 0.156307 | lr 0.000918 | 2.4min
  VAL 74.30%
  step  9500 | loss 0.126571 | lr 0.000909 | 2.5min
  step 10000 | loss 0.119214 | lr 0.000899 | 2.6min
  VAL 75.30%
  step 10500 | loss 0.105472 | lr 0.000889 | 2.7min
  step 11000 | loss 0.096956 | lr 0.000879 | 2.9min
  VAL 77.30%
  step 11500 | loss 0.097834 | lr 0.000868 | 3.0min
  step 12000 | loss 0.098339 | lr 0.000856 | 3.1min
  VAL 64.90%
  step 12500 | loss 0.083241 | lr 0.000844 | 3.3min
  step 13000 | loss 0.085383 | lr 0.000832 | 3.4min
  VAL 62.60%
  step 13500 | loss 0.081218 | lr 0.000820 | 3.5min
  step 14000 | loss 0.084034 | lr 0.000807 | 3.7min
  VAL 76.90%
  step 14500 | loss 0.098697 | lr 0.000794 | 3.8min
  step 15000 | loss 0.089349 | lr 0.000780 | 4.0min
  VAL 78.85%
  step 15500 | loss 0.082565 | lr 0.000767 | 4.1min
  step 16000 | loss 0.083132 | lr 0.000753 | 4.2min
  VAL 73.10%
  step 16500 | loss 0.089602 | lr 0.000739 | 4.3min
  step 17000 | loss 0.082545 | lr 0.000724 | 4.5min
  VAL 75.10%
  step 17500 | loss 0.088204 | lr 0.000709 | 4.6min
  step 18000 | loss 0.090763 | lr 0.000694 | 4.8min
  VAL 71.70%
  step 18500 | loss 0.086524 | lr 0.000679 | 4.9min
  step 19000 | loss 0.095609 | lr 0.000664 | 5.1min
  VAL 72.65%
  step 19500 | loss 0.091555 | lr 0.000649 | 5.3min
  step 20000 | loss 0.090211 | lr 0.000633 | 5.4min
  VAL 76.30%
  step 20500 | loss 0.092593 | lr 0.000618 | 5.6min
  step 21000 | loss 0.090983 | lr 0.000602 | 5.7min
  VAL 79.70%
  step 21500 | loss 0.104874 | lr 0.000586 | 5.9min
  step 22000 | loss 0.090731 | lr 0.000571 | 6.0min
  VAL 80.65%
  step 22500 | loss 0.099042 | lr 0.000555 | 6.2min
  step 23000 | loss 0.094233 | lr 0.000539 | 6.3min
  VAL 82.80%
  step 23500 | loss 0.098578 | lr 0.000523 | 6.5min
  step 24000 | loss 0.095282 | lr 0.000507 | 6.6min
  VAL 77.80%
  step 24500 | loss 0.097446 | lr 0.000492 | 6.8min
  step 25000 | loss 0.094981 | lr 0.000476 | 6.9min
  VAL 82.75%
  step 25500 | loss 0.095742 | lr 0.000460 | 7.1min
  step 26000 | loss 0.095698 | lr 0.000445 | 7.2min
  VAL 86.80%
  step 26500 | loss 0.094607 | lr 0.000430 | 7.4min
  step 27000 | loss 0.095883 | lr 0.000415 | 7.5min
  VAL 87.30%
  step 27500 | loss 0.089555 | lr 0.000400 | 7.6min
  step 28000 | loss 0.106386 | lr 0.000385 | 7.8min
  VAL 81.75%
  step 28500 | loss 0.090077 | lr 0.000370 | 7.9min
  step 29000 | loss 0.097797 | lr 0.000356 | 8.1min
  VAL 91.20%
  step 29500 | loss 0.094103 | lr 0.000342 | 8.2min
  step 30000 | loss 0.090786 | lr 0.000328 | 8.3min
  VAL 88.45%
  step 30500 | loss 0.089060 | lr 0.000314 | 8.5min
  step 31000 | loss 0.089400 | lr 0.000301 | 8.6min
  VAL 91.65%
  step 31500 | loss 0.085509 | lr 0.000288 | 8.7min
  step 32000 | loss 0.086580 | lr 0.000275 | 8.8min
  VAL 92.40%
  step 32500 | loss 0.086692 | lr 0.000263 | 9.0min
  step 33000 | loss 0.082395 | lr 0.000251 | 9.1min
  VAL 93.05%
  step 33500 | loss 0.081081 | lr 0.000239 | 9.2min
  step 34000 | loss 0.080742 | lr 0.000228 | 9.4min
  VAL 93.75%
  step 34500 | loss 0.079094 | lr 0.000217 | 9.6min
  step 35000 | loss 0.078099 | lr 0.000207 | 9.7min
  VAL 95.00%
  step 35500 | loss 0.077256 | lr 0.000197 | 9.9min
  step 36000 | loss 0.076567 | lr 0.000187 | 10.0min
  VAL 95.10%
  step 36500 | loss 0.076118 | lr 0.000178 | 10.2min
  step 37000 | loss 0.075808 | lr 0.000169 | 10.3min
  VAL 96.35%
  step 37500 | loss 0.074812 | lr 0.000161 | 10.4min
  step 38000 | loss 0.070658 | lr 0.000153 | 10.6min
  VAL 96.35%
  step 38500 | loss 0.069967 | lr 0.000146 | 10.8min
  step 39000 | loss 0.069364 | lr 0.000139 | 10.9min
  VAL 96.70%
  step 39500 | loss 0.071769 | lr 0.000133 | 11.0min
  step 40000 | loss 0.068954 | lr 0.000128 | 11.1min
  VAL 97.35%
  step 40500 | loss 0.066019 | lr 0.000122 | 11.3min
  step 41000 | loss 0.063730 | lr 0.000118 | 11.4min
  VAL 97.10%
  step 41500 | loss 0.062933 | lr 0.000114 | 11.6min
  step 42000 | loss 0.063773 | lr 0.000110 | 11.7min
  VAL 97.45%
  step 42500 | loss 0.065220 | lr 0.000107 | 11.8min
  step 43000 | loss 0.061975 | lr 0.000104 | 12.0min
  VAL 98.05%
  step 43500 | loss 0.061525 | lr 0.000102 | 12.1min
  step 44000 | loss 0.061794 | lr 0.000101 | 12.3min
  VAL 98.30%
  step 44500 | loss 0.059651 | lr 0.000100 | 12.4min
  step 45000 | loss 0.059688 | lr 0.000100 | 12.6min
  VAL 98.30%

Training complete in 12.6 minutes
Best test accuracy: 0.0000%
