Model: RL4RL Autoresearch candidate
Author: configured in run manifest
Parameters (unique): 1944
Architecture: decoder-only addition transformer d=16, h=2, L=2, ff=10, block1_ff=8, fixed_separators=True, tied_position_pairs=[[4, 15], [7, 18], [5, 16], [3, 14], [2, 13], [8, 19], [6, 17], [1, 12], [0, 11], [9, 20]], interpolated_positions=[23, 24, 25, 26, 27], qkv_pruned=104
Tricks: autoregressive greedy decoding, weights from checkpoint

  Progress: 1000/10010 (999/1000 correct) [4.5s]
  Progress: 2000/10010 (1999/2000 correct) [8.9s]
  Progress: 3000/10010 (2999/3000 correct) [13.3s]
  Progress: 4000/10010 (3997/4000 correct) [17.7s]
  Progress: 5000/10010 (4997/5000 correct) [22.1s]
  Progress: 6000/10010 (5997/6000 correct) [26.5s]
  Progress: 7000/10010 (6997/7000 correct) [31.0s]
  Progress: 8000/10010 (7996/8000 correct) [35.4s]
  Progress: 9000/10010 (8993/9000 correct) [39.8s]
  Progress: 10000/10010 (9992/10000 correct) [44.2s]

Results: 10002/10010 correct (99.92%)
Time: 44.3s (226 additions/sec)
Status: QUALIFIED (threshold: 99%)

Failures (8):
  8261688289 + 8707679052 = 16969367341, got 17969367341
  7855150136 + 7046113441 = 14901263577, got 19901263577
  7007478029 + 7899010449 = 14906488478, got 19906488478
  8759742406 + 8209644900 = 16969387306, got 17969387306
  2499041264 + 1969077601 = 4468118865, got 4458118865
  8221226107 + 8352380936 = 16573607043, got 17573607043
  7968236719 + 1196826631 = 9165063350, got 9155063350
  8413443535 + 8271002098 = 16684445633, got 17684445633
