Traceback (most recent call last):
  File "/Users/utshaho/Documents/GitHub/rl4rl/data/raw/autoresearch/luna-med-20260815/official_verify.py", line 135, in <module>
    main()
  File "/Users/utshaho/Documents/GitHub/rl4rl/data/raw/autoresearch/luna-med-20260815/official_verify.py", line 131, in main
    run_test(mod, num_tests=args.num_tests, seed=args.seed)
  File "/Users/utshaho/Documents/GitHub/rl4rl/data/raw/autoresearch/luna-med-20260815/official_verify.py", line 81, in run_test
    result = mod.add(model, a, b)
             ^^^^^^^^^^^^^^^^^^^^
  File "/Users/utshaho/Documents/GitHub/rl4rl/architecture_discovery/.venv/lib/python3.12/site-packages/torch/utils/_contextlib.py", line 116, in decorate_context
    return func(*args, **kwargs)
           ^^^^^^^^^^^^^^^^^^^^^
  File "/Users/utshaho/Documents/GitHub/rl4rl/data/raw/autoresearch/luna-med-20260815/workspace/submission.py", line 82, in add
    generated = model.generate(tokens, max_new_tokens=OUT_DIGITS + 1, eos_id=EOS_ID)
                ^^^^^^^^^^^^^^^^^^^^^^^^^^^^^^^^^^^^^^^^^^^^^^^^^^^^^^^^^^^^^^^^^^^^
  File "/Users/utshaho/Documents/GitHub/rl4rl/architecture_discovery/.venv/lib/python3.12/site-packages/torch/utils/_contextlib.py", line 116, in decorate_context
    return func(*args, **kwargs)
           ^^^^^^^^^^^^^^^^^^^^^
  File "/Users/utshaho/Documents/GitHub/rl4rl/data/raw/autoresearch/luna-med-20260815/workspace/src/model.py", line 125, in generate
    logits = self.forward(idx_cond)
             ^^^^^^^^^^^^^^^^^^^^^^
  File "/Users/utshaho/Documents/GitHub/rl4rl/data/raw/autoresearch/luna-med-20260815/workspace/src/model.py", line 111, in forward
    x = block(x)
        ^^^^^^^^
  File "/Users/utshaho/Documents/GitHub/rl4rl/architecture_discovery/.venv/lib/python3.12/site-packages/torch/nn/modules/module.py", line 1751, in _wrapped_call_impl
    return self._call_impl(*args, **kwargs)
           ^^^^^^^^^^^^^^^^^^^^^^^^^^^^^^^^
  File "/Users/utshaho/Documents/GitHub/rl4rl/architecture_discovery/.venv/lib/python3.12/site-packages/torch/nn/modules/module.py", line 1762, in _call_impl
    return forward_call(*args, **kwargs)
           ^^^^^^^^^^^^^^^^^^^^^^^^^^^^^
  File "/Users/utshaho/Documents/GitHub/rl4rl/data/raw/autoresearch/luna-med-20260815/workspace/src/model.py", line 63, in forward
    x = x + self.dropout(self.ff(self.ln2(x)))
                         ^^^^^^^^^^^^^^^^^^^^
  File "/Users/utshaho/Documents/GitHub/rl4rl/architecture_discovery/.venv/lib/python3.12/site-packages/torch/nn/modules/module.py", line 1751, in _wrapped_call_impl
    return self._call_impl(*args, **kwargs)
           ^^^^^^^^^^^^^^^^^^^^^^^^^^^^^^^^
  File "/Users/utshaho/Documents/GitHub/rl4rl/architecture_discovery/.venv/lib/python3.12/site-packages/torch/nn/modules/module.py", line 1762, in _call_impl
    return forward_call(*args, **kwargs)
           ^^^^^^^^^^^^^^^^^^^^^^^^^^^^^
  File "/Users/utshaho/Documents/GitHub/rl4rl/architecture_discovery/.venv/lib/python3.12/site-packages/torch/nn/modules/container.py", line 240, in forward
    input = module(input)
            ^^^^^^^^^^^^^
  File "/Users/utshaho/Documents/GitHub/rl4rl/architecture_discovery/.venv/lib/python3.12/site-packages/torch/nn/modules/module.py", line 1751, in _wrapped_call_impl
    return self._call_impl(*args, **kwargs)
           ^^^^^^^^^^^^^^^^^^^^^^^^^^^^^^^^
  File "/Users/utshaho/Documents/GitHub/rl4rl/architecture_discovery/.venv/lib/python3.12/site-packages/torch/nn/modules/module.py", line 1755, in _call_impl
    def _call_impl(self, *args, **kwargs):

KeyboardInterrupt
