Model: RL4RL Autoresearch candidate
Author: configured in run manifest
Parameters (unique): 1972
Architecture: decoder-only addition transformer d=16, h=2, L=2, ff=10, block1_ff=8, fixed_separators=True, tied_position_pairs=[[4, 15], [7, 18], [5, 16], [3, 14], [2, 13], [8, 19], [6, 17], [1, 12], [0, 11], [9, 20]], interpolated_positions=[23, 24, 25, 26, 27], qkv_pruned=76
Tricks: autoregressive greedy decoding, weights from checkpoint

  Progress: 1000/10010 (995/1000 correct) [4.5s]
  Progress: 2000/10010 (1991/2000 correct) [8.9s]
  Progress: 3000/10010 (2986/3000 correct) [13.4s]
  Progress: 4000/10010 (3978/4000 correct) [17.8s]
  Progress: 5000/10010 (4975/5000 correct) [22.3s]
  Progress: 6000/10010 (5969/6000 correct) [26.7s]
  Progress: 7000/10010 (6959/7000 correct) [31.1s]
  Progress: 8000/10010 (7957/8000 correct) [35.6s]
  Progress: 9000/10010 (8951/9000 correct) [40.1s]
  Progress: 10000/10010 (9945/10000 correct) [44.5s]

Results: 9955/10010 correct (99.45%)
Time: 44.5s (225 additions/sec)
Status: QUALIFIED (threshold: 99%)

First 20 failures (of 55):
  7829306287 + 1024919386 = 8854225673, got 8844225673
  1288730988 + 8305219676 = 9593950664, got 9493950664
  5906320515 + 4104729680 = 10011050195, got 10011040195
  2419324703 + 3516291980 = 5935616683, got 5835616683
  5467297278 + 2891284775 = 8358582053, got 8358482053
  2414276349 + 2517436867 = 4931713216, got 4831713216
  6518309698 + 8519694547 = 15038004245, got 15037004245
  9070097240 + 461018479 = 9531115719, got 9521115719
  5925274312 + 1227342616 = 7152616928, got 7142616928
  9719035241 + 2514109316 = 12233144557, got 12232144557
  9278473654 + 9413599947 = 18692073601, got 19692073601
  5254066650 + 9287720511 = 14541787161, got 14441787161
  7525349959 + 8227140576 = 15752490535, got 15742490535
  3029838603 + 4424373860 = 7454212463, got 7444212463
  1415015538 + 2519348781 = 3934364319, got 3834364319
  387554814 + 2203845720 = 2591400534, got 2491400534
  8127121699 + 525989056 = 8653110755, got 8643110755
  1728591427 + 3825887437 = 5554478864, got 5544478864
  6258014553 + 8283570450 = 14541585003, got 14441585003
  1305982567 + 5285437246 = 6591419813, got 6491419813
