Model: RL4RL Autoresearch candidate
Author: configured in run manifest
Parameters (unique): 1982
Architecture: decoder-only addition transformer d=16, h=2, L=2, ff=10, block1_ff=8, fixed_separators=True, tied_position_pairs=[[4, 15], [7, 18], [5, 16], [3, 14], [2, 13], [8, 19], [6, 17], [1, 12], [0, 11], [9, 20]], interpolated_positions=[23, 24, 25, 26, 27], qkv_pruned=66
Tricks: autoregressive greedy decoding, weights from checkpoint

  Progress: 1000/10010 (999/1000 correct) [4.6s]
  Progress: 2000/10010 (1999/2000 correct) [9.0s]
  Progress: 3000/10010 (2998/3000 correct) [13.5s]
  Progress: 4000/10010 (3998/4000 correct) [17.9s]
  Progress: 5000/10010 (4997/5000 correct) [22.6s]
  Progress: 6000/10010 (5995/6000 correct) [27.5s]
  Progress: 7000/10010 (6995/7000 correct) [32.0s]
  Progress: 8000/10010 (7995/8000 correct) [36.4s]
  Progress: 9000/10010 (8993/9000 correct) [40.8s]
  Progress: 10000/10010 (9991/10000 correct) [45.4s]

Results: 10001/10010 correct (99.91%)
Time: 45.4s (220 additions/sec)
Status: QUALIFIED (threshold: 99%)

Failures (9):
  4501354141 + 9409669647 = 13911023788, got 13811023788
  9278473654 + 9413599947 = 18692073601, got 19692073601
  9402679499 + 9293095411 = 18695774910, got 19695774910
  7295822456 + 4296380992 = 11592203448, got 11492203448
  9479323125 + 9453799615 = 18933122740, got 19933122740
  9201756155 + 9771972022 = 18973728177, got 19973728177
  1010537826 + 1998432176 = 3008970002, got 2008970002
  9296743949 + 4249084756 = 13545828705, got 13445828705
  5118045857 + 6196185877 = 11314231734, got 10314231734
