Model: RL4RL Autoresearch candidate
Author: configured in run manifest
Parameters (unique): 2384
Architecture: decoder-only addition transformer d=16, h=2, L=2, ff=10, block1_ff=9
Tricks: autoregressive greedy decoding, weights from checkpoint

  Progress: 1000/10010 (1000/1000 correct) [4.2s]
  Progress: 2000/10010 (1999/2000 correct) [8.3s]
  Progress: 3000/10010 (2998/3000 correct) [12.5s]
  Progress: 4000/10010 (3998/4000 correct) [16.6s]
  Progress: 5000/10010 (4996/5000 correct) [20.8s]
  Progress: 6000/10010 (5996/6000 correct) [24.9s]
  Progress: 7000/10010 (6995/7000 correct) [29.2s]
  Progress: 8000/10010 (7995/8000 correct) [33.3s]
  Progress: 9000/10010 (8994/9000 correct) [37.7s]
  Progress: 10000/10010 (9992/10000 correct) [42.2s]

Results: 10002/10010 correct (99.92%)
Time: 42.3s (237 additions/sec)
Status: QUALIFIED (threshold: 99%)

Failures (8):
  3011090743 + 4910955929 = 7922046672, got 7912046672
  5106456160 + 2124362505 = 7230818665, got 7130818665
  1113391968 + 1688419658 = 2801811626, got 1801811626
  9814402954 + 9916487384 = 19730890338, got 19740890338
  6461559650 + 7621146029 = 14082705679, got 14081705679
  8121600687 + 7148592279 = 15270192966, got 15170192966
  8684131609 + 8637684655 = 17321816264, got 16321816264
  9951436343 + 8001269411 = 17952705754, got 17951705754
