Model: 3,031 parameters
Config: d=14, h=2, L=2, ff=19
Device: mps

Training for 45000 steps...
  step   500 | loss 1.507274 | lr 0.001000 | 0.1min
  step  1000 | loss 1.377533 | lr 0.000999 | 0.3min
  VAL 0.00%
  step  1500 | loss 1.382115 | lr 0.000998 | 0.4min
  step  2000 | loss 1.324399 | lr 0.000997 | 0.5min
  VAL 0.00%
  step  2500 | loss 1.201063 | lr 0.000995 | 0.7min
  step  3000 | loss 1.053646 | lr 0.000992 | 0.8min
  VAL 0.00%
  step  3500 | loss 0.898530 | lr 0.000989 | 0.9min
  step  4000 | loss 0.850884 | lr 0.000985 | 1.0min
  VAL 0.00%
  step  4500 | loss 0.777436 | lr 0.000981 | 1.2min
  step  5000 | loss 0.712110 | lr 0.000976 | 1.3min
  VAL 0.00%
  step  5500 | loss 0.657238 | lr 0.000970 | 1.4min
  step  6000 | loss 0.626815 | lr 0.000964 | 1.5min
  VAL 0.05%
  step  6500 | loss 0.575199 | lr 0.000958 | 1.6min
  step  7000 | loss 0.305485 | lr 0.000951 | 1.8min
  VAL 3.30%
  step  7500 | loss 0.031664 | lr 0.000944 | 1.9min
  step  8000 | loss 0.012700 | lr 0.000936 | 2.0min
  VAL 88.60%
  step  8500 | loss 0.008318 | lr 0.000927 | 2.1min
  step  9000 | loss 0.005316 | lr 0.000918 | 2.2min
  VAL 97.25%
  step  9500 | loss 0.004686 | lr 0.000909 | 2.3min
  step 10000 | loss 0.003970 | lr 0.000899 | 2.5min
  VAL 91.45%
  step 10500 | loss 0.002631 | lr 0.000889 | 2.6min
  step 11000 | loss 0.003394 | lr 0.000879 | 2.7min
  VAL 98.35%
  step 11500 | loss 0.002407 | lr 0.000868 | 2.9min
  step 12000 | loss 0.003393 | lr 0.000856 | 3.0min
  VAL 98.35%
  step 12500 | loss 0.001641 | lr 0.000844 | 3.1min
  step 13000 | loss 0.001430 | lr 0.000832 | 3.2min
  VAL 99.10%
  TEST 99.2600%
  *** New best: 99.2600% ***
  step 13500 | loss 0.001527 | lr 0.000820 | 3.4min
  step 14000 | loss 0.002004 | lr 0.000807 | 3.5min
  VAL 98.35%
  step 14500 | loss 0.003436 | lr 0.000794 | 3.6min
  step 15000 | loss 0.001905 | lr 0.000780 | 3.8min
  VAL 99.45%
  TEST 99.5400%
  *** New best: 99.5400% ***
  step 15500 | loss 0.001334 | lr 0.000767 | 3.9min
  step 16000 | loss 0.002071 | lr 0.000753 | 4.0min
  VAL 99.40%
  TEST 99.6500%
  *** New best: 99.6500% ***
  step 16500 | loss 0.001130 | lr 0.000739 | 4.2min
  step 17000 | loss 0.001243 | lr 0.000724 | 4.3min
  VAL 99.05%
  TEST 99.3600%
  step 17500 | loss 0.001041 | lr 0.000709 | 4.5min
  step 18000 | loss 0.001245 | lr 0.000694 | 4.6min
  VAL 99.60%
  TEST 99.6900%
  *** New best: 99.6900% ***
  step 18500 | loss 0.007478 | lr 0.000679 | 4.8min
  step 19000 | loss 0.002570 | lr 0.000664 | 4.9min
  VAL 98.30%
  step 19500 | loss 0.001060 | lr 0.000649 | 5.0min
  step 20000 | loss 0.000958 | lr 0.000633 | 5.1min
  VAL 99.50%
  TEST 99.6500%
  step 20500 | loss 0.001765 | lr 0.000618 | 5.3min
  step 21000 | loss 0.000956 | lr 0.000602 | 5.4min
  VAL 99.20%
  TEST 99.5800%
  step 21500 | loss 0.002840 | lr 0.000586 | 5.6min
  step 22000 | loss 0.001003 | lr 0.000571 | 5.7min
  VAL 97.30%
  step 22500 | loss 0.000852 | lr 0.000555 | 5.9min
  step 23000 | loss 0.000896 | lr 0.000539 | 6.0min
  VAL 99.75%
  TEST 99.8000%
  *** New best: 99.8000% ***
  step 23500 | loss 0.001192 | lr 0.000523 | 6.2min
  step 24000 | loss 0.001193 | lr 0.000507 | 6.3min
  VAL 99.50%
  TEST 99.4700%
  step 24500 | loss 0.001369 | lr 0.000492 | 6.5min
  step 25000 | loss 0.000846 | lr 0.000476 | 6.6min
  VAL 99.50%
  TEST 99.6700%
  step 25500 | loss 0.002020 | lr 0.000460 | 6.8min
  step 26000 | loss 0.001265 | lr 0.000445 | 6.9min
  VAL 99.00%
  TEST 99.1400%
  step 26500 | loss 0.001832 | lr 0.000430 | 7.1min
  step 27000 | loss 0.001578 | lr 0.000415 | 7.2min
  VAL 99.20%
  TEST 99.1100%
  step 27500 | loss 0.000838 | lr 0.000400 | 7.4min
  step 28000 | loss 0.000755 | lr 0.000385 | 7.5min
  VAL 99.75%
  TEST 99.8000%
  step 28500 | loss 0.000791 | lr 0.000370 | 7.7min
  step 29000 | loss 0.000699 | lr 0.000356 | 7.8min
  VAL 99.95%
  TEST 99.8800%
  *** New best: 99.8800% ***
  step 29500 | loss 0.001152 | lr 0.000342 | 7.9min
  step 30000 | loss 0.000926 | lr 0.000328 | 8.0min
  VAL 99.25%
  TEST 99.6200%
  step 30500 | loss 0.000705 | lr 0.000314 | 8.2min
  step 31000 | loss 0.000645 | lr 0.000301 | 8.4min
  VAL 99.85%
  TEST 99.8800%
  step 31500 | loss 0.000720 | lr 0.000288 | 8.5min
  step 32000 | loss 0.000597 | lr 0.000275 | 8.7min
  VAL 100.00%
  TEST 99.9400%
  *** New best: 99.9400% ***
  step 32500 | loss 0.000607 | lr 0.000263 | 8.8min
  step 33000 | loss 0.000688 | lr 0.000251 | 9.0min
  VAL 98.60%
  step 33500 | loss 0.000885 | lr 0.000239 | 9.1min
  step 34000 | loss 0.000530 | lr 0.000228 | 9.2min
  VAL 99.95%
  TEST 99.8900%
  step 34500 | loss 0.000510 | lr 0.000217 | 9.4min
  step 35000 | loss 0.000527 | lr 0.000207 | 9.5min
  VAL 99.95%
  TEST 99.9500%
  *** New best: 99.9500% ***
  step 35500 | loss 0.000512 | lr 0.000197 | 9.7min
  step 36000 | loss 0.000481 | lr 0.000187 | 9.8min
  VAL 99.90%
  TEST 99.9000%
  step 36500 | loss 0.000486 | lr 0.000178 | 10.0min
  step 37000 | loss 0.000502 | lr 0.000169 | 10.1min
  VAL 99.95%
  TEST 99.9800%
  *** New best: 99.9800% ***
  step 37500 | loss 0.000454 | lr 0.000161 | 10.3min
  step 38000 | loss 0.000440 | lr 0.000153 | 10.4min
  VAL 99.90%
  TEST 99.9200%
  step 38500 | loss 0.000407 | lr 0.000146 | 10.6min
  step 39000 | loss 0.000405 | lr 0.000139 | 10.7min
  VAL 99.65%
  TEST 99.8000%
  step 39500 | loss 0.000388 | lr 0.000133 | 10.8min
  step 40000 | loss 0.000384 | lr 0.000128 | 10.9min
  VAL 99.85%
  TEST 99.8900%
  step 40500 | loss 0.000430 | lr 0.000122 | 11.1min
  step 41000 | loss 0.000358 | lr 0.000118 | 11.3min
  VAL 99.95%
  TEST 99.9200%
  step 41500 | loss 0.000358 | lr 0.000114 | 11.4min
  step 42000 | loss 0.000338 | lr 0.000110 | 11.6min
  VAL 99.95%
  TEST 99.9900%
  *** New best: 99.9900% ***
  step 42500 | loss 0.000344 | lr 0.000107 | 11.7min
  step 43000 | loss 0.000328 | lr 0.000104 | 11.9min
  VAL 99.95%
  TEST 99.9900%
  step 43500 | loss 0.000348 | lr 0.000102 | 12.0min
  step 44000 | loss 0.000317 | lr 0.000101 | 12.2min
  VAL 99.95%
  TEST 99.9300%
  step 44500 | loss 0.000343 | lr 0.000100 | 12.3min
  step 45000 | loss 0.000323 | lr 0.000100 | 12.5min
  VAL 99.95%
  TEST 99.9700%

Training complete in 12.5 minutes
Best test accuracy: 99.9900%
