Model: RL4RL Autoresearch candidate
Author: configured in run manifest
Parameters (unique): 3031
Architecture: decoder-only addition transformer d=14, h=2, L=2, ff=19, position_rank=3, tie_norms_across_layers=True, no_norm_bias=True
Tricks: autoregressive greedy decoding, weights from checkpoint

  Progress: 1000/10010 (999/1000 correct) [8.6s]
  Progress: 2000/10010 (1999/2000 correct) [17.1s]
  Progress: 3000/10010 (2999/3000 correct) [25.6s]
  Progress: 4000/10010 (3999/4000 correct) [34.1s]
  Progress: 5000/10010 (4999/5000 correct) [42.5s]
  Progress: 6000/10010 (5999/6000 correct) [50.9s]
  Progress: 7000/10010 (6999/7000 correct) [60.1s]
  Progress: 8000/10010 (7999/8000 correct) [70.6s]
  Progress: 9000/10010 (8999/9000 correct) [80.6s]
  Progress: 10000/10010 (9999/10000 correct) [91.0s]

Results: 10009/10010 correct (99.99%)
Time: 91.1s (110 additions/sec)
Status: QUALIFIED (threshold: 99%)

Failures (1):
  5000000000 + 5000000000 = 10000000000, got 0
