Model: 4,224 parameters
Config: d=16, h=2, L=2, ff=19
Device: mps

Training for 30000 steps...
  step   500 | loss 1.392731 | lr 0.001000 | 0.2min
  step  1000 | loss 1.252205 | lr 0.000999 | 0.4min
  VAL 0.00%
  step  1500 | loss 0.905139 | lr 0.000996 | 0.5min
  step  2000 | loss 0.624778 | lr 0.000992 | 0.7min
  VAL 0.10%
  step  2500 | loss 0.425335 | lr 0.000987 | 0.8min
  step  3000 | loss 0.368021 | lr 0.000980 | 1.0min
  VAL 3.15%
  step  3500 | loss 0.321280 | lr 0.000972 | 1.1min
  step  4000 | loss 0.294190 | lr 0.000962 | 1.2min
  VAL 4.85%
  step  4500 | loss 0.278587 | lr 0.000951 | 1.4min
  step  5000 | loss 0.265239 | lr 0.000939 | 1.5min
  VAL 7.35%
  step  5500 | loss 0.259836 | lr 0.000926 | 1.7min
  step  6000 | loss 0.250561 | lr 0.000912 | 1.8min
  VAL 8.30%
  step  6500 | loss 0.240303 | lr 0.000896 | 1.9min
  step  7000 | loss 0.233631 | lr 0.000880 | 2.1min
  VAL 8.90%
  step  7500 | loss 0.231279 | lr 0.000862 | 2.2min
  step  8000 | loss 0.224008 | lr 0.000843 | 2.4min
  VAL 10.35%
  step  8500 | loss 0.221832 | lr 0.000823 | 2.5min
  step  9000 | loss 0.214683 | lr 0.000803 | 2.7min
  VAL 9.95%
  step  9500 | loss 0.213720 | lr 0.000781 | 2.8min
  step 10000 | loss 0.211794 | lr 0.000759 | 2.9min
  VAL 9.80%
  step 10500 | loss 0.208056 | lr 0.000736 | 3.1min
  step 11000 | loss 0.206941 | lr 0.000713 | 3.2min
  VAL 11.70%
  step 11500 | loss 0.206177 | lr 0.000688 | 3.4min
  step 12000 | loss 0.206505 | lr 0.000664 | 3.5min
  VAL 10.15%
  step 12500 | loss 0.206764 | lr 0.000638 | 3.6min
  step 13000 | loss 0.203192 | lr 0.000613 | 3.8min
  VAL 9.75%
  step 13500 | loss 0.203486 | lr 0.000587 | 3.9min
  step 14000 | loss 0.201532 | lr 0.000561 | 4.1min
  VAL 9.85%
  step 14500 | loss 0.201249 | lr 0.000534 | 4.2min
  step 15000 | loss 0.200833 | lr 0.000508 | 4.4min
  VAL 10.80%
  step 15500 | loss 0.200990 | lr 0.000481 | 4.5min
  step 16000 | loss 0.201124 | lr 0.000455 | 4.6min
  VAL 10.25%
  step 16500 | loss 0.199155 | lr 0.000429 | 4.8min
  step 17000 | loss 0.199430 | lr 0.000403 | 4.9min
  VAL 9.90%
  step 17500 | loss 0.199438 | lr 0.000377 | 5.1min
  step 18000 | loss 0.198590 | lr 0.000352 | 5.2min
  VAL 10.05%
  step 18500 | loss 0.197592 | lr 0.000327 | 5.3min
  step 19000 | loss 0.196916 | lr 0.000302 | 5.5min
  VAL 9.60%
  step 19500 | loss 0.197330 | lr 0.000278 | 5.6min
  step 20000 | loss 0.197633 | lr 0.000255 | 5.8min
  VAL 9.90%
  step 20500 | loss 0.196587 | lr 0.000232 | 5.9min
  step 21000 | loss 0.196328 | lr 0.000210 | 6.1min
  VAL 10.10%
  step 21500 | loss 0.196520 | lr 0.000189 | 6.2min
  step 22000 | loss 0.195363 | lr 0.000169 | 6.3min
  VAL 9.20%
  step 22500 | loss 0.195456 | lr 0.000149 | 6.5min
  step 23000 | loss 0.195420 | lr 0.000131 | 6.6min
  VAL 11.10%
  step 23500 | loss 0.195010 | lr 0.000114 | 6.8min
  step 24000 | loss 0.194980 | lr 0.000097 | 6.9min
  VAL 10.35%
  step 24500 | loss 0.195077 | lr 0.000082 | 7.1min
  step 25000 | loss 0.194891 | lr 0.000068 | 7.2min
  VAL 9.40%
  step 25500 | loss 0.194786 | lr 0.000056 | 7.4min
  step 26000 | loss 0.195114 | lr 0.000044 | 7.5min
  VAL 9.95%
  step 26500 | loss 0.194811 | lr 0.000034 | 7.7min
  step 27000 | loss 0.194514 | lr 0.000025 | 7.8min
  VAL 10.25%
  step 27500 | loss 0.194320 | lr 0.000017 | 8.0min
  step 28000 | loss 0.194331 | lr 0.000011 | 8.1min
  VAL 10.00%
  step 28500 | loss 0.194641 | lr 0.000006 | 8.3min
  step 29000 | loss 0.194682 | lr 0.000003 | 8.4min
  VAL 9.90%
  step 29500 | loss 0.194315 | lr 0.000001 | 8.5min
  step 30000 | loss 0.194165 | lr 0.000000 | 8.7min
  VAL 10.05%

Training complete in 8.7 minutes
Best test accuracy: 0.0000%
