Model: RL4RL Autoresearch candidate
Author: configured in run manifest
Parameters (unique): 4224
Architecture: decoder-only addition transformer d=16, h=2, L=2, ff=19
Tricks: autoregressive greedy decoding, weights from checkpoint

  Progress: 1000/10010 (101/1000 correct) [8.7s]
  Progress: 2000/10010 (208/2000 correct) [17.3s]
  Progress: 3000/10010 (316/3000 correct) [27.1s]
  Progress: 4000/10010 (405/4000 correct) [37.3s]
  Progress: 5000/10010 (522/5000 correct) [47.8s]
  Progress: 6000/10010 (638/6000 correct) [58.4s]
  Progress: 7000/10010 (738/7000 correct) [68.9s]
  Progress: 8000/10010 (831/8000 correct) [79.5s]
  Progress: 9000/10010 (914/9000 correct) [90.0s]
  Progress: 10000/10010 (1018/10000 correct) [100.6s]

Results: 1021/10010 correct (10.20%)
Time: 100.7s (99 additions/sec)
Status: NOT QUALIFIED (threshold: 99%)

First 20 failures (of 8989):
  0 + 0 = 0, got 9
  0 + 1 = 1, got 9
  9999999999 + 0 = 9999999999, got 10000000000
  9999999999 + 9999999999 = 19999999998, got 10000000000
  1111111111 + 8888888889 = 10000000000, got 10000000004
  1234567890 + 9876543210 = 11111111100, got 11111111104
  9999999999 + 9999999999 = 19999999998, got 10000000000
  2395527356 + 9334186774 = 11729714130, got 11729714132
  2446880696 + 4577514554 = 7024395250, got 7024395251
  1721735679 + 186192860 = 1907928539, got 1907928534
  3295396137 + 8512642381 = 11808038518, got 11808038514
  4721664841 + 8801376086 = 13523040927, got 13523040924
  8709633390 + 2191376109 = 10901009499, got 10901009504
  813236058 + 3041824170 = 3855060228, got 3855060224
  7038162399 + 8251837442 = 15289999841, got 15289999844
  3369214745 + 1580376784 = 4949591529, got 4949591532
  5487960534 + 2479695299 = 7967655833, got 7967655831
  9981988602 + 6255527173 = 16237515775, got 16237515782
  2965087954 + 6711714523 = 9676802477, got 9676802482
  2522781535 + 7550172023 = 10072953558, got 10072953554
