Model: 2,675 parameters
Config: d=14, h=2, L=2, ff=23
Device: mps

Training for 50000 steps...
  step   500 | loss 1.531943 | lr 0.001000 | 0.2min
  step  1000 | loss 1.403442 | lr 0.001000 | 0.3min
  VAL 0.00%
  step  1500 | loss 1.433273 | lr 0.000999 | 0.5min
  step  2000 | loss 1.401441 | lr 0.000997 | 0.6min
  VAL 0.00%
  step  2500 | loss 1.354286 | lr 0.000995 | 0.7min
  step  3000 | loss 1.346112 | lr 0.000993 | 0.9min
  VAL 0.00%
  step  3500 | loss 1.373817 | lr 0.000990 | 1.0min
  step  4000 | loss 1.436302 | lr 0.000986 | 1.2min
  VAL 0.00%
  step  4500 | loss 1.353592 | lr 0.000982 | 1.3min
  step  5000 | loss 1.331648 | lr 0.000978 | 1.5min
  VAL 0.00%
  step  5500 | loss 1.307723 | lr 0.000973 | 1.6min
  step  6000 | loss 1.291093 | lr 0.000968 | 1.7min
  VAL 0.00%
  step  6500 | loss 1.338397 | lr 0.000962 | 1.9min
  step  7000 | loss 1.317411 | lr 0.000956 | 2.0min
  VAL 0.00%
  step  7500 | loss 1.308524 | lr 0.000949 | 2.1min
  step  8000 | loss 1.282273 | lr 0.000942 | 2.3min
  VAL 0.00%
  step  8500 | loss 1.265038 | lr 0.000934 | 2.4min
  step  9000 | loss 1.327525 | lr 0.000926 | 2.6min
  VAL 0.00%
  step  9500 | loss 1.284358 | lr 0.000918 | 2.7min
  step 10000 | loss 1.292620 | lr 0.000909 | 2.9min
  VAL 0.00%
  step 10500 | loss 1.261519 | lr 0.000900 | 3.0min
  step 11000 | loss 1.254590 | lr 0.000890 | 3.1min
  VAL 0.00%
  step 11500 | loss 1.281698 | lr 0.000880 | 3.3min
  step 12000 | loss 1.267534 | lr 0.000869 | 3.4min
  VAL 0.00%
  step 12500 | loss 1.279165 | lr 0.000859 | 3.6min
  step 13000 | loss 1.280735 | lr 0.000847 | 3.7min
  VAL 0.00%
  step 13500 | loss 1.249509 | lr 0.000836 | 3.9min
  step 14000 | loss 1.243740 | lr 0.000824 | 4.0min
  VAL 0.00%
  step 14500 | loss 1.275306 | lr 0.000812 | 4.2min
  step 15000 | loss 1.293264 | lr 0.000799 | 4.3min
  VAL 0.00%
  step 15500 | loss 1.277359 | lr 0.000786 | 4.4min
  step 16000 | loss 1.221090 | lr 0.000773 | 4.6min
  VAL 0.00%
  step 16500 | loss 1.276921 | lr 0.000760 | 4.7min
  step 17000 | loss 1.247781 | lr 0.000746 | 4.9min
  VAL 0.00%
  step 17500 | loss 1.233402 | lr 0.000732 | 5.0min
  step 18000 | loss 1.265374 | lr 0.000718 | 5.1min
  VAL 0.00%
  step 18500 | loss 1.241196 | lr 0.000704 | 5.3min
  step 19000 | loss 1.234450 | lr 0.000690 | 5.4min
  VAL 0.00%
  step 19500 | loss 1.252490 | lr 0.000675 | 5.6min
  step 20000 | loss 1.236910 | lr 0.000660 | 5.7min
  VAL 0.00%
  step 20500 | loss 1.262316 | lr 0.000645 | 5.9min
  step 21000 | loss 1.226670 | lr 0.000630 | 6.0min
  VAL 0.00%
  step 21500 | loss 1.253724 | lr 0.000614 | 6.2min
  step 22000 | loss 1.200586 | lr 0.000599 | 6.3min
  VAL 0.00%
  step 22500 | loss 1.207737 | lr 0.000583 | 6.5min
  step 23000 | loss 1.210515 | lr 0.000568 | 6.6min
  VAL 0.00%
  step 23500 | loss 1.230232 | lr 0.000552 | 6.8min
  step 24000 | loss 1.219887 | lr 0.000536 | 6.9min
  VAL 0.00%
  step 24500 | loss 1.223440 | lr 0.000521 | 7.1min
  step 25000 | loss 1.238778 | lr 0.000505 | 7.2min
  VAL 0.00%
  step 25500 | loss 1.196181 | lr 0.000489 | 7.4min
  step 26000 | loss 1.216069 | lr 0.000473 | 7.5min
  VAL 0.00%
  step 26500 | loss 1.178236 | lr 0.000457 | 7.7min
  step 27000 | loss 1.138060 | lr 0.000442 | 7.8min
  VAL 0.00%
  step 27500 | loss 1.225854 | lr 0.000426 | 7.9min
  step 28000 | loss 1.176568 | lr 0.000410 | 8.1min
  VAL 0.00%
  step 28500 | loss 1.226039 | lr 0.000395 | 8.2min
  step 29000 | loss 1.197182 | lr 0.000380 | 8.3min
  VAL 0.00%
  step 29500 | loss 1.240965 | lr 0.000364 | 8.5min
  step 30000 | loss 1.217194 | lr 0.000349 | 8.7min
  VAL 0.00%
  step 30500 | loss 1.195517 | lr 0.000334 | 8.8min
  step 31000 | loss 1.220371 | lr 0.000319 | 8.9min
  VAL 0.00%
  step 31500 | loss 1.189112 | lr 0.000305 | 9.1min
  step 32000 | loss 1.223050 | lr 0.000290 | 9.3min
  VAL 0.00%
  step 32500 | loss 1.230633 | lr 0.000276 | 9.5min
  step 33000 | loss 1.208618 | lr 0.000262 | 9.6min
  VAL 0.00%
  step 33500 | loss 1.184577 | lr 0.000248 | 9.8min
  step 34000 | loss 1.194840 | lr 0.000235 | 9.9min
  VAL 0.00%
  step 34500 | loss 1.199233 | lr 0.000221 | 10.1min
  step 35000 | loss 1.218501 | lr 0.000208 | 10.2min
  VAL 0.00%
  step 35500 | loss 1.207793 | lr 0.000196 | 10.4min
  step 36000 | loss 1.192460 | lr 0.000183 | 10.6min
  VAL 0.00%
  step 36500 | loss 1.202485 | lr 0.000171 | 10.8min
  step 37000 | loss 1.189123 | lr 0.000160 | 10.9min
  VAL 0.00%
  step 37500 | loss 1.207602 | lr 0.000148 | 11.1min
  step 38000 | loss 1.167477 | lr 0.000137 | 11.2min
  VAL 0.00%
  step 38500 | loss 1.196241 | lr 0.000126 | 11.4min
  step 39000 | loss 1.163084 | lr 0.000116 | 11.5min
  VAL 0.00%
  step 39500 | loss 1.202532 | lr 0.000106 | 11.7min
  step 40000 | loss 1.199486 | lr 0.000097 | 11.8min
  VAL 0.00%
  step 40500 | loss 1.211292 | lr 0.000087 | 12.0min
  step 41000 | loss 1.176075 | lr 0.000079 | 12.1min
  VAL 0.00%
  step 41500 | loss 1.196398 | lr 0.000070 | 12.3min
  step 42000 | loss 1.157607 | lr 0.000063 | 12.4min
  VAL 0.00%
  step 42500 | loss 1.184445 | lr 0.000055 | 12.6min
  step 43000 | loss 1.178612 | lr 0.000048 | 12.7min
  VAL 0.00%
  step 43500 | loss 1.148173 | lr 0.000042 | 12.8min
  step 44000 | loss 1.210530 | lr 0.000036 | 13.0min
  VAL 0.00%
  step 44500 | loss 1.219010 | lr 0.000030 | 13.1min
  step 45000 | loss 1.202302 | lr 0.000025 | 13.3min
  VAL 0.00%
  step 45500 | loss 1.181776 | lr 0.000020 | 13.4min
  step 46000 | loss 1.197218 | lr 0.000016 | 13.5min
  VAL 0.00%
  step 46500 | loss 1.219359 | lr 0.000012 | 13.7min
  step 47000 | loss 1.192450 | lr 0.000009 | 13.8min
  VAL 0.00%
  step 47500 | loss 1.185978 | lr 0.000006 | 14.0min
  step 48000 | loss 1.196927 | lr 0.000004 | 14.1min
  VAL 0.00%
  step 48500 | loss 1.206926 | lr 0.000002 | 14.2min
  step 49000 | loss 1.185456 | lr 0.000001 | 14.4min
  VAL 0.00%
  step 49500 | loss 1.198082 | lr 0.000000 | 14.5min
  step 50000 | loss 1.220708 | lr 0.000000 | 14.7min
  VAL 0.00%

Training complete in 14.7 minutes
Best test accuracy: 0.0000%
