Model: RL4RL Autoresearch candidate
Author: configured in run manifest
Parameters (unique): 2675
Architecture: decoder-only addition transformer d=14, h=2, L=2, ff=23
Tricks: autoregressive greedy decoding, weights from checkpoint

  Progress: 1000/10010 (0/1000 correct) [7.8s]
  Progress: 2000/10010 (0/2000 correct) [15.7s]
  Progress: 3000/10010 (0/3000 correct) [23.5s]
  Progress: 4000/10010 (0/4000 correct) [31.4s]
  Progress: 5000/10010 (0/5000 correct) [39.2s]
  Progress: 6000/10010 (0/6000 correct) [47.1s]
  Progress: 7000/10010 (0/7000 correct) [54.9s]
  Progress: 8000/10010 (0/8000 correct) [62.7s]
  Progress: 9000/10010 (0/9000 correct) [70.5s]
  Progress: 10000/10010 (0/10000 correct) [78.4s]

Results: 0/10010 correct (0.00%)
Time: 78.5s (128 additions/sec)
Status: NOT QUALIFIED (threshold: 99%)

First 20 failures (of 10010):
  0 + 0 = 0, got 9
  0 + 1 = 1, got 9
  9999999999 + 0 = 9999999999, got 7788999999
  9999999999 + 1 = 10000000000, got 7788999999
  9999999999 + 9999999999 = 19999999998, got 18999922222
  5000000000 + 5000000000 = 10000000000, got 7550000000
  1111111111 + 8888888889 = 10000000000, got 17777654432
  1234567890 + 9876543210 = 11111111100, got 17654444443
  9999999999 + 9999999999 = 19999999998, got 18999922222
  1 + 9999999999 = 10000000000, got 9899999999
  2395527356 + 9334186774 = 11729714130, got 19923333333
  4296888873 + 8475224721 = 12772113594, got 17765444432
  2446880696 + 4577514554 = 7024395250, got 7444444443
  1721735679 + 186192860 = 1907928539, got 7777765443
  3295396137 + 8512642381 = 11808038518, got 17765444432
  4721664841 + 8801376086 = 13523040927, got 17776654443
  8709633390 + 2191376109 = 10901009499, got 9812333333
  813236058 + 3041824170 = 3855060228, got 4000999999
  7038162399 + 8251837442 = 15289999841, got 17765444443
  3917771074 + 2558389380 = 6476160454, got 9923333333
