Model: 3,136 parameters
Config: d=14, h=2, L=2, ff=20
Device: mps

Training for 45000 steps...
  step   500 | loss 1.488736 | lr 0.001000 | 0.2min
  step  1000 | loss 1.413290 | lr 0.000999 | 0.3min
  VAL 0.00%
  step  1500 | loss 1.380564 | lr 0.000998 | 0.4min
  step  2000 | loss 1.347766 | lr 0.000997 | 0.6min
  VAL 0.00%
  step  2500 | loss 1.311481 | lr 0.000995 | 0.7min
  step  3000 | loss 1.314983 | lr 0.000992 | 0.9min
  VAL 0.00%
  step  3500 | loss 1.265829 | lr 0.000989 | 1.0min
  step  4000 | loss 1.288330 | lr 0.000985 | 1.1min
  VAL 0.00%
  step  4500 | loss 1.280237 | lr 0.000981 | 1.2min
  step  5000 | loss 1.187201 | lr 0.000976 | 1.4min
  VAL 0.00%
  step  5500 | loss 1.084031 | lr 0.000970 | 1.5min
  step  6000 | loss 0.942362 | lr 0.000964 | 1.7min
  VAL 0.00%
  step  6500 | loss 0.786301 | lr 0.000958 | 1.8min
  step  7000 | loss 0.639933 | lr 0.000951 | 1.9min
  VAL 0.00%
  step  7500 | loss 0.563631 | lr 0.000944 | 2.1min
  step  8000 | loss 0.408131 | lr 0.000936 | 2.2min
  VAL 0.30%
  step  8500 | loss 0.362309 | lr 0.000927 | 2.3min
  step  9000 | loss 0.325557 | lr 0.000918 | 2.5min
  VAL 2.45%
  step  9500 | loss 0.289220 | lr 0.000909 | 2.6min
  step 10000 | loss 0.262217 | lr 0.000899 | 2.8min
  VAL 3.65%
  step 10500 | loss 0.245713 | lr 0.000889 | 2.9min
  step 11000 | loss 0.235615 | lr 0.000879 | 3.0min
  VAL 7.15%
  step 11500 | loss 0.233344 | lr 0.000868 | 3.2min
  step 12000 | loss 0.225392 | lr 0.000856 | 3.3min
  VAL 8.70%
  step 12500 | loss 0.221758 | lr 0.000844 | 3.4min
  step 13000 | loss 0.213116 | lr 0.000832 | 3.6min
  VAL 7.90%
  step 13500 | loss 0.213271 | lr 0.000820 | 3.7min
  step 14000 | loss 0.209958 | lr 0.000807 | 3.9min
  VAL 9.30%
  step 14500 | loss 0.208700 | lr 0.000794 | 4.0min
  step 15000 | loss 0.205318 | lr 0.000780 | 4.1min
  VAL 9.15%
  step 15500 | loss 0.206412 | lr 0.000767 | 4.2min
  step 16000 | loss 0.203754 | lr 0.000753 | 4.4min
  VAL 10.25%
  step 16500 | loss 0.201006 | lr 0.000739 | 4.5min
  step 17000 | loss 0.200457 | lr 0.000724 | 4.7min
  VAL 9.55%
  step 17500 | loss 0.200305 | lr 0.000709 | 4.8min
  step 18000 | loss 0.199145 | lr 0.000694 | 5.0min
  VAL 10.25%
  step 18500 | loss 0.199725 | lr 0.000679 | 5.1min
  step 19000 | loss 0.199921 | lr 0.000664 | 5.2min
  VAL 8.70%
  step 19500 | loss 0.200185 | lr 0.000649 | 5.4min
  step 20000 | loss 0.199130 | lr 0.000633 | 5.5min
  VAL 9.10%
  step 20500 | loss 0.198060 | lr 0.000618 | 5.7min
  step 21000 | loss 0.198731 | lr 0.000602 | 5.8min
  VAL 10.65%
  step 21500 | loss 0.198403 | lr 0.000586 | 5.9min
  step 22000 | loss 0.197531 | lr 0.000571 | 6.0min
  VAL 8.70%
  step 22500 | loss 0.197981 | lr 0.000555 | 6.2min
  step 23000 | loss 0.197428 | lr 0.000539 | 6.3min
  VAL 9.50%
  step 23500 | loss 0.196433 | lr 0.000523 | 6.5min
  step 24000 | loss 0.196502 | lr 0.000507 | 6.6min
  VAL 9.25%
  step 24500 | loss 0.196575 | lr 0.000492 | 6.8min
  step 25000 | loss 0.196698 | lr 0.000476 | 6.9min
  VAL 9.40%
  step 25500 | loss 0.196411 | lr 0.000460 | 7.0min
  step 26000 | loss 0.196131 | lr 0.000445 | 7.1min
  VAL 10.40%
  step 26500 | loss 0.195690 | lr 0.000430 | 7.3min
  step 27000 | loss 0.195949 | lr 0.000415 | 7.4min
  VAL 8.70%
  step 27500 | loss 0.195637 | lr 0.000400 | 7.6min
  step 28000 | loss 0.195517 | lr 0.000385 | 7.7min
  VAL 10.00%
  step 28500 | loss 0.195117 | lr 0.000370 | 7.9min
  step 29000 | loss 0.194584 | lr 0.000356 | 8.0min
  VAL 9.60%
  step 29500 | loss 0.194955 | lr 0.000342 | 8.1min
  step 30000 | loss 0.194825 | lr 0.000328 | 8.3min
  VAL 9.35%
  step 30500 | loss 0.194895 | lr 0.000314 | 8.4min
  step 31000 | loss 0.194227 | lr 0.000301 | 8.5min
  VAL 10.15%
  step 31500 | loss 0.194335 | lr 0.000288 | 8.7min
  step 32000 | loss 0.194136 | lr 0.000275 | 8.8min
  VAL 10.30%
  step 32500 | loss 0.194528 | lr 0.000263 | 9.0min
  step 33000 | loss 0.194300 | lr 0.000251 | 9.1min
  VAL 9.85%
  step 33500 | loss 0.194361 | lr 0.000239 | 9.3min
  step 34000 | loss 0.194146 | lr 0.000228 | 9.4min
  VAL 9.25%
  step 34500 | loss 0.193664 | lr 0.000217 | 9.6min
  step 35000 | loss 0.193990 | lr 0.000207 | 9.7min
  VAL 10.35%
  step 35500 | loss 0.193978 | lr 0.000197 | 9.9min
  step 36000 | loss 0.193807 | lr 0.000187 | 10.0min
  VAL 10.25%
  step 36500 | loss 0.194211 | lr 0.000178 | 10.2min
  step 37000 | loss 0.193904 | lr 0.000169 | 10.3min
  VAL 11.10%
  step 37500 | loss 0.193743 | lr 0.000161 | 10.4min
  step 38000 | loss 0.193923 | lr 0.000153 | 10.6min
  VAL 10.95%
  step 38500 | loss 0.193595 | lr 0.000146 | 10.7min
  step 39000 | loss 0.193649 | lr 0.000139 | 10.9min
  VAL 10.15%
  step 39500 | loss 0.193586 | lr 0.000133 | 11.0min
  step 40000 | loss 0.193438 | lr 0.000128 | 11.2min
  VAL 10.60%
  step 40500 | loss 0.193699 | lr 0.000122 | 11.3min
  step 41000 | loss 0.193424 | lr 0.000118 | 11.5min
  VAL 10.70%
  step 41500 | loss 0.193583 | lr 0.000114 | 11.6min
  step 42000 | loss 0.193606 | lr 0.000110 | 11.8min
  VAL 9.80%
  step 42500 | loss 0.193324 | lr 0.000107 | 11.9min
  step 43000 | loss 0.193468 | lr 0.000104 | 12.1min
  VAL 10.00%
  step 43500 | loss 0.193391 | lr 0.000102 | 12.2min
  step 44000 | loss 0.193312 | lr 0.000101 | 12.4min
  VAL 10.30%
  step 44500 | loss 0.193394 | lr 0.000100 | 12.5min
  step 45000 | loss 0.193264 | lr 0.000100 | 12.7min
  VAL 9.70%

Training complete in 12.7 minutes
Best test accuracy: 0.0000%
