Model: RL4RL Autoresearch candidate
Author: configured in run manifest
Parameters (unique): 3344
Architecture: decoder-only addition transformer d=16, h=2, L=2, ff=7
Tricks: autoregressive greedy decoding, weights from checkpoint

  Progress: 1000/10010 (0/1000 correct) [5.8s]
  Progress: 2000/10010 (0/2000 correct) [11.5s]
  Progress: 3000/10010 (0/3000 correct) [17.2s]
  Progress: 4000/10010 (0/4000 correct) [22.9s]
  Progress: 5000/10010 (0/5000 correct) [28.7s]
  Progress: 6000/10010 (1/6000 correct) [34.7s]
  Progress: 7000/10010 (1/7000 correct) [40.4s]
  Progress: 8000/10010 (1/8000 correct) [46.6s]
  Progress: 9000/10010 (2/9000 correct) [52.5s]
  Progress: 10000/10010 (2/10000 correct) [58.3s]

Results: 2/10010 correct (0.02%)
Time: 58.4s (171 additions/sec)
Status: NOT QUALIFIED (threshold: 99%)

First 20 failures (of 10008):
  0 + 0 = 0, got 9
  0 + 1 = 1, got 9
  9999999999 + 0 = 9999999999, got 8000011219
  9999999999 + 1 = 10000000000, got 8000011219
  9999999999 + 9999999999 = 19999999998, got 29999999998
  5000000000 + 5000000000 = 10000000000, got 9000000004
  1111111111 + 8888888889 = 10000000000, got 19990011108
  1234567890 + 9876543210 = 11111111100, got 11121111719
  9999999999 + 9999999999 = 19999999998, got 29999999998
  1 + 9999999999 = 10000000000, got 10000111218
  2395527356 + 9334186774 = 11729714130, got 20728594149
  4296888873 + 8475224721 = 12772113594, got 12772443549
  2446880696 + 4577514554 = 7024395250, got 7024504288
  1721735679 + 186192860 = 1907928539, got 1807924739
  3295396137 + 8512642381 = 11808038518, got 11808130439
  4721664841 + 8801376086 = 13523040927, got 12523051138
  8709633390 + 2191376109 = 10901009499, got 10801110418
  813236058 + 3041824170 = 3855060228, got 3854959249
  7038162399 + 8251837442 = 15289999841, got 15289009838
  3917771074 + 2558389380 = 6476160454, got 16576160339
