Model: 3,456 parameters
Config: d=16, h=2, L=2, ff=48
Device: mps

Training for 30000 steps...
  step   500 | loss 1.392293 | lr 0.001000 | 0.2min
  step  1000 | loss 1.382549 | lr 0.000999 | 0.3min
  VAL 0.00%
  step  1500 | loss 1.302309 | lr 0.000996 | 0.4min
  step  2000 | loss 1.299010 | lr 0.000992 | 0.5min
  VAL 0.00%
  step  2500 | loss 1.102203 | lr 0.000987 | 0.7min
  step  3000 | loss 0.963003 | lr 0.000980 | 0.8min
  VAL 0.00%
  step  3500 | loss 0.805512 | lr 0.000972 | 0.9min
  step  4000 | loss 0.731872 | lr 0.000962 | 1.0min
  VAL 0.00%
  step  4500 | loss 0.646141 | lr 0.000951 | 1.2min
  step  5000 | loss 0.551292 | lr 0.000939 | 1.3min
  VAL 0.05%
  step  5500 | loss 0.505559 | lr 0.000926 | 1.4min
  step  6000 | loss 0.430668 | lr 0.000912 | 1.6min
  VAL 0.75%
  step  6500 | loss 0.393670 | lr 0.000896 | 1.7min
  step  7000 | loss 0.210121 | lr 0.000880 | 1.8min
  VAL 11.80%
  step  7500 | loss 0.168736 | lr 0.000862 | 1.9min
  step  8000 | loss 0.146978 | lr 0.000843 | 2.1min
  VAL 29.60%
  step  8500 | loss 0.118826 | lr 0.000823 | 2.2min
  step  9000 | loss 0.115341 | lr 0.000803 | 2.3min
  VAL 42.70%
  step  9500 | loss 0.113529 | lr 0.000781 | 2.5min
  step 10000 | loss 0.096275 | lr 0.000759 | 2.6min
  VAL 48.45%
  step 10500 | loss 0.099770 | lr 0.000736 | 2.7min
  step 11000 | loss 0.089647 | lr 0.000713 | 2.9min
  VAL 61.35%
  step 11500 | loss 0.083560 | lr 0.000688 | 3.0min
  step 12000 | loss 0.079331 | lr 0.000664 | 3.2min
  VAL 56.70%
  step 12500 | loss 0.074003 | lr 0.000638 | 3.3min
  step 13000 | loss 0.072226 | lr 0.000613 | 3.4min
  VAL 64.85%
  step 13500 | loss 0.071744 | lr 0.000587 | 3.6min
  step 14000 | loss 0.068369 | lr 0.000561 | 3.7min
  VAL 67.60%
  step 14500 | loss 0.065120 | lr 0.000534 | 3.8min
  step 15000 | loss 0.062714 | lr 0.000508 | 4.0min
  VAL 67.60%
  step 15500 | loss 0.064109 | lr 0.000481 | 4.1min
  step 16000 | loss 0.060565 | lr 0.000455 | 4.2min
  VAL 66.05%
  step 16500 | loss 0.060869 | lr 0.000429 | 4.4min
  step 17000 | loss 0.055520 | lr 0.000403 | 4.5min
  VAL 68.70%
  step 17500 | loss 0.053568 | lr 0.000377 | 4.7min
  step 18000 | loss 0.054087 | lr 0.000352 | 4.8min
  VAL 71.25%
  step 18500 | loss 0.055741 | lr 0.000327 | 4.9min
  step 19000 | loss 0.050662 | lr 0.000302 | 5.1min
  VAL 69.80%
  step 19500 | loss 0.046738 | lr 0.000278 | 5.2min
  step 20000 | loss 0.046026 | lr 0.000255 | 5.4min
  VAL 72.45%
  step 20500 | loss 0.047763 | lr 0.000232 | 5.5min
  step 21000 | loss 0.044549 | lr 0.000210 | 5.6min
  VAL 73.45%
  step 21500 | loss 0.045491 | lr 0.000189 | 5.8min
  step 22000 | loss 0.045361 | lr 0.000169 | 5.9min
  VAL 72.10%
  step 22500 | loss 0.041730 | lr 0.000149 | 6.1min
  step 23000 | loss 0.041788 | lr 0.000131 | 6.2min
  VAL 73.10%
  step 23500 | loss 0.040690 | lr 0.000114 | 6.4min
  step 24000 | loss 0.039442 | lr 0.000097 | 6.5min
  VAL 73.45%
  step 24500 | loss 0.038439 | lr 0.000082 | 6.6min
  step 25000 | loss 0.036621 | lr 0.000068 | 6.7min
  VAL 74.45%
  step 25500 | loss 0.036514 | lr 0.000056 | 6.9min
  step 26000 | loss 0.035552 | lr 0.000044 | 7.0min
  VAL 74.35%
  step 26500 | loss 0.036854 | lr 0.000034 | 7.2min
  step 27000 | loss 0.035103 | lr 0.000025 | 7.3min
  VAL 74.90%
  step 27500 | loss 0.034304 | lr 0.000017 | 7.5min
  step 28000 | loss 0.032719 | lr 0.000011 | 7.6min
  VAL 75.65%
  step 28500 | loss 0.035328 | lr 0.000006 | 7.8min
  step 29000 | loss 0.035402 | lr 0.000003 | 7.9min
  VAL 76.00%
  step 29500 | loss 0.033178 | lr 0.000001 | 8.1min
  step 30000 | loss 0.033274 | lr 0.000000 | 8.2min
  VAL 75.95%

Training complete in 8.2 minutes
Best test accuracy: 0.0000%
