Model: RL4RL Autoresearch candidate
Author: configured in run manifest
Parameters (unique): 1863
Architecture: decoder-only addition transformer d=16, h=2, L=2, ff=10, block1_ff=8, fixed_separators=True, tied_position_pairs=[[4, 15], [7, 18], [5, 16], [3, 14], [2, 13], [8, 19], [6, 17], [1, 12], [0, 11], [9, 20]], interpolated_positions=[23, 24, 25, 26, 27], qkv_pruned=185
Tricks: autoregressive greedy decoding, weights from checkpoint

  Progress: 1000/10010 (1000/1000 correct) [4.4s]
  Progress: 2000/10010 (1998/2000 correct) [8.9s]
  Progress: 3000/10010 (2998/3000 correct) [13.5s]
  Progress: 4000/10010 (3997/4000 correct) [18.0s]
  Progress: 5000/10010 (4996/5000 correct) [22.3s]
  Progress: 6000/10010 (5992/6000 correct) [26.6s]
  Progress: 7000/10010 (6992/7000 correct) [31.0s]
  Progress: 8000/10010 (7989/8000 correct) [35.4s]
  Progress: 9000/10010 (8986/9000 correct) [40.2s]
  Progress: 10000/10010 (9985/10000 correct) [45.0s]

Results: 9995/10010 correct (99.85%)
Time: 45.0s (222 additions/sec)
Status: QUALIFIED (threshold: 99%)

Failures (15):
  2306218232 + 2770008487 = 5076226719, got 4076226719
  6047119139 + 5060676488 = 11107795627, got 10107795627
  6034185843 + 5879550316 = 11913736159, got 10913736159
  5634381845 + 6168469548 = 11802851393, got 10802851393
  2729596844 + 2315812265 = 5045409109, got 4045409109
  6005893433 + 5803299494 = 11809192927, got 10809192927
  2828982940 + 2171822219 = 5000805159, got 4000805159
  2597748763 + 2430595917 = 5028344680, got 4028344680
  2796828290 + 2206270606 = 5003098896, got 4003098896
  5812383983 + 6097421408 = 11909805391, got 10909805391
  2561962598 + 2448131904 = 5010094502, got 4010094502
  2540637875 + 2906523052 = 5447160927, got 4447160927
  5196715361 + 6533191037 = 11729906398, got 10729906398
  2544951434 + 2456781784 = 5001733218, got 4001733218
  2068770581 + 2967666774 = 5036437355, got 4036437355
