Model: RL4RL Autoresearch candidate
Author: configured in run manifest
Parameters (unique): 1703
Architecture: decoder-only addition transformer d=16, h=2, L=2, ff=16
Tricks: autoregressive greedy decoding, weights from checkpoint

  Progress: 1000/10010 (51/1000 correct) [7.1s]
  Progress: 2000/10010 (93/2000 correct) [14.7s]
  Progress: 3000/10010 (121/3000 correct) [22.6s]
  Progress: 4000/10010 (155/4000 correct) [30.5s]
  Progress: 5000/10010 (201/5000 correct) [38.5s]
  Progress: 6000/10010 (244/6000 correct) [46.4s]
  Progress: 7000/10010 (274/7000 correct) [54.3s]
  Progress: 8000/10010 (311/8000 correct) [62.3s]
  Progress: 9000/10010 (352/9000 correct) [70.2s]
  Progress: 10000/10010 (382/10000 correct) [78.1s]

Results: 382/10010 correct (3.82%)
Time: 78.2s (128 additions/sec)
Status: NOT QUALIFIED (threshold: 99%)

First 20 failures (of 9628):
  1111111111 + 8888888889 = 10000000000, got 19899999890
  1234567890 + 9876543210 = 11111111100, got 1001111000
  2395527356 + 9334186774 = 11729714130, got 10719704130
  4296888873 + 8475224721 = 12772113594, got 12772012674
  2446880696 + 4577514554 = 7024395250, got 17024295250
  1721735679 + 186192860 = 1907928539, got 1807818539
  3295396137 + 8512642381 = 11808038518, got 11807928508
  4721664841 + 8801376086 = 13523040927, got 13523040916
  8709633390 + 2191376109 = 10901009499, got 10800009499
  813236058 + 3041824170 = 3855060228, got 2855060318
  7038162399 + 8251837442 = 15289999841, got 25189899841
  3917771074 + 2558389380 = 6476160454, got 16376160354
  2345623234 + 894115330 = 3239738564, got 3229638564
  9635552803 + 139097711 = 9774650514, got 9773650514
  3369214745 + 1580376784 = 4949591529, got 4949591519
  5487960534 + 2479695299 = 7967655833, got 18967655823
  9981988602 + 6255527173 = 16237515775, got 26137507775
  2965087954 + 6711714523 = 9676802477, got 19666803287
  2522781535 + 7550172023 = 10072953558, got 10072853558
  3607041661 + 1478604144 = 5085645805, got 5086645705
