Model: 2,980 parameters
Config: d=14, h=2, L=2, ff=19
Device: mps

Training for 45000 steps...
  step   500 | loss 1.505275 | lr 0.001000 | 0.2min
  step  1000 | loss 1.435065 | lr 0.000999 | 0.3min
  VAL 0.00%
  step  1500 | loss 1.348978 | lr 0.000998 | 0.4min
  step  2000 | loss 1.333424 | lr 0.000997 | 0.6min
  VAL 0.00%
  step  2500 | loss 1.290327 | lr 0.000995 | 0.7min
  step  3000 | loss 1.127880 | lr 0.000992 | 0.8min
  VAL 0.00%
  step  3500 | loss 0.822836 | lr 0.000989 | 0.9min
  step  4000 | loss 0.541985 | lr 0.000985 | 1.1min
  VAL 0.00%
  step  4500 | loss 0.435241 | lr 0.000981 | 1.2min
  step  5000 | loss 0.368911 | lr 0.000976 | 1.3min
  VAL 0.55%
  step  5500 | loss 0.317571 | lr 0.000970 | 1.4min
  step  6000 | loss 0.275521 | lr 0.000964 | 1.5min
  VAL 4.95%
  step  6500 | loss 0.233492 | lr 0.000958 | 1.6min
  step  7000 | loss 0.182764 | lr 0.000951 | 1.8min
  VAL 27.50%
  step  7500 | loss 0.144141 | lr 0.000944 | 1.9min
  step  8000 | loss 0.128936 | lr 0.000936 | 2.0min
  VAL 55.70%
  step  8500 | loss 0.101701 | lr 0.000927 | 2.2min
  step  9000 | loss 0.089097 | lr 0.000918 | 2.3min
  VAL 77.15%
  step  9500 | loss 0.075870 | lr 0.000909 | 2.4min
  step 10000 | loss 0.076920 | lr 0.000899 | 2.6min
  VAL 83.85%
  step 10500 | loss 0.061137 | lr 0.000889 | 2.7min
  step 11000 | loss 0.057184 | lr 0.000879 | 2.8min
  VAL 76.95%
  step 11500 | loss 0.062248 | lr 0.000868 | 2.9min
  step 12000 | loss 0.051755 | lr 0.000856 | 3.1min
  VAL 82.00%
  step 12500 | loss 0.040377 | lr 0.000844 | 3.2min
  step 13000 | loss 0.040360 | lr 0.000832 | 3.3min
  VAL 85.05%
  step 13500 | loss 0.033137 | lr 0.000820 | 3.4min
  step 14000 | loss 0.029057 | lr 0.000807 | 3.6min
  VAL 89.00%
  step 14500 | loss 0.030740 | lr 0.000794 | 3.7min
  step 15000 | loss 0.024937 | lr 0.000780 | 3.8min
  VAL 90.40%
  step 15500 | loss 0.025916 | lr 0.000767 | 3.9min
  step 16000 | loss 0.026142 | lr 0.000753 | 4.1min
  VAL 83.80%
  step 16500 | loss 0.025576 | lr 0.000739 | 4.2min
  step 17000 | loss 0.024833 | lr 0.000724 | 4.3min
  VAL 93.20%
  step 17500 | loss 0.021358 | lr 0.000709 | 4.4min
  step 18000 | loss 0.022540 | lr 0.000694 | 4.6min
  VAL 94.50%
  step 18500 | loss 0.022471 | lr 0.000679 | 4.7min
  step 19000 | loss 0.020028 | lr 0.000664 | 4.8min
  VAL 95.30%
  step 19500 | loss 0.019661 | lr 0.000649 | 4.9min
  step 20000 | loss 0.018063 | lr 0.000633 | 5.1min
  VAL 97.15%
  step 20500 | loss 0.022502 | lr 0.000618 | 5.2min
  step 21000 | loss 0.018660 | lr 0.000602 | 5.3min
  VAL 98.30%
  step 21500 | loss 0.017870 | lr 0.000586 | 5.5min
  step 22000 | loss 0.017999 | lr 0.000571 | 5.6min
  VAL 98.20%
  step 22500 | loss 0.017619 | lr 0.000555 | 5.7min
  step 23000 | loss 0.015427 | lr 0.000539 | 5.9min
  VAL 97.15%
  step 23500 | loss 0.013959 | lr 0.000523 | 6.0min
  step 24000 | loss 0.014683 | lr 0.000507 | 6.1min
  VAL 97.20%
  step 24500 | loss 0.015197 | lr 0.000492 | 6.3min
  step 25000 | loss 0.013719 | lr 0.000476 | 6.4min
  VAL 97.65%
  step 25500 | loss 0.013996 | lr 0.000460 | 6.6min
  step 26000 | loss 0.013982 | lr 0.000445 | 6.7min
  VAL 99.05%
  TEST 98.7900%
  *** New best: 98.7900% ***
  step 26500 | loss 0.011909 | lr 0.000430 | 6.9min
  step 27000 | loss 0.012520 | lr 0.000415 | 7.0min
  VAL 98.40%
  step 27500 | loss 0.012087 | lr 0.000400 | 7.2min
  step 28000 | loss 0.011200 | lr 0.000385 | 7.3min
  VAL 98.80%
  step 28500 | loss 0.011698 | lr 0.000370 | 7.4min
  step 29000 | loss 0.011172 | lr 0.000356 | 7.5min
  VAL 99.55%
  TEST 99.3900%
  *** New best: 99.3900% ***
  step 29500 | loss 0.010330 | lr 0.000342 | 7.7min
  step 30000 | loss 0.010674 | lr 0.000328 | 7.8min
  VAL 99.50%
  TEST 99.4900%
  *** New best: 99.4900% ***
  step 30500 | loss 0.010590 | lr 0.000314 | 8.0min
  step 31000 | loss 0.009568 | lr 0.000301 | 8.2min
  VAL 99.00%
  TEST 98.7900%
  step 31500 | loss 0.009240 | lr 0.000288 | 8.4min
  step 32000 | loss 0.009623 | lr 0.000275 | 8.5min
  VAL 99.70%
  TEST 99.6700%
  *** New best: 99.6700% ***
  step 32500 | loss 0.008449 | lr 0.000263 | 8.7min
  step 33000 | loss 0.008504 | lr 0.000251 | 8.8min
  VAL 99.65%
  TEST 99.6400%
  step 33500 | loss 0.007793 | lr 0.000239 | 9.0min
  step 34000 | loss 0.008113 | lr 0.000228 | 9.1min
  VAL 99.90%
  TEST 99.9400%
  *** New best: 99.9400% ***
  step 34500 | loss 0.007680 | lr 0.000217 | 9.3min
  step 35000 | loss 0.006757 | lr 0.000207 | 9.4min
  VAL 99.90%
  TEST 99.8000%
  step 35500 | loss 0.006820 | lr 0.000197 | 9.6min
  step 36000 | loss 0.006674 | lr 0.000187 | 9.7min
  VAL 99.80%
  TEST 99.7700%
  step 36500 | loss 0.006466 | lr 0.000178 | 9.9min
  step 37000 | loss 0.006338 | lr 0.000169 | 10.0min
  VAL 99.90%
  TEST 99.9200%
  step 37500 | loss 0.006288 | lr 0.000161 | 10.2min
  step 38000 | loss 0.005725 | lr 0.000153 | 10.3min
  VAL 99.90%
  TEST 99.8800%
  step 38500 | loss 0.005489 | lr 0.000146 | 10.5min
  step 39000 | loss 0.005368 | lr 0.000139 | 10.7min
  VAL 99.90%
  TEST 99.9400%
  step 39500 | loss 0.004964 | lr 0.000133 | 10.9min
  step 40000 | loss 0.005136 | lr 0.000128 | 11.0min
  VAL 100.00%
  TEST 100.0000%
  *** New best: 100.0000% ***
  step 40500 | loss 0.004640 | lr 0.000122 | 11.2min
  step 41000 | loss 0.004406 | lr 0.000118 | 11.3min
  VAL 100.00%
  TEST 100.0000%
  step 41500 | loss 0.004459 | lr 0.000114 | 11.5min
  step 42000 | loss 0.004140 | lr 0.000110 | 11.6min
  VAL 100.00%
  TEST 99.9700%
  step 42500 | loss 0.003999 | lr 0.000107 | 11.8min
  step 43000 | loss 0.003810 | lr 0.000104 | 11.9min
  VAL 100.00%
  TEST 99.9700%
  step 43500 | loss 0.003663 | lr 0.000102 | 12.1min
  step 44000 | loss 0.003685 | lr 0.000101 | 12.2min
  VAL 100.00%
  TEST 99.9800%
  step 44500 | loss 0.003386 | lr 0.000100 | 12.4min
  step 45000 | loss 0.003816 | lr 0.000100 | 12.5min
  VAL 99.95%
  TEST 99.9500%

Training complete in 12.6 minutes
Best test accuracy: 100.0000%
