Model: RL4RL Autoresearch candidate
Author: configured in run manifest
Parameters (unique): 2980
Architecture: decoder-only addition transformer d=14, h=2, L=2, ff=19, position_rank=3, tie_norms_across_layers=True, no_norm_bias=True, factorized_positions=True
Tricks: autoregressive greedy decoding, weights from checkpoint

  Progress: 1000/10010 (999/1000 correct) [8.6s]
  Progress: 2000/10010 (1998/2000 correct) [17.3s]
  Progress: 3000/10010 (2997/3000 correct) [26.1s]
  Progress: 4000/10010 (3996/4000 correct) [34.7s]
  Progress: 5000/10010 (4996/5000 correct) [43.2s]
  Progress: 6000/10010 (5996/6000 correct) [52.0s]
  Progress: 7000/10010 (6996/7000 correct) [60.7s]
  Progress: 8000/10010 (7996/8000 correct) [70.2s]
  Progress: 9000/10010 (8996/9000 correct) [80.6s]
  Progress: 10000/10010 (9996/10000 correct) [91.0s]

Results: 10006/10010 correct (99.96%)
Time: 91.1s (110 additions/sec)
Status: QUALIFIED (threshold: 99%)

Failures (4):
  5845867234 + 4952926069 = 10798793303, got 10898793303
  7857609976 + 3941937215 = 11799547191, got 11899547191
  5945955552 + 6843028924 = 12788984476, got 12888984476
  6152715817 + 3148953197 = 9301669014, got 8301669014
