Model: RL4RL Autoresearch candidate
Author: configured in run manifest
Parameters (unique): 1912
Architecture: decoder-only addition transformer d=16, h=2, L=2, ff=10, block1_ff=8, fixed_separators=True, tied_position_pairs=[[4, 15], [7, 18], [5, 16], [3, 14], [2, 13], [8, 19], [6, 17], [1, 12], [0, 11], [9, 20]], interpolated_positions=[23, 24, 25, 26, 27], qkv_pruned=136
Tricks: autoregressive greedy decoding, weights from checkpoint

  Progress: 1000/10010 (999/1000 correct) [4.4s]
  Progress: 2000/10010 (1999/2000 correct) [8.8s]
  Progress: 3000/10010 (2998/3000 correct) [13.3s]
  Progress: 4000/10010 (3998/4000 correct) [17.8s]
  Progress: 5000/10010 (4997/5000 correct) [22.3s]
  Progress: 6000/10010 (5996/6000 correct) [26.8s]
  Progress: 7000/10010 (6996/7000 correct) [31.3s]
  Progress: 8000/10010 (7996/8000 correct) [35.8s]
  Progress: 9000/10010 (8995/9000 correct) [40.2s]
  Progress: 10000/10010 (9994/10000 correct) [44.7s]

Results: 10004/10010 correct (99.94%)
Time: 44.7s (224 additions/sec)
Status: QUALIFIED (threshold: 99%)

Failures (6):
  9949339211 + 8948002488 = 18897341699, got 18997341699
  9278473654 + 9413599947 = 18692073601, got 19692073601
  9402679499 + 9293095411 = 18695774910, got 19695774910
  9479323125 + 9453799615 = 18933122740, got 19933122740
  9201756155 + 9771972022 = 18973728177, got 19973728177
  9322270328 + 9340964837 = 18663235165, got 19663235165
