Model: 3,520 parameters
Config: d=16, h=2, L=2, ff=16
Device: mps

Training for 30000 steps...
  step   500 | loss 1.466763 | lr 0.001000 | 0.2min
  step  1000 | loss 1.361264 | lr 0.000999 | 0.3min
  VAL 0.00%
  step  1500 | loss 1.357452 | lr 0.000996 | 0.5min
  step  2000 | loss 1.256287 | lr 0.000992 | 0.6min
  VAL 0.00%
  step  2500 | loss 0.929751 | lr 0.000987 | 0.8min
  step  3000 | loss 0.783388 | lr 0.000980 | 0.9min
  VAL 0.00%
  step  3500 | loss 0.732984 | lr 0.000972 | 1.0min
  step  4000 | loss 0.699484 | lr 0.000962 | 1.2min
  VAL 0.00%
  step  4500 | loss 0.665317 | lr 0.000951 | 1.3min
  step  5000 | loss 0.650093 | lr 0.000939 | 1.4min
  VAL 0.00%
  step  5500 | loss 0.631413 | lr 0.000926 | 1.6min
  step  6000 | loss 0.619125 | lr 0.000912 | 1.7min
  VAL 0.05%
  step  6500 | loss 0.607109 | lr 0.000896 | 1.8min
  step  7000 | loss 0.578227 | lr 0.000880 | 2.0min
  VAL 0.00%
  step  7500 | loss 0.573547 | lr 0.000862 | 2.1min
  step  8000 | loss 0.565677 | lr 0.000843 | 2.2min
  VAL 0.00%
  step  8500 | loss 0.571029 | lr 0.000823 | 2.3min
  step  9000 | loss 0.566114 | lr 0.000803 | 2.5min
  VAL 0.00%
  step  9500 | loss 0.555976 | lr 0.000781 | 2.6min
  step 10000 | loss 0.575876 | lr 0.000759 | 2.7min
  VAL 0.15%
  step 10500 | loss 0.551066 | lr 0.000736 | 2.8min
  step 11000 | loss 0.547150 | lr 0.000713 | 3.0min
  VAL 0.20%
  step 11500 | loss 0.438955 | lr 0.000688 | 3.1min
  step 12000 | loss 0.395443 | lr 0.000664 | 3.3min
  VAL 1.00%
  step 12500 | loss 0.392951 | lr 0.000638 | 3.4min
  step 13000 | loss 0.366431 | lr 0.000613 | 3.6min
  VAL 1.45%
  step 13500 | loss 0.208717 | lr 0.000587 | 3.7min
  step 14000 | loss 0.195586 | lr 0.000561 | 3.9min
  VAL 9.20%
  step 14500 | loss 0.194156 | lr 0.000534 | 4.0min
  step 15000 | loss 0.181806 | lr 0.000508 | 4.2min
  VAL 16.20%
  step 15500 | loss 0.112999 | lr 0.000481 | 4.3min
  step 16000 | loss 0.061340 | lr 0.000455 | 4.5min
  VAL 69.15%
  step 16500 | loss 0.051275 | lr 0.000429 | 4.6min
  step 17000 | loss 0.043613 | lr 0.000403 | 4.8min
  VAL 79.50%
  step 17500 | loss 0.037279 | lr 0.000377 | 4.9min
  step 18000 | loss 0.032064 | lr 0.000352 | 5.0min
  VAL 87.45%
  step 18500 | loss 0.025743 | lr 0.000327 | 5.2min
  step 19000 | loss 0.022196 | lr 0.000302 | 5.3min
  VAL 88.65%
  step 19500 | loss 0.020222 | lr 0.000278 | 5.5min
  step 20000 | loss 0.016314 | lr 0.000255 | 5.6min
  VAL 93.45%
  step 20500 | loss 0.015031 | lr 0.000232 | 5.8min
  step 21000 | loss 0.013073 | lr 0.000210 | 6.0min
  VAL 94.15%
  step 21500 | loss 0.011792 | lr 0.000189 | 6.2min
  step 22000 | loss 0.011080 | lr 0.000169 | 6.3min
  VAL 94.05%
  step 22500 | loss 0.009556 | lr 0.000149 | 6.4min
  step 23000 | loss 0.008918 | lr 0.000131 | 6.6min
  VAL 96.45%
  step 23500 | loss 0.007225 | lr 0.000114 | 6.8min
  step 24000 | loss 0.007835 | lr 0.000097 | 6.9min
  VAL 97.45%
  step 24500 | loss 0.006847 | lr 0.000082 | 7.0min
  step 25000 | loss 0.006545 | lr 0.000068 | 7.1min
  VAL 97.85%
  step 25500 | loss 0.006213 | lr 0.000056 | 7.3min
  step 26000 | loss 0.005763 | lr 0.000044 | 7.4min
  VAL 98.25%
  step 26500 | loss 0.005599 | lr 0.000034 | 7.6min
  step 27000 | loss 0.005295 | lr 0.000025 | 7.7min
  VAL 98.40%
  step 27500 | loss 0.004928 | lr 0.000017 | 7.8min
  step 28000 | loss 0.004916 | lr 0.000011 | 8.0min
  VAL 98.55%
  step 28500 | loss 0.005104 | lr 0.000006 | 8.1min
  step 29000 | loss 0.004847 | lr 0.000003 | 8.2min
  VAL 98.65%
  step 29500 | loss 0.005038 | lr 0.000001 | 8.4min
  step 30000 | loss 0.005595 | lr 0.000000 | 8.5min
  VAL 98.70%

Training complete in 8.5 minutes
Best test accuracy: 0.0000%
