Model: RL4RL Autoresearch candidate
Author: configured in run manifest
Parameters (unique): 3520
Architecture: decoder-only addition transformer d=16, h=2, L=2, ff=16
Tricks: autoregressive greedy decoding, weights from checkpoint

  Progress: 1000/10010 (986/1000 correct) [8.5s]
  Progress: 2000/10010 (1966/2000 correct) [17.3s]
  Progress: 3000/10010 (2949/3000 correct) [25.5s]
  Progress: 4000/10010 (3933/4000 correct) [34.2s]
  Progress: 5000/10010 (4922/5000 correct) [43.0s]
  Progress: 6000/10010 (5910/6000 correct) [52.1s]
  Progress: 7000/10010 (6898/7000 correct) [60.9s]
  Progress: 8000/10010 (7878/8000 correct) [69.6s]
  Progress: 9000/10010 (8864/9000 correct) [78.3s]
  Progress: 10000/10010 (9850/10000 correct) [87.2s]

Results: 9860/10010 correct (98.50%)
Time: 87.2s (115 additions/sec)
Status: NOT QUALIFIED (threshold: 99%)

First 20 failures (of 150):
  5000000000 + 5000000000 = 10000000000, got 0
  4963550812 + 3701297277 = 8664848089, got 18664848089
  2540728468 + 2766259025 = 5306987493, got 15306987493
  2947455897 + 3800362329 = 6747818226, got 16747818226
  2202559597 + 3724272859 = 5926832456, got 15926832456
  2391226256 + 2937519592 = 5328745848, got 15328745848
  4074712033 + 8030029417 = 12104741450, got 2104741450
  5797203330 + 8161438250 = 13958641580, got 3958641580
  2159578996 + 3776986056 = 5936565052, got 15936565052
  7005835300 + 5460508091 = 12466343391, got 2466343391
  9527466102 + 8003103222 = 17530569324, got 7530569324
  2814178262 + 2561137188 = 5375315450, got 15375315450
  2604548082 + 2928362298 = 5532910380, got 15532910380
  5687066473 + 8059536750 = 13746603223, got 3746603223
  2414276349 + 2517436867 = 4931713216, got 14931713216
  2979331316 + 6664160898 = 9643492214, got 19643492214
  8022623088 + 9139033498 = 17161656586, got 7161656586
  5122942191 + 7074400444 = 12197342635, got 2197342635
  5145965399 + 8014400140 = 13160365539, got 3160365539
  2636639156 + 2952507142 = 5589146298, got 15589146298
