Initialized from retained incumbent: /Users/utshaho/Documents/GitHub/rl4rl/data/raw/autoresearch/sol-xhigh-overnight-20260814/state/incumbent.pt
Model: 2,192 parameters
Config: d=16, h=2, L=2, ff=10
Device: mps

INITIAL VAL 0.00%

Fine-tuning for up to 10000 steps...
  step   500 | loss 1.101732 | lr 0.000100 | 0.1min
  VAL 0.00%
  step  1000 | loss 0.719171 | lr 0.000099 | 0.3min
  VAL 0.10%
  step  1500 | loss 0.588664 | lr 0.000096 | 0.3min
  VAL 0.50%
  step  2000 | loss 0.538799 | lr 0.000093 | 0.5min
  VAL 0.60%
  step  2500 | loss 0.512339 | lr 0.000088 | 0.6min
  VAL 0.65%
  step  3000 | loss 0.507352 | lr 0.000082 | 0.7min
  VAL 0.90%
  step  3500 | loss 0.467069 | lr 0.000075 | 0.8min
  VAL 1.30%
  step  4000 | loss 0.473732 | lr 0.000068 | 0.9min
  VAL 1.40%
  step  4500 | loss 0.468147 | lr 0.000060 | 1.0min
  VAL 1.75%
  step  5000 | loss 0.474180 | lr 0.000052 | 1.1min
  VAL 1.50%
  step  5500 | loss 0.453373 | lr 0.000044 | 1.2min
  VAL 1.60%
  step  6000 | loss 0.464096 | lr 0.000036 | 1.4min
  VAL 1.95%
  step  6500 | loss 0.454321 | lr 0.000029 | 1.5min
  VAL 1.70%
  step  7000 | loss 0.450589 | lr 0.000022 | 1.6min
  VAL 1.95%
  step  7500 | loss 0.466069 | lr 0.000016 | 1.7min
  VAL 2.15%
  step  8000 | loss 0.446923 | lr 0.000010 | 1.8min
  VAL 1.85%
  step  8500 | loss 0.464361 | lr 0.000006 | 1.9min
  VAL 1.75%
  step  9000 | loss 0.461159 | lr 0.000003 | 2.0min
  VAL 1.85%
  step  9500 | loss 0.452302 | lr 0.000001 | 2.1min
  VAL 1.95%
  step 10000 | loss 0.443012 | lr 0.000000 | 2.2min
  VAL 1.80%

Training complete in 2.2 minutes
Best test accuracy: 0.0000%
