Model: 2,933 parameters
Config: d=14, h=2, L=2, ff=23
Device: mps

Training for 30000 steps...
  step   500 | loss 1.468425 | lr 0.001000 | 0.2min
  step  1000 | loss 1.386999 | lr 0.000999 | 0.3min
  VAL 0.00%
  step  1500 | loss 1.395198 | lr 0.000996 | 0.4min
  step  2000 | loss 1.352169 | lr 0.000992 | 0.6min
  VAL 0.00%
  step  2500 | loss 1.373688 | lr 0.000987 | 0.7min
  step  3000 | loss 1.395976 | lr 0.000980 | 0.8min
  VAL 0.00%
  step  3500 | loss 1.340333 | lr 0.000972 | 0.9min
  step  4000 | loss 1.282186 | lr 0.000962 | 1.1min
  VAL 0.00%
  step  4500 | loss 1.152721 | lr 0.000951 | 1.2min
  step  5000 | loss 1.086043 | lr 0.000939 | 1.3min
  VAL 0.00%
  step  5500 | loss 1.117826 | lr 0.000926 | 1.4min
  step  6000 | loss 1.092336 | lr 0.000912 | 1.6min
  VAL 0.00%
  step  6500 | loss 1.071645 | lr 0.000896 | 1.7min
  step  7000 | loss 1.028487 | lr 0.000880 | 1.8min
  VAL 0.00%
  step  7500 | loss 1.026019 | lr 0.000862 | 2.0min
  step  8000 | loss 1.039906 | lr 0.000843 | 2.1min
  VAL 0.00%
  step  8500 | loss 0.996644 | lr 0.000823 | 2.2min
  step  9000 | loss 0.950129 | lr 0.000803 | 2.4min
  VAL 0.00%
  step  9500 | loss 0.696694 | lr 0.000781 | 2.5min
  step 10000 | loss 0.455909 | lr 0.000759 | 2.7min
  VAL 0.10%
  step 10500 | loss 0.382939 | lr 0.000736 | 2.8min
  step 11000 | loss 0.176778 | lr 0.000713 | 3.0min
  VAL 14.50%
  step 11500 | loss 0.139361 | lr 0.000688 | 3.1min
  step 12000 | loss 0.129465 | lr 0.000664 | 3.2min
  VAL 56.60%
  step 12500 | loss 0.112760 | lr 0.000638 | 3.4min
  step 13000 | loss 0.091919 | lr 0.000613 | 3.5min
  VAL 65.20%
  step 13500 | loss 0.076628 | lr 0.000587 | 3.6min
  step 14000 | loss 0.068973 | lr 0.000561 | 3.8min
  VAL 78.20%
  step 14500 | loss 0.062590 | lr 0.000534 | 3.9min
  step 15000 | loss 0.070076 | lr 0.000508 | 4.1min
  VAL 80.20%
  step 15500 | loss 0.050931 | lr 0.000481 | 4.2min
  step 16000 | loss 0.048822 | lr 0.000455 | 4.4min
  VAL 84.10%
  step 16500 | loss 0.056258 | lr 0.000429 | 4.5min
  step 17000 | loss 0.040028 | lr 0.000403 | 4.6min
  VAL 88.55%
  step 17500 | loss 0.040292 | lr 0.000377 | 4.8min
  step 18000 | loss 0.037625 | lr 0.000352 | 4.9min
  VAL 87.35%
  step 18500 | loss 0.033089 | lr 0.000327 | 5.1min
  step 19000 | loss 0.030544 | lr 0.000302 | 5.2min
  VAL 89.15%
  step 19500 | loss 0.026950 | lr 0.000278 | 5.3min
  step 20000 | loss 0.025721 | lr 0.000255 | 5.5min
  VAL 90.50%
  step 20500 | loss 0.025695 | lr 0.000232 | 5.6min
  step 21000 | loss 0.023965 | lr 0.000210 | 5.8min
  VAL 94.95%
  step 21500 | loss 0.022379 | lr 0.000189 | 5.9min
  step 22000 | loss 0.021475 | lr 0.000169 | 6.0min
  VAL 95.10%
  step 22500 | loss 0.019840 | lr 0.000149 | 6.2min
  step 23000 | loss 0.020012 | lr 0.000131 | 6.3min
  VAL 95.65%
  step 23500 | loss 0.017950 | lr 0.000114 | 6.5min
  step 24000 | loss 0.017392 | lr 0.000097 | 6.6min
  VAL 97.85%
  step 24500 | loss 0.016735 | lr 0.000082 | 6.8min
  step 25000 | loss 0.016393 | lr 0.000068 | 6.9min
  VAL 98.65%
  step 25500 | loss 0.015830 | lr 0.000056 | 7.0min
  step 26000 | loss 0.015796 | lr 0.000044 | 7.1min
  VAL 97.35%
  step 26500 | loss 0.014865 | lr 0.000034 | 7.3min
  step 27000 | loss 0.014790 | lr 0.000025 | 7.4min
  VAL 96.80%
  step 27500 | loss 0.014372 | lr 0.000017 | 7.6min
  step 28000 | loss 0.014429 | lr 0.000011 | 7.7min
  VAL 98.00%
  step 28500 | loss 0.014070 | lr 0.000006 | 7.9min
  step 29000 | loss 0.013754 | lr 0.000003 | 8.0min
  VAL 98.20%
  step 29500 | loss 0.013746 | lr 0.000001 | 8.2min
  step 30000 | loss 0.013600 | lr 0.000000 | 8.3min
  VAL 98.00%

Training complete in 8.3 minutes
Best test accuracy: 0.0000%
