Model: RL4RL Autoresearch candidate
Author: configured in run manifest
Parameters (unique): 2933
Architecture: decoder-only addition transformer d=14, h=2, L=2, ff=23
Tricks: autoregressive greedy decoding, weights from checkpoint

  Progress: 1000/10010 (971/1000 correct) [9.2s]
  Progress: 2000/10010 (1941/2000 correct) [18.4s]
  Progress: 3000/10010 (2907/3000 correct) [27.6s]
  Progress: 4000/10010 (3886/4000 correct) [36.8s]
  Progress: 5000/10010 (4860/5000 correct) [46.1s]
  Progress: 6000/10010 (5839/6000 correct) [55.3s]
  Progress: 7000/10010 (6810/7000 correct) [64.5s]
  Progress: 8000/10010 (7780/8000 correct) [73.7s]
  Progress: 9000/10010 (8750/9000 correct) [82.9s]
  Progress: 10000/10010 (9730/10000 correct) [92.1s]

Results: 9740/10010 correct (97.30%)
Time: 92.2s (109 additions/sec)
Status: NOT QUALIFIED (threshold: 99%)

First 20 failures (of 270):
  9999999999 + 9999999999 = 19999999998, got 18888888888
  9999999999 + 9999999999 = 19999999998, got 18888888888
  9773982893 + 9769054290 = 19543037183, got 18543037183
  9809325681 + 9732050258 = 19541375939, got 18541375939
  6399886150 + 1679699782 = 8079585932, got 8078585932
  9815978163 + 9778162604 = 19594140767, got 18594140767
  9130138496 + 1043580814 = 10173719310, got 173719310
  3538987903 + 10975662 = 3549963565, got 3549863565
  2742793505 + 3287798519 = 6030592024, got 6030582024
  5391846651 + 8560135764 = 13951982415, got 14051982415
  4594996529 + 4031963226 = 8626959755, got 8626859755
  4028025611 + 7185082634 = 11213108245, got 10213108245
  9894721768 + 9867080840 = 19761802608, got 18761802608
  7342167142 + 1967484984 = 9309652126, got 8309652126
  6803994937 + 3756938129 = 10560933066, got 10560833066
  9008276723 + 1061168960 = 10069445683, got 69445683
  9123199209 + 9942384734 = 19065583943, got 18065583943
  3109901379 + 5739847469 = 8849748848, got 8848748848
  1087949377 + 8190982880 = 9278932257, got 9278832257
  7097198486 + 9497635225 = 16594833711, got 16584833711
