Model: RL4RL Autoresearch candidate
Author: configured in run manifest
Parameters (unique): 1931
Architecture: decoder-only addition transformer d=16, h=2, L=2, ff=10, block1_ff=8, fixed_separators=True, tied_position_pairs=[[4, 15], [7, 18], [5, 16], [3, 14], [2, 13], [8, 19], [6, 17], [1, 12], [0, 11], [9, 20]], interpolated_positions=[23, 24, 25, 26, 27], qkv_pruned=117
Tricks: autoregressive greedy decoding, weights from checkpoint

  Progress: 1000/10010 (994/1000 correct) [4.4s]
  Progress: 2000/10010 (1994/2000 correct) [8.9s]
  Progress: 3000/10010 (2991/3000 correct) [13.3s]
  Progress: 4000/10010 (3990/4000 correct) [17.8s]
  Progress: 5000/10010 (4986/5000 correct) [22.2s]
  Progress: 6000/10010 (5980/6000 correct) [26.6s]
  Progress: 7000/10010 (6978/7000 correct) [31.0s]
  Progress: 8000/10010 (7975/8000 correct) [35.4s]
  Progress: 9000/10010 (8972/9000 correct) [39.8s]
  Progress: 10000/10010 (9968/10000 correct) [44.2s]

Results: 9978/10010 correct (99.68%)
Time: 44.3s (226 additions/sec)
Status: QUALIFIED (threshold: 99%)

First 20 failures (of 32):
  2536203353 + 8631955822 = 11168159175, got 11268159175
  6920152642 + 6939063813 = 13859216455, got 13959216455
  8261688289 + 8707679052 = 16969367341, got 17969367341
  8555181831 + 4641387687 = 13196569518, got 13296569518
  8451671660 + 8219874762 = 16671546422, got 17671546422
  9949339211 + 8948002488 = 18897341699, got 18997341699
  4564562945 + 2455308748 = 7019871693, got 7029871693
  8390812566 + 8584018076 = 16974830642, got 17974830642
  9278473654 + 9413599947 = 18692073601, got 19692073601
  9217700662 + 9448597295 = 18666297957, got 19666297957
  8191852004 + 7194996854 = 15386848858, got 15396848858
  9065347745 + 8754607376 = 17819955121, got 17829955121
  3233507807 + 6438483302 = 9671991109, got 10671991109
  9402679499 + 9293095411 = 18695774910, got 19695774910
  9286919757 + 9253558462 = 18540478219, got 19540478219
  8957796158 + 3761959005 = 12719755163, got 12729755163
  7646880009 + 2551938226 = 10198818235, got 10298818235
  9479323125 + 9453799615 = 18933122740, got 19933122740
  9444829971 + 9344612303 = 18789442274, got 19789442274
  8611052118 + 8302155692 = 16913207810, got 17913207810
