Model: RL4RL Autoresearch candidate
Author: configured in run manifest
Parameters (unique): 1848
Architecture: decoder-only addition transformer d=16, h=2, L=2, ff=10, block1_ff=8, fixed_separators=True, tied_position_pairs=[[4, 15], [7, 18], [5, 16], [3, 14], [2, 13], [8, 19], [6, 17], [1, 12], [0, 11], [9, 20]], interpolated_positions=[23, 24, 25, 26, 27], qkv_pruned=200
Tricks: autoregressive greedy decoding, weights from checkpoint

  Progress: 1000/10010 (999/1000 correct) [4.5s]
  Progress: 2000/10010 (1998/2000 correct) [9.0s]
  Progress: 3000/10010 (2998/3000 correct) [14.0s]
  Progress: 4000/10010 (3997/4000 correct) [18.6s]
  Progress: 5000/10010 (4996/5000 correct) [23.1s]
  Progress: 6000/10010 (5994/6000 correct) [27.6s]
  Progress: 7000/10010 (6994/7000 correct) [32.3s]
  Progress: 8000/10010 (7994/8000 correct) [36.9s]
  Progress: 9000/10010 (8992/9000 correct) [41.4s]
  Progress: 10000/10010 (9991/10000 correct) [45.9s]

Results: 10001/10010 correct (99.91%)
Time: 45.9s (218 additions/sec)
Status: QUALIFIED (threshold: 99%)

Failures (9):
  9949339211 + 8948002488 = 18897341699, got 18997341699
  6047119139 + 5060676488 = 11107795627, got 10107795627
  1086907842 + 1573336600 = 2660244442, got 1660244442
  1020975102 + 2580856615 = 3601831717, got 2601831717
  2828982940 + 2171822219 = 5000805159, got 4000805159
  9479323125 + 9453799615 = 18933122740, got 19933122740
  9201756155 + 9771972022 = 18973728177, got 19973728177
  1010537826 + 1998432176 = 3008970002, got 2008970002
  2068770581 + 2967666774 = 5036437355, got 4036437355
