Model: RL4RL Autoresearch candidate
Author: configured in run manifest
Parameters (unique): 1858
Architecture: decoder-only addition transformer d=16, h=2, L=2, ff=10, block1_ff=8, fixed_separators=True, tied_position_pairs=[[4, 15], [7, 18], [5, 16], [3, 14], [2, 13], [8, 19], [6, 17], [1, 12], [0, 11], [9, 20]], interpolated_positions=[23, 24, 25, 26, 27], qkv_pruned=190
Tricks: autoregressive greedy decoding, weights from checkpoint

  Progress: 1000/10010 (1000/1000 correct) [4.5s]
  Progress: 2000/10010 (1999/2000 correct) [9.0s]
  Progress: 3000/10010 (2998/3000 correct) [13.6s]
  Progress: 4000/10010 (3995/4000 correct) [18.1s]
  Progress: 5000/10010 (4990/5000 correct) [22.5s]
  Progress: 6000/10010 (5986/6000 correct) [26.9s]
  Progress: 7000/10010 (6986/7000 correct) [31.3s]
  Progress: 8000/10010 (7983/8000 correct) [35.8s]
  Progress: 9000/10010 (8979/9000 correct) [40.6s]
  Progress: 10000/10010 (9977/10000 correct) [45.0s]

Results: 9987/10010 correct (99.77%)
Time: 45.1s (222 additions/sec)
Status: QUALIFIED (threshold: 99%)

First 20 failures (of 23):
  6047119139 + 5060676488 = 11107795627, got 10107795627
  6660112625 + 5142876686 = 11802989311, got 10802989311
  1086907842 + 1573336600 = 2660244442, got 1660244442
  1592055522 + 2032648027 = 3624703549, got 2624703549
  7880735983 + 3451073129 = 11331809112, got 11331809012
  8771964997 + 8928212197 = 17700177194, got 17700177094
  1020975102 + 2580856615 = 3601831717, got 2601831717
  5634381845 + 6168469548 = 11802851393, got 10802851393
  9402679499 + 9293095411 = 18695774910, got 19695774910
  7828011153 + 473143960 = 8301155113, got 8301155013
  1510599940 + 5293046262 = 6803646202, got 5803646202
  6191308326 + 5653373749 = 11844682075, got 10844682075
  2828982940 + 2171822219 = 5000805159, got 4000805159
  2597748763 + 2430595917 = 5028344680, got 4028344680
  2796828290 + 2206270606 = 5003098896, got 4003098896
  1010334286 + 1799118342 = 2809452628, got 1809452628
  2561962598 + 2448131904 = 5010094502, got 4010094502
  3529815198 + 1659892916 = 5189708114, got 5189708014
  5196715361 + 6533191037 = 11729906398, got 10729906398
  1010537826 + 1998432176 = 3008970002, got 2008970002
