Model: 3,488 parameters
Config: d=16, h=2, L=2, ff=8
Device: mps

Training for 45000 steps...
  step   500 | loss 1.413654 | lr 0.001000 | 0.1min
  step  1000 | loss 1.327749 | lr 0.000999 | 0.3min
  VAL 0.00%
  step  1500 | loss 1.043934 | lr 0.000998 | 0.4min
  step  2000 | loss 0.560014 | lr 0.000996 | 0.6min
  VAL 0.10%
  step  2500 | loss 0.423005 | lr 0.000994 | 0.7min
  step  3000 | loss 0.364372 | lr 0.000991 | 0.8min
  VAL 3.95%
  step  3500 | loss 0.149697 | lr 0.000987 | 0.9min
  step  4000 | loss 0.113591 | lr 0.000983 | 1.1min
  VAL 57.90%
  step  4500 | loss 0.097826 | lr 0.000978 | 1.2min
  step  5000 | loss 0.081785 | lr 0.000973 | 1.3min
  VAL 67.70%
  step  5500 | loss 0.071393 | lr 0.000967 | 1.5min
  step  6000 | loss 0.061130 | lr 0.000960 | 1.6min
  VAL 74.95%
  step  6500 | loss 0.047366 | lr 0.000953 | 1.7min
  step  7000 | loss 0.051484 | lr 0.000946 | 1.9min
  VAL 80.15%
  step  7500 | loss 0.049309 | lr 0.000937 | 2.0min
  step  8000 | loss 0.039755 | lr 0.000929 | 2.1min
  VAL 79.85%
  step  8500 | loss 0.039021 | lr 0.000919 | 2.2min
  step  9000 | loss 0.036689 | lr 0.000909 | 2.4min
  VAL 84.05%
  step  9500 | loss 0.031561 | lr 0.000899 | 2.5min
  step 10000 | loss 0.031840 | lr 0.000888 | 2.6min
  VAL 85.20%
  step 10500 | loss 0.026848 | lr 0.000877 | 2.7min
  step 11000 | loss 0.032775 | lr 0.000865 | 2.9min
  VAL 83.45%
  step 11500 | loss 0.027420 | lr 0.000853 | 3.0min
  step 12000 | loss 0.027940 | lr 0.000840 | 3.1min
  VAL 85.20%
  step 12500 | loss 0.025154 | lr 0.000827 | 3.2min
  step 13000 | loss 0.027899 | lr 0.000814 | 3.4min
  VAL 88.85%
  step 13500 | loss 0.026884 | lr 0.000800 | 3.5min
  step 14000 | loss 0.026026 | lr 0.000786 | 3.6min
  VAL 90.10%
  step 14500 | loss 0.023008 | lr 0.000771 | 3.7min
  step 15000 | loss 0.025366 | lr 0.000756 | 3.9min
  VAL 90.15%
  step 15500 | loss 0.021099 | lr 0.000741 | 4.0min
  step 16000 | loss 0.025093 | lr 0.000725 | 4.1min
  VAL 92.10%
  step 16500 | loss 0.025651 | lr 0.000709 | 4.2min
  step 17000 | loss 0.021413 | lr 0.000693 | 4.4min
  VAL 92.35%
  step 17500 | loss 0.020427 | lr 0.000677 | 4.5min
  step 18000 | loss 0.021103 | lr 0.000661 | 4.6min
  VAL 94.45%
  step 18500 | loss 0.022050 | lr 0.000644 | 4.7min
  step 19000 | loss 0.022825 | lr 0.000627 | 4.9min
  VAL 92.00%
  step 19500 | loss 0.022874 | lr 0.000610 | 5.0min
  step 20000 | loss 0.021947 | lr 0.000593 | 5.1min
  VAL 93.20%
  step 20500 | loss 0.019185 | lr 0.000575 | 5.3min
  step 21000 | loss 0.019244 | lr 0.000558 | 5.4min
  VAL 95.50%
  step 21500 | loss 0.017866 | lr 0.000540 | 5.5min
  step 22000 | loss 0.018514 | lr 0.000523 | 5.6min
  VAL 94.75%
  step 22500 | loss 0.018556 | lr 0.000505 | 5.8min
  step 23000 | loss 0.016980 | lr 0.000488 | 5.9min
  VAL 95.30%
  step 23500 | loss 0.016692 | lr 0.000470 | 6.0min
  step 24000 | loss 0.019046 | lr 0.000453 | 6.1min
  VAL 95.10%
  step 24500 | loss 0.016315 | lr 0.000435 | 6.3min
  step 25000 | loss 0.016006 | lr 0.000418 | 6.4min
  VAL 96.65%
  step 25500 | loss 0.016301 | lr 0.000401 | 6.6min
  step 26000 | loss 0.014541 | lr 0.000383 | 6.7min
  VAL 96.70%
  step 26500 | loss 0.014593 | lr 0.000366 | 6.8min
  step 27000 | loss 0.016268 | lr 0.000350 | 6.9min
  VAL 94.55%
  step 27500 | loss 0.014191 | lr 0.000333 | 7.0min
  step 28000 | loss 0.014618 | lr 0.000316 | 7.2min
  VAL 96.95%
  step 28500 | loss 0.012371 | lr 0.000300 | 7.3min
  step 29000 | loss 0.011831 | lr 0.000284 | 7.4min
  VAL 97.70%
  step 29500 | loss 0.013417 | lr 0.000268 | 7.6min
  step 30000 | loss 0.012177 | lr 0.000253 | 7.7min
  VAL 97.95%
  step 30500 | loss 0.010982 | lr 0.000238 | 7.8min
  step 31000 | loss 0.011365 | lr 0.000223 | 7.9min
  VAL 97.55%
  step 31500 | loss 0.010383 | lr 0.000209 | 8.1min
  step 32000 | loss 0.009924 | lr 0.000195 | 8.2min
  VAL 98.15%
  step 32500 | loss 0.009493 | lr 0.000181 | 8.4min
  step 33000 | loss 0.009671 | lr 0.000168 | 8.5min
  VAL 98.50%
  step 33500 | loss 0.009585 | lr 0.000155 | 8.6min
  step 34000 | loss 0.008730 | lr 0.000142 | 8.7min
  VAL 99.00%
  TEST 99.2600%
  *** New best: 99.2600% ***
  step 34500 | loss 0.008513 | lr 0.000130 | 8.9min
  step 35000 | loss 0.008269 | lr 0.000118 | 9.1min
  VAL 99.00%
  TEST 99.1800%
  step 35500 | loss 0.008173 | lr 0.000107 | 9.3min
  step 36000 | loss 0.007816 | lr 0.000097 | 9.4min
  VAL 99.05%
  TEST 99.1300%
  step 36500 | loss 0.007414 | lr 0.000087 | 9.6min
  step 37000 | loss 0.007511 | lr 0.000077 | 9.7min
  VAL 98.95%
  step 37500 | loss 0.007213 | lr 0.000068 | 9.9min
  step 38000 | loss 0.006523 | lr 0.000059 | 10.0min
  VAL 98.90%
  step 38500 | loss 0.006343 | lr 0.000051 | 10.1min
  step 39000 | loss 0.006435 | lr 0.000044 | 10.3min
  VAL 99.20%
  TEST 99.3800%
  *** New best: 99.3800% ***
  step 39500 | loss 0.006469 | lr 0.000037 | 10.5min
  step 40000 | loss 0.006438 | lr 0.000031 | 10.6min
  VAL 99.20%
  TEST 99.4100%
  *** New best: 99.4100% ***
  step 40500 | loss 0.006148 | lr 0.000025 | 10.8min
  step 41000 | loss 0.006005 | lr 0.000020 | 10.9min
  VAL 99.40%
  TEST 99.5200%
  *** New best: 99.5200% ***
  step 41500 | loss 0.005991 | lr 0.000015 | 11.1min
  step 42000 | loss 0.005975 | lr 0.000011 | 11.2min
  VAL 99.40%
  TEST 99.5800%
  *** New best: 99.5800% ***
  step 42500 | loss 0.006218 | lr 0.000008 | 11.4min
  step 43000 | loss 0.005824 | lr 0.000005 | 11.5min
  VAL 99.50%
  TEST 99.5200%
  step 43500 | loss 0.005758 | lr 0.000003 | 11.7min
  step 44000 | loss 0.005700 | lr 0.000001 | 11.8min
  VAL 99.40%
  TEST 99.5500%
  step 44500 | loss 0.005892 | lr 0.000000 | 12.0min
  step 45000 | loss 0.005810 | lr 0.000000 | 12.1min
  VAL 99.40%
  TEST 99.5700%

Training complete in 12.2 minutes
Best test accuracy: 99.5800%
