Model: RL4RL Autoresearch candidate
Author: configured in run manifest
Parameters (unique): 1859
Architecture: decoder-only addition transformer d=16, h=2, L=2, ff=10, block1_ff=8, fixed_separators=True, tied_position_pairs=[[4, 15], [7, 18], [5, 16], [3, 14], [2, 13], [8, 19], [6, 17], [1, 12], [0, 11], [9, 20]], interpolated_positions=[23, 24, 25, 26, 27], qkv_pruned=189
Tricks: autoregressive greedy decoding, weights from checkpoint

  Progress: 1000/10010 (1000/1000 correct) [4.4s]
  Progress: 2000/10010 (1999/2000 correct) [8.8s]
  Progress: 3000/10010 (2998/3000 correct) [13.3s]
  Progress: 4000/10010 (3996/4000 correct) [17.7s]
  Progress: 5000/10010 (4993/5000 correct) [22.2s]
  Progress: 6000/10010 (5990/6000 correct) [26.7s]
  Progress: 7000/10010 (6990/7000 correct) [31.1s]
  Progress: 8000/10010 (7987/8000 correct) [35.5s]
  Progress: 9000/10010 (8984/9000 correct) [39.9s]
  Progress: 10000/10010 (9982/10000 correct) [44.3s]

Results: 9992/10010 correct (99.82%)
Time: 44.4s (225 additions/sec)
Status: QUALIFIED (threshold: 99%)

Failures (18):
  6047119139 + 5060676488 = 11107795627, got 10107795627
  6660112625 + 5142876686 = 11802989311, got 10802989311
  1086907842 + 1573336600 = 2660244442, got 1660244442
  1592055522 + 2032648027 = 3624703549, got 2624703549
  1020975102 + 2580856615 = 3601831717, got 2601831717
  5634381845 + 6168469548 = 11802851393, got 10802851393
  9402679499 + 9293095411 = 18695774910, got 19695774910
  6191308326 + 5653373749 = 11844682075, got 10844682075
  2828982940 + 2171822219 = 5000805159, got 4000805159
  2597748763 + 2430595917 = 5028344680, got 4028344680
  2796828290 + 2206270606 = 5003098896, got 4003098896
  1010334286 + 1799118342 = 2809452628, got 1809452628
  2561962598 + 2448131904 = 5010094502, got 4010094502
  5196715361 + 6533191037 = 11729906398, got 10729906398
  1010537826 + 1998432176 = 3008970002, got 2008970002
  2544951434 + 2456781784 = 5001733218, got 4001733218
  5118045857 + 6196185877 = 11314231734, got 10314231734
  2068770581 + 2967666774 = 5036437355, got 4036437355
