Model: RL4RL Autoresearch candidate
Author: configured in run manifest
Parameters (unique): 1918
Architecture: decoder-only addition transformer d=16, h=2, L=2, ff=10, block1_ff=8, fixed_separators=True, tied_position_pairs=[[4, 15], [7, 18], [5, 16], [3, 14], [2, 13], [8, 19], [6, 17], [1, 12], [0, 11], [9, 20]], interpolated_positions=[23, 24, 25, 26, 27], qkv_pruned=130
Tricks: autoregressive greedy decoding, weights from checkpoint

  Progress: 1000/10010 (999/1000 correct) [4.6s]
  Progress: 2000/10010 (1995/2000 correct) [9.1s]
  Progress: 3000/10010 (2993/3000 correct) [13.5s]
  Progress: 4000/10010 (3991/4000 correct) [17.9s]
  Progress: 5000/10010 (4987/5000 correct) [22.3s]
  Progress: 6000/10010 (5985/6000 correct) [26.7s]
  Progress: 7000/10010 (6981/7000 correct) [31.1s]
  Progress: 8000/10010 (7979/8000 correct) [35.5s]
  Progress: 9000/10010 (8976/9000 correct) [39.9s]
  Progress: 10000/10010 (9975/10000 correct) [44.3s]

Results: 9985/10010 correct (99.75%)
Time: 44.3s (226 additions/sec)
Status: QUALIFIED (threshold: 99%)

First 20 failures (of 25):
  1916858539 + 1246825314 = 3163683853, got 8163683853
  2763076017 + 9267356007 = 12030432024, got 12530432024
  6765445328 + 1271516668 = 8036961996, got 7536961996
  1530813884 + 1690184622 = 3220998506, got 7220998506
  1260827092 + 3781169969 = 5041997061, got 5541997061
  6776593776 + 5269222682 = 12045816458, got 12545816458
  1798442812 + 1312562913 = 3111005725, got 7111005725
  4276100565 + 3773671571 = 8049772136, got 7549772136
  1086907842 + 1573336600 = 2660244442, got 1660244442
  1844253487 + 1317320199 = 3161573686, got 8161573686
  1421527058 + 1712941955 = 3134469013, got 8134469013
  5761065152 + 1241613584 = 7002678736, got 7502678736
  5760089229 + 7278678977 = 13038768206, got 13538768206
  1267455939 + 8766911568 = 10034367507, got 9534367507
  1781755818 + 1048923127 = 2830678945, got 1830678945
  274174937 + 2763226904 = 3037401841, got 3537401841
  1908971690 + 1775210762 = 3684182452, got 8684182452
  1326509033 + 1828945950 = 3155454983, got 8155454983
  1885035647 + 1258568734 = 3143604381, got 8143604381
  1010334286 + 1799118342 = 2809452628, got 1809452628
