Model: RL4RL Autoresearch candidate
Author: configured in run manifest
Parameters (unique): 1993
Architecture: decoder-only addition transformer d=16, h=2, L=2, ff=10, block1_ff=8, fixed_separators=True, tied_position_pairs=[[4, 15], [7, 18], [5, 16], [3, 14], [2, 13], [8, 19], [6, 17], [1, 12], [0, 11], [9, 20]], interpolated_positions=[23, 24, 25, 26, 27], qkv_pruned=55
Tricks: autoregressive greedy decoding, weights from checkpoint

  Progress: 1000/10010 (997/1000 correct) [4.4s]
  Progress: 2000/10010 (1994/2000 correct) [8.9s]
  Progress: 3000/10010 (2992/3000 correct) [13.3s]
  Progress: 4000/10010 (3989/4000 correct) [17.7s]
  Progress: 5000/10010 (4986/5000 correct) [22.2s]
  Progress: 6000/10010 (5983/6000 correct) [26.6s]
  Progress: 7000/10010 (6983/7000 correct) [31.0s]
  Progress: 8000/10010 (7983/8000 correct) [35.4s]
  Progress: 9000/10010 (8981/9000 correct) [39.8s]
  Progress: 10000/10010 (9979/10000 correct) [44.2s]

Results: 9989/10010 correct (99.79%)
Time: 44.3s (226 additions/sec)
Status: QUALIFIED (threshold: 99%)

First 20 failures (of 21):
  2643188197 + 7497706065 = 10140894262, got 15140894262
  2419324703 + 3516291980 = 5935616683, got 5835616683
  4501354141 + 9409669647 = 13911023788, got 13811023788
  2414276349 + 2517436867 = 4931713216, got 4831713216
  2763076017 + 9267356007 = 12030432024, got 12430432024
  6047119139 + 5060676488 = 11107795627, got 10107795627
  9278473654 + 9413599947 = 18692073601, got 19692073601
  5793391971 + 3268104699 = 9061496670, got 8461496670
  1798242999 + 3267329002 = 5065572001, got 4465572001
  1415015538 + 2519348781 = 3934364319, got 3834364319
  769934205 + 3291658886 = 4061593091, got 4461593091
  8191852004 + 7194996854 = 15386848858, got 15396848858
  2476707217 + 7697999923 = 10174707140, got 15174707140
  9402679499 + 9293095411 = 18695774910, got 19695774910
  9767461414 + 3295939467 = 13063400881, got 12463400881
  1267455939 + 8766911568 = 10034367507, got 9434367507
  9479323125 + 9453799615 = 18933122740, got 19933122740
  7297817847 + 6762492828 = 14060310675, got 14460310675
  9516562991 + 9413390151 = 18929953142, got 19929953142
  162851490 + 3767235515 = 3930087005, got 3925087005
