Model: 3,113 parameters
Config: d=16, h=2, L=2, ff=16
Device: mps

Training for 30000 steps...
  step   500 | loss 1.437034 | lr 0.001000 | 0.1min
  step  1000 | loss 1.348423 | lr 0.000999 | 0.3min
  VAL 0.00%
  step  1500 | loss 1.354424 | lr 0.000996 | 0.4min
  step  2000 | loss 1.358715 | lr 0.000992 | 0.5min
  VAL 0.00%
  step  2500 | loss 1.351077 | lr 0.000987 | 0.6min
  step  3000 | loss 1.321307 | lr 0.000980 | 0.8min
  VAL 0.00%
  step  3500 | loss 1.330047 | lr 0.000972 | 0.9min
  step  4000 | loss 1.287689 | lr 0.000962 | 1.0min
  VAL 0.00%
  step  4500 | loss 1.152158 | lr 0.000951 | 1.1min
  step  5000 | loss 1.023577 | lr 0.000939 | 1.3min
  VAL 0.00%
  step  5500 | loss 0.864234 | lr 0.000926 | 1.4min
  step  6000 | loss 0.776326 | lr 0.000912 | 1.6min
  VAL 0.05%
  step  6500 | loss 0.579552 | lr 0.000896 | 1.7min
  step  7000 | loss 0.507111 | lr 0.000880 | 1.9min
  VAL 0.45%
  step  7500 | loss 0.477392 | lr 0.000862 | 2.0min
  step  8000 | loss 0.427920 | lr 0.000843 | 2.1min
  VAL 0.50%
  step  8500 | loss 0.420270 | lr 0.000823 | 2.3min
  step  9000 | loss 0.395424 | lr 0.000803 | 2.4min
  VAL 1.35%
  step  9500 | loss 0.364344 | lr 0.000781 | 2.5min
  step 10000 | loss 0.350627 | lr 0.000759 | 2.7min
  VAL 1.35%
  step 10500 | loss 0.350568 | lr 0.000736 | 2.8min
  step 11000 | loss 0.309154 | lr 0.000713 | 2.9min
  VAL 2.70%
  step 11500 | loss 0.317543 | lr 0.000688 | 3.0min
  step 12000 | loss 0.298711 | lr 0.000664 | 3.1min
  VAL 2.65%
  step 12500 | loss 0.307414 | lr 0.000638 | 3.3min
  step 13000 | loss 0.281667 | lr 0.000613 | 3.4min
  VAL 3.25%
  step 13500 | loss 0.277182 | lr 0.000587 | 3.5min
  step 14000 | loss 0.281096 | lr 0.000561 | 3.7min
  VAL 3.55%
  step 14500 | loss 0.273739 | lr 0.000534 | 3.8min
  step 15000 | loss 0.261370 | lr 0.000508 | 3.9min
  VAL 4.15%
  step 15500 | loss 0.255959 | lr 0.000481 | 4.1min
  step 16000 | loss 0.253164 | lr 0.000455 | 4.2min
  VAL 3.10%
  step 16500 | loss 0.251377 | lr 0.000429 | 4.4min
  step 17000 | loss 0.247004 | lr 0.000403 | 4.5min
  VAL 3.35%
  step 17500 | loss 0.247704 | lr 0.000377 | 4.6min
  step 18000 | loss 0.236852 | lr 0.000352 | 4.8min
  VAL 4.40%
  step 18500 | loss 0.240389 | lr 0.000327 | 4.9min
  step 19000 | loss 0.236053 | lr 0.000302 | 5.0min
  VAL 4.65%
  step 19500 | loss 0.230145 | lr 0.000278 | 5.2min
  step 20000 | loss 0.234107 | lr 0.000255 | 5.3min
  VAL 4.75%
  step 20500 | loss 0.236218 | lr 0.000232 | 5.5min
  step 21000 | loss 0.229572 | lr 0.000210 | 5.6min
  VAL 4.85%
  step 21500 | loss 0.228579 | lr 0.000189 | 5.7min
  step 22000 | loss 0.224924 | lr 0.000169 | 5.8min
  VAL 5.15%
  step 22500 | loss 0.224161 | lr 0.000149 | 6.0min
  step 23000 | loss 0.222640 | lr 0.000131 | 6.1min
  VAL 5.55%
  step 23500 | loss 0.222994 | lr 0.000114 | 6.2min
  step 24000 | loss 0.221272 | lr 0.000097 | 6.3min
  VAL 5.05%
  step 24500 | loss 0.220525 | lr 0.000082 | 6.5min
  step 25000 | loss 0.219438 | lr 0.000068 | 6.6min
  VAL 5.85%
  step 25500 | loss 0.216787 | lr 0.000056 | 6.8min
  step 26000 | loss 0.216898 | lr 0.000044 | 6.9min
  VAL 4.75%
  step 26500 | loss 0.218785 | lr 0.000034 | 7.1min
  step 27000 | loss 0.214678 | lr 0.000025 | 7.2min
  VAL 5.40%
  step 27500 | loss 0.217835 | lr 0.000017 | 7.4min
  step 28000 | loss 0.218770 | lr 0.000011 | 7.5min
  VAL 5.55%
  step 28500 | loss 0.215262 | lr 0.000006 | 7.7min
  step 29000 | loss 0.219076 | lr 0.000003 | 7.8min
  VAL 5.25%
  step 29500 | loss 0.215434 | lr 0.000001 | 7.9min
  step 30000 | loss 0.217219 | lr 0.000000 | 8.0min
  VAL 5.25%

Training complete in 8.1 minutes
Best test accuracy: 0.0000%
