Model: RL4RL Autoresearch candidate
Author: configured in run manifest
Parameters (unique): 3113
Architecture: decoder-only addition transformer d=16, h=2, L=2, ff=16
Tricks: autoregressive greedy decoding, weights from checkpoint

  Progress: 1000/10010 (61/1000 correct) [9.2s]
  Progress: 2000/10010 (122/2000 correct) [18.3s]
  Progress: 3000/10010 (168/3000 correct) [27.4s]
  Progress: 4000/10010 (244/4000 correct) [37.2s]
  Progress: 5000/10010 (302/5000 correct) [46.3s]
  Progress: 6000/10010 (355/6000 correct) [55.5s]
  Progress: 7000/10010 (424/7000 correct) [64.7s]
  Progress: 8000/10010 (494/8000 correct) [74.1s]
  Progress: 9000/10010 (556/9000 correct) [83.4s]
  Progress: 10000/10010 (608/10000 correct) [92.5s]

Results: 608/10010 correct (6.07%)
Time: 92.6s (108 additions/sec)
Status: NOT QUALIFIED (threshold: 99%)

First 20 failures (of 9402):
  0 + 0 = 0, got 8
  0 + 1 = 1, got 8
  9999999999 + 0 = 9999999999, got 9999999991
  9999999999 + 1 = 10000000000, got 10300000001
  9999999999 + 9999999999 = 19999999998, got 8089999991
  5000000000 + 5000000000 = 10000000000, got 10000000008
  1111111111 + 8888888889 = 10000000000, got 10400000001
  1234567890 + 9876543210 = 11111111100, got 11111111096
  9999999999 + 9999999999 = 19999999998, got 8089999991
  1 + 9999999999 = 10000000000, got 10400000001
  2395527356 + 9334186774 = 11729714130, got 11729714131
  4296888873 + 8475224721 = 12772113594, got 12772113591
  2446880696 + 4577514554 = 7024395250, got 6924395251
  1721735679 + 186192860 = 1907928539, got 1907928541
  3295396137 + 8512642381 = 11808038518, got 12008038515
  4721664841 + 8801376086 = 13523040927, got 13523040926
  8709633390 + 2191376109 = 10901009499, got 10401009501
  813236058 + 3041824170 = 3855060228, got 3855060226
  7038162399 + 8251837442 = 15289999841, got 14289999841
  3917771074 + 2558389380 = 6476160454, got 6476160451
