Model: 5,468 parameters
Config: d=16, h=2, L=2, ff=44
Device: mps

Training for 45000 steps...
  step   500 | loss 1.491180 | lr 0.001000 | 0.3min
  step  1000 | loss 1.442897 | lr 0.000999 | 0.4min
  VAL 0.00%
  step  1500 | loss 1.408577 | lr 0.000998 | 15.7min
  step  2000 | loss 1.364731 | lr 0.000996 | 15.9min
  VAL 0.00%
  step  2500 | loss 1.308593 | lr 0.000994 | 16.0min
  step  3000 | loss 1.312744 | lr 0.000991 | 16.2min
  VAL 0.00%
  step  3500 | loss 1.236002 | lr 0.000987 | 16.4min
  step  4000 | loss 1.068690 | lr 0.000983 | 16.7min
  VAL 0.00%
  step  4500 | loss 0.786827 | lr 0.000978 | 16.8min
  step  5000 | loss 0.541938 | lr 0.000973 | 17.0min
  VAL 0.05%
  step  5500 | loss 0.468190 | lr 0.000967 | 17.2min
  step  6000 | loss 0.407877 | lr 0.000960 | 23.1min
  VAL 0.60%
  step  6500 | loss 0.377831 | lr 0.000953 | 23.3min
  step  7000 | loss 0.334139 | lr 0.000946 | 23.4min
  VAL 0.85%
  step  7500 | loss 0.308583 | lr 0.000937 | 23.6min
  step  8000 | loss 0.275371 | lr 0.000929 | 23.7min
  VAL 1.05%
  step  8500 | loss 0.255024 | lr 0.000919 | 35.2min
  step  9000 | loss 0.238218 | lr 0.000909 | 35.4min
  VAL 1.95%
  step  9500 | loss 0.229570 | lr 0.000899 | 35.6min
  step 10000 | loss 0.217663 | lr 0.000888 | 35.7min
  VAL 2.40%
  step 10500 | loss 0.216295 | lr 0.000877 | 35.9min
  step 11000 | loss 0.217057 | lr 0.000865 | 36.1min
  VAL 2.70%
  step 11500 | loss 0.208432 | lr 0.000853 | 36.3min
  step 12000 | loss 0.209373 | lr 0.000840 | 36.4min
  VAL 2.85%
  step 12500 | loss 0.207232 | lr 0.000827 | 36.6min
  step 13000 | loss 0.203854 | lr 0.000814 | 36.8min
  VAL 4.40%
  step 13500 | loss 0.201674 | lr 0.000800 | 36.9min
  step 14000 | loss 0.202895 | lr 0.000786 | 37.1min
  VAL 3.80%
  step 14500 | loss 0.202099 | lr 0.000771 | 37.3min
  step 15000 | loss 0.200731 | lr 0.000756 | 37.5min
  VAL 4.95%
  step 15500 | loss 0.198510 | lr 0.000741 | 37.7min
  step 16000 | loss 0.198411 | lr 0.000725 | 37.9min
  VAL 6.40%
  step 16500 | loss 0.198045 | lr 0.000709 | 38.1min
  step 17000 | loss 0.198247 | lr 0.000693 | 38.3min
  VAL 7.10%
  step 17500 | loss 0.196830 | lr 0.000677 | 38.5min
  step 18000 | loss 0.196892 | lr 0.000661 | 38.6min
  VAL 8.65%
  step 18500 | loss 0.196771 | lr 0.000644 | 38.8min
  step 19000 | loss 0.195053 | lr 0.000627 | 38.9min
  VAL 8.40%
  step 19500 | loss 0.196966 | lr 0.000610 | 39.1min
  step 20000 | loss 0.195191 | lr 0.000593 | 39.3min
  VAL 8.80%
  step 20500 | loss 0.195150 | lr 0.000575 | 39.5min
  step 21000 | loss 0.194852 | lr 0.000558 | 39.6min
  VAL 8.70%
  step 21500 | loss 0.194095 | lr 0.000540 | 39.9min
  step 22000 | loss 0.193873 | lr 0.000523 | 40.1min
  VAL 8.15%
  step 22500 | loss 0.193961 | lr 0.000505 | 40.3min
  step 23000 | loss 0.194168 | lr 0.000488 | 40.5min
  VAL 8.50%
  step 23500 | loss 0.193583 | lr 0.000470 | 40.7min
  step 24000 | loss 0.194100 | lr 0.000453 | 40.9min
  VAL 9.50%
  step 24500 | loss 0.193411 | lr 0.000435 | 41.1min
  step 25000 | loss 0.193354 | lr 0.000418 | 41.3min
  VAL 8.45%
  step 25500 | loss 0.193598 | lr 0.000401 | 41.4min
  step 26000 | loss 0.193866 | lr 0.000383 | 41.6min
  VAL 8.30%
  step 26500 | loss 0.193073 | lr 0.000366 | 41.8min
  step 27000 | loss 0.192903 | lr 0.000350 | 41.9min
  VAL 7.95%
  step 27500 | loss 0.192861 | lr 0.000333 | 42.1min
  step 28000 | loss 0.193519 | lr 0.000316 | 42.3min
  VAL 9.95%
  step 28500 | loss 0.193415 | lr 0.000300 | 42.5min
  step 29000 | loss 0.193033 | lr 0.000284 | 42.6min
  VAL 11.10%
  step 29500 | loss 0.193146 | lr 0.000268 | 42.8min
  step 30000 | loss 0.192787 | lr 0.000253 | 42.9min
  VAL 10.20%
  step 30500 | loss 0.192671 | lr 0.000238 | 43.1min
  step 31000 | loss 0.193122 | lr 0.000223 | 43.2min
  VAL 9.55%
  step 31500 | loss 0.192870 | lr 0.000209 | 43.3min
  step 32000 | loss 0.193099 | lr 0.000195 | 43.5min
  VAL 9.50%
  step 32500 | loss 0.192836 | lr 0.000181 | 43.7min
  step 33000 | loss 0.192606 | lr 0.000168 | 43.8min
  VAL 9.95%
  step 33500 | loss 0.192772 | lr 0.000155 | 43.9min
  step 34000 | loss 0.192667 | lr 0.000142 | 44.1min
  VAL 10.05%
  step 34500 | loss 0.192532 | lr 0.000130 | 44.3min
  step 35000 | loss 0.192696 | lr 0.000118 | 44.4min
  VAL 10.45%
  step 35500 | loss 0.192573 | lr 0.000107 | 44.6min
  step 36000 | loss 0.192820 | lr 0.000097 | 44.7min
  VAL 10.40%
  step 36500 | loss 0.192677 | lr 0.000087 | 44.8min
  step 37000 | loss 0.192429 | lr 0.000077 | 44.9min
  VAL 9.10%
  step 37500 | loss 0.192473 | lr 0.000068 | 45.1min
  step 38000 | loss 0.192406 | lr 0.000059 | 45.2min
  VAL 9.60%
  step 38500 | loss 0.192614 | lr 0.000051 | 45.3min
  step 39000 | loss 0.192494 | lr 0.000044 | 45.4min
  VAL 11.45%
  step 39500 | loss 0.192491 | lr 0.000037 | 45.5min
  step 40000 | loss 0.192443 | lr 0.000031 | 45.6min
  VAL 9.45%
  step 40500 | loss 0.192321 | lr 0.000025 | 45.8min
  step 41000 | loss 0.192422 | lr 0.000020 | 45.9min
  VAL 8.85%
  step 41500 | loss 0.192370 | lr 0.000015 | 46.0min
  step 42000 | loss 0.192364 | lr 0.000011 | 46.2min
  VAL 9.20%
  step 42500 | loss 0.192471 | lr 0.000008 | 46.3min
  step 43000 | loss 0.192329 | lr 0.000005 | 46.4min
  VAL 8.35%
  step 43500 | loss 0.192371 | lr 0.000003 | 46.5min
  step 44000 | loss 0.192436 | lr 0.000001 | 46.7min
  VAL 8.45%
  step 44500 | loss 0.192244 | lr 0.000000 | 46.8min
  step 45000 | loss 0.192453 | lr 0.000000 | 46.9min
  VAL 8.90%

Training complete in 46.9 minutes
Best test accuracy: 0.0000%
