Model: RL4RL Autoresearch candidate
Author: configured in run manifest
Parameters (unique): 1941
Architecture: decoder-only addition transformer d=16, h=2, L=2, ff=10, block1_ff=8, fixed_separators=True, tied_position_pairs=[[4, 15], [7, 18], [5, 16], [3, 14], [2, 13], [8, 19], [6, 17], [1, 12], [0, 11], [9, 20]], interpolated_positions=[23, 24, 25, 26, 27], qkv_pruned=107
Tricks: autoregressive greedy decoding, weights from checkpoint

  Progress: 1000/10010 (1000/1000 correct) [4.4s]
  Progress: 2000/10010 (1999/2000 correct) [8.9s]
  Progress: 3000/10010 (2997/3000 correct) [13.3s]
  Progress: 4000/10010 (3995/4000 correct) [17.7s]
  Progress: 5000/10010 (4992/5000 correct) [22.1s]
  Progress: 6000/10010 (5987/6000 correct) [26.5s]
  Progress: 7000/10010 (6986/7000 correct) [30.9s]
  Progress: 8000/10010 (7985/8000 correct) [35.3s]
  Progress: 9000/10010 (8985/9000 correct) [39.8s]
  Progress: 10000/10010 (9983/10000 correct) [44.2s]

Results: 9993/10010 correct (99.83%)
Time: 44.2s (226 additions/sec)
Status: QUALIFIED (threshold: 99%)

Failures (17):
  822108075 + 9845811379 = 10667919454, got 10767919454
  9278473654 + 9413599947 = 18692073601, got 19692073601
  5254066650 + 9287720511 = 14541787161, got 14441787161
  8728617220 + 2722666687 = 11451283907, got 10951283907
  6258014553 + 8283570450 = 14541585003, got 14441585003
  5709201191 + 9702757099 = 15411958290, got 14911958290
  1707923454 + 5743726343 = 7451649797, got 7951649797
  9402679499 + 9293095411 = 18695774910, got 19695774910
  4732284836 + 8726038967 = 13458323803, got 12958323803
  4204529550 + 296440191 = 4500969741, got 4400969741
  9286919757 + 9253558462 = 18540478219, got 18440478219
  7753183831 + 6737311856 = 14490495687, got 14990495687
  7295822456 + 4296380992 = 11592203448, got 11492203448
  2722170499 + 3733102200 = 6455272699, got 5955272699
  1702062114 + 4749979857 = 6452041971, got 5952041971
  9703517595 + 1759924121 = 11463441716, got 10963441716
  9296743949 + 4249084756 = 13545828705, got 13445828705
