Model: 2,096 parameters
Config: d=16, h=2, L=2, ff=15
Device: mps

Training for 45000 steps...
  step   500 | loss 1.643628 | lr 0.001000 | 0.1min
  step  1000 | loss 1.541006 | lr 0.000999 | 0.3min
  VAL 0.00%
  step  1500 | loss 1.470492 | lr 0.000998 | 0.4min
  step  2000 | loss 1.505404 | lr 0.000996 | 0.5min
  VAL 0.00%
  step  2500 | loss 1.523621 | lr 0.000994 | 0.6min
  step  3000 | loss 1.469003 | lr 0.000991 | 0.7min
  VAL 0.00%
  step  3500 | loss 1.465924 | lr 0.000987 | 0.8min
  step  4000 | loss 1.459956 | lr 0.000983 | 0.9min
  VAL 0.00%
  step  4500 | loss 1.394258 | lr 0.000978 | 1.0min
  step  5000 | loss 1.414992 | lr 0.000973 | 1.2min
  VAL 0.00%
  step  5500 | loss 1.429549 | lr 0.000967 | 1.3min
  step  6000 | loss 1.267162 | lr 0.000960 | 1.4min
  VAL 0.00%
  step  6500 | loss 0.797200 | lr 0.000953 | 1.5min
  step  7000 | loss 0.684624 | lr 0.000946 | 1.6min
  VAL 0.00%
  step  7500 | loss 0.640058 | lr 0.000937 | 1.7min
  step  8000 | loss 0.616263 | lr 0.000929 | 1.9min
  VAL 0.05%
  step  8500 | loss 0.615968 | lr 0.000919 | 2.0min
  step  9000 | loss 0.592378 | lr 0.000909 | 2.1min
  VAL 0.05%
  step  9500 | loss 0.574480 | lr 0.000899 | 2.2min
  step 10000 | loss 0.389098 | lr 0.000888 | 2.3min
  VAL 0.30%
  step 10500 | loss 0.376012 | lr 0.000877 | 2.4min
  step 11000 | loss 0.370281 | lr 0.000865 | 2.6min
  VAL 0.45%
  step 11500 | loss 0.369098 | lr 0.000853 | 2.7min
  step 12000 | loss 0.364869 | lr 0.000840 | 2.8min
  VAL 0.65%
  step 12500 | loss 0.361547 | lr 0.000827 | 2.9min
  step 13000 | loss 0.353045 | lr 0.000814 | 3.0min
  VAL 0.90%
  step 13500 | loss 0.351149 | lr 0.000800 | 3.1min
  step 14000 | loss 0.332690 | lr 0.000786 | 3.3min
  VAL 1.20%
  step 14500 | loss 0.341719 | lr 0.000771 | 3.4min
  step 15000 | loss 0.339459 | lr 0.000756 | 3.5min
  VAL 0.80%
  step 15500 | loss 0.332402 | lr 0.000741 | 3.6min
  step 16000 | loss 0.154852 | lr 0.000725 | 3.7min
  VAL 7.90%
  step 16500 | loss 0.145204 | lr 0.000709 | 3.8min
  step 17000 | loss 0.124844 | lr 0.000693 | 3.9min
  VAL 15.15%
  step 17500 | loss 0.119176 | lr 0.000677 | 4.0min
  step 18000 | loss 0.115257 | lr 0.000661 | 4.2min
  VAL 21.35%
  step 18500 | loss 0.114018 | lr 0.000644 | 4.3min
  step 19000 | loss 0.102996 | lr 0.000627 | 4.4min
  VAL 23.10%
  step 19500 | loss 0.099179 | lr 0.000610 | 4.5min
  step 20000 | loss 0.096047 | lr 0.000593 | 4.6min
  VAL 27.85%
  Early abort: validation below 50% at step 20000
