Model: RL4RL Autoresearch candidate
Author: configured in run manifest
Parameters (unique): 3002
Architecture: decoder-only addition transformer d=16, h=2, L=2, ff=10
Tricks: autoregressive greedy decoding, weights from checkpoint

  Progress: 1000/10010 (258/1000 correct) [5.9s]
  Progress: 2000/10010 (528/2000 correct) [11.7s]
  Progress: 3000/10010 (760/3000 correct) [17.5s]
  Progress: 4000/10010 (1008/4000 correct) [23.4s]
  Progress: 5000/10010 (1251/5000 correct) [29.3s]
  Progress: 6000/10010 (1519/6000 correct) [35.3s]
  Progress: 7000/10010 (1770/7000 correct) [41.4s]
  Progress: 8000/10010 (2011/8000 correct) [47.4s]
  Progress: 9000/10010 (2273/9000 correct) [53.1s]
  Progress: 10000/10010 (2519/10000 correct) [58.8s]

Results: 2521/10010 correct (25.18%)
Time: 58.9s (170 additions/sec)
Status: NOT QUALIFIED (threshold: 99%)

First 20 failures (of 7489):
  9999999999 + 1 = 10000000000, got 9999999999
  5000000000 + 5000000000 = 10000000000, got 11000000000
  1111111111 + 8888888889 = 10000000000, got 10999999999
  1234567890 + 9876543210 = 11111111100, got 12111111100
  1 + 9999999999 = 10000000000, got 9999999999
  2395527356 + 9334186774 = 11729714130, got 11729714131
  2446880696 + 4577514554 = 7024395250, got 6014395252
  3295396137 + 8512642381 = 11808038518, got 11798038517
  813236058 + 3041824170 = 3855060228, got 3855060227
  7038162399 + 8251837442 = 15289999841, got 14289999841
  3917771074 + 2558389380 = 6476160454, got 5476170453
  2345623234 + 894115330 = 3239738564, got 3239738563
  3369214745 + 1580376784 = 4949591529, got 3949591528
  5487960534 + 2479695299 = 7967655833, got 6967655823
  9981988602 + 6255527173 = 16237515775, got 15237515775
  2522781535 + 7550172023 = 10072953558, got 11072953558
  3607041661 + 1478604144 = 5085645805, got 4085645805
  1550659006 + 2395544933 = 3946203939, got 3946203938
  9773982893 + 9769054290 = 19543037183, got 19543037193
  5353030368 + 2525515399 = 7878545767, got 6878545767
