Model: RL4RL Autoresearch candidate
Author: configured in run manifest
Parameters (unique): 1925
Architecture: decoder-only addition transformer d=16, h=2, L=2, ff=10, block1_ff=8, fixed_separators=True, tied_position_pairs=[[4, 15], [7, 18], [5, 16], [3, 14], [2, 13], [8, 19], [6, 17], [1, 12], [0, 11], [9, 20]], interpolated_positions=[23, 24, 25, 26, 27], qkv_pruned=123
Tricks: autoregressive greedy decoding, weights from checkpoint

  Progress: 1000/10010 (1000/1000 correct) [4.4s]
  Progress: 2000/10010 (1998/2000 correct) [8.9s]
  Progress: 3000/10010 (2996/3000 correct) [13.2s]
  Progress: 4000/10010 (3994/4000 correct) [17.6s]
  Progress: 5000/10010 (4993/5000 correct) [22.0s]
  Progress: 6000/10010 (5990/6000 correct) [26.5s]
  Progress: 7000/10010 (6990/7000 correct) [30.9s]
  Progress: 8000/10010 (7988/8000 correct) [35.3s]
  Progress: 9000/10010 (8987/9000 correct) [39.7s]
  Progress: 10000/10010 (9984/10000 correct) [44.1s]

Results: 9994/10010 correct (99.84%)
Time: 44.1s (227 additions/sec)
Status: QUALIFIED (threshold: 99%)

Failures (16):
  6047119139 + 5060676488 = 11107795627, got 10107795627
  5199705329 + 6225705022 = 11425410351, got 10425410351
  5073074988 + 6351264488 = 11424339476, got 10424339476
  6081827802 + 5355690034 = 11437517836, got 10437517836
  6220808416 + 5189773965 = 11410582381, got 10410582381
  6034185843 + 5879550316 = 11913736159, got 10913736159
  5634381845 + 6168469548 = 11802851393, got 10802851393
  6005893433 + 5803299494 = 11809192927, got 10809192927
  7295822456 + 4296380992 = 11592203448, got 11492203448
  2828982940 + 2171822219 = 5000805159, got 4000805159
  5812383983 + 6097421408 = 11909805391, got 10909805391
  2561962598 + 2448131904 = 5010094502, got 4010094502
  2544951434 + 2456781784 = 5001733218, got 4001733218
  5118045857 + 6196185877 = 11314231734, got 10314231734
  2068770581 + 2967666774 = 5036437355, got 4036437355
  6058598929 + 5352836860 = 11411435789, got 10411435789
