Initialized from retained incumbent: /Users/utshaho/Documents/GitHub/rl4rl/data/raw/autoresearch/sol-xhigh-overnight-20260814/state/incumbent.pt
Model: 2,192 parameters
Config: d=16, h=2, L=2, ff=10
Device: mps

INITIAL VAL 0.00%

Fine-tuning for up to 10000 steps...
  step   500 | loss 0.935881 | lr 0.000100 | 0.1min
  VAL 0.00%
  step  1000 | loss 0.571415 | lr 0.000099 | 0.3min
  VAL 0.15%
  step  1500 | loss 0.512638 | lr 0.000096 | 0.3min
  VAL 0.35%
  step  2000 | loss 0.473582 | lr 0.000093 | 0.5min
  VAL 0.45%
  step  2500 | loss 0.461642 | lr 0.000088 | 0.5min
  VAL 0.65%
  step  3000 | loss 0.439917 | lr 0.000082 | 0.7min
  VAL 0.65%
  step  3500 | loss 0.423898 | lr 0.000075 | 0.8min
  VAL 0.90%
  step  4000 | loss 0.391877 | lr 0.000068 | 0.9min
  VAL 0.90%
  step  4500 | loss 0.395060 | lr 0.000060 | 1.0min
  VAL 0.95%
  step  5000 | loss 0.379896 | lr 0.000052 | 1.1min
  VAL 0.95%
  step  5500 | loss 0.379070 | lr 0.000044 | 1.2min
  VAL 0.95%
  step  6000 | loss 0.389514 | lr 0.000036 | 1.3min
  VAL 1.05%
  step  6500 | loss 0.369702 | lr 0.000029 | 1.4min
  VAL 1.05%
  step  7000 | loss 0.359615 | lr 0.000022 | 1.5min
  VAL 1.15%
  step  7500 | loss 0.371821 | lr 0.000016 | 1.6min
  VAL 1.30%
  step  8000 | loss 0.364766 | lr 0.000010 | 1.7min
  VAL 1.25%
  step  8500 | loss 0.371945 | lr 0.000006 | 1.8min
  VAL 1.35%
  step  9000 | loss 0.367212 | lr 0.000003 | 1.9min
  VAL 1.45%
  step  9500 | loss 0.363395 | lr 0.000001 | 2.0min
  VAL 1.35%
  step 10000 | loss 0.354080 | lr 0.000000 | 2.1min
  VAL 1.35%

Training complete in 2.1 minutes
Best test accuracy: 0.0000%
