Model: RL4RL Autoresearch candidate
Author: configured in run manifest
Parameters (unique): 1639
Architecture: decoder-only addition transformer d=16, h=2, L=2, ff=16
Tricks: autoregressive greedy decoding, weights from checkpoint

  Progress: 1000/10010 (11/1000 correct) [8.6s]
  Progress: 2000/10010 (18/2000 correct) [16.4s]
  Progress: 3000/10010 (29/3000 correct) [24.1s]
  Progress: 4000/10010 (46/4000 correct) [32.1s]
  Progress: 5000/10010 (54/5000 correct) [39.9s]
  Progress: 6000/10010 (72/6000 correct) [47.9s]
  Progress: 7000/10010 (86/7000 correct) [56.0s]
  Progress: 8000/10010 (104/8000 correct) [64.2s]
  Progress: 9000/10010 (115/9000 correct) [72.8s]
  Progress: 10000/10010 (124/10000 correct) [80.2s]

Results: 124/10010 correct (1.24%)
Time: 80.3s (125 additions/sec)
Status: NOT QUALIFIED (threshold: 99%)

First 20 failures (of 9886):
  0 + 0 = 0, got 10000000000
  0 + 1 = 1, got 10000000001
  9999999999 + 0 = 9999999999, got 99999999999
  9999999999 + 9999999999 = 19999999998, got 19998888898
  1234567890 + 9876543210 = 11111111100, got 11110111100
  9999999999 + 9999999999 = 19999999998, got 19998888898
  2395527356 + 9334186774 = 11729714130, got 21719715140
  4296888873 + 8475224721 = 12772113594, got 12671114594
  2446880696 + 4577514554 = 7024395250, got 16924495350
  1721735679 + 186192860 = 1907928539, got 91907937539
  3295396137 + 8512642381 = 11808038518, got 21808047518
  4721664841 + 8801376086 = 13523040927, got 22623040927
  8709633390 + 2191376109 = 10901009499, got 20901008499
  813236058 + 3041824170 = 3855060228, got 93855070228
  7038162399 + 8251837442 = 15289999841, got 25289898741
  3917771074 + 2558389380 = 6476160454, got 25506160454
  2345623234 + 894115330 = 3239738564, got 13229747564
  9635552803 + 139097711 = 9774650514, got 99773659514
  3369214745 + 1580376784 = 4949591529, got 94859590529
  5487960534 + 2479695299 = 7967655833, got 28067655743
