Model: 5,824 parameters
Config: d=16, h=2, L=2, ff=44
Device: mps

Training for 30000 steps...
  step   500 | loss 1.452713 | lr 0.001000 | 0.1min
  step  1000 | loss 1.364184 | lr 0.000999 | 0.3min
  VAL 0.00%
  step  1500 | loss 1.277368 | lr 0.000996 | 0.4min
  step  2000 | loss 0.842079 | lr 0.000992 | 0.5min
  VAL 0.00%
  step  2500 | loss 0.621348 | lr 0.000987 | 0.6min
  step  3000 | loss 0.516669 | lr 0.000980 | 0.8min
  VAL 0.40%
  step  3500 | loss 0.462812 | lr 0.000972 | 0.9min
  step  4000 | loss 0.444016 | lr 0.000962 | 1.0min
  VAL 0.50%
  step  4500 | loss 0.416913 | lr 0.000951 | 1.1min
  step  5000 | loss 0.416146 | lr 0.000939 | 1.3min
  VAL 0.85%
  step  5500 | loss 0.402920 | lr 0.000926 | 1.4min
  step  6000 | loss 0.401204 | lr 0.000912 | 1.5min
  VAL 0.60%
  step  6500 | loss 0.355989 | lr 0.000896 | 1.6min
  step  7000 | loss 0.247158 | lr 0.000880 | 1.7min
  VAL 7.10%
  step  7500 | loss 0.234470 | lr 0.000862 | 1.9min
  step  8000 | loss 0.238249 | lr 0.000843 | 2.0min
  VAL 7.20%
  step  8500 | loss 0.227615 | lr 0.000823 | 2.1min
  step  9000 | loss 0.224620 | lr 0.000803 | 2.2min
  VAL 7.95%
  step  9500 | loss 0.220133 | lr 0.000781 | 2.3min
  step 10000 | loss 0.215850 | lr 0.000759 | 2.5min
  VAL 9.60%
  step 10500 | loss 0.218459 | lr 0.000736 | 2.6min
  step 11000 | loss 0.211555 | lr 0.000713 | 2.7min
  VAL 9.30%
  step 11500 | loss 0.214292 | lr 0.000688 | 2.8min
  step 12000 | loss 0.110728 | lr 0.000664 | 2.9min
  VAL 50.70%
  step 12500 | loss 0.068476 | lr 0.000638 | 3.0min
  step 13000 | loss 0.069243 | lr 0.000613 | 3.2min
  VAL 77.50%
  step 13500 | loss 0.044860 | lr 0.000587 | 3.3min
  step 14000 | loss 0.039290 | lr 0.000561 | 3.4min
  VAL 82.60%
  step 14500 | loss 0.033699 | lr 0.000534 | 3.5min
  step 15000 | loss 0.033155 | lr 0.000508 | 3.6min
  VAL 91.15%
  step 15500 | loss 0.027276 | lr 0.000481 | 3.8min
  step 16000 | loss 0.024822 | lr 0.000455 | 3.9min
  VAL 92.40%
  step 16500 | loss 0.021324 | lr 0.000429 | 4.0min
  step 17000 | loss 0.021107 | lr 0.000403 | 4.2min
  VAL 95.25%
  step 17500 | loss 0.018991 | lr 0.000377 | 4.3min
  step 18000 | loss 0.013964 | lr 0.000352 | 4.4min
  VAL 96.45%
  step 18500 | loss 0.014371 | lr 0.000327 | 4.5min
  step 19000 | loss 0.013153 | lr 0.000302 | 4.7min
  VAL 96.55%
  step 19500 | loss 0.011410 | lr 0.000278 | 4.8min
  step 20000 | loss 0.010248 | lr 0.000255 | 4.9min
  VAL 97.65%
  step 20500 | loss 0.011114 | lr 0.000232 | 5.0min
  step 21000 | loss 0.010188 | lr 0.000210 | 5.1min
  VAL 96.35%
  step 21500 | loss 0.009032 | lr 0.000189 | 5.3min
  step 22000 | loss 0.010133 | lr 0.000169 | 5.4min
  VAL 97.80%
  step 22500 | loss 0.007878 | lr 0.000149 | 5.6min
  step 23000 | loss 0.007012 | lr 0.000131 | 5.7min
  VAL 97.90%
  step 23500 | loss 0.006331 | lr 0.000114 | 5.8min
  step 24000 | loss 0.007629 | lr 0.000097 | 5.9min
  VAL 98.50%
  step 24500 | loss 0.005704 | lr 0.000082 | 6.0min
  step 25000 | loss 0.005810 | lr 0.000068 | 6.1min
  VAL 98.55%
  step 25500 | loss 0.005782 | lr 0.000056 | 6.3min
  step 26000 | loss 0.005917 | lr 0.000044 | 6.4min
  VAL 98.65%
  step 26500 | loss 0.005116 | lr 0.000034 | 6.5min
  step 27000 | loss 0.005072 | lr 0.000025 | 6.6min
  VAL 98.80%
  step 27500 | loss 0.005651 | lr 0.000017 | 6.8min
  step 28000 | loss 0.004467 | lr 0.000011 | 6.9min
  VAL 98.85%
  step 28500 | loss 0.004968 | lr 0.000006 | 7.0min
  step 29000 | loss 0.004937 | lr 0.000003 | 7.1min
  VAL 98.85%
  step 29500 | loss 0.005256 | lr 0.000001 | 7.3min
  step 30000 | loss 0.005229 | lr 0.000000 | 7.4min
  VAL 98.85%

Training complete in 7.4 minutes
Best test accuracy: 0.0000%
