Model: RL4RL Autoresearch candidate
Author: configured in run manifest
Parameters (unique): 1880
Architecture: decoder-only addition transformer d=16, h=2, L=2, ff=10, block1_ff=8, fixed_separators=True, tied_position_pairs=[[4, 15], [7, 18], [5, 16], [3, 14], [2, 13], [8, 19], [6, 17], [1, 12], [0, 11], [9, 20]], interpolated_positions=[23, 24, 25, 26, 27], qkv_pruned=168
Tricks: autoregressive greedy decoding, weights from checkpoint

  Progress: 1000/10010 (999/1000 correct) [4.4s]
  Progress: 2000/10010 (1994/2000 correct) [8.9s]
  Progress: 3000/10010 (2991/3000 correct) [13.3s]
  Progress: 4000/10010 (3988/4000 correct) [17.7s]
  Progress: 5000/10010 (4985/5000 correct) [22.1s]
  Progress: 6000/10010 (5981/6000 correct) [26.5s]
  Progress: 7000/10010 (6980/7000 correct) [30.8s]
  Progress: 8000/10010 (7979/8000 correct) [35.3s]
  Progress: 9000/10010 (8977/9000 correct) [39.6s]
  Progress: 10000/10010 (9974/10000 correct) [44.0s]

Results: 9984/10010 correct (99.74%)
Time: 44.1s (227 additions/sec)
Status: QUALIFIED (threshold: 99%)

First 20 failures (of 26):
  6780533471 + 5090190326 = 11870723797, got 10870723797
  5250483323 + 6768919741 = 12019403064, got 12519403064
  2763076017 + 9267356007 = 12030432024, got 11530432024
  6765445328 + 1271516668 = 8036961996, got 7536961996
  6047119139 + 5060676488 = 11107795627, got 10107795627
  5199705329 + 6225705022 = 11425410351, got 10425410351
  5073074988 + 6351264488 = 11424339476, got 10424339476
  6660112625 + 5142876686 = 11802989311, got 10802989311
  6081827802 + 5355690034 = 11437517836, got 10437517836
  6220808416 + 5189773965 = 11410582381, got 10410582381
  6034185843 + 5879550316 = 11913736159, got 10913736159
  2793349138 + 5219640234 = 8012989372, got 7512989372
  751551236 + 264559755 = 1016110991, got 516110991
  5634381845 + 6168469548 = 11802851393, got 10802851393
  5760089229 + 7278678977 = 13038768206, got 13538768206
  6005893433 + 5803299494 = 11809192927, got 10809192927
  3247710364 + 5769374649 = 9017085013, got 8517085013
  1267455939 + 8766911568 = 10034367507, got 9534367507
  8251004545 + 9762653914 = 18013658459, got 18513658459
  1299553028 + 7719303009 = 9018856037, got 9518856037
