Model: RL4RL Autoresearch candidate
Author: configured in run manifest
Parameters (unique): 1994
Architecture: decoder-only addition transformer d=16, h=2, L=2, ff=10, block1_ff=8, fixed_separators=True, tied_position_pairs=[[4, 15], [7, 18], [5, 16], [3, 14], [2, 13], [8, 19], [6, 17], [1, 12], [0, 11], [9, 20]], interpolated_positions=[23, 24, 25, 26, 27], qkv_pruned=54
Tricks: autoregressive greedy decoding, weights from checkpoint

  Progress: 1000/10010 (997/1000 correct) [4.5s]
  Progress: 2000/10010 (1993/2000 correct) [8.9s]
  Progress: 3000/10010 (2991/3000 correct) [13.3s]
  Progress: 4000/10010 (3988/4000 correct) [17.7s]
  Progress: 5000/10010 (4984/5000 correct) [22.3s]
  Progress: 6000/10010 (5983/6000 correct) [26.7s]
  Progress: 7000/10010 (6981/7000 correct) [31.1s]
  Progress: 8000/10010 (7979/8000 correct) [35.5s]
  Progress: 9000/10010 (8976/9000 correct) [39.9s]
  Progress: 10000/10010 (9974/10000 correct) [44.3s]

Results: 9984/10010 correct (99.74%)
Time: 44.3s (226 additions/sec)
Status: QUALIFIED (threshold: 99%)

First 20 failures (of 26):
  4504804686 + 9639218618 = 14144023304, got 14044023304
  4501354141 + 9409669647 = 13911023788, got 13811023788
  6116232171 + 6692893101 = 12809125272, got 11809125272
  4624637094 + 517131976 = 5141769070, got 5041769070
  6047119139 + 5060676488 = 11107795627, got 10107795627
  5199705329 + 6225705022 = 11425410351, got 10425410351
  8619826738 + 4616944263 = 13236771001, got 13136771001
  6660112625 + 5142876686 = 11802989311, got 10802989311
  9278473654 + 9413599947 = 18692073601, got 19692073601
  6220808416 + 5189773965 = 11410582381, got 10410582381
  6194898600 + 6145852101 = 12340750701, got 11340750701
  9217700662 + 9448597295 = 18666297957, got 19666297957
  3669896045 + 5516370678 = 9186266723, got 9086266723
  8191852004 + 7194996854 = 15386848858, got 15396848858
  5634381845 + 6168469548 = 11802851393, got 10802851393
  9402679499 + 9293095411 = 18695774910, got 19695774910
  9479323125 + 9453799615 = 18933122740, got 19933122740
  9611914057 + 7529885855 = 17141799912, got 17041799912
  1618177326 + 9562788083 = 11180965409, got 11080965409
  8663790250 + 5518332359 = 14182122609, got 14082122609
