Model: RL4RL Autoresearch candidate
Author: configured in run manifest
Parameters (unique): 1449
Architecture: decoder-only addition transformer d=16, h=2, L=2, ff=16
Tricks: autoregressive greedy decoding, weights from checkpoint

  Progress: 1000/10010 (989/1000 correct) [8.0s]
  Progress: 2000/10010 (1979/2000 correct) [15.2s]
  Progress: 3000/10010 (2972/3000 correct) [23.3s]
  Progress: 4000/10010 (3963/4000 correct) [30.9s]
  Progress: 5000/10010 (4955/5000 correct) [38.6s]
  Progress: 6000/10010 (5948/6000 correct) [46.0s]
  Progress: 7000/10010 (6928/7000 correct) [53.3s]
  Progress: 8000/10010 (7915/8000 correct) [60.9s]
  Progress: 9000/10010 (8903/9000 correct) [68.3s]
  Progress: 10000/10010 (9896/10000 correct) [75.2s]

Results: 9906/10010 correct (98.96%)
Time: 75.3s (133 additions/sec)
Status: NOT QUALIFIED (threshold: 99%)

First 20 failures (of 104):
  6509152292 + 9209120080 = 15718272372, got 15818272372
  6969938512 + 1800378914 = 8770317426, got 8670317426
  9229471617 + 9474184142 = 18703655759, got 17703655759
  1976493916 + 1906487771 = 3882981687, got 3782981687
  5468975900 + 1438734356 = 6907710256, got 5907710256
  2383813986 + 5194289640 = 7578103626, got 8578103626
  1875957208 + 5809047019 = 7685004227, got 7585004227
  5909551252 + 6873659338 = 12783210590, got 12683210590
  1978347876 + 4802489172 = 6780837048, got 6680837048
  8953485676 + 8712760635 = 17666246311, got 27666246311
  6840669308 + 801434060 = 7642103368, got 7542103368
  4890126842 + 3800011500 = 8690138342, got 8590138342
  5603460909 + 6036423440 = 11639884349, got 1639884349
  3501935208 + 9726184827 = 13228120035, got 12228120035
  5068301911 + 2389048768 = 7457350679, got 8457350679
  2763076017 + 9267356007 = 12030432024, got 12030433024
  9093595501 + 9827769033 = 18921364534, got 17921364534
  3156085673 + 9095035109 = 12251120782, got 12241120782
  7190183396 + 7497382532 = 14687565928, got 15687565928
  9081659111 + 9043816252 = 18125475363, got 17125475363
