Model: RL4RL Autoresearch candidate
Author: configured in run manifest
Parameters (unique): 1655
Architecture: decoder-only addition transformer d=16, h=2, L=2, ff=16
Tricks: autoregressive greedy decoding, weights from checkpoint

  Progress: 1000/10010 (2/1000 correct) [6.6s]
  Progress: 2000/10010 (2/2000 correct) [13.2s]
  Progress: 3000/10010 (2/3000 correct) [20.5s]
  Progress: 4000/10010 (2/4000 correct) [27.4s]
  Progress: 5000/10010 (2/5000 correct) [33.9s]
  Progress: 6000/10010 (2/6000 correct) [41.3s]
  Progress: 7000/10010 (2/7000 correct) [48.7s]
  Progress: 8000/10010 (2/8000 correct) [55.6s]
  Progress: 9000/10010 (2/9000 correct) [62.1s]
  Progress: 10000/10010 (2/10000 correct) [68.9s]

Results: 2/10010 correct (0.02%)
Time: 69.0s (145 additions/sec)
Status: NOT QUALIFIED (threshold: 99%)

First 20 failures (of 10008):
  0 + 1 = 1, got 9
  9999999999 + 0 = 9999999999, got 0
  9999999999 + 1 = 10000000000, got 8
  9999999999 + 9999999999 = 19999999998, got 10000009990
  1111111111 + 8888888889 = 10000000000, got 7890101099
  1234567890 + 9876543210 = 11111111100, got 930104099
  9999999999 + 9999999999 = 19999999998, got 10000009990
  1 + 9999999999 = 10000000000, got 99
  2395527356 + 9334186774 = 11729714130, got 9639626340
  4296888873 + 8475224721 = 12772113594, got 20782114503
  2446880696 + 4577514554 = 7024395250, got 6035325250
  1721735679 + 186192860 = 1907928539, got 91006838479
  3295396137 + 8512642381 = 11808038518, got 12797018428
  4721664841 + 8801376086 = 13523040927, got 11613040916
  8709633390 + 2191376109 = 10901009499, got 20000040400
  813236058 + 3041824170 = 3855060228, got 3864049327
  7038162399 + 8251837442 = 15289999841, got 16260109840
  3917771074 + 2558389380 = 6476160454, got 5766262064
  2345623234 + 894115330 = 3239738564, got 4319737334
  9635552803 + 139097711 = 9774650514, got 645550693
