Model: RL4RL Autoresearch candidate
Author: configured in run manifest
Parameters (unique): 2029
Architecture: decoder-only addition transformer d=16, h=2, L=2, ff=10, block1_ff=8, fixed_separators=True, tied_position_pairs=[[4, 15], [7, 18], [5, 16], [3, 14], [2, 13], [8, 19], [6, 17], [1, 12], [0, 11], [9, 20]], interpolated_positions=[23, 24, 25, 26, 27], qkv_pruned=19
Tricks: autoregressive greedy decoding, weights from checkpoint

  Progress: 1000/10010 (998/1000 correct) [4.5s]
  Progress: 2000/10010 (1995/2000 correct) [8.9s]
  Progress: 3000/10010 (2992/3000 correct) [13.3s]
  Progress: 4000/10010 (3991/4000 correct) [17.7s]
  Progress: 5000/10010 (4989/5000 correct) [22.2s]
  Progress: 6000/10010 (5983/6000 correct) [26.6s]
  Progress: 7000/10010 (6981/7000 correct) [31.0s]
  Progress: 8000/10010 (7978/8000 correct) [35.4s]
  Progress: 9000/10010 (8975/9000 correct) [39.8s]
  Progress: 10000/10010 (9974/10000 correct) [44.3s]

Results: 9984/10010 correct (99.74%)
Time: 44.3s (226 additions/sec)
Status: QUALIFIED (threshold: 99%)

First 20 failures (of 26):
  8261688289 + 8707679052 = 16969367341, got 17969367341
  8338875820 + 204137944 = 8543013764, got 8443013764
  5295810452 + 6238977555 = 11534788007, got 11434788007
  4624637094 + 517131976 = 5141769070, got 5041769070
  1336458234 + 7209842571 = 8546300805, got 8446300805
  8390812566 + 8584018076 = 16974830642, got 17974830642
  5254066650 + 9287720511 = 14541787161, got 14441787161
  3029838603 + 4424373860 = 7454212463, got 7444212463
  6258014553 + 8283570450 = 14541585003, got 14441585003
  8191852004 + 7194996854 = 15386848858, got 15396848858
  5709201191 + 9702757099 = 15411958290, got 15911958290
  4204529550 + 296440191 = 4500969741, got 4400969741
  9286919757 + 9253558462 = 18540478219, got 18440478219
  7753183831 + 6737311856 = 14490495687, got 14990495687
  7295822456 + 4296380992 = 11592203448, got 11492203448
  9479323125 + 9453799615 = 18933122740, got 19933122740
  8611052118 + 8302155692 = 16913207810, got 17913207810
  9611914057 + 7529885855 = 17141799912, got 17041799912
  2984714356 + 399178727 = 3383893083, got 3384893083
  8759742406 + 8209644900 = 16969387306, got 17969387306
