Model: RL4RL Autoresearch candidate
Author: configured in run manifest
Parameters (unique): 2119
Architecture: decoder-only addition transformer d=16, h=2, L=2, ff=16
Tricks: autoregressive greedy decoding, weights from checkpoint

  Progress: 1000/10010 (962/1000 correct) [5.9s]
  Progress: 2000/10010 (1931/2000 correct) [11.7s]
  Progress: 3000/10010 (2901/3000 correct) [17.4s]
  Progress: 4000/10010 (3878/4000 correct) [23.2s]
  Progress: 5000/10010 (4843/5000 correct) [29.2s]
  Progress: 6000/10010 (5799/6000 correct) [35.1s]
  Progress: 7000/10010 (6753/7000 correct) [41.0s]
  Progress: 8000/10010 (7717/8000 correct) [46.9s]
  Progress: 9000/10010 (8683/9000 correct) [52.8s]
  Progress: 10000/10010 (9642/10000 correct) [58.6s]

Results: 9651/10010 correct (96.41%)
Time: 58.6s (171 additions/sec)
Status: NOT QUALIFIED (threshold: 99%)

First 20 failures (of 359):
  5353030368 + 2525515399 = 7878545767, got 17878545767
  6758791484 + 2952272022 = 9711063506, got 19711063506
  1822866090 + 4832899953 = 6655766043, got 6555766043
  6509152292 + 9209120080 = 15718272372, got 15818272372
  6969938512 + 1800378914 = 8770317426, got 8670317426
  1288730988 + 8305219676 = 9593950664, got 10593950664
  4309178838 + 4579489714 = 8888668552, got 8988668552
  9229471617 + 9474184142 = 18703655759, got 17703655759
  9089267194 + 4171613667 = 13260880861, got 14260880861
  9802221894 + 7858087157 = 17660309051, got 17560309051
  8386537299 + 1025580039 = 9412117338, got 10412117338
  8793150034 + 6686591836 = 15479741870, got 15479741880
  1086223395 + 6737245249 = 7823468644, got 7824468644
  2383813986 + 5194289640 = 7578103626, got 8578103626
  1190671326 + 8582005198 = 9772676524, got 10772676524
  6088062572 + 2086199259 = 8174261831, got 9174261831
  7558647068 + 7318059319 = 14876706387, got 14976706387
  1821361699 + 2483968877 = 4305330576, got 4405330576
  6832437373 + 3830048430 = 10662485803, got 11562485803
  2192084681 + 7109166331 = 9301251012, got 10301251012
