Model: 3,376 parameters
Config: d=16, h=2, L=2, ff=7
Device: mps

Training for 45000 steps...
  step   500 | loss 1.408959 | lr 0.001000 | 0.1min
  step  1000 | loss 1.348216 | lr 0.000999 | 0.3min
  VAL 0.00%
  step  1500 | loss 1.329393 | lr 0.000998 | 0.4min
  step  2000 | loss 1.184243 | lr 0.000996 | 0.5min
  VAL 0.00%
  step  2500 | loss 0.851914 | lr 0.000994 | 0.6min
  step  3000 | loss 0.574167 | lr 0.000991 | 0.7min
  VAL 0.10%
  step  3500 | loss 0.478566 | lr 0.000987 | 0.9min
  step  4000 | loss 0.434631 | lr 0.000983 | 1.0min
  VAL 1.40%
  step  4500 | loss 0.391244 | lr 0.000978 | 1.1min
  step  5000 | loss 0.370839 | lr 0.000973 | 1.2min
  VAL 3.80%
  step  5500 | loss 0.344928 | lr 0.000967 | 1.3min
  step  6000 | loss 0.323732 | lr 0.000960 | 1.5min
  VAL 4.20%
  step  6500 | loss 0.321582 | lr 0.000953 | 1.6min
  step  7000 | loss 0.309788 | lr 0.000946 | 1.7min
  VAL 4.70%
  step  7500 | loss 0.303107 | lr 0.000937 | 1.8min
  step  8000 | loss 0.296689 | lr 0.000929 | 1.9min
  VAL 4.75%
  step  8500 | loss 0.298272 | lr 0.000919 | 2.0min
  step  9000 | loss 0.301053 | lr 0.000909 | 2.2min
  VAL 4.15%
  step  9500 | loss 0.299940 | lr 0.000899 | 2.3min
  step 10000 | loss 0.283813 | lr 0.000888 | 2.4min
  VAL 5.10%
  step 10500 | loss 0.298183 | lr 0.000877 | 2.5min
  step 11000 | loss 0.282784 | lr 0.000865 | 2.6min
  VAL 5.10%
  step 11500 | loss 0.286575 | lr 0.000853 | 2.7min
  step 12000 | loss 0.269066 | lr 0.000840 | 2.9min
  VAL 4.55%
  step 12500 | loss 0.269059 | lr 0.000827 | 3.0min
  step 13000 | loss 0.274177 | lr 0.000814 | 3.1min
  VAL 5.65%
  step 13500 | loss 0.271987 | lr 0.000800 | 3.2min
  step 14000 | loss 0.268470 | lr 0.000786 | 3.3min
  VAL 4.95%
  step 14500 | loss 0.264695 | lr 0.000771 | 3.5min
  step 15000 | loss 0.266183 | lr 0.000756 | 3.6min
  VAL 5.00%
  step 15500 | loss 0.262761 | lr 0.000741 | 3.7min
  step 16000 | loss 0.257765 | lr 0.000725 | 3.8min
  VAL 5.25%
  step 16500 | loss 0.266443 | lr 0.000709 | 3.9min
  step 17000 | loss 0.248534 | lr 0.000693 | 4.1min
  VAL 5.20%
  step 17500 | loss 0.254835 | lr 0.000677 | 4.2min
  step 18000 | loss 0.256633 | lr 0.000661 | 4.3min
  VAL 5.30%
  step 18500 | loss 0.254512 | lr 0.000644 | 4.4min
  step 19000 | loss 0.255993 | lr 0.000627 | 4.5min
  VAL 6.10%
  step 19500 | loss 0.258666 | lr 0.000610 | 4.6min
  step 20000 | loss 0.254299 | lr 0.000593 | 4.8min
  VAL 5.95%
  Early abort: validation below 50% at step 20000
