Model: RL4RL Autoresearch candidate
Author: configured in run manifest
Parameters (unique): 1986
Architecture: decoder-only addition transformer d=16, h=2, L=2, ff=10, block1_ff=8, fixed_separators=True, tied_position_pairs=[[4, 15], [7, 18], [5, 16], [3, 14], [2, 13], [8, 19], [6, 17], [1, 12], [0, 11], [9, 20]], interpolated_positions=[23, 24, 25, 26, 27], qkv_pruned=62
Tricks: autoregressive greedy decoding, weights from checkpoint

  Progress: 1000/10010 (998/1000 correct) [4.5s]
  Progress: 2000/10010 (1997/2000 correct) [9.3s]
  Progress: 3000/10010 (2995/3000 correct) [13.8s]
  Progress: 4000/10010 (3994/4000 correct) [18.2s]
  Progress: 5000/10010 (4993/5000 correct) [22.7s]
  Progress: 6000/10010 (5990/6000 correct) [27.1s]
  Progress: 7000/10010 (6989/7000 correct) [31.5s]
  Progress: 8000/10010 (7989/8000 correct) [36.0s]
  Progress: 9000/10010 (8987/9000 correct) [40.5s]
  Progress: 10000/10010 (9985/10000 correct) [44.9s]

Results: 9995/10010 correct (99.85%)
Time: 45.0s (223 additions/sec)
Status: QUALIFIED (threshold: 99%)

Failures (15):
  7829306287 + 1024919386 = 8854225673, got 8844225673
  9949339211 + 8948002488 = 18897341699, got 18997341699
  4624637094 + 517131976 = 5141769070, got 5041769070
  9278473654 + 9413599947 = 18692073601, got 19692073601
  3029838603 + 4424373860 = 7454212463, got 7444212463
  9217700662 + 9448597295 = 18666297957, got 19666297957
  9402679499 + 9293095411 = 18695774910, got 19695774910
  7295822456 + 4296380992 = 11592203448, got 11492203448
  9479323125 + 9453799615 = 18933122740, got 19933122740
  9444829971 + 9344612303 = 18789442274, got 19789442274
  9360408474 + 9213913869 = 18574322343, got 19574322343
  9516562991 + 9413390151 = 18929953142, got 19929953142
  9201756155 + 9771972022 = 18973728177, got 19973728177
  9322270328 + 9340964837 = 18663235165, got 19663235165
  9405934905 + 9458578691 = 18864513596, got 19864513596
