Model: RL4RL Autoresearch candidate
Author: configured in run manifest
Parameters (unique): 3488
Architecture: decoder-only addition transformer d=16, h=2, L=2, ff=8
Tricks: autoregressive greedy decoding, weights from checkpoint

  Progress: 1000/10010 (996/1000 correct) [6.5s]
  Progress: 2000/10010 (1994/2000 correct) [12.9s]
  Progress: 3000/10010 (2990/3000 correct) [19.4s]
  Progress: 4000/10010 (3989/4000 correct) [25.9s]
  Progress: 5000/10010 (4987/5000 correct) [32.4s]
  Progress: 6000/10010 (5982/6000 correct) [38.9s]
  Progress: 7000/10010 (6978/7000 correct) [45.4s]
  Progress: 8000/10010 (7971/8000 correct) [51.9s]
  Progress: 9000/10010 (8967/9000 correct) [58.4s]
  Progress: 10000/10010 (9963/10000 correct) [64.9s]

Results: 9973/10010 correct (99.63%)
Time: 65.0s (154 additions/sec)
Status: QUALIFIED (threshold: 99%)

First 20 failures (of 37):
  9134622609 + 9128967571 = 18263590180, got 19263590180
  4074712033 + 8030029417 = 12104741450, got 2104741450
  9008276723 + 1061168960 = 10069445683, got 69445683
  9123199209 + 9942384734 = 19065583943, got 29065583943
  8599797322 + 8699266275 = 17299063597, got 17399063597
  9081659111 + 9043816252 = 18125475363, got 19125475363
  9035118571 + 3031649771 = 12066768342, got 2066768342
  3092446384 + 8087484170 = 11179930554, got 1179930554
  9917837782 + 9187927018 = 19105764800, got 29105764800
  9059809146 + 9105769454 = 18165578600, got 19165578600
  3017850887 + 9062631288 = 12080482175, got 2080482175
  1908197835 + 2908889649 = 4817087484, got 4917087484
  9112370103 + 9961683730 = 19074053833, got 29074053833
  9135744998 + 9920460539 = 19056205537, got 29056205537
  2024241894 + 9046281760 = 11070523654, got 1070523654
  7907684753 + 6168267359 = 14075952112, got 15075952112
  2053284482 + 9015564682 = 11068849164, got 1068849164
  1050911330 + 9098600541 = 10149511871, got 149511871
  2798442901 + 7399612028 = 10198054929, got 10188054929
  9023790293 + 9609494928 = 18633285221, got 19633285221
