Model: 2,690 parameters
Config: d=14, h=2, L=2, ff=23
Device: mps

Training for 30000 steps...
  step   500 | loss 1.494133 | lr 0.001000 | 0.2min
  step  1000 | loss 1.452909 | lr 0.000999 | 0.3min
  VAL 0.00%
  step  1500 | loss 1.377679 | lr 0.000996 | 0.4min
  step  2000 | loss 1.324394 | lr 0.000992 | 0.6min
  VAL 0.00%
  step  2500 | loss 1.339660 | lr 0.000987 | 0.7min
  step  3000 | loss 1.272291 | lr 0.000980 | 0.9min
  VAL 0.00%
  step  3500 | loss 1.295707 | lr 0.000972 | 1.0min
  step  4000 | loss 1.116697 | lr 0.000962 | 1.1min
  VAL 0.00%
  step  4500 | loss 1.095658 | lr 0.000951 | 1.3min
  step  5000 | loss 1.036019 | lr 0.000939 | 1.4min
  VAL 0.00%
  step  5500 | loss 1.006755 | lr 0.000926 | 1.6min
  step  6000 | loss 0.925445 | lr 0.000912 | 1.7min
  VAL 0.00%
  step  6500 | loss 0.897269 | lr 0.000896 | 1.9min
  step  7000 | loss 0.897400 | lr 0.000880 | 2.0min
  VAL 0.00%
  step  7500 | loss 0.783156 | lr 0.000862 | 2.1min
  step  8000 | loss 0.733532 | lr 0.000843 | 2.3min
  VAL 0.00%
  step  8500 | loss 0.676074 | lr 0.000823 | 2.4min
  step  9000 | loss 0.679201 | lr 0.000803 | 2.6min
  VAL 0.00%
  step  9500 | loss 0.627405 | lr 0.000781 | 2.7min
  step 10000 | loss 0.626144 | lr 0.000759 | 2.9min
  VAL 0.00%
  step 10500 | loss 0.678026 | lr 0.000736 | 3.0min
  step 11000 | loss 0.635242 | lr 0.000713 | 3.1min
  VAL 0.00%
  step 11500 | loss 0.605049 | lr 0.000688 | 3.3min
  step 12000 | loss 0.549359 | lr 0.000664 | 3.4min
  VAL 0.00%
  step 12500 | loss 0.576807 | lr 0.000638 | 3.6min
  step 13000 | loss 0.552141 | lr 0.000613 | 3.7min
  VAL 0.00%
  step 13500 | loss 0.521080 | lr 0.000587 | 3.8min
  step 14000 | loss 0.570050 | lr 0.000561 | 4.0min
  VAL 0.00%
  step 14500 | loss 0.509885 | lr 0.000534 | 4.1min
  step 15000 | loss 0.393846 | lr 0.000508 | 4.3min
  VAL 0.00%
  step 15500 | loss 0.288583 | lr 0.000481 | 4.4min
  step 16000 | loss 0.137203 | lr 0.000455 | 4.6min
  VAL 2.30%
  step 16500 | loss 0.062107 | lr 0.000429 | 4.7min
  step 17000 | loss 0.040980 | lr 0.000403 | 4.9min
  VAL 28.45%
  step 17500 | loss 0.037603 | lr 0.000377 | 5.0min
  step 18000 | loss 0.028940 | lr 0.000352 | 5.2min
  VAL 48.90%
  step 18500 | loss 0.021860 | lr 0.000327 | 5.3min
  step 19000 | loss 0.015124 | lr 0.000302 | 5.4min
  VAL 72.40%
  step 19500 | loss 0.027625 | lr 0.000278 | 5.6min
  step 20000 | loss 0.011388 | lr 0.000255 | 5.7min
  VAL 81.55%
  step 20500 | loss 0.009795 | lr 0.000232 | 5.9min
  step 21000 | loss 0.008362 | lr 0.000210 | 6.0min
  VAL 85.60%
  step 21500 | loss 0.010293 | lr 0.000189 | 6.1min
  step 22000 | loss 0.005613 | lr 0.000169 | 6.3min
  VAL 90.30%
  step 22500 | loss 0.005240 | lr 0.000149 | 6.4min
  step 23000 | loss 0.005838 | lr 0.000131 | 6.5min
  VAL 93.45%
  step 23500 | loss 0.003959 | lr 0.000114 | 6.7min
  step 24000 | loss 0.003144 | lr 0.000097 | 6.8min
  VAL 95.05%
  step 24500 | loss 0.003624 | lr 0.000082 | 7.0min
  step 25000 | loss 0.002646 | lr 0.000068 | 7.1min
  VAL 96.10%
  step 25500 | loss 0.002916 | lr 0.000056 | 7.2min
  step 26000 | loss 0.002521 | lr 0.000044 | 7.4min
  VAL 96.85%
  step 26500 | loss 0.002258 | lr 0.000034 | 7.5min
  step 27000 | loss 0.002373 | lr 0.000025 | 7.6min
  VAL 97.55%
  step 27500 | loss 0.002115 | lr 0.000017 | 7.8min
  step 28000 | loss 0.002323 | lr 0.000011 | 7.9min
  VAL 97.45%
  step 28500 | loss 0.002366 | lr 0.000006 | 8.1min
  step 29000 | loss 0.002071 | lr 0.000003 | 8.2min
  VAL 97.75%
  step 29500 | loss 0.001949 | lr 0.000001 | 8.3min
  step 30000 | loss 0.002346 | lr 0.000000 | 8.5min
  VAL 97.75%

Training complete in 8.5 minutes
Best test accuracy: 0.0000%
