Model: RL4RL Autoresearch candidate
Author: configured in run manifest
Parameters (unique): 2690
Architecture: decoder-only addition transformer d=14, h=2, L=2, ff=23
Tricks: autoregressive greedy decoding, weights from checkpoint

  Progress: 1000/10010 (973/1000 correct) [7.8s]
  Progress: 2000/10010 (1948/2000 correct) [15.7s]
  Progress: 3000/10010 (2925/3000 correct) [23.4s]
  Progress: 4000/10010 (3903/4000 correct) [31.3s]
  Progress: 5000/10010 (4874/5000 correct) [39.2s]
  Progress: 6000/10010 (5854/6000 correct) [46.9s]
  Progress: 7000/10010 (6831/7000 correct) [55.2s]
  Progress: 8000/10010 (7807/8000 correct) [63.0s]
  Progress: 9000/10010 (8785/9000 correct) [70.8s]
  Progress: 10000/10010 (9769/10000 correct) [78.5s]

Results: 9779/10010 correct (97.69%)
Time: 78.6s (127 additions/sec)
Status: NOT QUALIFIED (threshold: 99%)

First 20 failures (of 231):
  9999999999 + 9999999999 = 19999999998, got 18999999998
  9999999999 + 9999999999 = 19999999998, got 18999999998
  9773982893 + 9769054290 = 19543037183, got 18543037183
  8823385853 + 6806146418 = 15629532271, got 15729532271
  9809325681 + 9732050258 = 19541375939, got 18541375939
  8008860398 + 8198644106 = 16207504504, got 17207504504
  7197773205 + 9077000387 = 16274773592, got 17274773592
  6780533471 + 5090190326 = 11870723797, got 11880723797
  9815978163 + 9778162604 = 19594140767, got 18594140767
  3301773111 + 9770315390 = 13072088501, got 14072088501
  1875957208 + 5809047019 = 7685004227, got 8685004227
  6088062572 + 2086199259 = 8174261831, got 7174261831
  8960718250 + 7314252129 = 16274970379, got 17274970379
  9894721768 + 9867080840 = 19761802608, got 18761802608
  7006283134 + 2075731875 = 9082015009, got 8082015009
  7988969783 + 8241929300 = 16230899083, got 17230899083
  9123199209 + 9942384734 = 19065583943, got 18065583943
  9957898751 + 9859613698 = 19817512449, got 18817512449
  6204394700 + 2858944372 = 9063339072, got 10063339072
  8948665722 + 7181898320 = 16130564042, got 17130564042
