Initialized from retained incumbent: /Users/utshaho/Documents/GitHub/rl4rl/data/raw/autoresearch/sol-xhigh-overnight-20260814/state/incumbent.pt
Model: 2,047 parameters
Config: d=16, h=2, L=2, ff=10
Device: mps

INITIAL VAL 99.55%
INITIAL TEST 99.2700%

Fine-tuning for up to 10000 steps...
  step   500 | loss 0.088268 | lr 0.000100 | 0.2min
  VAL 98.95%
  step  1000 | loss 0.088412 | lr 0.000099 | 0.3min
  VAL 99.70%
  TEST 99.4900%
  *** New best: 99.4900% ***
  step  1500 | loss 0.087151 | lr 0.000096 | 0.4min
  VAL 99.75%
  TEST 99.5800%
  *** New best: 99.5800% ***
  step  2000 | loss 0.088948 | lr 0.000093 | 0.6min
  VAL 99.25%
  TEST 99.0200%
  step  2500 | loss 0.087972 | lr 0.000088 | 0.7min
  VAL 99.60%
  TEST 99.3400%
  step  3000 | loss 0.090930 | lr 0.000082 | 0.8min
  VAL 99.05%
  TEST 99.0700%
  step  3500 | loss 0.086021 | lr 0.000075 | 1.0min
  VAL 99.50%
  TEST 99.6000%
  *** New best: 99.6000% ***
  step  4000 | loss 0.087323 | lr 0.000068 | 16.1min
  VAL 99.50%
  TEST 99.2300%
  step  4500 | loss 0.084826 | lr 0.000060 | 16.3min
  VAL 99.60%
  TEST 99.4400%
  step  5000 | loss 0.083692 | lr 0.000052 | 16.4min
  VAL 99.15%
  TEST 99.0600%
  step  5500 | loss 0.085363 | lr 0.000044 | 16.5min
  VAL 99.50%
  TEST 99.3300%
  step  6000 | loss 0.084150 | lr 0.000036 | 16.7min
  VAL 99.65%
  TEST 99.1200%
  step  6500 | loss 0.084456 | lr 0.000029 | 16.8min
  VAL 99.80%
  TEST 99.4700%
  step  7000 | loss 0.083531 | lr 0.000022 | 32.6min
  VAL 99.55%
  TEST 99.2000%
  step  7500 | loss 0.083722 | lr 0.000016 | 32.7min
  VAL 99.40%
  TEST 99.3600%
  step  8000 | loss 0.083358 | lr 0.000010 | 32.9min
  VAL 99.60%
  TEST 99.3700%
  step  8500 | loss 0.082592 | lr 0.000006 | 33.0min
  VAL 99.60%
  TEST 99.3400%
  step  9000 | loss 0.083101 | lr 0.000003 | 33.2min
  VAL 99.70%
  TEST 99.4100%
  step  9500 | loss 0.081703 | lr 0.000001 | 33.3min
  VAL 99.60%
  TEST 99.3800%
  step 10000 | loss 0.084747 | lr 0.000000 | 48.6min
  VAL 99.75%
  TEST 99.4200%

Training complete in 48.7 minutes
Best test accuracy: 99.6000%
