Model: RL4RL Autoresearch candidate
Author: configured in run manifest
Parameters (unique): 1658
Architecture: decoder-only addition transformer d=16, h=2, L=2, ff=16
Tricks: autoregressive greedy decoding, weights from checkpoint

  Progress: 1000/10010 (3/1000 correct) [7.2s]
  Progress: 2000/10010 (3/2000 correct) [14.0s]
  Progress: 3000/10010 (3/3000 correct) [20.1s]
  Progress: 4000/10010 (3/4000 correct) [26.6s]
  Progress: 5000/10010 (3/5000 correct) [33.5s]
  Progress: 6000/10010 (3/6000 correct) [41.0s]
  Progress: 7000/10010 (3/7000 correct) [48.6s]
  Progress: 8000/10010 (3/8000 correct) [56.0s]
  Progress: 9000/10010 (3/9000 correct) [63.6s]
  Progress: 10000/10010 (3/10000 correct) [71.2s]

Results: 3/10010 correct (0.03%)
Time: 71.3s (140 additions/sec)
Status: NOT QUALIFIED (threshold: 99%)

First 20 failures (of 10007):
  0 + 1 = 1, got 9
  9999999999 + 0 = 9999999999, got 11001011109
  9999999999 + 1 = 10000000000, got 11001011100
  5000000000 + 5000000000 = 10000000000, got 11000000000
  1111111111 + 8888888889 = 10000000000, got 19998888890
  1234567890 + 9876543210 = 11111111100, got 12012221200
  1 + 9999999999 = 10000000000, got 11001011000
  2395527356 + 9334186774 = 11729714130, got 12830603241
  4296888873 + 8475224721 = 12772113594, got 12864114609
  2446880696 + 4577514554 = 7024395250, got 9244390451
  1721735679 + 186192860 = 1907928539, got 9800726539
  3295396137 + 8512642381 = 11808038518, got 12010239529
  4721664841 + 8801376086 = 13523040927, got 24613140930
  8709633390 + 2191376109 = 10901009499, got 20801120509
  813236058 + 3041824170 = 3855060228, got 3875060228
  7038162399 + 8251837442 = 15289999841, got 16308910842
  3917771074 + 2558389380 = 6476160454, got 16536261368
  2345623234 + 894115330 = 3239738564, got 3341039478
  9635552803 + 139097711 = 9774650514, got 11084540509
  3369214745 + 1580376784 = 4949591529, got 15150682640
