Model: RL4RL Autoresearch candidate
Author: configured in run manifest
Parameters (unique): 1851
Architecture: decoder-only addition transformer d=16, h=2, L=2, ff=10, block1_ff=8, fixed_separators=True, tied_position_pairs=[[4, 15], [7, 18], [5, 16], [3, 14], [2, 13], [8, 19], [6, 17], [1, 12], [0, 11], [9, 20]], interpolated_positions=[23, 24, 25, 26, 27], qkv_pruned=197
Tricks: autoregressive greedy decoding, weights from checkpoint

  Progress: 1000/10010 (1000/1000 correct) [4.4s]
  Progress: 2000/10010 (1998/2000 correct) [8.8s]
  Progress: 3000/10010 (2997/3000 correct) [13.2s]
  Progress: 4000/10010 (3996/4000 correct) [17.7s]
  Progress: 5000/10010 (4994/5000 correct) [22.1s]
  Progress: 6000/10010 (5993/6000 correct) [26.5s]
  Progress: 7000/10010 (6993/7000 correct) [30.9s]
  Progress: 8000/10010 (7993/8000 correct) [35.5s]
  Progress: 9000/10010 (8993/9000 correct) [40.1s]
  Progress: 10000/10010 (9992/10000 correct) [44.9s]

Results: 10002/10010 correct (99.92%)
Time: 44.9s (223 additions/sec)
Status: QUALIFIED (threshold: 99%)

Failures (8):
  6026543306 + 9679448277 = 15705991583, got 15755991583
  6047119139 + 5060676488 = 11107795627, got 10107795627
  6660112625 + 5142876686 = 11802989311, got 10802989311
  1086907842 + 1573336600 = 2660244442, got 1660244442
  1020975102 + 2580856615 = 3601831717, got 2601831717
  5634381845 + 6168469548 = 11802851393, got 10802851393
  2828982940 + 2171822219 = 5000805159, got 4000805159
  2068770581 + 2967666774 = 5036437355, got 4036437355
