Model: RL4RL Autoresearch candidate
Author: configured in run manifest
Parameters (unique): 2304
Architecture: decoder-only addition transformer d=16, h=2, L=2, ff=10, block1_ff=8, fixed_equals=True
Tricks: autoregressive greedy decoding, weights from checkpoint

  Progress: 1000/10010 (999/1000 correct) [4.3s]
  Progress: 2000/10010 (1999/2000 correct) [8.6s]
  Progress: 3000/10010 (2999/3000 correct) [12.9s]
  Progress: 4000/10010 (3999/4000 correct) [17.2s]
  Progress: 5000/10010 (4999/5000 correct) [21.5s]
  Progress: 6000/10010 (5997/6000 correct) [25.8s]
  Progress: 7000/10010 (6997/7000 correct) [30.0s]
  Progress: 8000/10010 (7994/8000 correct) [34.3s]
  Progress: 9000/10010 (8990/9000 correct) [38.6s]
  Progress: 10000/10010 (9990/10000 correct) [42.9s]

Results: 10000/10010 correct (99.90%)
Time: 42.9s (233 additions/sec)
Status: QUALIFIED (threshold: 99%)

Failures (10):
  9949339211 + 8948002488 = 18897341699, got 18997341699
  8918493315 + 4192479048 = 13110972363, got 12110972363
  9479323125 + 9453799615 = 18933122740, got 19933122740
  8087922534 + 4931092410 = 13019014944, got 12019014944
  8567056258 + 8632750934 = 17199807192, got 17299807192
  5381465845 + 6312074028 = 11693539873, got 12693539873
  4976077648 + 8127685554 = 13103763202, got 12103763202
  8058421255 + 4981069997 = 13039491252, got 12039491252
  9516562991 + 9413390151 = 18929953142, got 19929953142
  9201756155 + 9771972022 = 18973728177, got 19973728177
