Model: RL4RL Autoresearch candidate
Author: configured in run manifest
Parameters (unique): 1887
Architecture: decoder-only addition transformer d=16, h=2, L=2, ff=10, block1_ff=8, fixed_separators=True, tied_position_pairs=[[4, 15], [7, 18], [5, 16], [3, 14], [2, 13], [8, 19], [6, 17], [1, 12], [0, 11], [9, 20]], interpolated_positions=[23, 24, 25, 26, 27], qkv_pruned=161
Tricks: autoregressive greedy decoding, weights from checkpoint

  Progress: 1000/10010 (1000/1000 correct) [4.4s]
  Progress: 2000/10010 (2000/2000 correct) [8.7s]
  Progress: 3000/10010 (3000/3000 correct) [13.1s]
  Progress: 4000/10010 (4000/4000 correct) [17.4s]
  Progress: 5000/10010 (5000/5000 correct) [21.7s]
  Progress: 6000/10010 (6000/6000 correct) [26.0s]
  Progress: 7000/10010 (7000/7000 correct) [30.3s]
  Progress: 8000/10010 (7999/8000 correct) [35.3s]
  Progress: 9000/10010 (8999/9000 correct) [39.7s]
  Progress: 10000/10010 (9999/10000 correct) [44.1s]

Results: 10009/10010 correct (99.99%)
Time: 44.1s (227 additions/sec)
Status: QUALIFIED (threshold: 99%)

Failures (1):
  1010334286 + 1799118342 = 2809452628, got 1809452628
