Initialized from retained incumbent: /Users/utshaho/Documents/GitHub/rl4rl/data/raw/autoresearch/sol-xhigh-overnight-20260814/state/incumbent.pt
Model: 3,486 parameters
Config: d=16, h=2, L=2, ff=10
Device: mps

INITIAL VAL 0.40%

Fine-tuning for up to 10000 steps...
  step   500 | loss 0.590095 | lr 0.000100 | 0.2min
  VAL 48.50%
  step  1000 | loss 0.514241 | lr 0.000099 | 0.3min
  VAL 48.10%
  step  1500 | loss 0.468663 | lr 0.000096 | 0.4min
  VAL 47.00%
  step  2000 | loss 0.426771 | lr 0.000093 | 0.5min
  VAL 46.55%
  step  2500 | loss 0.404085 | lr 0.000088 | 0.6min
  VAL 47.05%
  step  3000 | loss 0.383377 | lr 0.000082 | 0.8min
  VAL 48.35%
  step  3500 | loss 0.372636 | lr 0.000075 | 0.9min
  VAL 48.00%
  step  4000 | loss 0.350258 | lr 0.000068 | 1.0min
  VAL 49.00%
  step  4500 | loss 0.332173 | lr 0.000060 | 1.1min
  VAL 48.60%
  step  5000 | loss 0.328957 | lr 0.000052 | 1.3min
  VAL 49.00%
  step  5500 | loss 0.314948 | lr 0.000044 | 1.4min
  VAL 50.85%
  step  6000 | loss 0.302965 | lr 0.000036 | 1.5min
  VAL 54.00%
  step  6500 | loss 0.306845 | lr 0.000029 | 1.6min
  VAL 62.75%
  step  7000 | loss 0.295622 | lr 0.000022 | 1.8min
  VAL 72.85%
  step  7500 | loss 0.294697 | lr 0.000016 | 1.9min
  VAL 76.90%
  step  8000 | loss 0.291499 | lr 0.000010 | 2.0min
  VAL 79.75%
  step  8500 | loss 0.291022 | lr 0.000006 | 2.1min
  VAL 79.85%
  step  9000 | loss 0.287073 | lr 0.000003 | 2.2min
  VAL 82.05%
  step  9500 | loss 0.290501 | lr 0.000001 | 2.3min
  VAL 81.75%
  step 10000 | loss 0.288621 | lr 0.000000 | 2.5min
  VAL 82.05%

Training complete in 2.5 minutes
Best test accuracy: 0.0000%
