Model: 2,732 parameters
Config: d=14, h=2, L=2, ff=23
Device: mps

Training for 30000 steps...
  step   500 | loss 1.543576 | lr 0.001000 | 0.2min
  step  1000 | loss 1.387491 | lr 0.000999 | 0.3min
  VAL 0.00%
  step  1500 | loss 1.399135 | lr 0.000996 | 0.5min
  step  2000 | loss 1.395359 | lr 0.000992 | 0.6min
  VAL 0.00%
  step  2500 | loss 1.369163 | lr 0.000987 | 0.8min
  step  3000 | loss 1.340466 | lr 0.000980 | 0.9min
  VAL 0.00%
  step  3500 | loss 1.352194 | lr 0.000972 | 1.1min
  step  4000 | loss 1.368183 | lr 0.000962 | 1.2min
  VAL 0.00%
  step  4500 | loss 1.314457 | lr 0.000951 | 1.3min
  step  5000 | loss 1.291254 | lr 0.000939 | 1.5min
  VAL 0.00%
  step  5500 | loss 1.273571 | lr 0.000926 | 1.6min
  step  6000 | loss 1.315130 | lr 0.000912 | 1.8min
  VAL 0.00%
  step  6500 | loss 1.264399 | lr 0.000896 | 1.9min
  step  7000 | loss 1.239537 | lr 0.000880 | 2.1min
  VAL 0.00%
  step  7500 | loss 1.188137 | lr 0.000862 | 2.2min
  step  8000 | loss 1.218585 | lr 0.000843 | 2.4min
  VAL 0.00%
  step  8500 | loss 1.179727 | lr 0.000823 | 2.5min
  step  9000 | loss 1.218177 | lr 0.000803 | 2.7min
  VAL 0.00%
  step  9500 | loss 1.156724 | lr 0.000781 | 2.8min
  step 10000 | loss 1.183561 | lr 0.000759 | 3.0min
  VAL 0.00%
  step 10500 | loss 1.168394 | lr 0.000736 | 3.1min
  step 11000 | loss 1.167319 | lr 0.000713 | 3.3min
  VAL 0.00%
  step 11500 | loss 1.136813 | lr 0.000688 | 3.4min
  step 12000 | loss 1.139625 | lr 0.000664 | 3.6min
  VAL 0.00%
  step 12500 | loss 1.138539 | lr 0.000638 | 3.7min
  step 13000 | loss 1.121965 | lr 0.000613 | 3.8min
  VAL 0.00%
  step 13500 | loss 1.127287 | lr 0.000587 | 4.0min
  step 14000 | loss 1.122359 | lr 0.000561 | 4.1min
  VAL 0.00%
  step 14500 | loss 1.099231 | lr 0.000534 | 4.3min
  step 15000 | loss 1.058574 | lr 0.000508 | 4.4min
  VAL 0.00%
  step 15500 | loss 1.028106 | lr 0.000481 | 4.6min
  step 16000 | loss 1.010820 | lr 0.000455 | 4.7min
  VAL 0.00%
  step 16500 | loss 1.034030 | lr 0.000429 | 4.9min
  step 17000 | loss 1.042836 | lr 0.000403 | 5.0min
  VAL 0.00%
  step 17500 | loss 1.027552 | lr 0.000377 | 5.1min
  step 18000 | loss 1.010524 | lr 0.000352 | 5.3min
  VAL 0.00%
  step 18500 | loss 1.008269 | lr 0.000327 | 5.4min
  step 19000 | loss 1.041214 | lr 0.000302 | 5.6min
  VAL 0.00%
  step 19500 | loss 1.008757 | lr 0.000278 | 5.7min
  step 20000 | loss 1.015057 | lr 0.000255 | 5.9min
  VAL 0.00%
  step 20500 | loss 1.010206 | lr 0.000232 | 6.1min
  step 21000 | loss 1.002735 | lr 0.000210 | 6.2min
  VAL 0.00%
  step 21500 | loss 1.034001 | lr 0.000189 | 6.4min
  step 22000 | loss 1.011383 | lr 0.000169 | 6.5min
  VAL 0.00%
  step 22500 | loss 1.018458 | lr 0.000149 | 6.7min
  step 23000 | loss 1.013394 | lr 0.000131 | 6.8min
  VAL 0.00%
  step 23500 | loss 1.005762 | lr 0.000114 | 7.0min
  step 24000 | loss 1.004226 | lr 0.000097 | 7.1min
  VAL 0.00%
  step 24500 | loss 0.993421 | lr 0.000082 | 7.3min
  step 25000 | loss 1.002213 | lr 0.000068 | 7.4min
  VAL 0.00%
  step 25500 | loss 1.023456 | lr 0.000056 | 7.5min
  step 26000 | loss 1.017611 | lr 0.000044 | 7.7min
  VAL 0.00%
  step 26500 | loss 1.002831 | lr 0.000034 | 7.8min
  step 27000 | loss 1.013180 | lr 0.000025 | 8.0min
  VAL 0.00%
  step 27500 | loss 1.022678 | lr 0.000017 | 8.1min
  step 28000 | loss 0.988124 | lr 0.000011 | 8.3min
  VAL 0.00%
  step 28500 | loss 0.990327 | lr 0.000006 | 8.5min
  step 29000 | loss 1.018990 | lr 0.000003 | 8.6min
  VAL 0.00%
  step 29500 | loss 1.011968 | lr 0.000001 | 8.7min
  step 30000 | loss 1.023046 | lr 0.000000 | 8.9min
  VAL 0.00%

Training complete in 8.9 minutes
Best test accuracy: 0.0000%
