Model: RL4RL Autoresearch candidate
Author: configured in run manifest
Parameters (unique): 2732
Architecture: decoder-only addition transformer d=14, h=2, L=2, ff=23
Tricks: autoregressive greedy decoding, weights from checkpoint

  Progress: 1000/10010 (0/1000 correct) [8.1s]
  Progress: 2000/10010 (0/2000 correct) [16.1s]
  Progress: 3000/10010 (0/3000 correct) [24.3s]
  Progress: 4000/10010 (0/4000 correct) [32.3s]
  Progress: 5000/10010 (0/5000 correct) [40.4s]
  Progress: 6000/10010 (0/6000 correct) [48.6s]
  Progress: 7000/10010 (0/7000 correct) [56.7s]
  Progress: 8000/10010 (0/8000 correct) [64.7s]
  Progress: 9000/10010 (0/9000 correct) [72.7s]
  Progress: 10000/10010 (0/10000 correct) [80.8s]

Results: 0/10010 correct (0.00%)
Time: 80.9s (124 additions/sec)
Status: NOT QUALIFIED (threshold: 99%)

First 20 failures (of 10010):
  0 + 0 = 0, got 8
  0 + 1 = 1, got 8
  9999999999 + 0 = 9999999999, got 9999887764
  9999999999 + 1 = 10000000000, got 9999887764
  9999999999 + 9999999999 = 19999999998, got 13000006654
  5000000000 + 5000000000 = 10000000000, got 4000005031
  1111111111 + 8888888889 = 10000000000, got 10000044444
  1234567890 + 9876543210 = 11111111100, got 10239111055
  9999999999 + 9999999999 = 19999999998, got 13000006654
  1 + 9999999999 = 10000000000, got 9999888892
  2395527356 + 9334186774 = 11729714130, got 12748111199
  4296888873 + 8475224721 = 12772113594, got 11779111245
  2446880696 + 4577514554 = 7024395250, got 7012111199
  1721735679 + 186192860 = 1907928539, got 2007999055
  3295396137 + 8512642381 = 11808038518, got 10707023445
  4721664841 + 8801376086 = 13523040927, got 13323009905
  8709633390 + 2191376109 = 10901009499, got 10000044445
  813236058 + 3041824170 = 3855060228, got 4865999999
  7038162399 + 8251837442 = 15289999841, got 12289999766
  3917771074 + 2558389380 = 6476160454, got 6376905555
