Model: 2,096 parameters
Config: d=16, h=2, L=2, ff=15
Device: mps

Training for 45000 steps...
  step   500 | loss 1.508474 | lr 0.001000 | 0.1min
  step  1000 | loss 1.444003 | lr 0.000999 | 0.3min
  VAL 0.00%
  step  1500 | loss 1.384606 | lr 0.000998 | 0.4min
  step  2000 | loss 1.020110 | lr 0.000996 | 0.5min
  VAL 0.00%
  step  2500 | loss 0.728751 | lr 0.000994 | 0.6min
  step  3000 | loss 0.593744 | lr 0.000991 | 0.7min
  VAL 0.00%
  step  3500 | loss 0.497879 | lr 0.000987 | 0.8min
  step  4000 | loss 0.280195 | lr 0.000983 | 0.9min
  VAL 6.80%
  step  4500 | loss 0.214768 | lr 0.000978 | 1.0min
  step  5000 | loss 0.184194 | lr 0.000973 | 1.1min
  VAL 20.95%
  step  5500 | loss 0.168718 | lr 0.000967 | 1.2min
  step  6000 | loss 0.135547 | lr 0.000960 | 1.4min
  VAL 29.40%
  step  6500 | loss 0.126437 | lr 0.000953 | 1.5min
  step  7000 | loss 0.111002 | lr 0.000946 | 1.6min
  VAL 42.85%
  step  7500 | loss 0.091498 | lr 0.000937 | 1.7min
  step  8000 | loss 0.084397 | lr 0.000929 | 1.8min
  VAL 55.10%
  step  8500 | loss 0.077386 | lr 0.000919 | 1.9min
  step  9000 | loss 0.071828 | lr 0.000909 | 2.0min
  VAL 60.55%
  step  9500 | loss 0.063306 | lr 0.000899 | 2.1min
  step 10000 | loss 0.061684 | lr 0.000888 | 2.3min
  VAL 66.50%
  step 10500 | loss 0.060833 | lr 0.000877 | 2.4min
  step 11000 | loss 0.051655 | lr 0.000865 | 2.5min
  VAL 68.65%
  step 11500 | loss 0.049673 | lr 0.000853 | 2.6min
  step 12000 | loss 0.048948 | lr 0.000840 | 2.7min
  VAL 75.20%
  step 12500 | loss 0.050910 | lr 0.000827 | 2.8min
  step 13000 | loss 0.041919 | lr 0.000814 | 2.9min
  VAL 74.85%
  step 13500 | loss 0.044166 | lr 0.000800 | 3.0min
  step 14000 | loss 0.047312 | lr 0.000786 | 3.1min
  VAL 78.40%
  step 14500 | loss 0.040385 | lr 0.000771 | 3.2min
  step 15000 | loss 0.042057 | lr 0.000756 | 3.4min
  VAL 80.05%
  step 15500 | loss 0.039372 | lr 0.000741 | 3.4min
  step 16000 | loss 0.035405 | lr 0.000725 | 3.6min
  VAL 79.25%
  step 16500 | loss 0.036894 | lr 0.000709 | 3.7min
  step 17000 | loss 0.032811 | lr 0.000693 | 3.8min
  VAL 79.15%
  step 17500 | loss 0.031146 | lr 0.000677 | 3.9min
  step 18000 | loss 0.034465 | lr 0.000661 | 4.0min
  VAL 83.00%
  step 18500 | loss 0.034730 | lr 0.000644 | 4.1min
  step 19000 | loss 0.030364 | lr 0.000627 | 4.2min
  VAL 81.00%
  step 19500 | loss 0.040372 | lr 0.000610 | 4.3min
  step 20000 | loss 0.031678 | lr 0.000593 | 4.5min
  VAL 85.20%
  step 20500 | loss 0.032479 | lr 0.000575 | 4.6min
  step 21000 | loss 0.030388 | lr 0.000558 | 4.7min
  VAL 87.60%
  step 21500 | loss 0.030370 | lr 0.000540 | 4.8min
  step 22000 | loss 0.031212 | lr 0.000523 | 4.9min
  VAL 85.70%
  step 22500 | loss 0.030694 | lr 0.000505 | 5.0min
  step 23000 | loss 0.027386 | lr 0.000488 | 5.1min
  VAL 87.70%
  step 23500 | loss 0.028285 | lr 0.000470 | 5.3min
  step 24000 | loss 0.024886 | lr 0.000453 | 5.4min
  VAL 89.75%
  step 24500 | loss 0.028209 | lr 0.000435 | 5.5min
  step 25000 | loss 0.026754 | lr 0.000418 | 5.6min
  VAL 91.25%
  step 25500 | loss 0.026211 | lr 0.000401 | 5.7min
  step 26000 | loss 0.025896 | lr 0.000383 | 5.8min
  VAL 90.35%
  step 26500 | loss 0.025589 | lr 0.000366 | 5.9min
  step 27000 | loss 0.025313 | lr 0.000350 | 6.0min
  VAL 93.30%
  step 27500 | loss 0.023736 | lr 0.000333 | 6.1min
  step 28000 | loss 0.023556 | lr 0.000316 | 6.2min
  VAL 91.10%
  step 28500 | loss 0.023526 | lr 0.000300 | 6.4min
  step 29000 | loss 0.021684 | lr 0.000284 | 6.4min
  VAL 92.80%
  step 29500 | loss 0.022222 | lr 0.000268 | 6.6min
  step 30000 | loss 0.021558 | lr 0.000253 | 6.7min
  VAL 93.50%
  step 30500 | loss 0.021261 | lr 0.000238 | 6.8min
  step 31000 | loss 0.021039 | lr 0.000223 | 6.9min
  VAL 94.80%
  step 31500 | loss 0.020536 | lr 0.000209 | 7.0min
  step 32000 | loss 0.020821 | lr 0.000195 | 7.1min
  VAL 95.20%
  step 32500 | loss 0.019871 | lr 0.000181 | 7.2min
  step 33000 | loss 0.019084 | lr 0.000168 | 7.3min
  VAL 96.20%
  step 33500 | loss 0.018293 | lr 0.000155 | 7.5min
  step 34000 | loss 0.018560 | lr 0.000142 | 7.6min
  VAL 96.60%
  step 34500 | loss 0.018426 | lr 0.000130 | 7.7min
  step 35000 | loss 0.016765 | lr 0.000118 | 7.8min
  VAL 96.90%
  step 35500 | loss 0.016795 | lr 0.000107 | 7.9min
  step 36000 | loss 0.016117 | lr 0.000097 | 8.0min
  VAL 97.70%
  step 36500 | loss 0.016296 | lr 0.000087 | 8.1min
  step 37000 | loss 0.015417 | lr 0.000077 | 8.2min
  VAL 97.75%
  step 37500 | loss 0.015502 | lr 0.000068 | 8.3min
  step 38000 | loss 0.015060 | lr 0.000059 | 8.4min
  VAL 98.30%
  step 38500 | loss 0.014368 | lr 0.000051 | 8.5min
  step 39000 | loss 0.014203 | lr 0.000044 | 8.6min
  VAL 98.45%
  step 39500 | loss 0.013883 | lr 0.000037 | 8.8min
  step 40000 | loss 0.013879 | lr 0.000031 | 8.8min
  VAL 98.30%
  step 40500 | loss 0.013316 | lr 0.000025 | 9.0min
  step 41000 | loss 0.013327 | lr 0.000020 | 9.1min
  VAL 98.20%
  step 41500 | loss 0.012390 | lr 0.000015 | 9.2min
  step 42000 | loss 0.012887 | lr 0.000011 | 9.3min
  VAL 98.55%
  step 42500 | loss 0.013261 | lr 0.000008 | 9.4min
  step 43000 | loss 0.013019 | lr 0.000005 | 9.5min
  VAL 98.70%
  step 43500 | loss 0.012468 | lr 0.000003 | 9.6min
  step 44000 | loss 0.012051 | lr 0.000001 | 9.8min
  VAL 98.75%
  step 44500 | loss 0.012643 | lr 0.000000 | 9.9min
  step 45000 | loss 0.012905 | lr 0.000000 | 10.0min
  VAL 98.75%

Training complete in 10.0 minutes
Best test accuracy: 0.0000%
