Model: 3,280 parameters
Config: d=14, h=2, L=2, ff=20
Device: mps

Training for 30000 steps...
  step   500 | loss 1.484320 | lr 0.001000 | 0.2min
  step  1000 | loss 1.352582 | lr 0.000999 | 0.3min
  VAL 0.00%
  step  1500 | loss 1.368513 | lr 0.000996 | 0.4min
  step  2000 | loss 1.339914 | lr 0.000992 | 0.6min
  VAL 0.00%
  step  2500 | loss 1.345217 | lr 0.000987 | 0.7min
  step  3000 | loss 1.350081 | lr 0.000980 | 0.9min
  VAL 0.00%
  step  3500 | loss 1.278115 | lr 0.000972 | 1.0min
  step  4000 | loss 1.264336 | lr 0.000962 | 1.1min
  VAL 0.00%
  step  4500 | loss 1.215579 | lr 0.000951 | 1.3min
  step  5000 | loss 1.059936 | lr 0.000939 | 1.4min
  VAL 0.00%
  step  5500 | loss 0.801129 | lr 0.000926 | 1.5min
  step  6000 | loss 0.660994 | lr 0.000912 | 1.7min
  VAL 0.05%
  step  6500 | loss 0.621201 | lr 0.000896 | 1.8min
  step  7000 | loss 0.576559 | lr 0.000880 | 2.0min
  VAL 0.15%
  step  7500 | loss 0.558351 | lr 0.000862 | 2.1min
  step  8000 | loss 0.535223 | lr 0.000843 | 2.3min
  VAL 0.15%
  step  8500 | loss 0.522193 | lr 0.000823 | 2.4min
  step  9000 | loss 0.514314 | lr 0.000803 | 2.6min
  VAL 0.45%
  step  9500 | loss 0.510310 | lr 0.000781 | 2.7min
  step 10000 | loss 0.504988 | lr 0.000759 | 2.8min
  VAL 0.50%
  step 10500 | loss 0.495249 | lr 0.000736 | 3.0min
  step 11000 | loss 0.480367 | lr 0.000713 | 3.1min
  VAL 0.65%
  step 11500 | loss 0.475862 | lr 0.000688 | 3.2min
  step 12000 | loss 0.461393 | lr 0.000664 | 3.3min
  VAL 0.35%
  step 12500 | loss 0.460374 | lr 0.000638 | 3.5min
  step 13000 | loss 0.453460 | lr 0.000613 | 3.6min
  VAL 0.45%
  step 13500 | loss 0.450054 | lr 0.000587 | 3.7min
  step 14000 | loss 0.439612 | lr 0.000561 | 3.9min
  VAL 0.75%
  step 14500 | loss 0.442001 | lr 0.000534 | 4.0min
  step 15000 | loss 0.437628 | lr 0.000508 | 4.1min
  VAL 0.85%
  step 15500 | loss 0.432374 | lr 0.000481 | 4.2min
  step 16000 | loss 0.432257 | lr 0.000455 | 4.4min
  VAL 1.45%
  step 16500 | loss 0.430171 | lr 0.000429 | 4.5min
  step 17000 | loss 0.423993 | lr 0.000403 | 4.6min
  VAL 0.95%
  step 17500 | loss 0.424708 | lr 0.000377 | 4.8min
  step 18000 | loss 0.419883 | lr 0.000352 | 4.9min
  VAL 0.95%
  step 18500 | loss 0.421940 | lr 0.000327 | 5.0min
  step 19000 | loss 0.418549 | lr 0.000302 | 5.2min
  VAL 0.60%
  step 19500 | loss 0.415317 | lr 0.000278 | 5.3min
  step 20000 | loss 0.415820 | lr 0.000255 | 5.5min
  VAL 1.15%
  step 20500 | loss 0.414192 | lr 0.000232 | 5.6min
  step 21000 | loss 0.412875 | lr 0.000210 | 5.8min
  VAL 1.15%
  step 21500 | loss 0.412348 | lr 0.000189 | 6.0min
  step 22000 | loss 0.411141 | lr 0.000169 | 6.1min
  VAL 1.25%
  step 22500 | loss 0.410873 | lr 0.000149 | 6.2min
  step 23000 | loss 0.408988 | lr 0.000131 | 6.4min
  VAL 1.00%
  step 23500 | loss 0.408588 | lr 0.000114 | 6.5min
  step 24000 | loss 0.407464 | lr 0.000097 | 6.6min
  VAL 1.25%
  step 24500 | loss 0.406287 | lr 0.000082 | 6.8min
  step 25000 | loss 0.405783 | lr 0.000068 | 6.9min
  VAL 1.20%
  step 25500 | loss 0.405835 | lr 0.000056 | 7.1min
  step 26000 | loss 0.405506 | lr 0.000044 | 7.2min
  VAL 1.15%
  step 26500 | loss 0.405083 | lr 0.000034 | 7.4min
  step 27000 | loss 0.404210 | lr 0.000025 | 7.5min
  VAL 1.25%
  step 27500 | loss 0.404515 | lr 0.000017 | 7.7min
  step 28000 | loss 0.403939 | lr 0.000011 | 7.9min
  VAL 1.50%
  step 28500 | loss 0.403675 | lr 0.000006 | 8.0min
  step 29000 | loss 0.403856 | lr 0.000003 | 8.2min
  VAL 1.40%
  step 29500 | loss 0.401892 | lr 0.000001 | 8.3min
  step 30000 | loss 0.403036 | lr 0.000000 | 8.5min
  VAL 1.45%

Training complete in 8.5 minutes
Best test accuracy: 0.0000%
