Model: RL4RL Autoresearch candidate
Author: configured in run manifest
Parameters (unique): 1661
Architecture: decoder-only addition transformer d=16, h=2, L=2, ff=16
Tricks: autoregressive greedy decoding, weights from checkpoint

  Progress: 1000/10010 (0/1000 correct) [6.1s]
  Progress: 2000/10010 (0/2000 correct) [12.2s]
  Progress: 3000/10010 (0/3000 correct) [18.1s]
  Progress: 4000/10010 (0/4000 correct) [24.2s]
  Progress: 5000/10010 (0/5000 correct) [30.3s]
  Progress: 6000/10010 (0/6000 correct) [36.1s]
  Progress: 7000/10010 (0/7000 correct) [43.2s]
  Progress: 8000/10010 (0/8000 correct) [50.5s]
  Progress: 9000/10010 (0/9000 correct) [57.9s]
  Progress: 10000/10010 (0/10000 correct) [65.2s]

Results: 0/10010 correct (0.00%)
Time: 65.3s (153 additions/sec)
Status: NOT QUALIFIED (threshold: 99%)

First 20 failures (of 10010):
  0 + 0 = 0, got 333300
  0 + 1 = 1, got 333339
  9999999999 + 0 = 9999999999, got 9999900398
  9999999999 + 1 = 10000000000, got 9999900390
  9999999999 + 9999999999 = 19999999998, got 9999988797
  5000000000 + 5000000000 = 10000000000, got 333300
  1111111111 + 8888888889 = 10000000000, got 99999999900
  1234567890 + 9876543210 = 11111111100, got 10000103490
  9999999999 + 9999999999 = 19999999998, got 9999988797
  1 + 9999999999 = 10000000000, got 9999923390
  2395527356 + 9334186774 = 11729714130, got 11700049410
  4296888873 + 8475224721 = 12772113594, got 10990251743
  2446880696 + 4577514554 = 7024395250, got 9009293449
  1721735679 + 186192860 = 1907928539, got 9009046898
  3295396137 + 8512642381 = 11808038518, got 9999135339
  4721664841 + 8801376086 = 13523040927, got 10910390918
  8709633390 + 2191376109 = 10901009499, got 9990133393
  813236058 + 3041824170 = 3855060228, got 993940118
  7038162399 + 8251837442 = 15289999841, got 9109934422
  3917771074 + 2558389380 = 6476160454, got 96009484384
