Model: RL4RL Autoresearch candidate
Author: configured in run manifest
Parameters (unique): 2035
Architecture: decoder-only addition transformer d=16, h=2, L=2, ff=10, block1_ff=8, fixed_separators=True, tied_position_pairs=[[4, 15], [7, 18], [5, 16], [3, 14], [2, 13], [8, 19], [6, 17], [1, 12], [0, 11], [9, 20]], interpolated_positions=[23, 24, 25, 26, 27], qkv_pruned=13
Tricks: autoregressive greedy decoding, weights from checkpoint

  Progress: 1000/10010 (995/1000 correct) [4.5s]
  Progress: 2000/10010 (1991/2000 correct) [8.9s]
  Progress: 3000/10010 (2988/3000 correct) [13.3s]
  Progress: 4000/10010 (3985/4000 correct) [17.8s]
  Progress: 5000/10010 (4978/5000 correct) [22.2s]
  Progress: 6000/10010 (5973/6000 correct) [26.6s]
  Progress: 7000/10010 (6971/7000 correct) [31.0s]
  Progress: 8000/10010 (7971/8000 correct) [35.4s]
  Progress: 9000/10010 (8965/9000 correct) [39.9s]
  Progress: 10000/10010 (9963/10000 correct) [44.3s]

Results: 9973/10010 correct (99.63%)
Time: 44.3s (226 additions/sec)
Status: QUALIFIED (threshold: 99%)

First 20 failures (of 37):
  2643188197 + 7497706065 = 10140894262, got 15140894262
  2419324703 + 3516291980 = 5935616683, got 5835616683
  4501354141 + 9409669647 = 13911023788, got 13811023788
  9949339211 + 8948002488 = 18897341699, got 18997341699
  8654770020 + 8611605297 = 17266375317, got 12266375317
  2414276349 + 2517436867 = 4931713216, got 4831713216
  2763076017 + 9267356007 = 12030432024, got 12530432024
  2406321521 + 7667492626 = 10073814147, got 15073814147
  8599797322 + 8699266275 = 17299063597, got 12299063597
  2406531246 + 7680133623 = 10086664869, got 15086664869
  9278473654 + 9413599947 = 18692073601, got 19692073601
  5254066650 + 9287720511 = 14541787161, got 14441787161
  1415015538 + 2519348781 = 3934364319, got 3834364319
  6258014553 + 8283570450 = 14541585003, got 14441585003
  8662538351 + 8424932610 = 17087470961, got 12087470961
  8612709545 + 8402719103 = 17015428648, got 12015428648
  8191852004 + 7194996854 = 15386848858, got 15396848858
  4170940245 + 9199294247 = 13370234492, got 12370234492
  2476707217 + 7697999923 = 10174707140, got 15174707140
  8411484024 + 8901041669 = 17312525693, got 12312525693
