Model: 2,870 parameters
Config: d=14, h=2, L=2, ff=23
Device: mps

Training for 30000 steps...
  step   500 | loss 1.479773 | lr 0.001000 | 0.2min
  step  1000 | loss 1.431326 | lr 0.000999 | 0.3min
  VAL 0.00%
  step  1500 | loss 1.413502 | lr 0.000996 | 0.4min
  step  2000 | loss 1.371995 | lr 0.000992 | 0.6min
  VAL 0.00%
  step  2500 | loss 1.369535 | lr 0.000987 | 0.7min
  step  3000 | loss 1.378581 | lr 0.000980 | 0.9min
  VAL 0.00%
  step  3500 | loss 1.312884 | lr 0.000972 | 1.0min
  step  4000 | loss 1.292252 | lr 0.000962 | 1.2min
  VAL 0.00%
  step  4500 | loss 1.292480 | lr 0.000951 | 1.3min
  step  5000 | loss 1.259758 | lr 0.000939 | 1.4min
  VAL 0.00%
  step  5500 | loss 1.237034 | lr 0.000926 | 1.6min
  step  6000 | loss 1.190703 | lr 0.000912 | 1.7min
  VAL 0.00%
  step  6500 | loss 1.074036 | lr 0.000896 | 1.8min
  step  7000 | loss 0.814704 | lr 0.000880 | 2.0min
  VAL 0.00%
  step  7500 | loss 0.438229 | lr 0.000862 | 2.1min
  step  8000 | loss 0.249315 | lr 0.000843 | 2.3min
  VAL 2.50%
  step  8500 | loss 0.161076 | lr 0.000823 | 2.4min
  step  9000 | loss 0.113264 | lr 0.000803 | 2.5min
  VAL 23.65%
  step  9500 | loss 0.099545 | lr 0.000781 | 2.7min
  step 10000 | loss 0.073366 | lr 0.000759 | 2.8min
  VAL 39.70%
  step 10500 | loss 0.062898 | lr 0.000736 | 2.9min
  step 11000 | loss 0.051431 | lr 0.000713 | 3.1min
  VAL 45.95%
  step 11500 | loss 0.052768 | lr 0.000688 | 3.2min
  step 12000 | loss 0.037467 | lr 0.000664 | 3.4min
  VAL 60.75%
  step 12500 | loss 0.037559 | lr 0.000638 | 3.5min
  step 13000 | loss 0.031652 | lr 0.000613 | 3.7min
  VAL 69.90%
  step 13500 | loss 0.029874 | lr 0.000587 | 3.8min
  step 14000 | loss 0.027372 | lr 0.000561 | 3.9min
  VAL 70.40%
  step 14500 | loss 0.020803 | lr 0.000534 | 4.1min
  step 15000 | loss 0.023560 | lr 0.000508 | 4.2min
  VAL 75.75%
  step 15500 | loss 0.017599 | lr 0.000481 | 4.3min
  step 16000 | loss 0.018798 | lr 0.000455 | 4.5min
  VAL 75.55%
  step 16500 | loss 0.012967 | lr 0.000429 | 4.6min
  step 17000 | loss 0.012370 | lr 0.000403 | 4.8min
  VAL 84.80%
  step 17500 | loss 0.011538 | lr 0.000377 | 4.9min
  step 18000 | loss 0.013161 | lr 0.000352 | 5.0min
  VAL 85.65%
  step 18500 | loss 0.012511 | lr 0.000327 | 5.2min
  step 19000 | loss 0.007872 | lr 0.000302 | 5.3min
  VAL 90.30%
  step 19500 | loss 0.014534 | lr 0.000278 | 5.4min
  step 20000 | loss 0.006603 | lr 0.000255 | 5.6min
  VAL 91.15%
  step 20500 | loss 0.006032 | lr 0.000232 | 5.8min
  step 21000 | loss 0.007734 | lr 0.000210 | 5.9min
  VAL 92.35%
  step 21500 | loss 0.007244 | lr 0.000189 | 6.0min
  step 22000 | loss 0.004777 | lr 0.000169 | 6.2min
  VAL 92.75%
  step 22500 | loss 0.008149 | lr 0.000149 | 6.3min
  step 23000 | loss 0.005676 | lr 0.000131 | 6.4min
  VAL 94.15%
  step 23500 | loss 0.006258 | lr 0.000114 | 6.6min
  step 24000 | loss 0.005919 | lr 0.000097 | 6.7min
  VAL 94.75%
  step 24500 | loss 0.005820 | lr 0.000082 | 6.9min
  step 25000 | loss 0.004536 | lr 0.000068 | 7.0min
  VAL 94.35%
  step 25500 | loss 0.004199 | lr 0.000056 | 7.2min
  step 26000 | loss 0.003954 | lr 0.000044 | 7.3min
  VAL 94.85%
  step 26500 | loss 0.004295 | lr 0.000034 | 7.4min
  step 27000 | loss 0.003508 | lr 0.000025 | 7.6min
  VAL 95.50%
  step 27500 | loss 0.005295 | lr 0.000017 | 7.7min
  step 28000 | loss 0.006435 | lr 0.000011 | 7.8min
  VAL 95.55%
  step 28500 | loss 0.004166 | lr 0.000006 | 8.0min
  step 29000 | loss 0.003871 | lr 0.000003 | 8.1min
  VAL 95.85%
  step 29500 | loss 0.003727 | lr 0.000001 | 8.3min
  step 30000 | loss 0.003597 | lr 0.000000 | 8.4min
  VAL 95.85%

Training complete in 8.4 minutes
Best test accuracy: 0.0000%
