Model: RL4RL Autoresearch candidate
Author: configured in run manifest
Parameters (unique): 2870
Architecture: decoder-only addition transformer d=14, h=2, L=2, ff=23
Tricks: autoregressive greedy decoding, weights from checkpoint

  Progress: 1000/10010 (949/1000 correct) [9.3s]
  Progress: 2000/10010 (1912/2000 correct) [18.4s]
  Progress: 3000/10010 (2870/3000 correct) [27.3s]
  Progress: 4000/10010 (3827/4000 correct) [36.2s]
  Progress: 5000/10010 (4776/5000 correct) [45.1s]
  Progress: 6000/10010 (5723/6000 correct) [54.0s]
  Progress: 7000/10010 (6677/7000 correct) [62.5s]
  Progress: 8000/10010 (7639/8000 correct) [71.3s]
  Progress: 9000/10010 (8604/9000 correct) [80.3s]
  Progress: 10000/10010 (9564/10000 correct) [89.2s]

Results: 9574/10010 correct (95.64%)
Time: 89.2s (112 additions/sec)
Status: NOT QUALIFIED (threshold: 99%)

First 20 failures (of 436):
  5000000000 + 5000000000 = 10000000000, got 9000000000
  1550659006 + 2395544933 = 3946203939, got 3946204039
  1435116475 + 3173302247 = 4608418722, got 4708418722
  8823385853 + 6806146418 = 15629532271, got 15729532271
  4529066999 + 9231012381 = 13760079380, got 13761079380
  4245369000 + 8212998130 = 12458367130, got 12458367120
  6399886150 + 1679699782 = 8079585932, got 7079585932
  1120340031 + 7427393734 = 8547733765, got 8547734765
  8895095383 + 2422751790 = 11317847173, got 11317747173
  6785680981 + 6097908899 = 12883589880, got 12883599880
  5906320515 + 4104729680 = 10011050195, got 11011050195
  6198100021 + 4922017534 = 11120117555, got 11120127555
  4745146758 + 702444787 = 5447591545, got 5547591545
  4290461506 + 8830344091 = 13120805597, got 13130805597
  3006067053 + 93807523 = 3099874576, got 3099974576
  9945109883 + 2379279383 = 12324389266, got 11324389266
  6378803864 + 8130674508 = 14509478372, got 14609478372
  6006211569 + 4172839163 = 10179050732, got 9179050732
  3539288202 + 4861048062 = 8400336264, got 8401336264
  8456922853 + 7332349232 = 15789272085, got 16789272085
