Initialized from retained incumbent: /Users/utshaho/Documents/GitHub/rl4rl/data/raw/autoresearch/sol-xhigh-overnight-20260814/state/incumbent.pt
Model: 1,940 parameters
Config: d=16, h=2, L=2, ff=10
Device: mps

INITIAL VAL 0.50%

Fine-tuning for up to 10000 steps...
  step   500 | loss 0.067706 | lr 0.000100 | 0.1min
  VAL 93.55%
  step  1000 | loss 0.065622 | lr 0.000099 | 0.2min
  VAL 92.90%
  step  1500 | loss 0.067168 | lr 0.000096 | 0.3min
  VAL 92.70%
  step  2000 | loss 0.066535 | lr 0.000093 | 0.4min
  VAL 92.90%
  step  2500 | loss 0.065587 | lr 0.000088 | 0.5min
  VAL 93.75%
  step  3000 | loss 0.065921 | lr 0.000082 | 0.7min
  VAL 94.40%
  step  3500 | loss 0.064590 | lr 0.000075 | 0.7min
  VAL 95.00%
  step  4000 | loss 0.064570 | lr 0.000068 | 0.9min
  VAL 93.40%
  step  4500 | loss 0.065569 | lr 0.000060 | 0.9min
  VAL 92.95%
  step  5000 | loss 0.063987 | lr 0.000052 | 1.0min
  VAL 94.85%
  step  5500 | loss 0.063368 | lr 0.000044 | 1.1min
  VAL 94.65%
  step  6000 | loss 0.062897 | lr 0.000036 | 1.2min
  VAL 94.80%
  step  6500 | loss 0.063391 | lr 0.000029 | 1.3min
  VAL 94.95%
  step  7000 | loss 0.063788 | lr 0.000022 | 1.4min
  VAL 94.60%
  step  7500 | loss 0.060668 | lr 0.000016 | 1.5min
  VAL 94.20%
  step  8000 | loss 0.062681 | lr 0.000010 | 1.6min
  VAL 94.55%
  step  8500 | loss 0.063417 | lr 0.000006 | 1.7min
  VAL 94.70%
  step  9000 | loss 0.060950 | lr 0.000003 | 1.8min
  VAL 94.80%
  step  9500 | loss 0.063017 | lr 0.000001 | 1.9min
  VAL 94.65%
  step 10000 | loss 0.060343 | lr 0.000000 | 2.0min
  VAL 94.70%

Training complete in 2.0 minutes
Best test accuracy: 0.0000%
