Model: RL4RL Autoresearch candidate
Author: configured in run manifest
Parameters (unique): 1988
Architecture: decoder-only addition transformer d=16, h=2, L=2, ff=10, block1_ff=8, fixed_separators=True, tied_position_pairs=[[4, 15], [7, 18], [5, 16], [3, 14], [2, 13], [8, 19], [6, 17], [1, 12], [0, 11], [9, 20]], interpolated_positions=[23, 24, 25, 26, 27], qkv_pruned=60
Tricks: autoregressive greedy decoding, weights from checkpoint

  Progress: 1000/10010 (998/1000 correct) [4.4s]
  Progress: 2000/10010 (1997/2000 correct) [8.9s]
  Progress: 3000/10010 (2994/3000 correct) [13.3s]
  Progress: 4000/10010 (3988/4000 correct) [17.9s]
  Progress: 5000/10010 (4985/5000 correct) [22.4s]
  Progress: 6000/10010 (5983/6000 correct) [27.1s]
  Progress: 7000/10010 (6980/7000 correct) [31.8s]
  Progress: 8000/10010 (7979/8000 correct) [36.5s]
  Progress: 9000/10010 (8975/9000 correct) [41.5s]
  Progress: 10000/10010 (9973/10000 correct) [46.0s]

Results: 9983/10010 correct (99.73%)
Time: 46.0s (218 additions/sec)
Status: QUALIFIED (threshold: 99%)

First 20 failures (of 27):
  7829306287 + 1024919386 = 8854225673, got 8844225673
  8278760141 + 9789423285 = 18068183426, got 18468183426
  4624637094 + 517131976 = 5141769070, got 5041769070
  9278473654 + 9413599947 = 18692073601, got 19692073601
  3029838603 + 4424373860 = 7454212463, got 7444212463
  5793391971 + 3268104699 = 9061496670, got 8461496670
  1798242999 + 3267329002 = 5065572001, got 4465572001
  6220808416 + 5189773965 = 11410582381, got 10410582381
  769934205 + 3291658886 = 4061593091, got 4461593091
  6194898600 + 6145852101 = 12340750701, got 11340750701
  7273544685 + 1791057659 = 9064602344, got 9564602344
  9217700662 + 9448597295 = 18666297957, got 19666297957
  3669896045 + 5516370678 = 9186266723, got 9086266723
  5634381845 + 6168469548 = 11802851393, got 10802851393
  9402679499 + 9293095411 = 18695774910, got 19695774910
  9767461414 + 3295939467 = 13063400881, got 12463400881
  9479323125 + 9453799615 = 18933122740, got 19933122740
  1299553028 + 7719303009 = 9018856037, got 9518856037
  9611914057 + 7529885855 = 17141799912, got 17041799912
  1618177326 + 9562788083 = 11180965409, got 11080965409
