Model: 2,924 parameters
Config: d=14, h=2, L=2, ff=18
Device: mps

Training for 45000 steps...
  step   500 | loss 1.539834 | lr 0.001000 | 0.2min
  step  1000 | loss 1.458286 | lr 0.000999 | 0.3min
  VAL 0.00%
  step  1500 | loss 1.429310 | lr 0.000998 | 0.4min
  step  2000 | loss 1.384111 | lr 0.000997 | 0.6min
  VAL 0.00%
  step  2500 | loss 1.389381 | lr 0.000995 | 0.7min
  step  3000 | loss 1.393314 | lr 0.000992 | 0.8min
  VAL 0.00%
  step  3500 | loss 1.341890 | lr 0.000989 | 1.0min
  step  4000 | loss 1.319022 | lr 0.000985 | 1.1min
  VAL 0.00%
  step  4500 | loss 1.340731 | lr 0.000981 | 1.2min
  step  5000 | loss 1.270408 | lr 0.000976 | 1.4min
  VAL 0.00%
  step  5500 | loss 1.122577 | lr 0.000970 | 1.5min
  step  6000 | loss 0.930113 | lr 0.000964 | 1.6min
  VAL 0.00%
  step  6500 | loss 0.866478 | lr 0.000958 | 1.8min
  step  7000 | loss 0.811980 | lr 0.000951 | 1.9min
  VAL 0.00%
  step  7500 | loss 0.753928 | lr 0.000944 | 2.0min
  step  8000 | loss 0.704888 | lr 0.000936 | 2.2min
  VAL 0.00%
  step  8500 | loss 0.664413 | lr 0.000927 | 2.3min
  step  9000 | loss 0.522313 | lr 0.000918 | 2.4min
  VAL 0.00%
  step  9500 | loss 0.352060 | lr 0.000909 | 2.6min
  step 10000 | loss 0.299420 | lr 0.000899 | 2.7min
  VAL 1.75%
  step 10500 | loss 0.240182 | lr 0.000889 | 2.8min
  step 11000 | loss 0.094277 | lr 0.000879 | 3.0min
  VAL 14.45%
  step 11500 | loss 0.086945 | lr 0.000868 | 3.1min
  step 12000 | loss 0.085333 | lr 0.000856 | 3.2min
  VAL 17.95%
  step 12500 | loss 0.076664 | lr 0.000844 | 3.3min
  step 13000 | loss 0.063738 | lr 0.000832 | 3.5min
  VAL 21.50%
  step 13500 | loss 0.061298 | lr 0.000820 | 3.6min
  step 14000 | loss 0.064526 | lr 0.000807 | 3.7min
  VAL 26.45%
  step 14500 | loss 0.047886 | lr 0.000794 | 3.9min
  step 15000 | loss 0.048628 | lr 0.000780 | 4.0min
  VAL 32.30%
  step 15500 | loss 0.048512 | lr 0.000767 | 4.1min
  step 16000 | loss 0.050161 | lr 0.000753 | 4.3min
  VAL 32.85%
  step 16500 | loss 0.048421 | lr 0.000739 | 4.4min
  step 17000 | loss 0.048904 | lr 0.000724 | 4.5min
  VAL 38.70%
  step 17500 | loss 0.047941 | lr 0.000709 | 4.6min
  step 18000 | loss 0.043851 | lr 0.000694 | 4.8min
  VAL 40.80%
  step 18500 | loss 0.038077 | lr 0.000679 | 4.9min
  step 19000 | loss 0.038588 | lr 0.000664 | 5.0min
  VAL 39.35%
  step 19500 | loss 0.040649 | lr 0.000649 | 5.1min
  step 20000 | loss 0.042051 | lr 0.000633 | 5.3min
  VAL 40.60%
  step 20500 | loss 0.041102 | lr 0.000618 | 5.4min
  step 21000 | loss 0.039961 | lr 0.000602 | 5.5min
  VAL 38.25%
  step 21500 | loss 0.039808 | lr 0.000586 | 5.7min
  step 22000 | loss 0.038871 | lr 0.000571 | 5.8min
  VAL 31.85%
  step 22500 | loss 0.039409 | lr 0.000555 | 5.9min
  step 23000 | loss 0.043845 | lr 0.000539 | 6.0min
  VAL 43.80%
  step 23500 | loss 0.041104 | lr 0.000523 | 6.2min
  step 24000 | loss 0.037662 | lr 0.000507 | 6.3min
  VAL 42.70%
  step 24500 | loss 0.039629 | lr 0.000492 | 6.4min
  step 25000 | loss 0.046538 | lr 0.000476 | 6.5min
  VAL 41.10%
  step 25500 | loss 0.035630 | lr 0.000460 | 6.6min
  step 26000 | loss 0.036034 | lr 0.000445 | 6.7min
  VAL 48.15%
  step 26500 | loss 0.037774 | lr 0.000430 | 6.9min
  step 27000 | loss 0.035290 | lr 0.000415 | 7.0min
  VAL 50.05%
  step 27500 | loss 0.037089 | lr 0.000400 | 7.1min
  step 28000 | loss 0.038148 | lr 0.000385 | 7.2min
  VAL 52.75%
  step 28500 | loss 0.031065 | lr 0.000370 | 7.4min
  step 29000 | loss 0.034153 | lr 0.000356 | 7.5min
  VAL 54.75%
  step 29500 | loss 0.031125 | lr 0.000342 | 7.6min
  step 30000 | loss 0.031757 | lr 0.000328 | 7.8min
  VAL 59.90%
  step 30500 | loss 0.029759 | lr 0.000314 | 7.9min
  step 31000 | loss 0.029075 | lr 0.000301 | 8.0min
  VAL 63.20%
  step 31500 | loss 0.027843 | lr 0.000288 | 8.2min
  step 32000 | loss 0.029031 | lr 0.000275 | 8.3min
  VAL 59.85%
  step 32500 | loss 0.026517 | lr 0.000263 | 8.4min
  step 33000 | loss 0.027313 | lr 0.000251 | 8.5min
  VAL 65.60%
  step 33500 | loss 0.026753 | lr 0.000239 | 8.7min
  step 34000 | loss 0.027361 | lr 0.000228 | 8.8min
  VAL 65.75%
  step 34500 | loss 0.026054 | lr 0.000217 | 8.9min
  step 35000 | loss 0.025283 | lr 0.000207 | 9.1min
  VAL 69.55%
  step 35500 | loss 0.021603 | lr 0.000197 | 9.2min
  step 36000 | loss 0.022455 | lr 0.000187 | 9.3min
  VAL 69.70%
  step 36500 | loss 0.022068 | lr 0.000178 | 9.5min
  step 37000 | loss 0.023850 | lr 0.000169 | 9.6min
  VAL 72.30%
  step 37500 | loss 0.024300 | lr 0.000161 | 9.7min
  step 38000 | loss 0.021471 | lr 0.000153 | 9.9min
  VAL 74.55%
  step 38500 | loss 0.021073 | lr 0.000146 | 10.0min
  step 39000 | loss 0.019346 | lr 0.000139 | 10.1min
  VAL 78.15%
  step 39500 | loss 0.020222 | lr 0.000133 | 10.3min
  step 40000 | loss 0.018883 | lr 0.000128 | 10.4min
  VAL 81.70%
  step 40500 | loss 0.018612 | lr 0.000122 | 10.5min
  step 41000 | loss 0.019183 | lr 0.000118 | 10.7min
  VAL 82.05%
  step 41500 | loss 0.017878 | lr 0.000114 | 10.8min
  step 42000 | loss 0.016951 | lr 0.000110 | 10.9min
  VAL 83.75%
  step 42500 | loss 0.017705 | lr 0.000107 | 11.1min
  step 43000 | loss 0.016635 | lr 0.000104 | 11.2min
  VAL 83.50%
  step 43500 | loss 0.016609 | lr 0.000102 | 11.3min
  step 44000 | loss 0.016767 | lr 0.000101 | 11.5min
  VAL 85.55%
  step 44500 | loss 0.015723 | lr 0.000100 | 11.6min
  step 45000 | loss 0.015251 | lr 0.000100 | 11.7min
  VAL 87.15%

Training complete in 11.8 minutes
Best test accuracy: 0.0000%
