Model: 2,676 parameters
Config: d=14, h=2, L=2, ff=23
Device: mps

Training for 50000 steps...
  step   500 | loss 1.486475 | lr 0.001000 | 0.2min
  step  1000 | loss 1.341424 | lr 0.001000 | 0.3min
  VAL 0.00%
  step  1500 | loss 1.382582 | lr 0.000999 | 0.5min
  step  2000 | loss 1.321839 | lr 0.000997 | 0.6min
  VAL 0.00%
  step  2500 | loss 1.307370 | lr 0.000995 | 0.8min
  step  3000 | loss 1.236352 | lr 0.000993 | 0.9min
  VAL 0.00%
  step  3500 | loss 1.199945 | lr 0.000990 | 1.0min
  step  4000 | loss 1.199301 | lr 0.000986 | 1.2min
  VAL 0.00%
  step  4500 | loss 1.195785 | lr 0.000982 | 1.3min
  step  5000 | loss 1.198851 | lr 0.000978 | 1.5min
  VAL 0.00%
  step  5500 | loss 1.155849 | lr 0.000973 | 1.6min
  step  6000 | loss 1.160814 | lr 0.000968 | 1.8min
  VAL 0.00%
  step  6500 | loss 1.113063 | lr 0.000962 | 1.9min
  step  7000 | loss 0.846419 | lr 0.000956 | 2.0min
  VAL 0.00%
  step  7500 | loss 0.536734 | lr 0.000949 | 2.2min
  step  8000 | loss 0.358784 | lr 0.000942 | 2.3min
  VAL 0.15%
  step  8500 | loss 0.274428 | lr 0.000934 | 2.5min
  step  9000 | loss 0.247579 | lr 0.000926 | 2.6min
  VAL 4.75%
  step  9500 | loss 0.228359 | lr 0.000918 | 2.7min
  step 10000 | loss 0.214533 | lr 0.000909 | 2.9min
  VAL 6.45%
  step 10500 | loss 0.205887 | lr 0.000900 | 3.1min
  step 11000 | loss 0.199549 | lr 0.000890 | 3.2min
  VAL 10.05%
  step 11500 | loss 0.198399 | lr 0.000880 | 3.4min
  step 12000 | loss 0.197230 | lr 0.000869 | 3.6min
  VAL 8.30%
  step 12500 | loss 0.194510 | lr 0.000859 | 3.7min
  step 13000 | loss 0.194741 | lr 0.000847 | 3.9min
  VAL 10.45%
  step 13500 | loss 0.195081 | lr 0.000836 | 4.1min
  step 14000 | loss 0.194735 | lr 0.000824 | 4.2min
  VAL 9.50%
  step 14500 | loss 0.193916 | lr 0.000812 | 4.4min
  step 15000 | loss 0.193897 | lr 0.000799 | 4.6min
  VAL 9.40%
  step 15500 | loss 0.192677 | lr 0.000786 | 4.7min
  step 16000 | loss 0.194374 | lr 0.000773 | 4.9min
  VAL 9.65%
  step 16500 | loss 0.194468 | lr 0.000760 | 5.1min
  step 17000 | loss 0.194337 | lr 0.000746 | 5.2min
  VAL 10.65%
  step 17500 | loss 0.193427 | lr 0.000732 | 5.4min
  step 18000 | loss 0.193873 | lr 0.000718 | 5.6min
  VAL 10.10%
  step 18500 | loss 0.192780 | lr 0.000704 | 7.4min
  step 19000 | loss 0.192793 | lr 0.000690 | 7.7min
  VAL 10.60%
  step 19500 | loss 0.191424 | lr 0.000675 | 7.9min
  step 20000 | loss 0.189217 | lr 0.000660 | 8.1min
  VAL 11.70%
  step 20500 | loss 0.182641 | lr 0.000645 | 8.2min
  step 21000 | loss 0.150096 | lr 0.000630 | 8.4min
  VAL 24.15%
  step 21500 | loss 0.002834 | lr 0.000614 | 8.6min
  step 22000 | loss 0.000585 | lr 0.000599 | 8.7min
  VAL 98.80%
  step 22500 | loss 0.000921 | lr 0.000583 | 8.8min
  step 23000 | loss 0.001392 | lr 0.000568 | 9.0min
  VAL 95.30%
  step 23500 | loss 0.000049 | lr 0.000552 | 9.1min
  step 24000 | loss 0.000316 | lr 0.000536 | 9.3min
  VAL 97.65%
  step 24500 | loss 0.000041 | lr 0.000521 | 9.4min
  step 25000 | loss 0.002652 | lr 0.000505 | 9.6min
  VAL 81.55%
  step 25500 | loss 0.000030 | lr 0.000489 | 9.7min
  step 26000 | loss 0.000022 | lr 0.000473 | 9.9min
  VAL 99.95%
  TEST 99.9700%
  *** New best: 99.9700% ***
  step 26500 | loss 0.000017 | lr 0.000457 | 10.1min
  step 27000 | loss 0.000009 | lr 0.000442 | 10.2min
  VAL 100.00%
  TEST 99.9900%
  *** New best: 99.9900% ***
  step 27500 | loss 0.000009 | lr 0.000426 | 10.4min
  step 28000 | loss 0.000009 | lr 0.000410 | 10.5min
  VAL 100.00%
  TEST 99.9700%
  step 28500 | loss 0.000016 | lr 0.000395 | 10.7min
  step 29000 | loss 0.000157 | lr 0.000380 | 10.9min
  VAL 99.75%
  TEST 99.8300%
  step 29500 | loss 0.000071 | lr 0.000364 | 11.1min
  step 30000 | loss 0.000085 | lr 0.000349 | 11.2min
  VAL 99.70%
  TEST 99.8900%
  step 30500 | loss 0.000024 | lr 0.000334 | 11.4min
  step 31000 | loss 0.000005 | lr 0.000319 | 11.5min
  VAL 100.00%
  TEST 100.0000%
  *** New best: 100.0000% ***
  step 31500 | loss 0.000003 | lr 0.000305 | 11.7min
  step 32000 | loss 0.000004 | lr 0.000290 | 11.8min
  VAL 100.00%
  TEST 100.0000%
  step 32500 | loss 0.000004 | lr 0.000276 | 12.0min
  step 33000 | loss 0.000003 | lr 0.000262 | 12.2min
  VAL 100.00%
  TEST 100.0000%
  step 33500 | loss 0.000003 | lr 0.000248 | 12.4min
  step 34000 | loss 0.000004 | lr 0.000235 | 12.5min
  VAL 100.00%
  TEST 99.9800%
  step 34500 | loss 0.000007 | lr 0.000221 | 12.7min
  step 35000 | loss 0.000002 | lr 0.000208 | 12.8min
  VAL 100.00%
  TEST 100.0000%
  step 35500 | loss 0.000002 | lr 0.000196 | 13.0min
  step 36000 | loss 0.000002 | lr 0.000183 | 13.2min
  VAL 100.00%
  TEST 100.0000%
  step 36500 | loss 0.000109 | lr 0.000171 | 13.4min
  step 37000 | loss 0.000001 | lr 0.000160 | 13.5min
  VAL 100.00%
  TEST 100.0000%
  step 37500 | loss 0.000001 | lr 0.000148 | 13.7min
  step 38000 | loss 0.000001 | lr 0.000137 | 13.8min
  VAL 100.00%
  TEST 100.0000%
  step 38500 | loss 0.000001 | lr 0.000126 | 14.0min
  step 39000 | loss 0.000001 | lr 0.000116 | 14.1min
  VAL 100.00%
  TEST 100.0000%
  step 39500 | loss 0.000002 | lr 0.000106 | 14.3min
  step 40000 | loss 0.000000 | lr 0.000097 | 14.5min
  VAL 100.00%
  TEST 100.0000%
  step 40500 | loss 0.000001 | lr 0.000087 | 14.7min
  step 41000 | loss 0.000002 | lr 0.000079 | 14.8min
  VAL 100.00%
  TEST 100.0000%
  step 41500 | loss 0.000001 | lr 0.000070 | 15.0min
  step 42000 | loss 0.000000 | lr 0.000063 | 15.2min
  VAL 100.00%
  TEST 100.0000%
  step 42500 | loss 0.000001 | lr 0.000055 | 15.4min
  step 43000 | loss 0.000000 | lr 0.000048 | 15.6min
  VAL 100.00%
  TEST 100.0000%
  step 43500 | loss 0.000000 | lr 0.000042 | 15.8min
  step 44000 | loss 0.000000 | lr 0.000036 | 16.0min
  VAL 100.00%
  TEST 100.0000%
  step 44500 | loss 0.000000 | lr 0.000030 | 16.1min
  step 45000 | loss 0.000000 | lr 0.000025 | 16.3min
  VAL 100.00%
  TEST 100.0000%
  step 45500 | loss 0.000000 | lr 0.000020 | 16.5min
  step 46000 | loss 0.000000 | lr 0.000016 | 16.6min
  VAL 100.00%
  TEST 100.0000%
  step 46500 | loss 0.000000 | lr 0.000012 | 16.8min
  step 47000 | loss 0.000000 | lr 0.000009 | 17.0min
  VAL 100.00%
  TEST 100.0000%
  step 47500 | loss 0.000000 | lr 0.000006 | 17.1min
  step 48000 | loss 0.000000 | lr 0.000004 | 17.3min
  VAL 100.00%
  TEST 100.0000%
  step 48500 | loss 0.000000 | lr 0.000002 | 17.5min
  step 49000 | loss 0.000000 | lr 0.000001 | 17.6min
  VAL 100.00%
  TEST 100.0000%
  step 49500 | loss 0.000000 | lr 0.000000 | 17.8min
  step 50000 | loss 0.000000 | lr 0.000000 | 18.0min
  VAL 100.00%
  TEST 100.0000%

Training complete in 18.0 minutes
Best test accuracy: 100.0000%
