Initialized from retained incumbent: /Users/utshaho/Documents/GitHub/rl4rl/data/raw/autoresearch/sol-xhigh-overnight-20260814/state/incumbent.pt
Model: 2,048 parameters
Config: d=16, h=2, L=2, ff=10
Device: mps

INITIAL VAL 0.00%

Fine-tuning for up to 10000 steps...
  step   500 | loss 0.410671 | lr 0.000100 | 0.1min
  VAL 3.75%
  step  1000 | loss 0.102912 | lr 0.000099 | 0.3min
  VAL 93.25%
  step  1500 | loss 0.101575 | lr 0.000096 | 0.4min
  VAL 96.60%
  step  2000 | loss 0.097160 | lr 0.000093 | 0.5min
  VAL 97.80%
  step  2500 | loss 0.094332 | lr 0.000088 | 0.6min
  VAL 98.40%
  step  3000 | loss 0.096735 | lr 0.000082 | 0.7min
  VAL 98.60%
  step  3500 | loss 0.093445 | lr 0.000075 | 0.8min
  VAL 99.25%
  TEST 99.0700%
  *** New best: 99.0700% ***
  step  4000 | loss 0.091739 | lr 0.000068 | 1.0min
  VAL 99.10%
  TEST 98.7100%
  step  4500 | loss 0.091130 | lr 0.000060 | 1.1min
  VAL 99.10%
  TEST 98.6700%
  step  5000 | loss 0.090907 | lr 0.000052 | 1.3min
  VAL 99.30%
  TEST 99.0800%
  *** New best: 99.0800% ***
  step  5500 | loss 0.090068 | lr 0.000044 | 1.4min
  VAL 99.55%
  TEST 99.2000%
  *** New best: 99.2000% ***
  step  6000 | loss 0.090281 | lr 0.000036 | 1.6min
  VAL 98.70%
  step  6500 | loss 0.089821 | lr 0.000029 | 1.7min
  VAL 99.45%
  TEST 99.1900%
  step  7000 | loss 0.091436 | lr 0.000022 | 1.8min
  VAL 98.65%
  step  7500 | loss 0.088073 | lr 0.000016 | 1.9min
  VAL 99.10%
  TEST 98.9200%
  step  8000 | loss 0.088235 | lr 0.000010 | 2.1min
  VAL 99.55%
  TEST 99.2700%
  *** New best: 99.2700% ***
  step  8500 | loss 0.087630 | lr 0.000006 | 2.2min
  VAL 99.30%
  TEST 99.0200%
  step  9000 | loss 0.087938 | lr 0.000003 | 2.4min
  VAL 99.35%
  TEST 99.2300%
  step  9500 | loss 0.088055 | lr 0.000001 | 2.5min
  VAL 99.50%
  TEST 99.2700%
  step 10000 | loss 0.088150 | lr 0.000000 | 2.6min
  VAL 99.55%
  TEST 99.2300%

Training complete in 2.7 minutes
Best test accuracy: 99.2700%
