Model: RL4RL Autoresearch candidate
Author: configured in run manifest
Parameters (unique): 2048
Architecture: decoder-only addition transformer d=16, h=2, L=2, ff=10, block1_ff=8, fixed_separators=True, tied_position_pairs=[[4, 15], [7, 18], [5, 16], [3, 14], [2, 13], [8, 19], [6, 17], [1, 12], [0, 11], [9, 20]], interpolated_positions=[23, 24, 25, 26, 27]
Tricks: autoregressive greedy decoding, weights from checkpoint

  Progress: 1000/10010 (993/1000 correct) [4.3s]
  Progress: 2000/10010 (1988/2000 correct) [8.7s]
  Progress: 3000/10010 (2985/3000 correct) [13.0s]
  Progress: 4000/10010 (3981/4000 correct) [17.3s]
  Progress: 5000/10010 (4970/5000 correct) [21.6s]
  Progress: 6000/10010 (5964/6000 correct) [25.9s]
  Progress: 7000/10010 (6959/7000 correct) [30.2s]
  Progress: 8000/10010 (7957/8000 correct) [34.5s]
  Progress: 9000/10010 (8951/9000 correct) [38.8s]
  Progress: 10000/10010 (9946/10000 correct) [43.1s]

Results: 9956/10010 correct (99.46%)
Time: 43.2s (232 additions/sec)
Status: QUALIFIED (threshold: 99%)

First 20 failures (of 54):
  6780533471 + 5090190326 = 11870723797, got 10870723797
  522575479 + 8607633217 = 9130208696, got 9030208696
  9089267194 + 4171613667 = 13260880861, got 12260880861
  1590870754 + 3891940101 = 5482810855, got 5492810855
  4501354141 + 9409669647 = 13911023788, got 13811023788
  9949339211 + 8948002488 = 18897341699, got 18997341699
  8654770020 + 8611605297 = 17266375317, got 12266375317
  4624637094 + 517131976 = 5141769070, got 5041769070
  2763076017 + 9267356007 = 12030432024, got 12530432024
  6047119139 + 5060676488 = 11107795627, got 10107795627
  8619826738 + 4616944263 = 13236771001, got 13136771001
  8599797322 + 8699266275 = 17299063597, got 12299063597
  6660112625 + 5142876686 = 11802989311, got 10802989311
  6502104084 + 3629980434 = 10132084518, got 10032084518
  3439094253 + 1591035692 = 5030129945, got 5020129945
  1965085837 + 3760032072 = 5725117909, got 5715117909
  5223111991 + 4089695551 = 9312807542, got 8312807542
  4034928587 + 9194216638 = 13229145225, got 12229145225
  8662538351 + 8424932610 = 17087470961, got 12087470961
  3669896045 + 5516370678 = 9186266723, got 9086266723
