Model: 3,045 parameters
Config: d=14, h=2, L=2, ff=19
Device: mps

Training for 45000 steps...
  step   500 | loss 1.473468 | lr 0.001000 | 0.2min
  step  1000 | loss 1.392712 | lr 0.000999 | 0.3min
  VAL 0.00%
  step  1500 | loss 1.369693 | lr 0.000998 | 0.4min
  step  2000 | loss 1.353344 | lr 0.000997 | 0.6min
  VAL 0.00%
  step  2500 | loss 1.319599 | lr 0.000995 | 0.7min
  step  3000 | loss 1.273912 | lr 0.000992 | 0.8min
  VAL 0.00%
  step  3500 | loss 1.204260 | lr 0.000989 | 1.0min
  step  4000 | loss 1.152897 | lr 0.000985 | 1.1min
  VAL 0.00%
  step  4500 | loss 0.958488 | lr 0.000981 | 1.2min
  step  5000 | loss 0.758828 | lr 0.000976 | 1.4min
  VAL 0.00%
  step  5500 | loss 0.638459 | lr 0.000970 | 1.5min
  step  6000 | loss 0.562858 | lr 0.000964 | 1.6min
  VAL 0.00%
  step  6500 | loss 0.481606 | lr 0.000958 | 1.7min
  step  7000 | loss 0.433994 | lr 0.000951 | 1.9min
  VAL 0.45%
  step  7500 | loss 0.382555 | lr 0.000944 | 2.0min
  step  8000 | loss 0.343840 | lr 0.000936 | 2.2min
  VAL 3.00%
  step  8500 | loss 0.317253 | lr 0.000927 | 2.3min
  step  9000 | loss 0.300377 | lr 0.000918 | 2.4min
  VAL 6.80%
  step  9500 | loss 0.283457 | lr 0.000909 | 2.6min
  step 10000 | loss 0.274005 | lr 0.000899 | 2.7min
  VAL 8.30%
  step 10500 | loss 0.271897 | lr 0.000889 | 2.8min
  step 11000 | loss 0.273067 | lr 0.000879 | 3.0min
  VAL 6.55%
  step 11500 | loss 0.261112 | lr 0.000868 | 3.1min
  step 12000 | loss 0.260476 | lr 0.000856 | 3.2min
  VAL 7.10%
  step 12500 | loss 0.253216 | lr 0.000844 | 3.4min
  step 13000 | loss 0.252010 | lr 0.000832 | 3.5min
  VAL 7.40%
  step 13500 | loss 0.255717 | lr 0.000820 | 3.6min
  step 14000 | loss 0.250576 | lr 0.000807 | 3.8min
  VAL 7.25%
  step 14500 | loss 0.249436 | lr 0.000794 | 3.9min
  step 15000 | loss 0.250589 | lr 0.000780 | 4.0min
  VAL 8.00%
  step 15500 | loss 0.247456 | lr 0.000767 | 4.1min
  step 16000 | loss 0.249902 | lr 0.000753 | 4.3min
  VAL 6.60%
  step 16500 | loss 0.250342 | lr 0.000739 | 4.4min
  step 17000 | loss 0.249081 | lr 0.000724 | 4.6min
  VAL 6.70%
  step 17500 | loss 0.244633 | lr 0.000709 | 4.7min
  step 18000 | loss 0.242676 | lr 0.000694 | 4.8min
  VAL 8.15%
  step 18500 | loss 0.240975 | lr 0.000679 | 4.9min
  step 19000 | loss 0.236229 | lr 0.000664 | 5.1min
  VAL 8.35%
  step 19500 | loss 0.234036 | lr 0.000649 | 5.2min
  step 20000 | loss 0.242737 | lr 0.000633 | 5.4min
  VAL 9.80%
  step 20500 | loss 0.231306 | lr 0.000618 | 5.5min
  step 21000 | loss 0.234612 | lr 0.000602 | 5.6min
  VAL 8.80%
  step 21500 | loss 0.231614 | lr 0.000586 | 5.8min
  step 22000 | loss 0.231321 | lr 0.000571 | 5.9min
  VAL 10.05%
  step 22500 | loss 0.228442 | lr 0.000555 | 6.0min
  step 23000 | loss 0.231668 | lr 0.000539 | 6.2min
  VAL 9.15%
  step 23500 | loss 0.230388 | lr 0.000523 | 6.3min
  step 24000 | loss 0.229197 | lr 0.000507 | 6.4min
  VAL 9.55%
  step 24500 | loss 0.228631 | lr 0.000492 | 6.6min
  step 25000 | loss 0.228790 | lr 0.000476 | 6.7min
  VAL 10.20%
  step 25500 | loss 0.228730 | lr 0.000460 | 6.8min
  step 26000 | loss 0.226422 | lr 0.000445 | 6.9min
  VAL 10.70%
  step 26500 | loss 0.225927 | lr 0.000430 | 7.1min
  step 27000 | loss 0.224434 | lr 0.000415 | 7.2min
  VAL 8.70%
  step 27500 | loss 0.225062 | lr 0.000400 | 7.3min
  step 28000 | loss 0.226418 | lr 0.000385 | 7.4min
  VAL 8.70%
  step 28500 | loss 0.223789 | lr 0.000370 | 7.6min
  step 29000 | loss 0.223535 | lr 0.000356 | 7.7min
  VAL 10.10%
  step 29500 | loss 0.224656 | lr 0.000342 | 7.8min
  step 30000 | loss 0.223491 | lr 0.000328 | 7.9min
  VAL 9.95%
  step 30500 | loss 0.223961 | lr 0.000314 | 8.1min
  step 31000 | loss 0.223483 | lr 0.000301 | 8.2min
  VAL 9.75%
  step 31500 | loss 0.222666 | lr 0.000288 | 8.3min
  step 32000 | loss 0.221622 | lr 0.000275 | 8.4min
  VAL 9.50%
  step 32500 | loss 0.222000 | lr 0.000263 | 8.5min
  step 33000 | loss 0.220641 | lr 0.000251 | 8.6min
  VAL 9.30%
  step 33500 | loss 0.221866 | lr 0.000239 | 8.8min
  step 34000 | loss 0.220690 | lr 0.000228 | 8.9min
  VAL 9.90%
  step 34500 | loss 0.220155 | lr 0.000217 | 9.0min
  step 35000 | loss 0.218955 | lr 0.000207 | 9.1min
  VAL 9.25%
  step 35500 | loss 0.219523 | lr 0.000197 | 9.2min
  step 36000 | loss 0.218906 | lr 0.000187 | 9.3min
  VAL 9.50%
  step 36500 | loss 0.218592 | lr 0.000178 | 9.5min
  step 37000 | loss 0.217984 | lr 0.000169 | 9.6min
  VAL 9.85%
  step 37500 | loss 0.218471 | lr 0.000161 | 9.8min
  step 38000 | loss 0.218531 | lr 0.000153 | 9.9min
  VAL 9.35%
  step 38500 | loss 0.217895 | lr 0.000146 | 10.0min
  step 39000 | loss 0.217635 | lr 0.000139 | 10.1min
  VAL 9.20%
  step 39500 | loss 0.217146 | lr 0.000133 | 10.3min
  step 40000 | loss 0.216189 | lr 0.000128 | 10.4min
  VAL 9.85%
  step 40500 | loss 0.215146 | lr 0.000122 | 10.5min
  step 41000 | loss 0.216324 | lr 0.000118 | 10.7min
  VAL 9.90%
  step 41500 | loss 0.215054 | lr 0.000114 | 10.8min
  step 42000 | loss 0.216024 | lr 0.000110 | 10.9min
  VAL 9.70%
  step 42500 | loss 0.215833 | lr 0.000107 | 11.1min
  step 43000 | loss 0.215183 | lr 0.000104 | 11.2min
  VAL 9.35%
  step 43500 | loss 0.215009 | lr 0.000102 | 11.3min
  step 44000 | loss 0.215380 | lr 0.000101 | 11.5min
  VAL 9.50%
  step 44500 | loss 0.214878 | lr 0.000100 | 11.6min
  step 45000 | loss 0.215364 | lr 0.000100 | 11.7min
  VAL 9.55%

Training complete in 11.8 minutes
Best test accuracy: 0.0000%
