Model: RL4RL Autoresearch candidate
Author: configured in run manifest
Parameters (unique): 1593
Architecture: decoder-only addition transformer d=16, h=2, L=2, ff=16
Tricks: autoregressive greedy decoding, weights from checkpoint

  Progress: 1000/10010 (0/1000 correct) [8.0s]
  Progress: 2000/10010 (0/2000 correct) [14.8s]
  Progress: 3000/10010 (0/3000 correct) [21.3s]
  Progress: 4000/10010 (0/4000 correct) [27.7s]
  Progress: 5000/10010 (0/5000 correct) [34.2s]
  Progress: 6000/10010 (0/6000 correct) [40.6s]
  Progress: 7000/10010 (0/7000 correct) [47.0s]
  Progress: 8000/10010 (0/8000 correct) [53.4s]
  Progress: 9000/10010 (0/9000 correct) [59.8s]
  Progress: 10000/10010 (0/10000 correct) [66.2s]

Results: 0/10010 correct (0.00%)
Time: 66.2s (151 additions/sec)
Status: NOT QUALIFIED (threshold: 99%)

First 20 failures (of 10010):
  0 + 0 = 0, got 21034
  0 + 1 = 1, got 3000021034
  9999999999 + 0 = 9999999999, got 9900091996
  9999999999 + 1 = 10000000000, got 9900091996
  9999999999 + 9999999999 = 19999999998, got 8979870987
  5000000000 + 5000000000 = 10000000000, got 7700021034
  1111111111 + 8888888889 = 10000000000, got 10009980016
  1234567890 + 9876543210 = 11111111100, got 8901362006
  9999999999 + 9999999999 = 19999999998, got 8979870987
  1 + 9999999999 = 10000000000, got 8900001936
  2395527356 + 9334186774 = 11729714130, got 8800272106
  4296888873 + 8475224721 = 12772113594, got 9822173646
  2446880696 + 4577514554 = 7024395250, got 8934493227
  1721735679 + 186192860 = 1907928539, got 1909833536
  3295396137 + 8512642381 = 11808038518, got 9998763466
  4721664841 + 8801376086 = 13523040927, got 9842371946
  8709633390 + 2191376109 = 10901009499, got 9901462466
  813236058 + 3041824170 = 3855060228, got 2065831156
  7038162399 + 8251837442 = 15289999841, got 9910962886
  3917771074 + 2558389380 = 6476160454, got 2036472437
