Model: RL4RL Autoresearch candidate
Author: configured in run manifest
Parameters (unique): 2320
Architecture: decoder-only addition transformer d=16, h=2, L=2, ff=10, block1_ff=8
Tricks: autoregressive greedy decoding, weights from checkpoint

  Progress: 1000/10010 (993/1000 correct) [4.3s]
  Progress: 2000/10010 (1989/2000 correct) [8.6s]
  Progress: 3000/10010 (2987/3000 correct) [12.8s]
  Progress: 4000/10010 (3984/4000 correct) [17.1s]
  Progress: 5000/10010 (4982/5000 correct) [21.6s]
  Progress: 6000/10010 (5976/6000 correct) [26.0s]
  Progress: 7000/10010 (6974/7000 correct) [30.2s]
  Progress: 8000/10010 (7965/8000 correct) [34.5s]
  Progress: 9000/10010 (8958/9000 correct) [38.7s]
  Progress: 10000/10010 (9956/10000 correct) [43.0s]

Results: 9966/10010 correct (99.56%)
Time: 43.0s (233 additions/sec)
Status: QUALIFIED (threshold: 99%)

First 20 failures (of 44):
  2536203353 + 8631955822 = 11168159175, got 11268159175
  8693822958 + 4911429359 = 13605252317, got 12605252317
  5326553614 + 6662354459 = 11988908073, got 12988908073
  5302550042 + 6296125709 = 11598675751, got 12598675751
  8555181831 + 4641387687 = 13196569518, got 13296569518
  9949339211 + 8948002488 = 18897341699, got 18997341699
  6116232171 + 6692893101 = 12809125272, got 11809125272
  4535326060 + 4644399062 = 9179725122, got 9279725122
  6244776385 + 5340082866 = 11584859251, got 12584859251
  1552635546 + 1248515946 = 2801151492, got 1801151492
  6638309442 + 7559821571 = 14198131013, got 14298131013
  4547179891 + 4642766658 = 9189946549, got 9289946549
  6341962675 + 5311142055 = 11653104730, got 12653104730
  6420949794 + 5273451263 = 11694401057, got 12694401057
  6464321395 + 5526650306 = 11990971701, got 12990971701
  8539130777 + 2659289115 = 11198419892, got 11298419892
  1113391968 + 1688419658 = 2801811626, got 1801811626
  5174115572 + 6822658224 = 11996773796, got 12996773796
  8918493315 + 4192479048 = 13110972363, got 12110972363
  7646880009 + 2551938226 = 10198818235, got 10298818235
