Initialized from retained incumbent: /Users/utshaho/Documents/GitHub/rl4rl/data/raw/autoresearch/sol-xhigh-overnight-20260814/state/incumbent.pt
Model: 2,256 parameters
Config: d=16, h=2, L=2, ff=10
Device: mps

INITIAL VAL 100.00%
INITIAL TEST 99.9900%

Fine-tuning for up to 10000 steps...
  step   500 | loss 0.115592 | lr 0.000100 | 0.2min
  VAL 100.00%
  TEST 99.9400%
  step  1000 | loss 0.116753 | lr 0.000099 | 0.3min
  VAL 100.00%
  TEST 99.9800%
  step  1500 | loss 0.114590 | lr 0.000096 | 0.4min
  VAL 99.95%
  TEST 99.9600%
  step  2000 | loss 0.114491 | lr 0.000093 | 0.6min
  VAL 99.95%
  TEST 99.9800%
  step  2500 | loss 0.110908 | lr 0.000088 | 0.7min
  VAL 99.90%
  TEST 99.9500%
  step  3000 | loss 0.111304 | lr 0.000082 | 0.9min
  VAL 100.00%
  TEST 99.9900%
  step  3500 | loss 0.114970 | lr 0.000075 | 1.0min
  VAL 100.00%
  TEST 99.9600%
  step  4000 | loss 0.113575 | lr 0.000068 | 1.1min
  VAL 100.00%
  TEST 99.9900%
  step  4500 | loss 0.113172 | lr 0.000060 | 1.2min
  VAL 100.00%
  TEST 99.9800%
  step  5000 | loss 0.111969 | lr 0.000052 | 1.4min
  VAL 99.95%
  TEST 100.0000%
  *** New best: 100.0000% ***
Fine-tuned candidate reached the early-stop target.
