Model: RL4RL Autoresearch candidate
Author: configured in run manifest
Parameters (unique): 1542
Architecture: decoder-only addition transformer d=16, h=2, L=2, ff=16
Tricks: autoregressive greedy decoding, weights from checkpoint

  Progress: 1000/10010 (985/1000 correct) [8.7s]
  Progress: 2000/10010 (1977/2000 correct) [16.9s]
  Progress: 3000/10010 (2971/3000 correct) [25.5s]
  Progress: 4000/10010 (3966/4000 correct) [35.7s]
  Progress: 5000/10010 (4958/5000 correct) [45.8s]
  Progress: 6000/10010 (5951/6000 correct) [54.8s]
  Progress: 7000/10010 (6936/7000 correct) [62.9s]
  Progress: 8000/10010 (7926/8000 correct) [71.0s]
  Progress: 9000/10010 (8917/9000 correct) [79.1s]
  Progress: 10000/10010 (9911/10000 correct) [87.2s]

Results: 9921/10010 correct (99.11%)
Time: 87.3s (115 additions/sec)
Status: QUALIFIED (threshold: 99%)

First 20 failures (of 89):
  5353030368 + 2525515399 = 7878545767, got 17878545767
  7197773205 + 9077000387 = 16274773592, got 6274773592
  6509152292 + 9209120080 = 15718272372, got 15818272372
  6969938512 + 1800378914 = 8770317426, got 8670317426
  9229471617 + 9474184142 = 18703655759, got 17703655759
  9089267194 + 4171613667 = 13260880861, got 14260880861
  9802221894 + 7858087157 = 17660309051, got 17560309051
  1976493916 + 1906487771 = 3882981687, got 3782981687
  5468975900 + 1438734356 = 6907710256, got 5907710256
  2383813986 + 5194289640 = 7578103626, got 8578103626
  6832437373 + 3830048430 = 10662485803, got 10562485803
  2060434325 + 4050653496 = 6111087821, got 6011087821
  1978347876 + 4802489172 = 6780837048, got 6680837048
  8953485676 + 8712760635 = 17666246311, got 27666246311
  6840669308 + 801434060 = 7642103368, got 7542103368
  4890126842 + 3800011500 = 8690138342, got 8590138342
  5603460909 + 6036423440 = 11639884349, got 1639884349
  3501935208 + 9726184827 = 13228120035, got 12228120035
  5068301911 + 2389048768 = 7457350679, got 8457350679
  5151169942 + 2377091063 = 7528261005, got 8528261005
