Model: 2,753 parameters
Config: d=14, h=2, L=2, ff=23
Device: mps

Training for 30000 steps...
  step   500 | loss 1.536704 | lr 0.001000 | 0.2min
  step  1000 | loss 1.404109 | lr 0.000999 | 0.4min
  VAL 0.00%
  step  1500 | loss 1.378410 | lr 0.000996 | 0.5min
  step  2000 | loss 1.380249 | lr 0.000992 | 0.7min
  VAL 0.00%
  step  2500 | loss 1.297270 | lr 0.000987 | 0.8min
  step  3000 | loss 1.300928 | lr 0.000980 | 1.0min
  VAL 0.00%
  step  3500 | loss 1.273417 | lr 0.000972 | 1.2min
  step  4000 | loss 1.203513 | lr 0.000962 | 1.4min
  VAL 0.00%
  step  4500 | loss 1.168693 | lr 0.000951 | 1.5min
  step  5000 | loss 0.853385 | lr 0.000939 | 1.7min
  VAL 0.00%
  step  5500 | loss 0.660302 | lr 0.000926 | 1.8min
  step  6000 | loss 0.489187 | lr 0.000912 | 2.0min
  VAL 0.00%
  step  6500 | loss 0.342372 | lr 0.000896 | 2.2min
  step  7000 | loss 0.169432 | lr 0.000880 | 2.4min
  VAL 1.05%
  step  7500 | loss 0.041251 | lr 0.000862 | 2.5min
  step  8000 | loss 0.020975 | lr 0.000843 | 2.7min
  VAL 70.65%
  step  8500 | loss 0.013475 | lr 0.000823 | 2.9min
  step  9000 | loss 0.006560 | lr 0.000803 | 3.1min
  VAL 83.65%
  step  9500 | loss 0.004669 | lr 0.000781 | 3.2min
  step 10000 | loss 0.004068 | lr 0.000759 | 3.4min
  VAL 95.30%
  step 10500 | loss 0.002611 | lr 0.000736 | 3.5min
  step 11000 | loss 0.002074 | lr 0.000713 | 3.7min
  VAL 97.00%
  step 11500 | loss 0.001483 | lr 0.000688 | 3.8min
  step 12000 | loss 0.000643 | lr 0.000664 | 3.9min
  VAL 98.15%
  step 12500 | loss 0.000874 | lr 0.000638 | 4.1min
  step 13000 | loss 0.001276 | lr 0.000613 | 4.2min
  VAL 98.60%
  step 13500 | loss 0.000967 | lr 0.000587 | 4.4min
  step 14000 | loss 0.000394 | lr 0.000561 | 4.6min
  VAL 97.90%
  step 14500 | loss 0.000663 | lr 0.000534 | 4.7min
  step 15000 | loss 0.000542 | lr 0.000508 | 4.9min
  VAL 99.05%
  TEST 99.0400%
  *** New best: 99.0400% ***
  step 15500 | loss 0.000157 | lr 0.000481 | 5.1min
  step 16000 | loss 0.000254 | lr 0.000455 | 5.3min
  VAL 99.30%
  TEST 99.5100%
  *** New best: 99.5100% ***
  step 16500 | loss 0.000142 | lr 0.000429 | 5.6min
  step 17000 | loss 0.000317 | lr 0.000403 | 5.8min
  VAL 98.45%
  step 17500 | loss 0.000065 | lr 0.000377 | 5.9min
  step 18000 | loss 0.000816 | lr 0.000352 | 6.1min
  VAL 99.10%
  TEST 99.0800%
  step 18500 | loss 0.000118 | lr 0.000327 | 6.3min
  step 19000 | loss 0.000691 | lr 0.000302 | 6.5min
  VAL 99.20%
  TEST 99.1400%
  step 19500 | loss 0.000368 | lr 0.000278 | 6.7min
  step 20000 | loss 0.000199 | lr 0.000255 | 6.9min
  VAL 99.75%
  TEST 99.8300%
  *** New best: 99.8300% ***
  step 20500 | loss 0.000043 | lr 0.000232 | 7.1min
  step 21000 | loss 0.000138 | lr 0.000210 | 7.2min
  VAL 99.70%
  TEST 99.8200%
  step 21500 | loss 0.000094 | lr 0.000189 | 7.5min
  step 22000 | loss 0.000052 | lr 0.000169 | 7.7min
  VAL 99.90%
  TEST 99.9000%
  *** New best: 99.9000% ***
  step 22500 | loss 0.000017 | lr 0.000149 | 7.9min
  step 23000 | loss 0.000023 | lr 0.000131 | 8.1min
  VAL 99.95%
  TEST 99.9800%
  *** New best: 99.9800% ***
  step 23500 | loss 0.000040 | lr 0.000114 | 8.3min
  step 24000 | loss 0.000014 | lr 0.000097 | 8.5min
  VAL 100.00%
  TEST 99.9400%
  step 24500 | loss 0.000016 | lr 0.000082 | 8.7min
  step 25000 | loss 0.000018 | lr 0.000068 | 8.9min
  VAL 99.90%
  TEST 99.9600%
  step 25500 | loss 0.000015 | lr 0.000056 | 9.1min
  step 26000 | loss 0.000041 | lr 0.000044 | 9.2min
  VAL 99.95%
  TEST 99.9500%
  step 26500 | loss 0.000008 | lr 0.000034 | 9.4min
  step 27000 | loss 0.000014 | lr 0.000025 | 9.6min
  VAL 99.95%
  TEST 99.9400%
  step 27500 | loss 0.000012 | lr 0.000017 | 9.8min
  step 28000 | loss 0.000012 | lr 0.000011 | 9.9min
  VAL 99.95%
  TEST 99.9600%
  step 28500 | loss 0.000009 | lr 0.000006 | 10.2min
  step 29000 | loss 0.000016 | lr 0.000003 | 10.3min
  VAL 99.95%
  TEST 99.9800%
  step 29500 | loss 0.000014 | lr 0.000001 | 10.5min
  step 30000 | loss 0.000014 | lr 0.000000 | 10.6min
  VAL 100.00%
  TEST 99.9800%

Training complete in 10.7 minutes
Best test accuracy: 99.9800%
