Model: RL4RL Autoresearch candidate
Author: configured in run manifest
Parameters (unique): 2753
Architecture: decoder-only addition transformer d=14, h=2, L=2, ff=23
Tricks: autoregressive greedy decoding, weights from checkpoint

  Progress: 1000/10010 (1000/1000 correct) [10.6s]
  Progress: 2000/10010 (2000/2000 correct) [19.5s]
  Progress: 3000/10010 (2999/3000 correct) [28.4s]
  Progress: 4000/10010 (3999/4000 correct) [37.2s]
  Progress: 5000/10010 (4999/5000 correct) [44.7s]
  Progress: 6000/10010 (5999/6000 correct) [52.2s]
  Progress: 7000/10010 (6998/7000 correct) [59.6s]
  Progress: 8000/10010 (7997/8000 correct) [67.1s]
  Progress: 9000/10010 (8997/9000 correct) [74.5s]
  Progress: 10000/10010 (9997/10000 correct) [82.1s]

Results: 10007/10010 correct (99.97%)
Time: 82.2s (122 additions/sec)
Status: QUALIFIED (threshold: 99%)

Failures (3):
  9278473654 + 9413599947 = 18692073601, got 19692073601
  254164305 + 5859255484 = 6113419789, got 6013419789
  8540188293 + 5503798784 = 14043987077, got 13043987077
