Model: 2,725 parameters
Config: d=14, h=2, L=2, ff=23
Device: mps

Training for 30000 steps...
  step   500 | loss 1.517739 | lr 0.001000 | 0.2min
  step  1000 | loss 1.387089 | lr 0.000999 | 0.4min
  VAL 0.00%
  step  1500 | loss 1.375901 | lr 0.000996 | 0.7min
  step  2000 | loss 1.383934 | lr 0.000992 | 0.9min
  VAL 0.00%
  step  2500 | loss 1.374148 | lr 0.000987 | 1.1min
  step  3000 | loss 1.343290 | lr 0.000980 | 1.3min
  VAL 0.00%
  step  3500 | loss 1.368810 | lr 0.000972 | 1.5min
  step  4000 | loss 1.317038 | lr 0.000962 | 1.7min
  VAL 0.00%
  step  4500 | loss 1.326134 | lr 0.000951 | 1.9min
  step  5000 | loss 1.302337 | lr 0.000939 | 2.2min
  VAL 0.00%
  step  5500 | loss 1.284652 | lr 0.000926 | 2.4min
  step  6000 | loss 1.269921 | lr 0.000912 | 2.6min
  VAL 0.00%
  step  6500 | loss 1.224142 | lr 0.000896 | 2.9min
  step  7000 | loss 1.211246 | lr 0.000880 | 3.1min
  VAL 0.00%
  step  7500 | loss 1.253354 | lr 0.000862 | 3.3min
  step  8000 | loss 1.231205 | lr 0.000843 | 3.5min
  VAL 0.00%
  step  8500 | loss 1.238333 | lr 0.000823 | 3.7min
  step  9000 | loss 1.212038 | lr 0.000803 | 4.0min
  VAL 0.00%
  step  9500 | loss 1.215903 | lr 0.000781 | 4.2min
  step 10000 | loss 1.200746 | lr 0.000759 | 4.4min
  VAL 0.00%
  step 10500 | loss 1.215952 | lr 0.000736 | 4.7min
  step 11000 | loss 1.206903 | lr 0.000713 | 4.9min
  VAL 0.00%
  step 11500 | loss 1.226240 | lr 0.000688 | 5.2min
  step 12000 | loss 1.173326 | lr 0.000664 | 5.4min
  VAL 0.00%
  step 12500 | loss 1.206313 | lr 0.000638 | 5.6min
  step 13000 | loss 1.190464 | lr 0.000613 | 5.8min
  VAL 0.00%
  step 13500 | loss 1.183261 | lr 0.000587 | 6.1min
  step 14000 | loss 1.168928 | lr 0.000561 | 6.3min
  VAL 0.00%
  step 14500 | loss 1.185536 | lr 0.000534 | 6.5min
  step 15000 | loss 1.204089 | lr 0.000508 | 6.7min
  VAL 0.00%
  step 15500 | loss 1.168858 | lr 0.000481 | 6.9min
  step 16000 | loss 1.190219 | lr 0.000455 | 7.1min
  VAL 0.00%
  step 16500 | loss 1.199138 | lr 0.000429 | 7.2min
  step 17000 | loss 1.183670 | lr 0.000403 | 7.4min
  VAL 0.00%
  step 17500 | loss 1.148710 | lr 0.000377 | 7.5min
  step 18000 | loss 1.184236 | lr 0.000352 | 7.7min
  VAL 0.00%
  step 18500 | loss 1.168593 | lr 0.000327 | 7.9min
  step 19000 | loss 1.173758 | lr 0.000302 | 8.1min
  VAL 0.00%
  step 19500 | loss 1.163829 | lr 0.000278 | 8.2min
  step 20000 | loss 1.132213 | lr 0.000255 | 8.4min
  VAL 0.00%
  step 20500 | loss 1.154241 | lr 0.000232 | 8.6min
  step 21000 | loss 1.199805 | lr 0.000210 | 8.7min
  VAL 0.00%
  step 21500 | loss 1.213956 | lr 0.000189 | 8.9min
  step 22000 | loss 1.137798 | lr 0.000169 | 9.1min
  VAL 0.00%
  step 22500 | loss 1.210045 | lr 0.000149 | 9.3min
  step 23000 | loss 1.172609 | lr 0.000131 | 9.4min
  VAL 0.00%
  step 23500 | loss 1.196920 | lr 0.000114 | 9.6min
  step 24000 | loss 1.162136 | lr 0.000097 | 9.8min
  VAL 0.00%
  step 24500 | loss 1.156893 | lr 0.000082 | 10.0min
  step 25000 | loss 1.159622 | lr 0.000068 | 10.2min
  VAL 0.00%
  step 25500 | loss 1.164388 | lr 0.000056 | 10.4min
  step 26000 | loss 1.166267 | lr 0.000044 | 10.5min
  VAL 0.00%
  step 26500 | loss 1.160932 | lr 0.000034 | 10.7min
  step 27000 | loss 1.197068 | lr 0.000025 | 10.9min
  VAL 0.00%
  step 27500 | loss 1.155972 | lr 0.000017 | 11.1min
  step 28000 | loss 1.192096 | lr 0.000011 | 11.2min
  VAL 0.00%
  step 28500 | loss 1.163561 | lr 0.000006 | 11.4min
  step 29000 | loss 1.188466 | lr 0.000003 | 11.6min
  VAL 0.00%
  step 29500 | loss 1.182268 | lr 0.000001 | 11.7min
  step 30000 | loss 1.141040 | lr 0.000000 | 11.9min
  VAL 0.00%

Training complete in 11.9 minutes
Best test accuracy: 0.0000%
