Model: RL4RL Autoresearch candidate
Author: configured in run manifest
Parameters (unique): 2725
Architecture: decoder-only addition transformer d=14, h=2, L=2, ff=23
Tricks: autoregressive greedy decoding, weights from checkpoint

  Progress: 1000/10010 (2/1000 correct) [8.1s]
  Progress: 2000/10010 (2/2000 correct) [16.0s]
  Progress: 3000/10010 (2/3000 correct) [23.9s]
  Progress: 4000/10010 (2/4000 correct) [31.8s]
  Progress: 5000/10010 (2/5000 correct) [40.9s]
  Progress: 6000/10010 (2/6000 correct) [50.3s]
  Progress: 7000/10010 (2/7000 correct) [59.8s]
  Progress: 8000/10010 (2/8000 correct) [69.3s]
  Progress: 9000/10010 (2/9000 correct) [78.9s]
  Progress: 10000/10010 (2/10000 correct) [88.5s]

Results: 2/10010 correct (0.02%)
Time: 88.6s (113 additions/sec)
Status: NOT QUALIFIED (threshold: 99%)

First 20 failures (of 10008):
  9999999999 + 0 = 9999999999, got 10022222221
  9999999999 + 1 = 10000000000, got 10022222221
  9999999999 + 9999999999 = 19999999998, got 30222222221
  5000000000 + 5000000000 = 10000000000, got 9002222221
  1111111111 + 8888888889 = 10000000000, got 9822222221
  1234567890 + 9876543210 = 11111111100, got 10215566789
  9999999999 + 9999999999 = 19999999998, got 30222222221
  1 + 9999999999 = 10000000000, got 9211111111
  2395527356 + 9334186774 = 11729714130, got 12223455556
  4296888873 + 8475224721 = 12772113594, got 7666666667
  2446880696 + 4577514554 = 7024395250, got 5556666666
  1721735679 + 186192860 = 1907928539, got 1745666667
  3295396137 + 8512642381 = 11808038518, got 10833299999
  4721664841 + 8801376086 = 13523040927, got 18707666666
  8709633390 + 2191376109 = 10901009499, got 10211111111
  813236058 + 3041824170 = 3855060228, got 4322222999
  7038162399 + 8251837442 = 15289999841, got 10089999999
  3917771074 + 2558389380 = 6476160454, got 5445566666
  2345623234 + 894115330 = 3239738564, got 3341111111
  9635552803 + 139097711 = 9774650514, got 9804555555
