Model: RL4RL Autoresearch candidate
Author: configured in run manifest
Parameters (unique): 1894
Architecture: decoder-only addition transformer d=16, h=2, L=2, ff=10, block1_ff=8, fixed_separators=True, tied_position_pairs=[[4, 15], [7, 18], [5, 16], [3, 14], [2, 13], [8, 19], [6, 17], [1, 12], [0, 11], [9, 20]], interpolated_positions=[23, 24, 25, 26, 27], qkv_pruned=154
Tricks: autoregressive greedy decoding, weights from checkpoint

  Progress: 1000/10010 (999/1000 correct) [4.4s]
  Progress: 2000/10010 (1998/2000 correct) [8.8s]
  Progress: 3000/10010 (2998/3000 correct) [13.3s]
  Progress: 4000/10010 (3992/4000 correct) [17.7s]
  Progress: 5000/10010 (4989/5000 correct) [22.1s]
  Progress: 6000/10010 (5985/6000 correct) [26.5s]
  Progress: 7000/10010 (6984/7000 correct) [30.9s]
  Progress: 8000/10010 (7982/8000 correct) [35.3s]
  Progress: 9000/10010 (8980/9000 correct) [39.7s]
  Progress: 10000/10010 (9976/10000 correct) [44.4s]

Results: 9986/10010 correct (99.76%)
Time: 44.5s (225 additions/sec)
Status: QUALIFIED (threshold: 99%)

First 20 failures (of 24):
  1084987887 + 2747664090 = 3832651977, got 2832651977
  6047119139 + 5060676488 = 11107795627, got 10107795627
  6034185843 + 5879550316 = 11913736159, got 10913736159
  2082328922 + 1781169620 = 3863498542, got 2863498542
  1086907842 + 1573336600 = 2660244442, got 1660244442
  1592055522 + 2032648027 = 3624703549, got 2624703549
  1762435645 + 2061488435 = 3823924080, got 2823924080
  2577348434 + 1068880439 = 3646228873, got 2646228873
  1020975102 + 2580856615 = 3601831717, got 2601831717
  1072513926 + 2178952366 = 3251466292, got 2251466292
  5634381845 + 6168469548 = 11802851393, got 10802851393
  1790873046 + 2047487998 = 3838361044, got 2838361044
  1091661902 + 2115383254 = 3207045156, got 2207045156
  6005893433 + 5803299494 = 11809192927, got 10809192927
  1781755818 + 1048923127 = 2830678945, got 1830678945
  1052410045 + 2788104833 = 3840514878, got 2840514878
  5812383983 + 6097421408 = 11909805391, got 10909805391
  1010334286 + 1799118342 = 2809452628, got 1809452628
  1056443879 + 1785530932 = 2841974811, got 1841974811
  1010537826 + 1998432176 = 3008970002, got 2008970002
