Model: RL4RL Autoresearch candidate
Author: configured in run manifest
Parameters (unique): 1443
Architecture: decoder-only addition transformer d=16, h=2, L=2, ff=16
Tricks: autoregressive greedy decoding, weights from checkpoint

  Progress: 1000/10010 (992/1000 correct) [8.5s]
  Progress: 2000/10010 (1983/2000 correct) [15.7s]
  Progress: 3000/10010 (2976/3000 correct) [23.1s]
  Progress: 4000/10010 (3969/4000 correct) [30.4s]
  Progress: 5000/10010 (4961/5000 correct) [38.3s]
  Progress: 6000/10010 (5954/6000 correct) [45.7s]
  Progress: 7000/10010 (6937/7000 correct) [53.1s]
  Progress: 8000/10010 (7922/8000 correct) [60.5s]
  Progress: 9000/10010 (8911/9000 correct) [67.5s]
  Progress: 10000/10010 (9904/10000 correct) [74.8s]

Results: 9914/10010 correct (99.04%)
Time: 74.9s (134 additions/sec)
Status: QUALIFIED (threshold: 99%)

First 20 failures (of 96):
  6969938512 + 1800378914 = 8770317426, got 8670317426
  9229471617 + 9474184142 = 18703655759, got 17703655759
  5468975900 + 1438734356 = 6907710256, got 5907710256
  2383813986 + 5194289640 = 7578103626, got 8578103626
  5909551252 + 6873659338 = 12783210590, got 12683210590
  1978347876 + 4802489172 = 6780837048, got 6680837048
  8953485676 + 8712760635 = 17666246311, got 27666246311
  6840669308 + 801434060 = 7642103368, got 7542103368
  4890126842 + 3800011500 = 8690138342, got 8590138342
  5603460909 + 6036423440 = 11639884349, got 1639884349
  3501935208 + 9726184827 = 13228120035, got 12228120035
  5068301911 + 2389048768 = 7457350679, got 8457350679
  2763076017 + 9267356007 = 12030432024, got 12030433024
  9093595501 + 9827769033 = 18921364534, got 17921364534
  3156085673 + 9095035109 = 12251120782, got 12241120782
  7190183396 + 7497382532 = 14687565928, got 15687565928
  2194094483 + 6296971782 = 8491066265, got 9491066265
  4979903411 + 8570506424 = 13550409835, got 13450409835
  9386157601 + 9524346701 = 18910504302, got 17910504302
  6476362474 + 6596865789 = 13073228263, got 14073228263
