Model: RL4RL Autoresearch candidate
Author: configured in run manifest
Parameters (unique): 1528
Architecture: decoder-only addition transformer d=16, h=2, L=2, ff=16
Tricks: autoregressive greedy decoding, weights from checkpoint

  Progress: 1000/10010 (990/1000 correct) [7.8s]
  Progress: 2000/10010 (1980/2000 correct) [15.3s]
  Progress: 3000/10010 (2974/3000 correct) [22.5s]
  Progress: 4000/10010 (3970/4000 correct) [29.8s]
  Progress: 5000/10010 (4963/5000 correct) [36.8s]
  Progress: 6000/10010 (5955/6000 correct) [43.9s]
  Progress: 7000/10010 (6941/7000 correct) [51.0s]
  Progress: 8000/10010 (7929/8000 correct) [58.0s]
  Progress: 9000/10010 (8922/9000 correct) [65.3s]
  Progress: 10000/10010 (9913/10000 correct) [72.9s]

Results: 9923/10010 correct (99.13%)
Time: 73.0s (137 additions/sec)
Status: QUALIFIED (threshold: 99%)

First 20 failures (of 87):
  5353030368 + 2525515399 = 7878545767, got 17878545767
  7197773205 + 9077000387 = 16274773592, got 6274773592
  6509152292 + 9209120080 = 15718272372, got 15818272372
  9229471617 + 9474184142 = 18703655759, got 17703655759
  9089267194 + 4171613667 = 13260880861, got 14260880861
  5468975900 + 1438734356 = 6907710256, got 5907710256
  2383813986 + 5194289640 = 7578103626, got 8578103626
  2060434325 + 4050653496 = 6111087821, got 6011087821
  8953485676 + 8712760635 = 17666246311, got 27666246311
  6840669308 + 801434060 = 7642103368, got 7542103368
  4890126842 + 3800011500 = 8690138342, got 8590138342
  5603460909 + 6036423440 = 11639884349, got 1639884349
  3501935208 + 9726184827 = 13228120035, got 12228120035
  5068301911 + 2389048768 = 7457350679, got 8457350679
  5151169942 + 2377091063 = 7528261005, got 8528261005
  9093595501 + 9827769033 = 18921364534, got 17921364534
  5238663907 + 1600793534 = 6839457441, got 5839457441
  1615090008 + 5148495220 = 6763585228, got 5763585228
  7190183396 + 7497382532 = 14687565928, got 15687565928
  2194094483 + 6296971782 = 8491066265, got 9491066265
