Model: 2,951 parameters
Config: d=13, h=1, L=2, ff=18
Device: mps

Training for 30000 steps...
  step   500 | loss 1.493342 | lr 0.001000 | 0.1min
  step  1000 | loss 1.366519 | lr 0.000999 | 0.3min
  VAL 0.00%
  step  1500 | loss 1.298054 | lr 0.000996 | 0.4min
  step  2000 | loss 0.990676 | lr 0.000992 | 0.5min
  VAL 0.00%
  step  2500 | loss 0.878324 | lr 0.000987 | 0.6min
  step  3000 | loss 0.800443 | lr 0.000980 | 0.7min
  VAL 0.00%
  step  3500 | loss 0.750839 | lr 0.000972 | 0.9min
  step  4000 | loss 0.715121 | lr 0.000962 | 1.0min
  VAL 0.00%
  step  4500 | loss 0.550118 | lr 0.000951 | 1.1min
  step  5000 | loss 0.544475 | lr 0.000939 | 1.2min
  VAL 0.05%
  step  5500 | loss 0.514133 | lr 0.000926 | 1.3min
  step  6000 | loss 0.505642 | lr 0.000912 | 1.5min
  VAL 0.05%
  step  6500 | loss 0.495351 | lr 0.000896 | 1.6min
  step  7000 | loss 0.463632 | lr 0.000880 | 1.7min
  VAL 0.15%
  step  7500 | loss 0.473677 | lr 0.000862 | 1.8min
  step  8000 | loss 0.463305 | lr 0.000843 | 1.9min
  VAL 0.05%
  step  8500 | loss 0.446020 | lr 0.000823 | 2.0min
  step  9000 | loss 0.449801 | lr 0.000803 | 2.1min
  VAL 0.10%
  step  9500 | loss 0.449039 | lr 0.000781 | 2.2min
  step 10000 | loss 0.456943 | lr 0.000759 | 2.3min
  VAL 0.00%
  step 10500 | loss 0.436505 | lr 0.000736 | 2.4min
  step 11000 | loss 0.437082 | lr 0.000713 | 2.6min
  VAL 0.15%
  step 11500 | loss 0.432834 | lr 0.000688 | 2.7min
  step 12000 | loss 0.429552 | lr 0.000664 | 2.8min
  VAL 0.05%
  step 12500 | loss 0.428408 | lr 0.000638 | 2.9min
  step 13000 | loss 0.427001 | lr 0.000613 | 3.0min
  VAL 0.00%
  step 13500 | loss 0.420995 | lr 0.000587 | 3.1min
  step 14000 | loss 0.420879 | lr 0.000561 | 3.3min
  VAL 0.10%
  step 14500 | loss 0.416697 | lr 0.000534 | 3.4min
  step 15000 | loss 0.407633 | lr 0.000508 | 3.5min
  VAL 0.10%
  step 15500 | loss 0.414608 | lr 0.000481 | 3.6min
  step 16000 | loss 0.405731 | lr 0.000455 | 3.8min
  VAL 0.00%
  step 16500 | loss 0.415955 | lr 0.000429 | 3.9min
  step 17000 | loss 0.407578 | lr 0.000403 | 4.0min
  VAL 0.05%
  step 17500 | loss 0.379727 | lr 0.000377 | 4.1min
  step 18000 | loss 0.365397 | lr 0.000352 | 4.2min
  VAL 0.25%
  step 18500 | loss 0.368458 | lr 0.000327 | 4.3min
  step 19000 | loss 0.362800 | lr 0.000302 | 4.5min
  VAL 0.15%
  step 19500 | loss 0.356478 | lr 0.000278 | 4.6min
  step 20000 | loss 0.356682 | lr 0.000255 | 4.7min
  VAL 0.35%
  step 20500 | loss 0.349227 | lr 0.000232 | 4.9min
  step 21000 | loss 0.345498 | lr 0.000210 | 5.0min
  VAL 0.40%
  step 21500 | loss 0.318901 | lr 0.000189 | 5.1min
  step 22000 | loss 0.246201 | lr 0.000169 | 5.2min
  VAL 1.20%
  step 22500 | loss 0.242912 | lr 0.000149 | 5.3min
  step 23000 | loss 0.238313 | lr 0.000131 | 5.4min
  VAL 1.35%
  step 23500 | loss 0.240200 | lr 0.000114 | 5.6min
  step 24000 | loss 0.235148 | lr 0.000097 | 5.7min
  VAL 1.45%
  step 24500 | loss 0.234568 | lr 0.000082 | 5.8min
  step 25000 | loss 0.236191 | lr 0.000068 | 5.9min
  VAL 1.40%
  step 25500 | loss 0.230869 | lr 0.000056 | 6.0min
  step 26000 | loss 0.232701 | lr 0.000044 | 6.1min
  VAL 1.45%
  step 26500 | loss 0.230168 | lr 0.000034 | 6.3min
  step 27000 | loss 0.227287 | lr 0.000025 | 6.4min
  VAL 1.65%
  step 27500 | loss 0.229859 | lr 0.000017 | 6.5min
  step 28000 | loss 0.231081 | lr 0.000011 | 6.6min
  VAL 1.40%
  step 28500 | loss 0.229954 | lr 0.000006 | 6.7min
  step 29000 | loss 0.232492 | lr 0.000003 | 6.8min
  VAL 1.60%
  step 29500 | loss 0.227868 | lr 0.000001 | 7.0min
  step 30000 | loss 0.230452 | lr 0.000000 | 7.1min
  VAL 1.75%

Training complete in 7.1 minutes
Best test accuracy: 0.0000%
