Model: RL4RL Autoresearch candidate
Author: configured in run manifest
Parameters (unique): 2951
Architecture: decoder-only addition transformer d=13, h=1, L=2, ff=18
Tricks: autoregressive greedy decoding, weights from checkpoint

  Progress: 1000/10010 (16/1000 correct) [8.4s]
  Progress: 2000/10010 (31/2000 correct) [16.9s]
  Progress: 3000/10010 (46/3000 correct) [25.3s]
  Progress: 4000/10010 (54/4000 correct) [33.8s]
  Progress: 5000/10010 (70/5000 correct) [42.2s]
  Progress: 6000/10010 (86/6000 correct) [50.7s]
  Progress: 7000/10010 (96/7000 correct) [59.3s]
  Progress: 8000/10010 (109/8000 correct) [67.7s]
  Progress: 9000/10010 (121/9000 correct) [75.8s]
  Progress: 10000/10010 (135/10000 correct) [84.3s]

Results: 135/10010 correct (1.35%)
Time: 84.4s (119 additions/sec)
Status: NOT QUALIFIED (threshold: 99%)

First 20 failures (of 9875):
  0 + 0 = 0, got 7
  0 + 1 = 1, got 7
  9999999999 + 0 = 9999999999, got 9999999998
  9999999999 + 1 = 10000000000, got 9999999998
  9999999999 + 9999999999 = 19999999998, got 23299998992
  5000000000 + 5000000000 = 10000000000, got 9900000007
  1111111111 + 8888888889 = 10000000000, got 10200000002
  1234567890 + 9876543210 = 11111111100, got 10211111108
  9999999999 + 9999999999 = 19999999998, got 23299998992
  1 + 9999999999 = 10000000000, got 9999999998
  2395527356 + 9334186774 = 11729714130, got 10429714132
  4296888873 + 8475224721 = 12772113594, got 13372113592
  2446880696 + 4577514554 = 7024395250, got 7424395253
  1721735679 + 186192860 = 1907928539, got 1807928542
  3295396137 + 8512642381 = 11808038518, got 11308038516
  4721664841 + 8801376086 = 13523040927, got 13923040929
  8709633390 + 2191376109 = 10901009499, got 10901009496
  813236058 + 3041824170 = 3855060228, got 3855060232
  7038162399 + 8251837442 = 15289999841, got 13289999839
  3917771074 + 2558389380 = 6476160454, got 5976160459
