Initialized from retained incumbent: /Users/utshaho/Documents/GitHub/rl4rl/data/raw/autoresearch/sol-xhigh-overnight-20260814/state/incumbent.pt
Model: 1,874 parameters
Config: d=16, h=2, L=2, ff=10
Device: mps

INITIAL VAL 0.15%

Fine-tuning for up to 10000 steps...
  step   500 | loss 0.059522 | lr 0.000100 | 0.1min
  VAL 90.80%
  step  1000 | loss 0.061582 | lr 0.000099 | 0.3min
  VAL 90.85%
  step  1500 | loss 0.059370 | lr 0.000096 | 0.3min
  VAL 92.55%
  step  2000 | loss 0.057583 | lr 0.000093 | 0.5min
  VAL 93.10%
  step  2500 | loss 0.057427 | lr 0.000088 | 0.5min
  VAL 91.90%
  step  3000 | loss 0.058368 | lr 0.000082 | 0.7min
  VAL 92.35%
  step  3500 | loss 0.057910 | lr 0.000075 | 0.7min
  VAL 92.15%
  step  4000 | loss 0.057146 | lr 0.000068 | 0.9min
  VAL 93.15%
  step  4500 | loss 0.057673 | lr 0.000060 | 1.0min
  VAL 94.05%
  step  5000 | loss 0.057147 | lr 0.000052 | 1.1min
  VAL 92.65%
  step  5500 | loss 0.056683 | lr 0.000044 | 1.2min
  VAL 93.10%
  step  6000 | loss 0.055794 | lr 0.000036 | 1.3min
  VAL 93.25%
  step  6500 | loss 0.055713 | lr 0.000029 | 1.4min
  VAL 94.20%
  step  7000 | loss 0.056210 | lr 0.000022 | 1.5min
  VAL 92.50%
  step  7500 | loss 0.054509 | lr 0.000016 | 1.6min
  VAL 93.90%
  step  8000 | loss 0.055200 | lr 0.000010 | 1.7min
  VAL 93.80%
  step  8500 | loss 0.055036 | lr 0.000006 | 1.8min
  VAL 93.85%
  step  9000 | loss 0.055592 | lr 0.000003 | 1.9min
  VAL 94.10%
  step  9500 | loss 0.056321 | lr 0.000001 | 2.0min
  VAL 94.05%
  step 10000 | loss 0.055393 | lr 0.000000 | 2.1min
  VAL 94.00%

Training complete in 2.1 minutes
Best test accuracy: 0.0000%
