Model: RL4RL Autoresearch candidate
Author: configured in run manifest
Parameters (unique): 1893
Architecture: decoder-only addition transformer d=16, h=2, L=2, ff=10, block1_ff=8, fixed_separators=True, tied_position_pairs=[[4, 15], [7, 18], [5, 16], [3, 14], [2, 13], [8, 19], [6, 17], [1, 12], [0, 11], [9, 20]], interpolated_positions=[23, 24, 25, 26, 27], qkv_pruned=155
Tricks: autoregressive greedy decoding, weights from checkpoint

  Progress: 1000/10010 (999/1000 correct) [4.4s]
  Progress: 2000/10010 (1998/2000 correct) [8.8s]
  Progress: 3000/10010 (2996/3000 correct) [13.2s]
  Progress: 4000/10010 (3995/4000 correct) [17.6s]
  Progress: 5000/10010 (4994/5000 correct) [22.0s]
  Progress: 6000/10010 (5993/6000 correct) [26.4s]
  Progress: 7000/10010 (6993/7000 correct) [30.9s]
  Progress: 8000/10010 (7992/8000 correct) [35.3s]
  Progress: 9000/10010 (8992/9000 correct) [39.7s]
  Progress: 10000/10010 (9991/10000 correct) [44.1s]

Results: 10001/10010 correct (99.91%)
Time: 44.1s (227 additions/sec)
Status: QUALIFIED (threshold: 99%)

Failures (9):
  6780533471 + 5090190326 = 11870723797, got 10870723797
  6047119139 + 5060676488 = 11107795627, got 10107795627
  5073074988 + 6351264488 = 11424339476, got 10424339476
  6660112625 + 5142876686 = 11802989311, got 10802989311
  6034185843 + 5879550316 = 11913736159, got 10913736159
  5634381845 + 6168469548 = 11802851393, got 10802851393
  6005893433 + 5803299494 = 11809192927, got 10809192927
  5812383983 + 6097421408 = 11909805391, got 10909805391
  6058598929 + 5352836860 = 11411435789, got 10411435789
