Model: 2,828 parameters
Config: d=14, h=2, L=2, ff=22
Device: mps

Training for 30000 steps...
  step   500 | loss 1.502843 | lr 0.001000 | 0.2min
  step  1000 | loss 1.431538 | lr 0.000999 | 0.3min
  VAL 0.00%
  step  1500 | loss 1.391724 | lr 0.000996 | 0.4min
  step  2000 | loss 1.386130 | lr 0.000992 | 0.6min
  VAL 0.00%
  step  2500 | loss 1.363819 | lr 0.000987 | 0.7min
  step  3000 | loss 1.373684 | lr 0.000980 | 0.8min
  VAL 0.00%
  step  3500 | loss 1.338459 | lr 0.000972 | 0.9min
  step  4000 | loss 1.309427 | lr 0.000962 | 1.1min
  VAL 0.00%
  step  4500 | loss 1.334525 | lr 0.000951 | 1.2min
  step  5000 | loss 1.287787 | lr 0.000939 | 1.3min
  VAL 0.00%
  step  5500 | loss 1.262799 | lr 0.000926 | 1.4min
  step  6000 | loss 1.233626 | lr 0.000912 | 1.6min
  VAL 0.00%
  step  6500 | loss 1.219065 | lr 0.000896 | 1.7min
  step  7000 | loss 1.203653 | lr 0.000880 | 1.8min
  VAL 0.00%
  step  7500 | loss 1.201458 | lr 0.000862 | 1.9min
  step  8000 | loss 1.162290 | lr 0.000843 | 2.1min
  VAL 0.00%
  step  8500 | loss 0.928291 | lr 0.000823 | 2.2min
  step  9000 | loss 0.687144 | lr 0.000803 | 2.3min
  VAL 0.00%
  step  9500 | loss 0.483927 | lr 0.000781 | 2.4min
  step 10000 | loss 0.370811 | lr 0.000759 | 2.6min
  VAL 0.15%
  step 10500 | loss 0.307061 | lr 0.000736 | 2.7min
  step 11000 | loss 0.239899 | lr 0.000713 | 2.8min
  VAL 0.55%
  step 11500 | loss 0.202593 | lr 0.000688 | 3.0min
  step 12000 | loss 0.167120 | lr 0.000664 | 3.1min
  VAL 2.95%
  step 12500 | loss 0.150247 | lr 0.000638 | 3.2min
  step 13000 | loss 0.120470 | lr 0.000613 | 3.4min
  VAL 7.65%
  step 13500 | loss 0.104588 | lr 0.000587 | 3.5min
  step 14000 | loss 0.078937 | lr 0.000561 | 3.7min
  VAL 13.00%
  step 14500 | loss 0.068380 | lr 0.000534 | 3.8min
  step 15000 | loss 0.047623 | lr 0.000508 | 3.9min
  VAL 36.20%
  step 15500 | loss 0.041162 | lr 0.000481 | 4.1min
  step 16000 | loss 0.033772 | lr 0.000455 | 4.2min
  VAL 48.20%
  step 16500 | loss 0.030406 | lr 0.000429 | 4.3min
  step 17000 | loss 0.024333 | lr 0.000403 | 4.5min
  VAL 59.20%
  step 17500 | loss 0.017604 | lr 0.000377 | 4.6min
  step 18000 | loss 0.015457 | lr 0.000352 | 4.7min
  VAL 73.70%
  step 18500 | loss 0.015020 | lr 0.000327 | 4.9min
  step 19000 | loss 0.013071 | lr 0.000302 | 5.0min
  VAL 77.25%
  step 19500 | loss 0.010947 | lr 0.000278 | 5.1min
  step 20000 | loss 0.011568 | lr 0.000255 | 5.3min
  VAL 85.20%
  step 20500 | loss 0.009837 | lr 0.000232 | 5.4min
  step 21000 | loss 0.007965 | lr 0.000210 | 5.6min
  VAL 84.75%
  step 21500 | loss 0.007106 | lr 0.000189 | 5.7min
  step 22000 | loss 0.006872 | lr 0.000169 | 5.8min
  VAL 90.80%
  step 22500 | loss 0.006446 | lr 0.000149 | 6.0min
  step 23000 | loss 0.005914 | lr 0.000131 | 6.1min
  VAL 92.25%
  step 23500 | loss 0.006039 | lr 0.000114 | 6.3min
  step 24000 | loss 0.004335 | lr 0.000097 | 6.4min
  VAL 93.95%
  step 24500 | loss 0.003870 | lr 0.000082 | 6.6min
  step 25000 | loss 0.003840 | lr 0.000068 | 6.7min
  VAL 94.05%
  step 25500 | loss 0.003849 | lr 0.000056 | 6.8min
  step 26000 | loss 0.003617 | lr 0.000044 | 6.9min
  VAL 94.80%
  step 26500 | loss 0.004351 | lr 0.000034 | 7.1min
  step 27000 | loss 0.003230 | lr 0.000025 | 7.2min
  VAL 95.20%
  step 27500 | loss 0.003827 | lr 0.000017 | 7.4min
  step 28000 | loss 0.003552 | lr 0.000011 | 7.5min
  VAL 95.45%
  step 28500 | loss 0.003268 | lr 0.000006 | 7.6min
  step 29000 | loss 0.003655 | lr 0.000003 | 7.8min
  VAL 95.95%
  step 29500 | loss 0.003179 | lr 0.000001 | 7.9min
  step 30000 | loss 0.003250 | lr 0.000000 | 8.0min
  VAL 96.05%

Training complete in 8.0 minutes
Best test accuracy: 0.0000%
