Model: RL4RL Autoresearch candidate
Author: configured in run manifest
Parameters (unique): 2828
Architecture: decoder-only addition transformer d=14, h=2, L=2, ff=22
Tricks: autoregressive greedy decoding, weights from checkpoint

  Progress: 1000/10010 (963/1000 correct) [9.2s]
  Progress: 2000/10010 (1928/2000 correct) [18.4s]
  Progress: 3000/10010 (2889/3000 correct) [27.5s]
  Progress: 4000/10010 (3847/4000 correct) [36.6s]
  Progress: 5000/10010 (4809/5000 correct) [45.8s]
  Progress: 6000/10010 (5769/6000 correct) [55.0s]
  Progress: 7000/10010 (6730/7000 correct) [64.2s]
  Progress: 8000/10010 (7698/8000 correct) [73.4s]
  Progress: 9000/10010 (8654/9000 correct) [82.6s]
  Progress: 10000/10010 (9617/10000 correct) [91.8s]

Results: 9627/10010 correct (96.17%)
Time: 91.9s (109 additions/sec)
Status: NOT QUALIFIED (threshold: 99%)

First 20 failures (of 383):
  9999999999 + 9999999999 = 19999999998, got 10999999998
  9999999999 + 9999999999 = 19999999998, got 10999999998
  1 + 9999999999 = 10000000000, got 9000000000
  9773982893 + 9769054290 = 19543037183, got 10543037183
  9176130466 + 6994442884 = 16170573350, got 15170573350
  7885357259 + 9647963901 = 17533321160, got 18533321160
  9446792201 + 1205838177 = 10652630378, got 11652630378
  6785680981 + 6097908899 = 12883589880, got 13883589880
  9815978163 + 9778162604 = 19594140767, got 10594140767
  8094081032 + 4602534886 = 12696615918, got 11696615918
  5453623328 + 9546838409 = 15000461737, got 14000461737
  6198100021 + 4922017534 = 11120117555, got 11120117455
  5170748918 + 9850343719 = 15021092637, got 14021092637
  9080404253 + 4986755089 = 14067159342, got 13067159342
  5300091828 + 8571731153 = 13871822981, got 13871722981
  1796763582 + 7996117602 = 9792881184, got 8792881184
  588961007 + 9189950474 = 9778911481, got 10778911481
  9996103823 + 8515194235 = 18511298058, got 19511298058
  9500401111 + 6642148959 = 16142550070, got 15142550070
  2002555502 + 9560100718 = 11562656220, got 1562656220
