Model: RL4RL Autoresearch candidate
Author: configured in run manifest
Parameters (unique): 1939
Architecture: decoder-only addition transformer d=16, h=2, L=2, ff=10, block1_ff=8, fixed_separators=True, tied_position_pairs=[[4, 15], [7, 18], [5, 16], [3, 14], [2, 13], [8, 19], [6, 17], [1, 12], [0, 11], [9, 20]], interpolated_positions=[23, 24, 25, 26, 27], qkv_pruned=109
Tricks: autoregressive greedy decoding, weights from checkpoint

  Progress: 1000/10010 (999/1000 correct) [4.5s]
  Progress: 2000/10010 (1998/2000 correct) [8.8s]
  Progress: 3000/10010 (2996/3000 correct) [13.2s]
  Progress: 4000/10010 (3994/4000 correct) [17.6s]
  Progress: 5000/10010 (4990/5000 correct) [22.0s]
  Progress: 6000/10010 (5988/6000 correct) [26.6s]
  Progress: 7000/10010 (6987/7000 correct) [31.1s]
  Progress: 8000/10010 (7986/8000 correct) [35.5s]
  Progress: 9000/10010 (8982/9000 correct) [39.9s]
  Progress: 10000/10010 (9977/10000 correct) [44.5s]

Results: 9987/10010 correct (99.77%)
Time: 44.6s (225 additions/sec)
Status: QUALIFIED (threshold: 99%)

First 20 failures (of 23):
  8451671660 + 8219874762 = 16671546422, got 17671546422
  6047119139 + 5060676488 = 11107795627, got 10107795627
  5540873135 + 1010014991 = 6550888126, got 6560888126
  9278473654 + 9413599947 = 18692073601, got 19692073601
  6034185843 + 5879550316 = 11913736159, got 10913736159
  9217700662 + 9448597295 = 18666297957, got 19666297957
  640206511 + 3310670980 = 3950877491, got 3960877491
  8191852004 + 7194996854 = 15386848858, got 15396848858
  5634381845 + 6168469548 = 11802851393, got 10802851393
  9402679499 + 9293095411 = 18695774910, got 19695774910
  7295822456 + 4296380992 = 11592203448, got 11492203448
  9479323125 + 9453799615 = 18933122740, got 19933122740
  9360408474 + 9213913869 = 18574322343, got 19574322343
  5812383983 + 6097421408 = 11909805391, got 10909805391
  8221226107 + 8352380936 = 16573607043, got 17573607043
  6142636327 + 6058834766 = 12201471093, got 11201471093
  9201756155 + 9771972022 = 18973728177, got 19973728177
  1010537826 + 1998432176 = 3008970002, got 2008970002
  1096553746 + 1970266697 = 3066820443, got 2066820443
  9322270328 + 9340964837 = 18663235165, got 19663235165
