Model: RL4RL Autoresearch candidate
Author: configured in run manifest
Parameters (unique): 2121
Architecture: decoder-only addition transformer d=16, h=2, L=2, ff=16
Tricks: autoregressive greedy decoding, weights from checkpoint

  Progress: 1000/10010 (984/1000 correct) [6.1s]
  Progress: 2000/10010 (1970/2000 correct) [12.1s]
  Progress: 3000/10010 (2963/3000 correct) [18.0s]
  Progress: 4000/10010 (3957/4000 correct) [23.8s]
  Progress: 5000/10010 (4949/5000 correct) [29.5s]
  Progress: 6000/10010 (5940/6000 correct) [35.6s]
  Progress: 7000/10010 (6925/7000 correct) [41.4s]
  Progress: 8000/10010 (7917/8000 correct) [47.2s]
  Progress: 9000/10010 (8908/9000 correct) [53.0s]
  Progress: 10000/10010 (9899/10000 correct) [58.9s]

Results: 9909/10010 correct (98.99%)
Time: 59.0s (170 additions/sec)
Status: NOT QUALIFIED (threshold: 99%)

First 20 failures (of 101):
  9999999999 + 9999999999 = 19999999998, got 18999999998
  5000000000 + 5000000000 = 10000000000, got 0
  9999999999 + 9999999999 = 19999999998, got 18999999998
  6337327306 + 4000359568 = 10337686874, got 337686874
  7197773205 + 9077000387 = 16274773592, got 6274773592
  6509152292 + 9209120080 = 15718272372, got 15818272372
  4184380900 + 6023296350 = 10207677250, got 207677250
  9229471617 + 9474184142 = 18703655759, got 17703655759
  9089267194 + 4171613667 = 13260880861, got 14260880861
  1976493916 + 1906487771 = 3882981687, got 3782981687
  5468975900 + 1438734356 = 6907710256, got 5907710256
  2383813986 + 5194289640 = 7578103626, got 8578103626
  1978347876 + 4802489172 = 6780837048, got 6680837048
  8953485676 + 8712760635 = 17666246311, got 27666246311
  7400462276 + 6082641204 = 13483103480, got 3483103480
  6840669308 + 801434060 = 7642103368, got 7542103368
  9601140559 + 9688860108 = 19290000667, got 18290000667
  4890126842 + 3800011500 = 8690138342, got 8590138342
  9164926333 + 7104741504 = 16269667837, got 6269667837
  5603460909 + 6036423440 = 11639884349, got 1639884349
