Model: 3,038 parameters
Config: d=14, h=2, L=2, ff=20
Device: mps

Training for 30000 steps...
  step   500 | loss 1.514754 | lr 0.001000 | 0.2min
  step  1000 | loss 1.406222 | lr 0.000999 | 0.3min
  VAL 0.00%
  step  1500 | loss 1.394531 | lr 0.000996 | 0.5min
  step  2000 | loss 1.335567 | lr 0.000992 | 0.6min
  VAL 0.00%
  step  2500 | loss 1.378848 | lr 0.000987 | 0.7min
  step  3000 | loss 1.351631 | lr 0.000980 | 0.9min
  VAL 0.00%
  step  3500 | loss 1.349953 | lr 0.000972 | 1.0min
  step  4000 | loss 1.360776 | lr 0.000962 | 1.2min
  VAL 0.00%
  step  4500 | loss 1.314602 | lr 0.000951 | 1.3min
  step  5000 | loss 1.294369 | lr 0.000939 | 1.5min
  VAL 0.00%
  step  5500 | loss 1.273120 | lr 0.000926 | 1.6min
  step  6000 | loss 1.226155 | lr 0.000912 | 1.8min
  VAL 0.00%
  step  6500 | loss 1.233784 | lr 0.000896 | 1.9min
  step  7000 | loss 1.056507 | lr 0.000880 | 2.1min
  VAL 0.00%
  step  7500 | loss 0.957599 | lr 0.000862 | 2.2min
  step  8000 | loss 0.921609 | lr 0.000843 | 2.4min
  VAL 0.00%
  step  8500 | loss 0.909740 | lr 0.000823 | 2.5min
  step  9000 | loss 0.859956 | lr 0.000803 | 2.7min
  VAL 0.00%
  step  9500 | loss 0.853916 | lr 0.000781 | 2.8min
  step 10000 | loss 0.787664 | lr 0.000759 | 3.0min
  VAL 0.00%
  step 10500 | loss 0.662592 | lr 0.000736 | 3.1min
  step 11000 | loss 0.606550 | lr 0.000713 | 3.2min
  VAL 0.00%
  step 11500 | loss 0.537636 | lr 0.000688 | 3.4min
  step 12000 | loss 0.424041 | lr 0.000664 | 3.5min
  VAL 0.85%
  step 12500 | loss 0.395037 | lr 0.000638 | 3.7min
  step 13000 | loss 0.378690 | lr 0.000613 | 3.8min
  VAL 2.15%
  step 13500 | loss 0.376316 | lr 0.000587 | 4.0min
  step 14000 | loss 0.371841 | lr 0.000561 | 4.1min
  VAL 3.45%
  step 14500 | loss 0.355584 | lr 0.000534 | 4.3min
  step 15000 | loss 0.359829 | lr 0.000508 | 4.4min
  VAL 4.15%
  step 15500 | loss 0.355204 | lr 0.000481 | 4.6min
  step 16000 | loss 0.349186 | lr 0.000455 | 4.7min
  VAL 5.15%
  step 16500 | loss 0.345040 | lr 0.000429 | 4.9min
  step 17000 | loss 0.345116 | lr 0.000403 | 5.0min
  VAL 4.95%
  step 17500 | loss 0.344439 | lr 0.000377 | 5.1min
  step 18000 | loss 0.335944 | lr 0.000352 | 5.3min
  VAL 5.55%
  step 18500 | loss 0.337374 | lr 0.000327 | 5.4min
  step 19000 | loss 0.332422 | lr 0.000302 | 5.5min
  VAL 5.70%
  step 19500 | loss 0.332371 | lr 0.000278 | 5.7min
  step 20000 | loss 0.326588 | lr 0.000255 | 5.8min
  VAL 6.25%
  step 20500 | loss 0.332932 | lr 0.000232 | 5.9min
  step 21000 | loss 0.331570 | lr 0.000210 | 6.1min
  VAL 6.40%
  step 21500 | loss 0.331289 | lr 0.000189 | 6.2min
  step 22000 | loss 0.320063 | lr 0.000169 | 6.4min
  VAL 6.50%
  step 22500 | loss 0.322233 | lr 0.000149 | 6.5min
  step 23000 | loss 0.318268 | lr 0.000131 | 6.7min
  VAL 6.85%
  step 23500 | loss 0.319788 | lr 0.000114 | 6.8min
  step 24000 | loss 0.319908 | lr 0.000097 | 7.0min
  VAL 6.75%
  step 24500 | loss 0.310237 | lr 0.000082 | 7.1min
  step 25000 | loss 0.314648 | lr 0.000068 | 7.2min
  VAL 6.80%
  step 25500 | loss 0.313435 | lr 0.000056 | 7.4min
  step 26000 | loss 0.313323 | lr 0.000044 | 7.5min
  VAL 7.35%
  step 26500 | loss 0.309316 | lr 0.000034 | 7.6min
  step 27000 | loss 0.307398 | lr 0.000025 | 7.8min
  VAL 6.95%
  step 27500 | loss 0.302188 | lr 0.000017 | 7.9min
  step 28000 | loss 0.302680 | lr 0.000011 | 8.0min
  VAL 7.40%
  step 28500 | loss 0.306752 | lr 0.000006 | 8.2min
  step 29000 | loss 0.302888 | lr 0.000003 | 8.3min
  VAL 7.10%
  step 29500 | loss 0.308395 | lr 0.000001 | 8.5min
  step 30000 | loss 0.304268 | lr 0.000000 | 8.6min
  VAL 7.25%

Training complete in 8.6 minutes
Best test accuracy: 0.0000%
