Model: RL4RL Autoresearch candidate
Author: configured in run manifest
Parameters (unique): 1998
Architecture: decoder-only addition transformer d=16, h=2, L=2, ff=10, block1_ff=8, fixed_separators=True, tied_position_pairs=[[4, 15], [7, 18], [5, 16], [3, 14], [2, 13], [8, 19], [6, 17], [1, 12], [0, 11], [9, 20]], interpolated_positions=[23, 24, 25, 26, 27], qkv_pruned=50
Tricks: autoregressive greedy decoding, weights from checkpoint

  Progress: 1000/10010 (998/1000 correct) [4.4s]
  Progress: 2000/10010 (1998/2000 correct) [8.9s]
  Progress: 3000/10010 (2997/3000 correct) [13.3s]
  Progress: 4000/10010 (3996/4000 correct) [17.7s]
  Progress: 5000/10010 (4993/5000 correct) [22.1s]
  Progress: 6000/10010 (5991/6000 correct) [26.5s]
  Progress: 7000/10010 (6989/7000 correct) [30.9s]
  Progress: 8000/10010 (7989/8000 correct) [35.4s]
  Progress: 9000/10010 (8987/9000 correct) [39.8s]
  Progress: 10000/10010 (9985/10000 correct) [44.2s]

Results: 9995/10010 correct (99.85%)
Time: 44.2s (226 additions/sec)
Status: QUALIFIED (threshold: 99%)

Failures (15):
  9949339211 + 8948002488 = 18897341699, got 18997341699
  8654770020 + 8611605297 = 17266375317, got 12266375317
  9278473654 + 9413599947 = 18692073601, got 19692073601
  9217700662 + 9448597295 = 18666297957, got 19666297957
  8191852004 + 7194996854 = 15386848858, got 15396848858
  9402679499 + 9293095411 = 18695774910, got 19695774910
  9964543372 + 5945248928 = 15909792300, got 16009792300
  9479323125 + 9453799615 = 18933122740, got 19933122740
  9444829971 + 9344612303 = 18789442274, got 19789442274
  9360408474 + 9213913869 = 18574322343, got 19574322343
  8673054234 + 8614516394 = 17287570628, got 12287570628
  9516562991 + 9413390151 = 18929953142, got 19929953142
  9201756155 + 9771972022 = 18973728177, got 19973728177
  9322270328 + 9340964837 = 18663235165, got 19663235165
  9405934905 + 9458578691 = 18864513596, got 19864513596
