Model: RL4RL Autoresearch candidate
Author: configured in run manifest
Parameters (unique): 1901
Architecture: decoder-only addition transformer d=16, h=2, L=2, ff=10, block1_ff=8, fixed_separators=True, tied_position_pairs=[[4, 15], [7, 18], [5, 16], [3, 14], [2, 13], [8, 19], [6, 17], [1, 12], [0, 11], [9, 20]], interpolated_positions=[23, 24, 25, 26, 27], qkv_pruned=147
Tricks: autoregressive greedy decoding, weights from checkpoint

  Progress: 1000/10010 (993/1000 correct) [4.4s]
  Progress: 2000/10010 (1989/2000 correct) [8.8s]
  Progress: 3000/10010 (2980/3000 correct) [13.2s]
  Progress: 4000/10010 (3977/4000 correct) [17.7s]
  Progress: 5000/10010 (4974/5000 correct) [22.1s]
  Progress: 6000/10010 (5973/6000 correct) [26.6s]
  Progress: 7000/10010 (6971/7000 correct) [31.0s]
  Progress: 8000/10010 (7966/8000 correct) [35.4s]
  Progress: 9000/10010 (8962/9000 correct) [40.0s]
  Progress: 10000/10010 (9959/10000 correct) [44.4s]

Results: 9969/10010 correct (99.59%)
Time: 44.4s (225 additions/sec)
Status: QUALIFIED (threshold: 99%)

First 20 failures (of 41):
  6780533471 + 5090190326 = 11870723797, got 10870723797
  6785680981 + 6097908899 = 12883589880, got 11883589880
  5893580437 + 6075034739 = 11968615176, got 10968615176
  8261688289 + 8707679052 = 16969367341, got 17969367341
  8451671660 + 8219874762 = 16671546422, got 17671546422
  5082841972 + 6389390906 = 11472232878, got 10472232878
  6116232171 + 6692893101 = 12809125272, got 11809125272
  4624637094 + 517131976 = 5141769070, got 5041769070
  5087218211 + 6245822944 = 11333041155, got 10333041155
  6047119139 + 5060676488 = 11107795627, got 10107795627
  5199705329 + 6225705022 = 11425410351, got 10425410351
  6268963137 + 5180516162 = 11449479299, got 10449479299
  5073074988 + 6351264488 = 11424339476, got 10424339476
  6660112625 + 5142876686 = 11802989311, got 10802989311
  6015097363 + 5934013354 = 11949110717, got 10949110717
  6081827802 + 5355690034 = 11437517836, got 10437517836
  9278473654 + 9413599947 = 18692073601, got 19692073601
  6264910762 + 6135751022 = 12400661784, got 11400661784
  6518372034 + 5016292194 = 11534664228, got 10534664228
  6510776361 + 5032659657 = 11543436018, got 10543436018
