Traceback (most recent call last):
  File "/Users/utshaho/Documents/GitHub/rl4rl/data/raw/autoresearch/terra-xhigh-20260816/workspace/src/train.py", line 190, in <module>
    train()
  File "/Users/utshaho/Documents/GitHub/rl4rl/data/raw/autoresearch/terra-xhigh-20260816/workspace/src/train.py", line 89, in train
    model = AdditionTransformer(
            ^^^^^^^^^^^^^^^^^^^^
  File "/Users/utshaho/Documents/GitHub/rl4rl/data/raw/autoresearch/terra-xhigh-20260816/workspace/src/model.py", line 133, in __init__
    self.apply(self._init_weights)
  File "/Users/utshaho/Documents/GitHub/rl4rl/architecture_discovery/.venv/lib/python3.12/site-packages/torch/nn/modules/module.py", line 1044, in apply
    module.apply(fn)
  File "/Users/utshaho/Documents/GitHub/rl4rl/architecture_discovery/.venv/lib/python3.12/site-packages/torch/nn/modules/module.py", line 1045, in apply
    fn(self)
  File "/Users/utshaho/Documents/GitHub/rl4rl/data/raw/autoresearch/terra-xhigh-20260816/workspace/src/model.py", line 143, in _init_weights
    torch.nn.init.ones_(module.weight)
  File "/Users/utshaho/Documents/GitHub/rl4rl/architecture_discovery/.venv/lib/python3.12/site-packages/torch/nn/init.py", line 255, in ones_
    return _no_grad_fill_(tensor, 1.0)
           ^^^^^^^^^^^^^^^^^^^^^^^^^^^
  File "/Users/utshaho/Documents/GitHub/rl4rl/architecture_discovery/.venv/lib/python3.12/site-packages/torch/nn/init.py", line 64, in _no_grad_fill_
    return tensor.fill_(val)
           ^^^^^^^^^^^^
AttributeError: 'NoneType' object has no attribute 'fill_'
