Model: RL4RL Autoresearch candidate
Author: configured in run manifest
Parameters (unique): 1468
Architecture: decoder-only addition transformer d=16, h=2, L=2, ff=16
Tricks: autoregressive greedy decoding, weights from checkpoint

  Progress: 1000/10010 (993/1000 correct) [7.3s]
  Progress: 2000/10010 (1986/2000 correct) [14.2s]
  Progress: 3000/10010 (2979/3000 correct) [21.7s]
  Progress: 4000/10010 (3974/4000 correct) [29.5s]
  Progress: 5000/10010 (4969/5000 correct) [36.5s]
  Progress: 6000/10010 (5964/6000 correct) [43.9s]
  Progress: 7000/10010 (6950/7000 correct) [51.3s]
  Progress: 8000/10010 (7938/8000 correct) [58.3s]
  Progress: 9000/10010 (8927/9000 correct) [66.0s]
  Progress: 10000/10010 (9920/10000 correct) [73.0s]

Results: 9930/10010 correct (99.20%)
Time: 73.0s (137 additions/sec)
Status: QUALIFIED (threshold: 99%)

First 20 failures (of 80):
  6509152292 + 9209120080 = 15718272372, got 15818272372
  9229471617 + 9474184142 = 18703655759, got 17703655759
  5468975900 + 1438734356 = 6907710256, got 5907710256
  2383813986 + 5194289640 = 7578103626, got 8578103626
  1978347876 + 4802489172 = 6780837048, got 6680837048
  8953485676 + 8712760635 = 17666246311, got 27666246311
  6840669308 + 801434060 = 7642103368, got 7542103368
  4890126842 + 3800011500 = 8690138342, got 8590138342
  3501935208 + 9726184827 = 13228120035, got 12228120035
  5068301911 + 2389048768 = 7457350679, got 8457350679
  9093595501 + 9827769033 = 18921364534, got 17921364534
  3156085673 + 9095035109 = 12251120782, got 12241120782
  7190183396 + 7497382532 = 14687565928, got 15687565928
  2194094483 + 6296971782 = 8491066265, got 9491066265
  7714504318 + 6513202658 = 14227706976, got 14227706986
  4979903411 + 8570506424 = 13550409835, got 13450409835
  9386157601 + 9524346701 = 18910504302, got 17910504302
  9922359244 + 2512053409 = 12434412653, got 22434412653
  9276781256 + 9446454302 = 18723235558, got 17723235558
  1803843549 + 4966914070 = 6770757619, got 6670757619
