Model: RL4RL Autoresearch candidate
Author: configured in run manifest
Parameters (unique): 1909
Architecture: decoder-only addition transformer d=16, h=2, L=2, ff=10, block1_ff=8, fixed_separators=True, tied_position_pairs=[[4, 15], [7, 18], [5, 16], [3, 14], [2, 13], [8, 19], [6, 17], [1, 12], [0, 11], [9, 20]], interpolated_positions=[23, 24, 25, 26, 27], qkv_pruned=139
Tricks: autoregressive greedy decoding, weights from checkpoint

  Progress: 1000/10010 (999/1000 correct) [4.4s]
  Progress: 2000/10010 (1998/2000 correct) [8.8s]
  Progress: 3000/10010 (2994/3000 correct) [13.1s]
  Progress: 4000/10010 (3991/4000 correct) [17.5s]
  Progress: 5000/10010 (4989/5000 correct) [21.8s]
  Progress: 6000/10010 (5987/6000 correct) [26.1s]
  Progress: 7000/10010 (6986/7000 correct) [30.4s]
  Progress: 8000/10010 (7985/8000 correct) [34.8s]
  Progress: 9000/10010 (8982/9000 correct) [39.1s]
  Progress: 10000/10010 (9979/10000 correct) [43.4s]

Results: 9989/10010 correct (99.79%)
Time: 43.4s (230 additions/sec)
Status: QUALIFIED (threshold: 99%)

First 20 failures (of 21):
  9949339211 + 8948002488 = 18897341699, got 18997341699
  6047119139 + 5060676488 = 11107795627, got 10107795627
  5073074988 + 6351264488 = 11424339476, got 10424339476
  6660112625 + 5142876686 = 11802989311, got 10802989311
  6081827802 + 5355690034 = 11437517836, got 10437517836
  9278473654 + 9413599947 = 18692073601, got 19692073601
  6220808416 + 5189773965 = 11410582381, got 10410582381
  6034185843 + 5879550316 = 11913736159, got 10913736159
  9217700662 + 9448597295 = 18666297957, got 19666297957
  5634381845 + 6168469548 = 11802851393, got 10802851393
  9402679499 + 9293095411 = 18695774910, got 19695774910
  6005893433 + 5803299494 = 11809192927, got 10809192927
  9479323125 + 9453799615 = 18933122740, got 19933122740
  9360408474 + 9213913869 = 18574322343, got 19574322343
  5812383983 + 6097421408 = 11909805391, got 10909805391
  8221226107 + 8352380936 = 16573607043, got 17573607043
  9201756155 + 9771972022 = 18973728177, got 19973728177
  5196715361 + 6533191037 = 11729906398, got 10729906398
  9322270328 + 9340964837 = 18663235165, got 19663235165
  5118045857 + 6196185877 = 11314231734, got 10314231734
