Model: 4,234 parameters
Config: d=16, h=2, L=2, ff=20
Device: mps

Training for 30000 steps...
  step   500 | loss 1.444052 | lr 0.001000 | 0.2min
  step  1000 | loss 1.382871 | lr 0.000999 | 0.3min
  VAL 0.00%
  step  1500 | loss 1.339966 | lr 0.000996 | 0.5min
  step  2000 | loss 1.359659 | lr 0.000992 | 0.6min
  VAL 0.00%
  step  2500 | loss 1.349878 | lr 0.000987 | 0.7min
  step  3000 | loss 1.341553 | lr 0.000980 | 0.9min
  VAL 0.00%
  step  3500 | loss 1.331327 | lr 0.000972 | 1.0min
  step  4000 | loss 1.281062 | lr 0.000962 | 1.2min
  VAL 0.00%
  step  4500 | loss 1.133880 | lr 0.000951 | 1.3min
  step  5000 | loss 0.806686 | lr 0.000939 | 1.5min
  VAL 0.00%
  step  5500 | loss 0.646052 | lr 0.000926 | 1.6min
  step  6000 | loss 0.578144 | lr 0.000912 | 1.8min
  VAL 0.15%
  step  6500 | loss 0.528170 | lr 0.000896 | 1.9min
  step  7000 | loss 0.503054 | lr 0.000880 | 2.1min
  VAL 0.40%
  step  7500 | loss 0.484741 | lr 0.000862 | 2.2min
  step  8000 | loss 0.462798 | lr 0.000843 | 2.3min
  VAL 0.90%
  step  8500 | loss 0.462961 | lr 0.000823 | 2.5min
  step  9000 | loss 0.442500 | lr 0.000803 | 2.6min
  VAL 0.90%
  step  9500 | loss 0.439417 | lr 0.000781 | 2.8min
  step 10000 | loss 0.433520 | lr 0.000759 | 2.9min
  VAL 1.20%
  step 10500 | loss 0.425949 | lr 0.000736 | 3.1min
  step 11000 | loss 0.424438 | lr 0.000713 | 3.2min
  VAL 1.15%
  step 11500 | loss 0.421052 | lr 0.000688 | 3.4min
  step 12000 | loss 0.421405 | lr 0.000664 | 3.5min
  VAL 1.15%
  step 12500 | loss 0.422948 | lr 0.000638 | 3.6min
  step 13000 | loss 0.412717 | lr 0.000613 | 3.8min
  VAL 1.05%
  step 13500 | loss 0.412539 | lr 0.000587 | 3.9min
  step 14000 | loss 0.397360 | lr 0.000561 | 4.1min
  VAL 2.00%
  step 14500 | loss 0.308576 | lr 0.000534 | 4.2min
  step 15000 | loss 0.293461 | lr 0.000508 | 4.4min
  VAL 6.00%
  step 15500 | loss 0.261909 | lr 0.000481 | 4.5min
  step 16000 | loss 0.254559 | lr 0.000455 | 4.7min
  VAL 6.10%
  step 16500 | loss 0.244863 | lr 0.000429 | 4.8min
  step 17000 | loss 0.242837 | lr 0.000403 | 5.0min
  VAL 7.60%
  step 17500 | loss 0.234024 | lr 0.000377 | 5.1min
  step 18000 | loss 0.232098 | lr 0.000352 | 5.3min
  VAL 7.85%
  step 18500 | loss 0.227287 | lr 0.000327 | 5.4min
  step 19000 | loss 0.226127 | lr 0.000302 | 5.6min
  VAL 9.15%
  step 19500 | loss 0.222234 | lr 0.000278 | 5.7min
  step 20000 | loss 0.223107 | lr 0.000255 | 5.8min
  VAL 8.10%
  step 20500 | loss 0.217622 | lr 0.000232 | 6.0min
  step 21000 | loss 0.217161 | lr 0.000210 | 6.1min
  VAL 8.80%
  step 21500 | loss 0.216459 | lr 0.000189 | 6.3min
  step 22000 | loss 0.213994 | lr 0.000169 | 6.4min
  VAL 9.30%
  step 22500 | loss 0.212374 | lr 0.000149 | 6.6min
  step 23000 | loss 0.211435 | lr 0.000131 | 6.7min
  VAL 9.05%
  step 23500 | loss 0.210010 | lr 0.000114 | 6.9min
  step 24000 | loss 0.209454 | lr 0.000097 | 7.0min
  VAL 9.60%
  step 24500 | loss 0.209272 | lr 0.000082 | 7.2min
  step 25000 | loss 0.208367 | lr 0.000068 | 7.3min
  VAL 9.25%
  step 25500 | loss 0.208024 | lr 0.000056 | 7.5min
  step 26000 | loss 0.208076 | lr 0.000044 | 7.6min
  VAL 9.35%
  step 26500 | loss 0.206997 | lr 0.000034 | 7.8min
  step 27000 | loss 0.206264 | lr 0.000025 | 7.9min
  VAL 9.75%
  step 27500 | loss 0.205357 | lr 0.000017 | 8.1min
  step 28000 | loss 0.205945 | lr 0.000011 | 8.2min
  VAL 9.35%
  step 28500 | loss 0.206794 | lr 0.000006 | 8.4min
  step 29000 | loss 0.205565 | lr 0.000003 | 8.5min
  VAL 9.45%
  step 29500 | loss 0.206371 | lr 0.000001 | 8.7min
  step 30000 | loss 0.205713 | lr 0.000000 | 8.8min
  VAL 9.05%

Training complete in 8.8 minutes
Best test accuracy: 0.0000%
