Model: RL4RL Autoresearch candidate
Author: configured in run manifest
Parameters (unique): 4234
Architecture: decoder-only addition transformer d=16, h=2, L=2, ff=20
Tricks: autoregressive greedy decoding, weights from checkpoint

  Progress: 1000/10010 (96/1000 correct) [8.5s]
  Progress: 2000/10010 (191/2000 correct) [16.9s]
  Progress: 3000/10010 (297/3000 correct) [25.4s]
  Progress: 4000/10010 (394/4000 correct) [33.9s]
  Progress: 5000/10010 (492/5000 correct) [42.4s]
  Progress: 6000/10010 (591/6000 correct) [50.8s]
  Progress: 7000/10010 (681/7000 correct) [59.6s]
  Progress: 8000/10010 (781/8000 correct) [68.2s]
  Progress: 9000/10010 (876/9000 correct) [76.6s]
  Progress: 10000/10010 (968/10000 correct) [85.7s]

Results: 969/10010 correct (9.68%)
Time: 85.8s (117 additions/sec)
Status: NOT QUALIFIED (threshold: 99%)

First 20 failures (of 9041):
  0 + 1 = 1, got 11
  9999999999 + 0 = 9999999999, got 19
  9999999999 + 1 = 10000000000, got 0
  9999999999 + 9999999999 = 19999999998, got 29999999998
  5000000000 + 5000000000 = 10000000000, got 0
  1111111111 + 8888888889 = 10000000000, got 9999999990
  1234567890 + 9876543210 = 11111111100, got 11111111090
  9999999999 + 9999999999 = 19999999998, got 29999999998
  1 + 9999999999 = 10000000000, got 0
  2395527356 + 9334186774 = 11729714130, got 11729714090
  4296888873 + 8475224721 = 12772113594, got 12772113574
  1721735679 + 186192860 = 1907928539, got 1907928599
  4721664841 + 8801376086 = 13523040927, got 13523040967
  8709633390 + 2191376109 = 10901009499, got 10901009519
  813236058 + 3041824170 = 3855060228, got 3855060198
  7038162399 + 8251837442 = 15289999841, got 15289999861
  3917771074 + 2558389380 = 6476160454, got 6476160424
  2345623234 + 894115330 = 3239738564, got 3239738524
  3369214745 + 1580376784 = 4949591529, got 4949591519
  5487960534 + 2479695299 = 7967655833, got 7967655793
