Model: RL4RL Autoresearch candidate
Author: configured in run manifest
Parameters (unique): 1959
Architecture: decoder-only addition transformer d=16, h=2, L=2, ff=10, block1_ff=8, fixed_separators=True, tied_position_pairs=[[4, 15], [7, 18], [5, 16], [3, 14], [2, 13], [8, 19], [6, 17], [1, 12], [0, 11], [9, 20]], interpolated_positions=[23, 24, 25, 26, 27], qkv_pruned=89
Tricks: autoregressive greedy decoding, weights from checkpoint

  Progress: 1000/10010 (996/1000 correct) [4.5s]
  Progress: 2000/10010 (1993/2000 correct) [8.9s]
  Progress: 3000/10010 (2991/3000 correct) [13.4s]
  Progress: 4000/10010 (3987/4000 correct) [17.8s]
  Progress: 5000/10010 (4983/5000 correct) [22.2s]
  Progress: 6000/10010 (5979/6000 correct) [26.6s]
  Progress: 7000/10010 (6978/7000 correct) [31.1s]
  Progress: 8000/10010 (7974/8000 correct) [35.6s]
  Progress: 9000/10010 (8969/9000 correct) [40.0s]
  Progress: 10000/10010 (9965/10000 correct) [44.4s]

Results: 9975/10010 correct (99.65%)
Time: 44.4s (225 additions/sec)
Status: QUALIFIED (threshold: 99%)

First 20 failures (of 35):
  8261688289 + 8707679052 = 16969367341, got 17969367341
  8451671660 + 8219874762 = 16671546422, got 17671546422
  6116232171 + 6692893101 = 12809125272, got 11809125272
  1084987887 + 2747664090 = 3832651977, got 2832651977
  1552635546 + 1248515946 = 2801151492, got 1801151492
  6047119139 + 5060676488 = 11107795627, got 10107795627
  5199705329 + 6225705022 = 11425410351, got 10425410351
  6660112625 + 5142876686 = 11802989311, got 10802989311
  9278473654 + 9413599947 = 18692073601, got 19692073601
  6220808416 + 5189773965 = 11410582381, got 10410582381
  1086907842 + 1573336600 = 2660244442, got 1660244442
  1592055522 + 2032648027 = 3624703549, got 2624703549
  1762435645 + 2061488435 = 3823924080, got 2823924080
  1113391968 + 1688419658 = 2801811626, got 1801811626
  1020975102 + 2580856615 = 3601831717, got 2601831717
  5634381845 + 6168469548 = 11802851393, got 10802851393
  9402679499 + 9293095411 = 18695774910, got 19695774910
  1790873046 + 2047487998 = 3838361044, got 2838361044
  1091661902 + 2115383254 = 3207045156, got 2207045156
  9479323125 + 9453799615 = 18933122740, got 19933122740
