Model: RL4RL Autoresearch candidate
Author: configured in run manifest
Parameters (unique): 2016
Architecture: decoder-only addition transformer d=16, h=2, L=2, ff=10, block1_ff=8, fixed_separators=True, tied_position_pairs=[[4, 15], [7, 18], [5, 16], [3, 14], [2, 13], [8, 19], [6, 17], [1, 12], [0, 11], [9, 20]], interpolated_positions=[23, 24, 25, 26, 27], qkv_pruned=32
Tricks: autoregressive greedy decoding, weights from checkpoint

  Progress: 1000/10010 (997/1000 correct) [4.4s]
  Progress: 2000/10010 (1995/2000 correct) [8.8s]
  Progress: 3000/10010 (2995/3000 correct) [13.3s]
  Progress: 4000/10010 (3994/4000 correct) [17.7s]
  Progress: 5000/10010 (4993/5000 correct) [22.1s]
  Progress: 6000/10010 (5991/6000 correct) [26.5s]
  Progress: 7000/10010 (6990/7000 correct) [30.9s]
  Progress: 8000/10010 (7990/8000 correct) [35.3s]
  Progress: 9000/10010 (8986/9000 correct) [39.7s]
  Progress: 10000/10010 (9986/10000 correct) [44.1s]

Results: 9996/10010 correct (99.86%)
Time: 44.1s (227 additions/sec)
Status: QUALIFIED (threshold: 99%)

Failures (14):
  2419324703 + 3516291980 = 5935616683, got 5835616683
  4501354141 + 9409669647 = 13911023788, got 13811023788
  9949339211 + 8948002488 = 18897341699, got 18997341699
  2414276349 + 2517436867 = 4931713216, got 4831713216
  4624637094 + 517131976 = 5141769070, got 5041769070
  1415015538 + 2519348781 = 3934364319, got 3834364319
  8191852004 + 7194996854 = 15386848858, got 15396848858
  8918493315 + 4192479048 = 13110972363, got 12110972363
  9479323125 + 9453799615 = 18933122740, got 19933122740
  9611914057 + 7529885855 = 17141799912, got 17041799912
  4976077648 + 8127685554 = 13103763202, got 12103763202
  405989949 + 5525825456 = 5931815405, got 5831815405
  9516562991 + 9413390151 = 18929953142, got 19929953142
  9201756155 + 9771972022 = 18973728177, got 19973728177
