Model: RL4RL Autoresearch candidate
Author: configured in run manifest
Parameters (unique): 1928
Architecture: decoder-only addition transformer d=16, h=2, L=2, ff=10, block1_ff=8, fixed_separators=True, tied_position_pairs=[[4, 15], [7, 18], [5, 16], [3, 14], [2, 13], [8, 19], [6, 17], [1, 12], [0, 11], [9, 20]], interpolated_positions=[23, 24, 25, 26, 27], qkv_pruned=120
Tricks: autoregressive greedy decoding, weights from checkpoint

  Progress: 1000/10010 (999/1000 correct) [4.4s]
  Progress: 2000/10010 (1990/2000 correct) [8.7s]
  Progress: 3000/10010 (2987/3000 correct) [13.1s]
  Progress: 4000/10010 (3979/4000 correct) [17.5s]
  Progress: 5000/10010 (4973/5000 correct) [21.9s]
  Progress: 6000/10010 (5966/6000 correct) [26.4s]
  Progress: 7000/10010 (6962/7000 correct) [30.8s]
  Progress: 8000/10010 (7961/8000 correct) [35.2s]
  Progress: 9000/10010 (8954/9000 correct) [39.6s]
  Progress: 10000/10010 (9951/10000 correct) [44.0s]

Results: 9961/10010 correct (99.51%)
Time: 44.0s (227 additions/sec)
Status: QUALIFIED (threshold: 99%)

First 20 failures (of 49):
  3289722162 + 9724327838 = 13014050000, got 12514050000
  5270285775 + 4739952329 = 10010238104, got 9510238104
  5250483323 + 6768919741 = 12019403064, got 12519403064
  4761789463 + 3265121316 = 8026910779, got 7526910779
  2763076017 + 9267356007 = 12030432024, got 12530432024
  6765445328 + 1271516668 = 8036961996, got 7536961996
  5223948803 + 9786839128 = 15010787931, got 14510787931
  6047119139 + 5060676488 = 11107795627, got 10107795627
  4799104532 + 5241584200 = 10040688732, got 9540688732
  1260827092 + 3781169969 = 5041997061, got 4541997061
  1515540916 + 125165363 = 1640706279, got 2040706279
  6776593776 + 5269222682 = 12045816458, got 12545816458
  5793391971 + 3268104699 = 9061496670, got 8561496670
  1798242999 + 3267329002 = 5065572001, got 4565572001
  4276100565 + 3773671571 = 8049772136, got 7549772136
  1086907842 + 1573336600 = 2660244442, got 1660244442
  769934205 + 3291658886 = 4061593091, got 4561593091
  2763127007 + 3264936655 = 6028063662, got 5528063662
  1592055522 + 2032648027 = 3624703549, got 2624703549
  2793349138 + 5219640234 = 8012989372, got 7512989372
