Model: 3,073 parameters
Config: d=14, h=2, L=2, ff=18
Device: mps

Training for 45000 steps...
  step   500 | loss 1.508216 | lr 0.001000 | 0.2min
  step  1000 | loss 1.446253 | lr 0.000999 | 0.3min
  VAL 0.00%
  step  1500 | loss 1.397333 | lr 0.000998 | 0.5min
  step  2000 | loss 1.384630 | lr 0.000997 | 0.6min
  VAL 0.00%
  step  2500 | loss 1.388904 | lr 0.000995 | 0.8min
  step  3000 | loss 1.374190 | lr 0.000992 | 0.9min
  VAL 0.00%
  step  3500 | loss 1.379344 | lr 0.000989 | 1.0min
  step  4000 | loss 1.368984 | lr 0.000985 | 1.2min
  VAL 0.00%
  step  4500 | loss 1.344597 | lr 0.000981 | 1.3min
  step  5000 | loss 1.347566 | lr 0.000976 | 1.5min
  VAL 0.00%
  step  5500 | loss 1.276259 | lr 0.000970 | 1.6min
  step  6000 | loss 1.261076 | lr 0.000964 | 1.7min
  VAL 0.00%
  step  6500 | loss 1.223458 | lr 0.000958 | 1.9min
  step  7000 | loss 1.253216 | lr 0.000951 | 2.0min
  VAL 0.00%
  step  7500 | loss 1.192498 | lr 0.000944 | 2.1min
  step  8000 | loss 1.200535 | lr 0.000936 | 2.3min
  VAL 0.00%
  step  8500 | loss 1.198460 | lr 0.000927 | 2.4min
  step  9000 | loss 1.168634 | lr 0.000918 | 2.5min
  VAL 0.00%
  step  9500 | loss 1.185110 | lr 0.000909 | 2.6min
  step 10000 | loss 1.210908 | lr 0.000899 | 2.8min
  VAL 0.00%
  step 10500 | loss 1.193411 | lr 0.000889 | 2.9min
  step 11000 | loss 1.124476 | lr 0.000879 | 3.1min
  VAL 0.00%
  step 11500 | loss 1.141279 | lr 0.000868 | 3.2min
  step 12000 | loss 1.179232 | lr 0.000856 | 3.3min
  VAL 0.00%
  step 12500 | loss 1.144570 | lr 0.000844 | 3.5min
  step 13000 | loss 1.177812 | lr 0.000832 | 3.6min
  VAL 0.00%
  step 13500 | loss 1.162060 | lr 0.000820 | 3.8min
  step 14000 | loss 1.096895 | lr 0.000807 | 3.9min
  VAL 0.00%
  step 14500 | loss 1.136619 | lr 0.000794 | 4.0min
  step 15000 | loss 1.159566 | lr 0.000780 | 4.2min
  VAL 0.00%
  step 15500 | loss 1.161027 | lr 0.000767 | 4.3min
  step 16000 | loss 1.162657 | lr 0.000753 | 4.4min
  VAL 0.00%
  step 16500 | loss 1.138641 | lr 0.000739 | 4.5min
  step 17000 | loss 1.148750 | lr 0.000724 | 4.7min
  VAL 0.00%
  step 17500 | loss 1.102471 | lr 0.000709 | 4.8min
  step 18000 | loss 0.453335 | lr 0.000694 | 5.0min
  VAL 0.15%
  step 18500 | loss 0.339593 | lr 0.000679 | 5.1min
  step 19000 | loss 0.294338 | lr 0.000664 | 5.2min
  VAL 2.90%
  step 19500 | loss 0.260629 | lr 0.000649 | 5.4min
  step 20000 | loss 0.246932 | lr 0.000633 | 5.5min
  VAL 4.70%
  step 20500 | loss 0.239136 | lr 0.000618 | 5.7min
  step 21000 | loss 0.238936 | lr 0.000602 | 5.8min
  VAL 6.10%
  step 21500 | loss 0.228976 | lr 0.000586 | 6.0min
  step 22000 | loss 0.226652 | lr 0.000571 | 6.1min
  VAL 6.90%
  step 22500 | loss 0.222789 | lr 0.000555 | 6.3min
  step 23000 | loss 0.221587 | lr 0.000539 | 6.4min
  VAL 7.60%
  step 23500 | loss 0.218621 | lr 0.000523 | 6.6min
  step 24000 | loss 0.215958 | lr 0.000507 | 6.7min
  VAL 9.30%
  step 24500 | loss 0.213382 | lr 0.000492 | 6.8min
  step 25000 | loss 0.211522 | lr 0.000476 | 7.0min
  VAL 9.40%
  step 25500 | loss 0.209990 | lr 0.000460 | 7.1min
  step 26000 | loss 0.206894 | lr 0.000445 | 7.3min
  VAL 8.55%
  step 26500 | loss 0.204067 | lr 0.000430 | 7.4min
  step 27000 | loss 0.203091 | lr 0.000415 | 7.5min
  VAL 10.10%
  step 27500 | loss 0.200746 | lr 0.000400 | 7.7min
  step 28000 | loss 0.201096 | lr 0.000385 | 7.8min
  VAL 9.35%
  step 28500 | loss 0.200099 | lr 0.000370 | 8.0min
  step 29000 | loss 0.198640 | lr 0.000356 | 8.1min
  VAL 10.15%
  step 29500 | loss 0.197796 | lr 0.000342 | 8.3min
  step 30000 | loss 0.196834 | lr 0.000328 | 8.4min
  VAL 9.70%
  step 30500 | loss 0.197043 | lr 0.000314 | 8.5min
  step 31000 | loss 0.196589 | lr 0.000301 | 8.7min
  VAL 8.85%
  step 31500 | loss 0.196205 | lr 0.000288 | 8.8min
  step 32000 | loss 0.195464 | lr 0.000275 | 8.9min
  VAL 9.45%
  step 32500 | loss 0.195385 | lr 0.000263 | 9.1min
  step 33000 | loss 0.194908 | lr 0.000251 | 9.2min
  VAL 10.75%
  step 33500 | loss 0.194652 | lr 0.000239 | 9.4min
  step 34000 | loss 0.194491 | lr 0.000228 | 9.5min
  VAL 9.95%
  step 34500 | loss 0.194012 | lr 0.000217 | 9.7min
  step 35000 | loss 0.194353 | lr 0.000207 | 9.8min
  VAL 10.00%
  step 35500 | loss 0.193829 | lr 0.000197 | 10.0min
  step 36000 | loss 0.193914 | lr 0.000187 | 10.1min
  VAL 9.35%
  step 36500 | loss 0.193638 | lr 0.000178 | 10.2min
  step 37000 | loss 0.193903 | lr 0.000169 | 10.4min
  VAL 9.55%
  step 37500 | loss 0.193631 | lr 0.000161 | 10.5min
  step 38000 | loss 0.193771 | lr 0.000153 | 10.7min
  VAL 9.50%
  step 38500 | loss 0.193396 | lr 0.000146 | 10.8min
  step 39000 | loss 0.193387 | lr 0.000139 | 10.9min
  VAL 10.05%
  step 39500 | loss 0.193708 | lr 0.000133 | 11.0min
  step 40000 | loss 0.193274 | lr 0.000128 | 11.1min
  VAL 9.25%
  step 40500 | loss 0.193236 | lr 0.000122 | 11.3min
  step 41000 | loss 0.192867 | lr 0.000118 | 11.5min
  VAL 9.70%
  step 41500 | loss 0.192822 | lr 0.000114 | 11.6min
  step 42000 | loss 0.192976 | lr 0.000110 | 11.8min
  VAL 9.60%
  step 42500 | loss 0.193274 | lr 0.000107 | 11.9min
  step 43000 | loss 0.193043 | lr 0.000104 | 12.0min
  VAL 8.85%
  step 43500 | loss 0.193223 | lr 0.000102 | 12.2min
  step 44000 | loss 0.193102 | lr 0.000101 | 12.3min
  VAL 10.40%
  step 44500 | loss 0.192894 | lr 0.000100 | 12.4min
  step 45000 | loss 0.193169 | lr 0.000100 | 12.6min
  VAL 9.65%

Training complete in 12.6 minutes
Best test accuracy: 0.0000%
