Model: RL4RL Autoresearch candidate
Author: configured in run manifest
Parameters (unique): 1850
Architecture: decoder-only addition transformer d=16, h=2, L=2, ff=10, block1_ff=8, fixed_separators=True, tied_position_pairs=[[4, 15], [7, 18], [5, 16], [3, 14], [2, 13], [8, 19], [6, 17], [1, 12], [0, 11], [9, 20]], interpolated_positions=[23, 24, 25, 26, 27], qkv_pruned=198
Tricks: autoregressive greedy decoding, weights from checkpoint

  Progress: 1000/10010 (998/1000 correct) [4.5s]
  Progress: 2000/10010 (1998/2000 correct) [8.9s]
  Progress: 3000/10010 (2996/3000 correct) [13.3s]
  Progress: 4000/10010 (3992/4000 correct) [17.8s]
  Progress: 5000/10010 (4989/5000 correct) [22.2s]
  Progress: 6000/10010 (5986/6000 correct) [26.6s]
  Progress: 7000/10010 (6984/7000 correct) [31.0s]
  Progress: 8000/10010 (7981/8000 correct) [35.5s]
  Progress: 9000/10010 (8976/9000 correct) [39.9s]
  Progress: 10000/10010 (9974/10000 correct) [44.6s]

Results: 9984/10010 correct (99.74%)
Time: 44.6s (224 additions/sec)
Status: QUALIFIED (threshold: 99%)

First 20 failures (of 26):
  1462283409 + 3824749104 = 5287032513, got 10287032513
  1084987887 + 2747664090 = 3832651977, got 2832651977
  9278473654 + 9413599947 = 18692073601, got 19692073601
  3270805263 + 2330653619 = 5601458882, got 10601458882
  1086907842 + 1573336600 = 2660244442, got 1660244442
  1592055522 + 2032648027 = 3624703549, got 2624703549
  1762435645 + 2061488435 = 3823924080, got 2823924080
  2577348434 + 1068880439 = 3646228873, got 2646228873
  1020975102 + 2580856615 = 3601831717, got 2601831717
  9402679499 + 9293095411 = 18695774910, got 19695774910
  2311464893 + 3305502758 = 5616967651, got 10616967651
  1790873046 + 2047487998 = 3838361044, got 2838361044
  1091661902 + 2115383254 = 3207045156, got 2207045156
  1781755818 + 1048923127 = 2830678945, got 1830678945
  2401777442 + 3264431463 = 5666208905, got 10666208905
  1052410045 + 2788104833 = 3840514878, got 2840514878
  3085270672 + 2040274249 = 5125544921, got 10125544921
  1010334286 + 1799118342 = 2809452628, got 1809452628
  3303148513 + 2328154863 = 5631303376, got 10631303376
  1068020026 + 3067033171 = 4135053197, got 9135053197
