Model: 2,884 parameters
Config: d=14, h=2, L=2, ff=23
Device: mps

Training for 30000 steps...
  step   500 | loss 1.458125 | lr 0.001000 | 0.2min
  step  1000 | loss 1.372314 | lr 0.000999 | 0.3min
  VAL 0.00%
  step  1500 | loss 1.320622 | lr 0.000996 | 0.4min
  step  2000 | loss 1.347388 | lr 0.000992 | 0.6min
  VAL 0.00%
  step  2500 | loss 1.283767 | lr 0.000987 | 0.7min
  step  3000 | loss 1.207911 | lr 0.000980 | 0.8min
  VAL 0.00%
  step  3500 | loss 0.482067 | lr 0.000972 | 1.0min
  step  4000 | loss 0.246077 | lr 0.000962 | 1.1min
  VAL 2.75%
  step  4500 | loss 0.128341 | lr 0.000951 | 1.2min
  step  5000 | loss 0.066174 | lr 0.000939 | 1.4min
  VAL 68.55%
  step  5500 | loss 0.033915 | lr 0.000926 | 1.5min
  step  6000 | loss 0.020781 | lr 0.000912 | 1.7min
  VAL 87.80%
  step  6500 | loss 0.010552 | lr 0.000896 | 1.8min
  step  7000 | loss 0.006367 | lr 0.000880 | 1.9min
  VAL 97.85%
  step  7500 | loss 0.004165 | lr 0.000862 | 2.1min
  step  8000 | loss 0.002364 | lr 0.000843 | 2.2min
  VAL 99.65%
  TEST 99.5700%
  *** New best: 99.5700% ***
  step  8500 | loss 0.001680 | lr 0.000823 | 2.4min
  step  9000 | loss 0.000800 | lr 0.000803 | 2.5min
  VAL 99.80%
  TEST 99.9200%
  *** New best: 99.9200% ***
  step  9500 | loss 0.001032 | lr 0.000781 | 2.7min
  step 10000 | loss 0.000361 | lr 0.000759 | 2.8min
  VAL 100.00%
  TEST 99.9900%
  *** New best: 99.9900% ***
  step 10500 | loss 0.000620 | lr 0.000736 | 3.0min
  step 11000 | loss 0.000199 | lr 0.000713 | 3.1min
  VAL 100.00%
  TEST 100.0000%
  *** New best: 100.0000% ***
  step 11500 | loss 0.000148 | lr 0.000688 | 3.3min
  step 12000 | loss 0.003207 | lr 0.000664 | 3.5min
  VAL 88.60%
  step 12500 | loss 0.000088 | lr 0.000638 | 3.6min
  step 13000 | loss 0.000078 | lr 0.000613 | 3.7min
  VAL 100.00%
  TEST 100.0000%
  step 13500 | loss 0.000963 | lr 0.000587 | 3.9min
  step 14000 | loss 0.000057 | lr 0.000561 | 4.0min
  VAL 100.00%
  TEST 99.9900%
  step 14500 | loss 0.000040 | lr 0.000534 | 4.2min
  step 15000 | loss 0.000033 | lr 0.000508 | 4.4min
  VAL 100.00%
  TEST 100.0000%
  step 15500 | loss 0.000027 | lr 0.000481 | 4.5min
  step 16000 | loss 0.000054 | lr 0.000455 | 4.6min
  VAL 99.95%
  TEST 99.9900%
  step 16500 | loss 0.000093 | lr 0.000429 | 4.8min
  step 17000 | loss 0.000028 | lr 0.000403 | 4.9min
  VAL 100.00%
  TEST 100.0000%
  step 17500 | loss 0.000020 | lr 0.000377 | 5.1min
  step 18000 | loss 0.000015 | lr 0.000352 | 5.2min
  VAL 100.00%
  TEST 100.0000%
  step 18500 | loss 0.000014 | lr 0.000327 | 5.4min
  step 19000 | loss 0.000010 | lr 0.000302 | 5.6min
  VAL 100.00%
  TEST 100.0000%
  step 19500 | loss 0.000009 | lr 0.000278 | 5.7min
  step 20000 | loss 0.000008 | lr 0.000255 | 5.9min
  VAL 100.00%
  TEST 100.0000%
  step 20500 | loss 0.000010 | lr 0.000232 | 6.1min
  step 21000 | loss 0.000111 | lr 0.000210 | 6.2min
  VAL 99.95%
  TEST 99.9700%
  step 21500 | loss 0.000006 | lr 0.000189 | 6.4min
  step 22000 | loss 0.000005 | lr 0.000169 | 6.5min
  VAL 100.00%
  TEST 100.0000%
  step 22500 | loss 0.000004 | lr 0.000149 | 6.7min
  step 23000 | loss 0.000005 | lr 0.000131 | 6.8min
  VAL 100.00%
  TEST 100.0000%
  step 23500 | loss 0.000003 | lr 0.000114 | 7.0min
  step 24000 | loss 0.000003 | lr 0.000097 | 7.1min
  VAL 100.00%
  TEST 100.0000%
  step 24500 | loss 0.000003 | lr 0.000082 | 7.3min
  step 25000 | loss 0.000002 | lr 0.000068 | 7.4min
  VAL 100.00%
  TEST 100.0000%
  step 25500 | loss 0.000002 | lr 0.000056 | 7.6min
  step 26000 | loss 0.000002 | lr 0.000044 | 7.7min
  VAL 100.00%
  TEST 100.0000%
  step 26500 | loss 0.000002 | lr 0.000034 | 7.9min
  step 27000 | loss 0.000002 | lr 0.000025 | 8.0min
  VAL 100.00%
  TEST 100.0000%
  step 27500 | loss 0.000002 | lr 0.000017 | 8.2min
  step 28000 | loss 0.000002 | lr 0.000011 | 8.3min
  VAL 100.00%
  TEST 100.0000%
  step 28500 | loss 0.000002 | lr 0.000006 | 8.5min
  step 29000 | loss 0.000001 | lr 0.000003 | 8.6min
  VAL 100.00%
  TEST 100.0000%
  step 29500 | loss 0.000002 | lr 0.000001 | 8.8min
  step 30000 | loss 0.000002 | lr 0.000000 | 8.9min
  VAL 100.00%
  TEST 100.0000%

Training complete in 9.0 minutes
Best test accuracy: 100.0000%
