Model: RL4RL Autoresearch candidate
Author: configured in run manifest
Parameters (unique): 2884
Architecture: decoder-only addition transformer d=14, h=2, L=2, ff=23
Tricks: autoregressive greedy decoding, weights from checkpoint

  Progress: 1000/10010 (1000/1000 correct) [7.4s]
  Progress: 2000/10010 (2000/2000 correct) [14.7s]
  Progress: 3000/10010 (3000/3000 correct) [22.0s]
  Progress: 4000/10010 (4000/4000 correct) [29.3s]
  Progress: 5000/10010 (5000/5000 correct) [36.7s]
  Progress: 6000/10010 (6000/6000 correct) [44.0s]
  Progress: 7000/10010 (6999/7000 correct) [52.6s]
  Progress: 8000/10010 (7999/8000 correct) [61.8s]
  Progress: 9000/10010 (8999/9000 correct) [71.0s]
  Progress: 10000/10010 (9999/10000 correct) [80.3s]

Results: 10009/10010 correct (99.99%)
Time: 80.4s (125 additions/sec)
Status: QUALIFIED (threshold: 99%)

Failures (1):
  1940146330 + 1969387127 = 3909533457, got 2909533457
