Model: RL4RL Autoresearch candidate
Author: configured in run manifest
Parameters (unique): 1669
Architecture: decoder-only addition transformer d=16, h=2, L=2, ff=16
Tricks: autoregressive greedy decoding, weights from checkpoint

  Progress: 1000/10010 (1/1000 correct) [6.8s]
  Progress: 2000/10010 (1/2000 correct) [13.5s]
  Progress: 3000/10010 (1/3000 correct) [20.2s]
  Progress: 4000/10010 (1/4000 correct) [27.0s]
  Progress: 5000/10010 (1/5000 correct) [33.7s]
  Progress: 6000/10010 (1/6000 correct) [41.4s]
  Progress: 7000/10010 (1/7000 correct) [49.5s]
  Progress: 8000/10010 (1/8000 correct) [57.4s]
  Progress: 9000/10010 (1/9000 correct) [65.7s]
  Progress: 10000/10010 (1/10000 correct) [73.9s]

Results: 1/10010 correct (0.01%)
Time: 74.0s (135 additions/sec)
Status: NOT QUALIFIED (threshold: 99%)

First 20 failures (of 10009):
  0 + 1 = 1, got 11111
  9999999999 + 0 = 9999999999, got 11119990010
  9999999999 + 1 = 10000000000, got 11119990011
  9999999999 + 9999999999 = 19999999998, got 18080899907
  5000000000 + 5000000000 = 10000000000, got 96000000000
  1111111111 + 8888888889 = 10000000000, got 11111110001
  1234567890 + 9876543210 = 11111111100, got 22091551000
  9999999999 + 9999999999 = 19999999998, got 18080899907
  1 + 9999999999 = 10000000000, got 11119990011
  2395527356 + 9334186774 = 11729714130, got 31828516184
  4296888873 + 8475224721 = 12772113594, got 24706222705
  2446880696 + 4577514554 = 7024395250, got 28556614854
  1721735679 + 186192860 = 1907928539, got 12121217070
  3295396137 + 8512642381 = 11808038518, got 21807140821
  4721664841 + 8801376086 = 13523040927, got 24713964041
  8709633390 + 2191376109 = 10901009499, got 32111910811
  813236058 + 3041824170 = 3855060228, got 93907081070
  7038162399 + 8251837442 = 15289999841, got 17181111942
  3917771074 + 2558389380 = 6476160454, got 18517171304
  2345623234 + 894115330 = 3239738564, got 13236949784
