Model: 5,824 parameters
Config: d=16, h=2, L=2, ff=44
Device: mps

Training for 30000 steps...
  step   500 | loss 1.452771 | lr 0.001000 | 0.2min
  step  1000 | loss 1.345362 | lr 0.000999 | 0.3min
  VAL 0.00%
  step  1500 | loss 1.229333 | lr 0.000996 | 0.5min
  step  2000 | loss 1.047935 | lr 0.000992 | 0.6min
  VAL 0.00%
  step  2500 | loss 0.918478 | lr 0.000987 | 0.7min
  step  3000 | loss 0.835417 | lr 0.000980 | 0.9min
  VAL 0.00%
  step  3500 | loss 0.502125 | lr 0.000972 | 1.1min
  step  4000 | loss 0.317009 | lr 0.000962 | 1.3min
  VAL 4.30%
  step  4500 | loss 0.255779 | lr 0.000951 | 1.4min
  step  5000 | loss 0.224511 | lr 0.000939 | 1.6min
  VAL 8.30%
  step  5500 | loss 0.205314 | lr 0.000926 | 1.8min
  step  6000 | loss 0.197688 | lr 0.000912 | 2.0min
  VAL 8.15%
  step  6500 | loss 0.195627 | lr 0.000896 | 2.2min
  step  7000 | loss 0.194585 | lr 0.000880 | 2.4min
  VAL 8.80%
  step  7500 | loss 0.195431 | lr 0.000862 | 2.6min
  step  8000 | loss 0.193342 | lr 0.000843 | 2.8min
  VAL 10.80%
  step  8500 | loss 0.192785 | lr 0.000823 | 2.9min
  step  9000 | loss 0.193968 | lr 0.000803 | 3.1min
  VAL 11.80%
  step  9500 | loss 0.001030 | lr 0.000781 | 3.3min
  step 10000 | loss 0.002356 | lr 0.000759 | 3.4min
  VAL 98.80%
  step 10500 | loss 0.001003 | lr 0.000736 | 3.6min
  step 11000 | loss 0.000319 | lr 0.000713 | 3.7min
  VAL 99.70%
  TEST 99.8500%
  *** New best: 99.8500% ***
  step 11500 | loss 0.002771 | lr 0.000688 | 3.9min
  step 12000 | loss 0.000227 | lr 0.000664 | 4.0min
  VAL 99.95%
  TEST 99.7500%
  step 12500 | loss 0.000192 | lr 0.000638 | 4.2min
  step 13000 | loss 0.000190 | lr 0.000613 | 4.3min
  VAL 99.75%
  TEST 99.8500%
  step 13500 | loss 0.000162 | lr 0.000587 | 4.5min
  step 14000 | loss 0.000158 | lr 0.000561 | 4.6min
  VAL 99.95%
  TEST 99.9800%
  *** New best: 99.9800% ***
  step 14500 | loss 0.000829 | lr 0.000534 | 4.8min
  step 15000 | loss 0.000137 | lr 0.000508 | 4.9min
  VAL 100.00%
  TEST 100.0000%
  *** New best: 100.0000% ***
  step 15500 | loss 0.003000 | lr 0.000481 | 5.1min
  step 16000 | loss 0.000132 | lr 0.000455 | 5.2min
  VAL 100.00%
  TEST 100.0000%
  step 16500 | loss 0.000125 | lr 0.000429 | 5.4min
  step 17000 | loss 0.000131 | lr 0.000403 | 5.6min
  VAL 99.85%
  TEST 99.9500%
  step 17500 | loss 0.000110 | lr 0.000377 | 5.8min
  step 18000 | loss 0.000098 | lr 0.000352 | 5.9min
  VAL 99.95%
  TEST 99.9900%
  step 18500 | loss 0.000091 | lr 0.000327 | 6.1min
  step 19000 | loss 0.000220 | lr 0.000302 | 6.2min
  VAL 99.95%
  TEST 99.9900%
  step 19500 | loss 0.000082 | lr 0.000278 | 6.4min
  step 20000 | loss 0.000075 | lr 0.000255 | 6.5min
  VAL 100.00%
  TEST 100.0000%
  step 20500 | loss 0.000075 | lr 0.000232 | 6.7min
  step 21000 | loss 0.000052 | lr 0.000210 | 6.9min
  VAL 100.00%
  TEST 100.0000%
  step 21500 | loss 0.000047 | lr 0.000189 | 7.1min
  step 22000 | loss 0.000042 | lr 0.000169 | 7.2min
  VAL 100.00%
  TEST 100.0000%
  step 22500 | loss 0.000072 | lr 0.000149 | 7.4min
  step 23000 | loss 0.000027 | lr 0.000131 | 7.5min
  VAL 100.00%
  TEST 100.0000%
  step 23500 | loss 0.000020 | lr 0.000114 | 7.7min
  step 24000 | loss 0.000018 | lr 0.000097 | 7.8min
  VAL 100.00%
  TEST 100.0000%
  step 24500 | loss 0.000015 | lr 0.000082 | 8.0min
  step 25000 | loss 0.000013 | lr 0.000068 | 8.1min
  VAL 100.00%
  TEST 100.0000%
  step 25500 | loss 0.000010 | lr 0.000056 | 8.3min
  step 26000 | loss 0.000009 | lr 0.000044 | 8.5min
  VAL 100.00%
  TEST 100.0000%
  step 26500 | loss 0.000008 | lr 0.000034 | 8.7min
  step 27000 | loss 0.000007 | lr 0.000025 | 8.8min
  VAL 100.00%
  TEST 100.0000%
  step 27500 | loss 0.000006 | lr 0.000017 | 9.0min
  step 28000 | loss 0.000006 | lr 0.000011 | 9.1min
  VAL 100.00%
  TEST 100.0000%
  step 28500 | loss 0.000006 | lr 0.000006 | 9.3min
  step 29000 | loss 0.000005 | lr 0.000003 | 9.5min
  VAL 100.00%
  TEST 100.0000%
  step 29500 | loss 0.000005 | lr 0.000001 | 9.7min
  step 30000 | loss 0.000006 | lr 0.000000 | 9.8min
  VAL 100.00%
  TEST 100.0000%

Training complete in 9.8 minutes
Best test accuracy: 100.0000%
