Model: RL4RL Autoresearch candidate
Author: configured in run manifest
Parameters (unique): 5824
Architecture: decoder-only addition transformer d=16, h=2, L=2, ff=44
Tricks: autoregressive greedy decoding, weights from checkpoint

  Progress: 1000/10010 (999/1000 correct) [8.8s]
  Progress: 2000/10010 (1999/2000 correct) [17.7s]
  Progress: 3000/10010 (2998/3000 correct) [26.1s]
  Progress: 4000/10010 (3998/4000 correct) [34.7s]
  Progress: 5000/10010 (4998/5000 correct) [43.5s]
  Progress: 6000/10010 (5997/6000 correct) [52.4s]
  Progress: 7000/10010 (6997/7000 correct) [61.1s]
  Progress: 8000/10010 (7997/8000 correct) [69.9s]
  Progress: 9000/10010 (8997/9000 correct) [78.7s]
  Progress: 10000/10010 (9995/10000 correct) [87.5s]

Results: 10005/10010 correct (99.95%)
Time: 87.6s (114 additions/sec)
Status: QUALIFIED (threshold: 99%)

Failures (5):
  5000000000 + 5000000000 = 10000000000, got 0
  3127549044 + 7435941955 = 10563490999, got 9563490999
  2265979874 + 2399762878 = 4665742752, got 14665742752
  5070575419 + 5162145711 = 10232721130, got 232721130
  3472329391 + 7038746268 = 10511075659, got 9511075659
