Model: 2,144 parameters
Config: d=16, h=2, L=2, ff=16
Device: mps

Training for 45000 steps...
  step   500 | loss 1.597344 | lr 0.001000 | 0.1min
  step  1000 | loss 1.501901 | lr 0.000999 | 0.3min
  VAL 0.00%
  step  1500 | loss 1.484979 | lr 0.000998 | 0.4min
  step  2000 | loss 1.109175 | lr 0.000996 | 0.5min
  VAL 0.00%
  step  2500 | loss 0.858031 | lr 0.000994 | 0.6min
  step  3000 | loss 0.718427 | lr 0.000991 | 0.7min
  VAL 0.00%
  step  3500 | loss 0.630913 | lr 0.000987 | 0.8min
  step  4000 | loss 0.582575 | lr 0.000983 | 0.9min
  VAL 0.00%
  step  4500 | loss 0.553705 | lr 0.000978 | 1.0min
  step  5000 | loss 0.364069 | lr 0.000973 | 1.1min
  VAL 0.50%
  step  5500 | loss 0.332283 | lr 0.000967 | 1.2min
  step  6000 | loss 0.141804 | lr 0.000960 | 1.4min
  VAL 10.35%
  step  6500 | loss 0.126280 | lr 0.000953 | 1.5min
  step  7000 | loss 0.099421 | lr 0.000946 | 1.6min
  VAL 14.30%
  step  7500 | loss 0.094672 | lr 0.000937 | 1.7min
  step  8000 | loss 0.093075 | lr 0.000929 | 1.8min
  VAL 15.75%
  step  8500 | loss 0.077350 | lr 0.000919 | 1.9min
  step  9000 | loss 0.075183 | lr 0.000909 | 2.0min
  VAL 23.45%
  step  9500 | loss 0.075915 | lr 0.000899 | 2.1min
  step 10000 | loss 0.059830 | lr 0.000888 | 2.3min
  VAL 35.55%
  step 10500 | loss 0.061293 | lr 0.000877 | 2.4min
  step 11000 | loss 0.055301 | lr 0.000865 | 2.5min
  VAL 53.50%
  step 11500 | loss 0.055274 | lr 0.000853 | 2.6min
  step 12000 | loss 0.051247 | lr 0.000840 | 2.7min
  VAL 60.35%
  step 12500 | loss 0.046974 | lr 0.000827 | 2.8min
  step 13000 | loss 0.044168 | lr 0.000814 | 2.9min
  VAL 59.35%
  step 13500 | loss 0.043630 | lr 0.000800 | 3.0min
  step 14000 | loss 0.044901 | lr 0.000786 | 3.2min
  VAL 64.85%
  step 14500 | loss 0.041321 | lr 0.000771 | 3.3min
  step 15000 | loss 0.039841 | lr 0.000756 | 3.4min
  VAL 67.45%
  step 15500 | loss 0.031895 | lr 0.000741 | 3.5min
  step 16000 | loss 0.035109 | lr 0.000725 | 3.6min
  VAL 64.95%
  step 16500 | loss 0.033947 | lr 0.000709 | 3.7min
  step 17000 | loss 0.030663 | lr 0.000693 | 3.8min
  VAL 72.80%
  step 17500 | loss 0.032704 | lr 0.000677 | 3.9min
  step 18000 | loss 0.027409 | lr 0.000661 | 4.1min
  VAL 75.40%
  step 18500 | loss 0.028467 | lr 0.000644 | 4.2min
  step 19000 | loss 0.028844 | lr 0.000627 | 4.3min
  VAL 72.95%
  step 19500 | loss 0.031797 | lr 0.000610 | 4.4min
  step 20000 | loss 0.022566 | lr 0.000593 | 4.5min
  VAL 82.35%
  step 20500 | loss 0.023913 | lr 0.000575 | 4.6min
  step 21000 | loss 0.020639 | lr 0.000558 | 4.7min
  VAL 81.00%
  step 21500 | loss 0.020120 | lr 0.000540 | 4.9min
  step 22000 | loss 0.018753 | lr 0.000523 | 5.0min
  VAL 87.20%
  step 22500 | loss 0.019175 | lr 0.000505 | 5.1min
  step 23000 | loss 0.017373 | lr 0.000488 | 5.2min
  VAL 89.20%
  step 23500 | loss 0.016405 | lr 0.000470 | 5.3min
  step 24000 | loss 0.016504 | lr 0.000453 | 5.4min
  VAL 90.10%
  step 24500 | loss 0.017476 | lr 0.000435 | 5.5min
  step 25000 | loss 0.015576 | lr 0.000418 | 5.6min
  VAL 94.10%
  step 25500 | loss 0.015709 | lr 0.000401 | 5.8min
  step 26000 | loss 0.013902 | lr 0.000383 | 5.9min
  VAL 95.00%
  step 26500 | loss 0.013848 | lr 0.000366 | 6.0min
  step 27000 | loss 0.012628 | lr 0.000350 | 6.1min
  VAL 95.15%
  step 27500 | loss 0.012924 | lr 0.000333 | 6.2min
  step 28000 | loss 0.011995 | lr 0.000316 | 6.3min
  VAL 95.85%
  step 28500 | loss 0.011039 | lr 0.000300 | 6.5min
  step 29000 | loss 0.010328 | lr 0.000284 | 6.6min
  VAL 96.80%
  step 29500 | loss 0.009792 | lr 0.000268 | 6.7min
  step 30000 | loss 0.009932 | lr 0.000253 | 6.8min
  VAL 95.90%
  step 30500 | loss 0.008691 | lr 0.000238 | 6.9min
  step 31000 | loss 0.009466 | lr 0.000223 | 7.0min
  VAL 97.90%
  step 31500 | loss 0.009294 | lr 0.000209 | 7.2min
  step 32000 | loss 0.008280 | lr 0.000195 | 7.2min
  VAL 97.55%
  step 32500 | loss 0.009189 | lr 0.000181 | 7.4min
  step 33000 | loss 0.008411 | lr 0.000168 | 7.5min
  VAL 98.40%
  step 33500 | loss 0.007724 | lr 0.000155 | 7.6min
  step 34000 | loss 0.007605 | lr 0.000142 | 7.7min
  VAL 98.70%
  step 34500 | loss 0.006901 | lr 0.000130 | 7.8min
  step 35000 | loss 0.006962 | lr 0.000118 | 7.9min
  VAL 98.65%
  step 35500 | loss 0.006750 | lr 0.000107 | 8.1min
  step 36000 | loss 0.006362 | lr 0.000097 | 8.1min
  VAL 99.05%
  TEST 98.8600%
  *** New best: 98.8600% ***
  step 36500 | loss 0.006226 | lr 0.000087 | 8.3min
  step 37000 | loss 0.006677 | lr 0.000077 | 8.4min
  VAL 98.95%
  step 37500 | loss 0.006043 | lr 0.000068 | 8.5min
  step 38000 | loss 0.005421 | lr 0.000059 | 8.6min
  VAL 98.90%
  step 38500 | loss 0.005722 | lr 0.000051 | 8.8min
  step 39000 | loss 0.005850 | lr 0.000044 | 8.9min
  VAL 98.80%
  step 39500 | loss 0.005405 | lr 0.000037 | 9.0min
  step 40000 | loss 0.005119 | lr 0.000031 | 9.1min
  VAL 98.80%
  step 40500 | loss 0.005591 | lr 0.000025 | 9.2min
  step 41000 | loss 0.005238 | lr 0.000020 | 9.3min
  VAL 99.20%
  TEST 99.1200%
  *** New best: 99.1200% ***
  step 41500 | loss 0.005614 | lr 0.000015 | 9.4min
  step 42000 | loss 0.004980 | lr 0.000011 | 9.6min
  VAL 99.20%
  TEST 99.1300%
  *** New best: 99.1300% ***
  step 42500 | loss 0.005686 | lr 0.000008 | 9.7min
  step 43000 | loss 0.005300 | lr 0.000005 | 9.8min
  VAL 99.30%
  TEST 99.3000%
  *** New best: 99.3000% ***
  step 43500 | loss 0.005073 | lr 0.000003 | 10.0min
  step 44000 | loss 0.005221 | lr 0.000001 | 10.1min
  VAL 99.25%
  TEST 99.1500%
  step 44500 | loss 0.005059 | lr 0.000000 | 10.2min
  step 45000 | loss 0.005002 | lr 0.000000 | 10.3min
  VAL 99.25%
  TEST 99.2000%

Training complete in 10.4 minutes
Best test accuracy: 99.3000%
