Model: RL4RL Autoresearch candidate
Author: configured in run manifest
Parameters (unique): 4512
Architecture: decoder-only addition transformer d=16, h=2, L=2, ff=24
Tricks: autoregressive greedy decoding, weights from checkpoint

  Progress: 1000/10010 (1000/1000 correct) [6.9s]
  Progress: 2000/10010 (2000/2000 correct) [13.4s]
  Progress: 3000/10010 (3000/3000 correct) [19.8s]
  Progress: 4000/10010 (4000/4000 correct) [27.3s]
  Progress: 5000/10010 (5000/5000 correct) [36.0s]
  Progress: 6000/10010 (6000/6000 correct) [44.5s]
  Progress: 7000/10010 (7000/7000 correct) [53.1s]
  Progress: 8000/10010 (7998/8000 correct) [61.5s]
  Progress: 9000/10010 (8998/9000 correct) [72.0s]
  Progress: 10000/10010 (9998/10000 correct) [79.3s]

Results: 10008/10010 correct (99.98%)
Time: 79.4s (126 additions/sec)
Status: QUALIFIED (threshold: 99%)

Failures (2):
  3282110285 + 3904993155 = 7187103440, got 8187103440
  9950461963 + 3970793145 = 13921255108, got 3921255108
