Model: 3,416 parameters
Config: d=14, h=2, L=2, ff=20
Device: mps

Training for 30000 steps...
  step   500 | loss 1.485818 | lr 0.001000 | 0.2min
  step  1000 | loss 1.394737 | lr 0.000999 | 0.3min
  VAL 0.00%
  step  1500 | loss 1.400960 | lr 0.000996 | 0.4min
  step  2000 | loss 1.386115 | lr 0.000992 | 0.6min
  VAL 0.00%
  step  2500 | loss 1.374074 | lr 0.000987 | 0.7min
  step  3000 | loss 1.338034 | lr 0.000980 | 0.9min
  VAL 0.00%
  step  3500 | loss 1.333050 | lr 0.000972 | 1.0min
  step  4000 | loss 1.339032 | lr 0.000962 | 1.1min
  VAL 0.00%
  step  4500 | loss 1.358785 | lr 0.000951 | 1.3min
  step  5000 | loss 1.297970 | lr 0.000939 | 1.4min
  VAL 0.00%
  step  5500 | loss 1.285914 | lr 0.000926 | 1.5min
  step  6000 | loss 1.301497 | lr 0.000912 | 1.7min
  VAL 0.00%
  step  6500 | loss 1.264555 | lr 0.000896 | 1.8min
  step  7000 | loss 1.235906 | lr 0.000880 | 1.9min
  VAL 0.00%
  step  7500 | loss 1.262152 | lr 0.000862 | 2.0min
  step  8000 | loss 1.233908 | lr 0.000843 | 2.2min
  VAL 0.00%
  step  8500 | loss 1.235147 | lr 0.000823 | 2.3min
  step  9000 | loss 1.222404 | lr 0.000803 | 2.5min
  VAL 0.00%
  step  9500 | loss 1.210725 | lr 0.000781 | 2.6min
  step 10000 | loss 1.094682 | lr 0.000759 | 2.7min
  VAL 0.00%
  step 10500 | loss 0.988159 | lr 0.000736 | 2.9min
  step 11000 | loss 0.958314 | lr 0.000713 | 3.0min
  VAL 0.00%
  step 11500 | loss 0.886220 | lr 0.000688 | 3.1min
  step 12000 | loss 0.817439 | lr 0.000664 | 3.3min
  VAL 0.00%
  step 12500 | loss 0.775637 | lr 0.000638 | 3.4min
  step 13000 | loss 0.744967 | lr 0.000613 | 3.5min
  VAL 0.00%
  step 13500 | loss 0.715198 | lr 0.000587 | 3.6min
  step 14000 | loss 0.707788 | lr 0.000561 | 3.8min
  VAL 0.00%
  step 14500 | loss 0.673989 | lr 0.000534 | 3.9min
  step 15000 | loss 0.646577 | lr 0.000508 | 4.0min
  VAL 0.05%
  step 15500 | loss 0.645880 | lr 0.000481 | 4.2min
  step 16000 | loss 0.630413 | lr 0.000455 | 4.4min
  VAL 0.00%
  step 16500 | loss 0.615651 | lr 0.000429 | 4.5min
  step 17000 | loss 0.610658 | lr 0.000403 | 4.6min
  VAL 0.00%
  step 17500 | loss 0.592600 | lr 0.000377 | 4.8min
  step 18000 | loss 0.580723 | lr 0.000352 | 4.9min
  VAL 0.00%
  step 18500 | loss 0.569868 | lr 0.000327 | 5.1min
  step 19000 | loss 0.574538 | lr 0.000302 | 5.2min
  VAL 0.05%
  step 19500 | loss 0.565155 | lr 0.000278 | 5.3min
  step 20000 | loss 0.557797 | lr 0.000255 | 5.4min
  VAL 0.15%
  step 20500 | loss 0.542733 | lr 0.000232 | 5.6min
  step 21000 | loss 0.544524 | lr 0.000210 | 5.7min
  VAL 0.05%
  step 21500 | loss 0.528104 | lr 0.000189 | 5.8min
  step 22000 | loss 0.524029 | lr 0.000169 | 5.9min
  VAL 0.10%
  step 22500 | loss 0.512900 | lr 0.000149 | 6.1min
  step 23000 | loss 0.513747 | lr 0.000131 | 6.2min
  VAL 0.10%
  step 23500 | loss 0.500208 | lr 0.000114 | 6.3min
  step 24000 | loss 0.514434 | lr 0.000097 | 6.4min
  VAL 0.15%
  step 24500 | loss 0.500128 | lr 0.000082 | 6.6min
  step 25000 | loss 0.500960 | lr 0.000068 | 6.7min
  VAL 0.20%
  step 25500 | loss 0.508156 | lr 0.000056 | 6.9min
  step 26000 | loss 0.485285 | lr 0.000044 | 7.0min
  VAL 0.15%
  step 26500 | loss 0.501676 | lr 0.000034 | 7.2min
  step 27000 | loss 0.493740 | lr 0.000025 | 7.3min
  VAL 0.35%
  step 27500 | loss 0.489482 | lr 0.000017 | 7.4min
  step 28000 | loss 0.481268 | lr 0.000011 | 7.6min
  VAL 0.25%
  step 28500 | loss 0.497916 | lr 0.000006 | 7.7min
  step 29000 | loss 0.484808 | lr 0.000003 | 7.8min
  VAL 0.30%
  step 29500 | loss 0.481219 | lr 0.000001 | 8.0min
  step 30000 | loss 0.492325 | lr 0.000000 | 8.1min
  VAL 0.30%

Training complete in 8.1 minutes
Best test accuracy: 0.0000%
