Model: RL4RL Autoresearch candidate
Author: configured in run manifest
Parameters (unique): 1485
Architecture: decoder-only addition transformer d=16, h=2, L=2, ff=16
Tricks: autoregressive greedy decoding, weights from checkpoint

  Progress: 1000/10010 (991/1000 correct) [8.4s]
  Progress: 2000/10010 (1978/2000 correct) [16.6s]
  Progress: 3000/10010 (2969/3000 correct) [24.4s]
  Progress: 4000/10010 (3963/4000 correct) [32.5s]
  Progress: 5000/10010 (4949/5000 correct) [39.8s]
  Progress: 6000/10010 (5943/6000 correct) [47.7s]
  Progress: 7000/10010 (6927/7000 correct) [55.8s]
  Progress: 8000/10010 (7916/8000 correct) [63.3s]
  Progress: 9000/10010 (8906/9000 correct) [71.2s]
  Progress: 10000/10010 (9898/10000 correct) [79.6s]

Results: 9908/10010 correct (98.98%)
Time: 79.7s (126 additions/sec)
Status: NOT QUALIFIED (threshold: 99%)

First 20 failures (of 102):
  7197773205 + 9077000387 = 16274773592, got 6274773592
  6509152292 + 9209120080 = 15718272372, got 15818272372
  9229471617 + 9474184142 = 18703655759, got 17703655759
  5468975900 + 1438734356 = 6907710256, got 5907710256
  2383813986 + 5194289640 = 7578103626, got 8578103626
  2060434325 + 4050653496 = 6111087821, got 5911087821
  1978347876 + 4802489172 = 6780837048, got 6680837048
  8953485676 + 8712760635 = 17666246311, got 27666246311
  6840669308 + 801434060 = 7642103368, got 7542103368
  8531021770 + 7114038705 = 15645060475, got 15635060475
  4890126842 + 3800011500 = 8690138342, got 8590138342
  5603460909 + 6036423440 = 11639884349, got 1639884349
  3501935208 + 9726184827 = 13228120035, got 12228120035
  5068301911 + 2389048768 = 7457350679, got 8457350679
  2763076017 + 9267356007 = 12030432024, got 12030433024
  5151169942 + 2377091063 = 7528261005, got 8528261005
  9093595501 + 9827769033 = 18921364534, got 17921364534
  1615090008 + 5148495220 = 6763585228, got 5763585228
  2506121832 + 1710225400 = 4216347232, got 3216347232
  3156085673 + 9095035109 = 12251120782, got 12241120782
