Model: 3,408 parameters
Config: d=16, h=2, L=2, ff=7
Device: mps

Training for 45000 steps...
  step   500 | loss 1.472044 | lr 0.001000 | 0.1min
  step  1000 | loss 1.374404 | lr 0.000999 | 0.3min
  VAL 0.00%
  step  1500 | loss 1.334731 | lr 0.000998 | 0.4min
  step  2000 | loss 1.282979 | lr 0.000996 | 0.5min
  VAL 0.00%
  step  2500 | loss 1.166512 | lr 0.000994 | 0.6min
  step  3000 | loss 0.985796 | lr 0.000991 | 0.8min
  VAL 0.00%
  step  3500 | loss 0.961571 | lr 0.000987 | 0.9min
  step  4000 | loss 0.885759 | lr 0.000983 | 1.0min
  VAL 0.00%
  step  4500 | loss 0.853182 | lr 0.000978 | 1.1min
  step  5000 | loss 0.841412 | lr 0.000973 | 1.2min
  VAL 0.00%
  step  5500 | loss 0.833570 | lr 0.000967 | 1.3min
  step  6000 | loss 0.813030 | lr 0.000960 | 1.5min
  VAL 0.00%
  step  6500 | loss 0.787582 | lr 0.000953 | 1.6min
  step  7000 | loss 0.784302 | lr 0.000946 | 1.7min
  VAL 0.00%
  step  7500 | loss 0.765458 | lr 0.000937 | 1.8min
  step  8000 | loss 0.754200 | lr 0.000929 | 1.9min
  VAL 0.00%
  step  8500 | loss 0.765279 | lr 0.000919 | 2.0min
  step  9000 | loss 0.764380 | lr 0.000909 | 2.2min
  VAL 0.00%
  step  9500 | loss 0.727933 | lr 0.000899 | 2.3min
  step 10000 | loss 0.755306 | lr 0.000888 | 2.4min
  VAL 0.00%
  step 10500 | loss 0.740797 | lr 0.000877 | 2.5min
  step 11000 | loss 0.747770 | lr 0.000865 | 2.7min
  VAL 0.00%
  step 11500 | loss 0.722102 | lr 0.000853 | 2.8min
  step 12000 | loss 0.729090 | lr 0.000840 | 2.9min
  VAL 0.00%
  step 12500 | loss 0.720122 | lr 0.000827 | 3.0min
  step 13000 | loss 0.704415 | lr 0.000814 | 3.1min
  VAL 0.00%
  step 13500 | loss 0.797423 | lr 0.000800 | 3.2min
  step 14000 | loss 0.725017 | lr 0.000786 | 3.4min
  VAL 0.00%
  step 14500 | loss 0.708810 | lr 0.000771 | 3.5min
  step 15000 | loss 0.701339 | lr 0.000756 | 3.6min
  VAL 0.10%
  step 15500 | loss 0.697451 | lr 0.000741 | 3.7min
  step 16000 | loss 0.720673 | lr 0.000725 | 3.8min
  VAL 0.00%
  step 16500 | loss 0.707462 | lr 0.000709 | 3.9min
  step 17000 | loss 0.713298 | lr 0.000693 | 4.1min
  VAL 0.00%
  step 17500 | loss 0.720504 | lr 0.000677 | 4.2min
  step 18000 | loss 0.706236 | lr 0.000661 | 4.3min
  VAL 0.00%
  step 18500 | loss 0.708858 | lr 0.000644 | 4.4min
  step 19000 | loss 0.732067 | lr 0.000627 | 4.6min
  VAL 0.00%
  step 19500 | loss 0.720598 | lr 0.000610 | 4.7min
  step 20000 | loss 0.730475 | lr 0.000593 | 4.8min
  VAL 0.00%
  Early abort: validation below 50% at step 20000
