Model: 3,232 parameters
Config: d=16, h=2, L=2, ff=4
Device: mps

Training for 45000 steps...
  step   500 | loss 1.479474 | lr 0.001000 | 0.1min
  step  1000 | loss 1.397074 | lr 0.000999 | 0.3min
  VAL 0.00%
  step  1500 | loss 1.338830 | lr 0.000998 | 0.4min
  step  2000 | loss 1.342529 | lr 0.000996 | 0.6min
  VAL 0.00%
  step  2500 | loss 1.357994 | lr 0.000994 | 0.7min
  step  3000 | loss 1.356043 | lr 0.000991 | 0.8min
  VAL 0.00%
  step  3500 | loss 1.335158 | lr 0.000987 | 0.9min
  step  4000 | loss 1.272693 | lr 0.000983 | 1.1min
  VAL 0.00%
  step  4500 | loss 1.298494 | lr 0.000978 | 1.2min
  step  5000 | loss 1.282849 | lr 0.000973 | 1.3min
  VAL 0.00%
  step  5500 | loss 1.274197 | lr 0.000967 | 1.5min
  step  6000 | loss 1.252003 | lr 0.000960 | 1.6min
  VAL 0.00%
  step  6500 | loss 1.216236 | lr 0.000953 | 1.7min
  step  7000 | loss 1.104883 | lr 0.000946 | 1.8min
  VAL 0.00%
  step  7500 | loss 0.967945 | lr 0.000937 | 2.0min
  step  8000 | loss 0.764020 | lr 0.000929 | 2.1min
  VAL 0.00%
  step  8500 | loss 0.647174 | lr 0.000919 | 2.2min
  step  9000 | loss 0.432911 | lr 0.000909 | 2.4min
  VAL 0.00%
  step  9500 | loss 0.342222 | lr 0.000899 | 2.5min
  step 10000 | loss 0.283551 | lr 0.000888 | 2.6min
  VAL 0.35%
  step 10500 | loss 0.245896 | lr 0.000877 | 2.8min
  step 11000 | loss 0.212575 | lr 0.000865 | 2.9min
  VAL 2.70%
  step 11500 | loss 0.186395 | lr 0.000853 | 3.0min
  step 12000 | loss 0.163403 | lr 0.000840 | 3.2min
  VAL 6.35%
  step 12500 | loss 0.132918 | lr 0.000827 | 3.3min
  step 13000 | loss 0.120289 | lr 0.000814 | 3.5min
  VAL 16.45%
  step 13500 | loss 0.098499 | lr 0.000800 | 3.6min
  step 14000 | loss 0.095911 | lr 0.000786 | 3.8min
  VAL 25.90%
  step 14500 | loss 0.079268 | lr 0.000771 | 3.9min
  step 15000 | loss 0.067857 | lr 0.000756 | 4.0min
  VAL 31.35%
  step 15500 | loss 0.064996 | lr 0.000741 | 4.2min
  step 16000 | loss 0.060376 | lr 0.000725 | 4.3min
  VAL 38.45%
  step 16500 | loss 0.051577 | lr 0.000709 | 4.4min
  step 17000 | loss 0.050619 | lr 0.000693 | 4.6min
  VAL 47.50%
  step 17500 | loss 0.048041 | lr 0.000677 | 4.7min
  step 18000 | loss 0.043847 | lr 0.000661 | 4.9min
  VAL 48.65%
  step 18500 | loss 0.040784 | lr 0.000644 | 5.0min
  step 19000 | loss 0.044441 | lr 0.000627 | 5.1min
  VAL 55.60%
  step 19500 | loss 0.034639 | lr 0.000610 | 5.2min
  step 20000 | loss 0.034162 | lr 0.000593 | 5.4min
  VAL 59.65%
  step 20500 | loss 0.033248 | lr 0.000575 | 5.5min
  step 21000 | loss 0.032360 | lr 0.000558 | 5.6min
  VAL 62.35%
  step 21500 | loss 0.030917 | lr 0.000540 | 5.8min
  step 22000 | loss 0.030807 | lr 0.000523 | 5.9min
  VAL 65.45%
  step 22500 | loss 0.026915 | lr 0.000505 | 6.0min
  step 23000 | loss 0.028301 | lr 0.000488 | 6.1min
  VAL 68.15%
  step 23500 | loss 0.026238 | lr 0.000470 | 6.3min
  step 24000 | loss 0.024037 | lr 0.000453 | 6.4min
  VAL 72.30%
  step 24500 | loss 0.026412 | lr 0.000435 | 6.5min
  step 25000 | loss 0.025023 | lr 0.000418 | 6.6min
  VAL 73.65%
  step 25500 | loss 0.024595 | lr 0.000401 | 6.8min
  step 26000 | loss 0.022472 | lr 0.000383 | 6.9min
  VAL 72.10%
  step 26500 | loss 0.021666 | lr 0.000366 | 7.0min
  step 27000 | loss 0.020565 | lr 0.000350 | 7.1min
  VAL 74.40%
  step 27500 | loss 0.019262 | lr 0.000333 | 7.3min
  step 28000 | loss 0.022180 | lr 0.000316 | 7.4min
  VAL 77.50%
  step 28500 | loss 0.019463 | lr 0.000300 | 7.5min
  step 29000 | loss 0.017714 | lr 0.000284 | 7.6min
  VAL 78.50%
  step 29500 | loss 0.018168 | lr 0.000268 | 7.8min
  step 30000 | loss 0.017271 | lr 0.000253 | 7.9min
  VAL 80.25%
  step 30500 | loss 0.017069 | lr 0.000238 | 8.0min
  step 31000 | loss 0.015713 | lr 0.000223 | 8.1min
  VAL 84.65%
  step 31500 | loss 0.016787 | lr 0.000209 | 8.3min
  step 32000 | loss 0.015132 | lr 0.000195 | 8.4min
  VAL 84.15%
  step 32500 | loss 0.013544 | lr 0.000181 | 8.5min
  step 33000 | loss 0.013768 | lr 0.000168 | 8.6min
  VAL 84.75%
  step 33500 | loss 0.013813 | lr 0.000155 | 8.8min
  step 34000 | loss 0.013820 | lr 0.000142 | 8.9min
  VAL 86.05%
  step 34500 | loss 0.013030 | lr 0.000130 | 9.1min
  step 35000 | loss 0.012483 | lr 0.000118 | 9.2min
  VAL 86.00%
  step 35500 | loss 0.012742 | lr 0.000107 | 9.3min
  step 36000 | loss 0.011397 | lr 0.000097 | 9.4min
  VAL 85.55%
  step 36500 | loss 0.012207 | lr 0.000087 | 9.6min
  step 37000 | loss 0.011435 | lr 0.000077 | 9.7min
  VAL 88.65%
  step 37500 | loss 0.011271 | lr 0.000068 | 9.8min
  step 38000 | loss 0.011423 | lr 0.000059 | 9.9min
  VAL 87.60%
  step 38500 | loss 0.010521 | lr 0.000051 | 10.1min
  step 39000 | loss 0.009927 | lr 0.000044 | 10.2min
  VAL 89.70%
  step 39500 | loss 0.010448 | lr 0.000037 | 10.3min
  step 40000 | loss 0.010164 | lr 0.000031 | 10.4min
  VAL 89.60%
  step 40500 | loss 0.009996 | lr 0.000025 | 10.6min
  step 41000 | loss 0.010014 | lr 0.000020 | 10.7min
  VAL 89.80%
  step 41500 | loss 0.010459 | lr 0.000015 | 10.8min
  step 42000 | loss 0.010832 | lr 0.000011 | 10.9min
  VAL 89.90%
  step 42500 | loss 0.010484 | lr 0.000008 | 11.0min
  step 43000 | loss 0.009944 | lr 0.000005 | 11.2min
  VAL 90.55%
  step 43500 | loss 0.010416 | lr 0.000003 | 11.3min
  step 44000 | loss 0.009274 | lr 0.000001 | 11.5min
  VAL 90.50%
  step 44500 | loss 0.009896 | lr 0.000000 | 11.6min
  step 45000 | loss 0.010064 | lr 0.000000 | 11.7min
  VAL 90.65%

Training complete in 11.7 minutes
Best test accuracy: 0.0000%
