Initialized from retained incumbent: /Users/utshaho/Documents/GitHub/rl4rl/data/raw/autoresearch/sol-xhigh-overnight-20260814/state/incumbent.pt
Model: 2,272 parameters
Config: d=16, h=2, L=2, ff=10
Device: mps

INITIAL VAL 100.00%
INITIAL TEST 99.9900%

Fine-tuning for up to 10000 steps...
  step   500 | loss 0.117141 | lr 0.000100 | 0.2min
  VAL 100.00%
  TEST 99.9700%
  step  1000 | loss 0.114807 | lr 0.000099 | 0.3min
  VAL 100.00%
  TEST 99.9500%
  step  1500 | loss 0.115416 | lr 0.000096 | 0.4min
  VAL 99.95%
  TEST 99.9500%
  step  2000 | loss 0.114747 | lr 0.000093 | 0.6min
  VAL 100.00%
  TEST 99.9800%
  step  2500 | loss 0.114347 | lr 0.000088 | 0.7min
  VAL 100.00%
  TEST 99.9900%
  step  3000 | loss 0.112762 | lr 0.000082 | 0.8min
  VAL 99.85%
  TEST 99.9300%
  step  3500 | loss 0.113765 | lr 0.000075 | 1.0min
  VAL 100.00%
  TEST 99.9800%
  step  4000 | loss 0.111835 | lr 0.000068 | 1.1min
  VAL 100.00%
  TEST 99.9900%
  step  4500 | loss 0.111787 | lr 0.000060 | 1.2min
  VAL 99.90%
  TEST 99.9800%
  step  5000 | loss 0.112635 | lr 0.000052 | 1.4min
  VAL 100.00%
  TEST 99.9900%
  step  5500 | loss 0.111142 | lr 0.000044 | 1.5min
  VAL 100.00%
  TEST 99.9900%
  step  6000 | loss 0.110313 | lr 0.000036 | 1.6min
  VAL 100.00%
  TEST 99.9800%
  step  6500 | loss 0.111894 | lr 0.000029 | 1.7min
  VAL 100.00%
  TEST 99.9800%
  step  7000 | loss 0.110830 | lr 0.000022 | 1.9min
  VAL 99.95%
  TEST 99.9900%
  step  7500 | loss 0.104663 | lr 0.000016 | 2.0min
  VAL 100.00%
  TEST 99.9800%
  step  8000 | loss 0.107600 | lr 0.000010 | 2.2min
  VAL 100.00%
  TEST 99.9900%
  step  8500 | loss 0.109161 | lr 0.000006 | 2.3min
  VAL 100.00%
  TEST 99.9900%
  step  9000 | loss 0.108798 | lr 0.000003 | 2.4min
  VAL 100.00%
  TEST 99.9900%
  step  9500 | loss 0.108975 | lr 0.000001 | 2.5min
  VAL 100.00%
  TEST 99.9900%
  step 10000 | loss 0.107140 | lr 0.000000 | 2.7min
  VAL 100.00%
  TEST 99.9900%

Training complete in 2.7 minutes
Best test accuracy: 99.9900%
