Model: 2,662 parameters
Config: d=14, h=2, L=2, ff=19
Device: mps

Training for 75000 steps...
  step   500 | loss 1.870740 | lr 0.001000 | 0.1min
  step  1000 | loss 1.394888 | lr 0.000999 | 0.3min
  VAL 0.00%
  step  1500 | loss 1.343299 | lr 0.000998 | 0.4min
  step  2000 | loss 1.343232 | lr 0.000997 | 0.5min
  VAL 0.00%
  step  2500 | loss 1.375811 | lr 0.000995 | 0.6min
  step  3000 | loss 1.327239 | lr 0.000992 | 0.8min
  VAL 0.00%
  step  3500 | loss 1.180480 | lr 0.000989 | 0.9min
  step  4000 | loss 1.110216 | lr 0.000985 | 1.0min
  VAL 0.00%
  step  4500 | loss 0.955220 | lr 0.000981 | 1.1min
  step  5000 | loss 0.765144 | lr 0.000976 | 1.2min
  VAL 0.30%
  step  5500 | loss 0.568038 | lr 0.000970 | 1.4min
  step  6000 | loss 0.378563 | lr 0.000964 | 1.5min
  VAL 11.45%
  step  6500 | loss 0.286334 | lr 0.000958 | 1.6min
  step  7000 | loss 0.235530 | lr 0.000951 | 1.7min
  VAL 42.55%
  step  7500 | loss 0.208932 | lr 0.000944 | 1.8min
  step  8000 | loss 0.176748 | lr 0.000936 | 1.9min
  VAL 59.75%
  step  8500 | loss 0.161172 | lr 0.000927 | 2.1min
  step  9000 | loss 0.146788 | lr 0.000918 | 2.2min
  VAL 61.20%
  step  9500 | loss 0.134791 | lr 0.000909 | 2.3min
  step 10000 | loss 0.121131 | lr 0.000899 | 2.4min
  VAL 64.20%
  step 10500 | loss 0.117712 | lr 0.000889 | 2.5min
  step 11000 | loss 0.113259 | lr 0.000879 | 2.6min
  VAL 76.00%
  step 11500 | loss 0.105380 | lr 0.000868 | 2.7min
  step 12000 | loss 0.103513 | lr 0.000856 | 2.9min
  VAL 83.00%
  step 12500 | loss 0.094094 | lr 0.000844 | 3.0min
  step 13000 | loss 0.098529 | lr 0.000832 | 3.1min
  VAL 81.15%
  step 13500 | loss 0.089314 | lr 0.000820 | 3.2min
  step 14000 | loss 0.093884 | lr 0.000807 | 3.3min
  VAL 82.80%
  step 14500 | loss 0.090743 | lr 0.000794 | 3.4min
  step 15000 | loss 0.086282 | lr 0.000780 | 3.5min
  VAL 88.05%
  step 15500 | loss 0.086672 | lr 0.000767 | 3.7min
  step 16000 | loss 0.101894 | lr 0.000753 | 3.8min
  VAL 89.20%
  step 16500 | loss 0.094048 | lr 0.000739 | 3.9min
  step 17000 | loss 0.092265 | lr 0.000724 | 4.0min
  VAL 91.05%
  step 17500 | loss 0.088077 | lr 0.000709 | 4.1min
  step 18000 | loss 0.093494 | lr 0.000694 | 4.2min
  VAL 90.65%
  step 18500 | loss 0.097319 | lr 0.000679 | 4.3min
  step 19000 | loss 0.099010 | lr 0.000664 | 4.5min
  VAL 91.15%
  step 19500 | loss 0.100555 | lr 0.000649 | 4.6min
  step 20000 | loss 0.101627 | lr 0.000633 | 4.7min
  VAL 91.85%
  step 20500 | loss 0.102499 | lr 0.000618 | 4.8min
  step 21000 | loss 0.102273 | lr 0.000602 | 4.9min
  VAL 90.80%
  step 21500 | loss 0.099682 | lr 0.000586 | 5.1min
  step 22000 | loss 0.112007 | lr 0.000571 | 5.2min
  VAL 90.45%
  step 22500 | loss 0.103881 | lr 0.000555 | 5.3min
  step 23000 | loss 0.100971 | lr 0.000539 | 5.4min
  VAL 90.05%
  step 23500 | loss 0.099000 | lr 0.000523 | 5.5min
  step 24000 | loss 0.101506 | lr 0.000507 | 5.6min
  VAL 93.45%
  step 24500 | loss 0.101829 | lr 0.000492 | 5.7min
  step 25000 | loss 0.103434 | lr 0.000476 | 5.8min
  VAL 92.50%
  step 25500 | loss 0.095331 | lr 0.000460 | 6.0min
  step 26000 | loss 0.101037 | lr 0.000445 | 6.1min
  VAL 91.40%
  step 26500 | loss 0.095964 | lr 0.000430 | 6.2min
  step 27000 | loss 0.091237 | lr 0.000415 | 6.3min
  VAL 93.55%
  step 27500 | loss 0.093042 | lr 0.000400 | 6.4min
  step 28000 | loss 0.088957 | lr 0.000385 | 6.5min
  VAL 93.10%
  step 28500 | loss 0.085122 | lr 0.000370 | 6.7min
  step 29000 | loss 0.088798 | lr 0.000356 | 6.8min
  VAL 94.90%
  step 29500 | loss 0.084573 | lr 0.000342 | 6.9min
  step 30000 | loss 0.082832 | lr 0.000328 | 7.0min
  VAL 95.15%
  step 30500 | loss 0.085238 | lr 0.000314 | 7.1min
  step 31000 | loss 0.084058 | lr 0.000301 | 7.2min
  VAL 94.95%
  step 31500 | loss 0.079324 | lr 0.000288 | 7.3min
  step 32000 | loss 0.076933 | lr 0.000275 | 7.4min
  VAL 94.60%
  step 32500 | loss 0.074775 | lr 0.000263 | 7.6min
  step 33000 | loss 0.073158 | lr 0.000251 | 7.7min
  VAL 94.90%
  step 33500 | loss 0.072835 | lr 0.000239 | 7.8min
  step 34000 | loss 0.075365 | lr 0.000228 | 7.9min
  VAL 94.30%
  step 34500 | loss 0.069657 | lr 0.000217 | 8.0min
  step 35000 | loss 0.068459 | lr 0.000207 | 8.1min
  VAL 94.95%
  step 35500 | loss 0.067255 | lr 0.000197 | 8.3min
  step 36000 | loss 0.068289 | lr 0.000187 | 8.4min
  VAL 94.70%
  step 36500 | loss 0.067626 | lr 0.000178 | 8.5min
  step 37000 | loss 0.065335 | lr 0.000169 | 8.6min
  VAL 94.80%
  step 37500 | loss 0.065957 | lr 0.000161 | 8.7min
  step 38000 | loss 0.063944 | lr 0.000153 | 8.8min
  VAL 94.90%
  step 38500 | loss 0.063535 | lr 0.000146 | 8.9min
  step 39000 | loss 0.061312 | lr 0.000139 | 9.0min
  VAL 94.75%
  step 39500 | loss 0.061146 | lr 0.000133 | 9.2min
  step 40000 | loss 0.060216 | lr 0.000128 | 9.3min
  VAL 94.65%
  step 40500 | loss 0.062085 | lr 0.000122 | 9.4min
  step 41000 | loss 0.060959 | lr 0.000118 | 9.5min
  VAL 94.70%
  step 41500 | loss 0.057732 | lr 0.000114 | 9.6min
  step 42000 | loss 0.056580 | lr 0.000110 | 9.7min
  VAL 94.70%
  step 42500 | loss 0.056126 | lr 0.000107 | 9.8min
  step 43000 | loss 0.054295 | lr 0.000104 | 10.0min
  VAL 94.75%
  step 43500 | loss 0.055836 | lr 0.000102 | 10.1min
  step 44000 | loss 0.056847 | lr 0.000101 | 10.2min
  VAL 94.70%
  step 44500 | loss 0.053809 | lr 0.000100 | 10.3min
  step 45000 | loss 0.056473 | lr 0.000100 | 10.4min
  VAL 94.75%
  step 45500 | loss 0.054411 | lr 0.000100 | 10.5min
  step 46000 | loss 0.053298 | lr 0.000100 | 10.7min
  VAL 94.70%
  step 46500 | loss 0.054683 | lr 0.000100 | 10.8min
  step 47000 | loss 0.052537 | lr 0.000100 | 10.9min
  VAL 94.70%
  step 47500 | loss 0.053459 | lr 0.000100 | 11.0min
  step 48000 | loss 0.054690 | lr 0.000100 | 11.1min
  VAL 94.60%
  step 48500 | loss 0.053607 | lr 0.000100 | 11.2min
  step 49000 | loss 0.053040 | lr 0.000100 | 11.3min
  VAL 94.65%
  step 49500 | loss 0.054699 | lr 0.000100 | 11.4min
  step 50000 | loss 0.054737 | lr 0.000100 | 11.6min
  VAL 94.55%
  step 50500 | loss 0.053693 | lr 0.000100 | 11.7min
  step 51000 | loss 0.055833 | lr 0.000100 | 11.8min
  VAL 94.70%
  step 51500 | loss 0.056406 | lr 0.000100 | 11.9min
  step 52000 | loss 0.057009 | lr 0.000100 | 12.0min
  VAL 94.60%
  step 52500 | loss 0.056581 | lr 0.000100 | 12.1min
  step 53000 | loss 0.054379 | lr 0.000100 | 12.3min
  VAL 94.65%
  step 53500 | loss 0.054650 | lr 0.000100 | 12.4min
  step 54000 | loss 0.056699 | lr 0.000100 | 12.5min
  VAL 93.65%
  step 54500 | loss 0.056989 | lr 0.000100 | 12.6min
  step 55000 | loss 0.057063 | lr 0.000100 | 12.7min
  VAL 94.30%
  step 55500 | loss 0.055889 | lr 0.000100 | 12.8min
  step 56000 | loss 0.059332 | lr 0.000100 | 12.9min
  VAL 94.40%
  step 56500 | loss 0.057449 | lr 0.000100 | 13.0min
  step 57000 | loss 0.056313 | lr 0.000100 | 13.2min
  VAL 94.25%
  step 57500 | loss 0.059021 | lr 0.000100 | 13.3min
  step 58000 | loss 0.059928 | lr 0.000100 | 13.4min
  VAL 94.15%
  step 58500 | loss 0.058938 | lr 0.000100 | 13.5min
  step 59000 | loss 0.061832 | lr 0.000100 | 13.6min
  VAL 94.35%
  step 59500 | loss 0.060089 | lr 0.000100 | 13.7min
  step 60000 | loss 0.063187 | lr 0.000100 | 13.9min
  VAL 94.15%
  step 60500 | loss 0.060364 | lr 0.000100 | 14.0min
  step 61000 | loss 0.062734 | lr 0.000100 | 14.1min
  VAL 94.00%
  step 61500 | loss 0.063548 | lr 0.000100 | 14.2min
  step 62000 | loss 0.063607 | lr 0.000100 | 14.3min
  VAL 94.25%
  step 62500 | loss 0.064320 | lr 0.000100 | 14.4min
  step 63000 | loss 0.063194 | lr 0.000100 | 14.5min
  VAL 94.35%
  step 63500 | loss 0.065490 | lr 0.000100 | 14.7min
  step 64000 | loss 0.064848 | lr 0.000100 | 14.8min
  VAL 94.20%
  step 64500 | loss 0.067321 | lr 0.000100 | 14.9min
  step 65000 | loss 0.065402 | lr 0.000100 | 15.0min
  VAL 94.25%
  step 65500 | loss 0.067351 | lr 0.000100 | 15.1min
  step 66000 | loss 0.068504 | lr 0.000100 | 15.2min
  VAL 94.05%
  step 66500 | loss 0.066385 | lr 0.000100 | 15.4min
  step 67000 | loss 0.067181 | lr 0.000100 | 15.5min
  VAL 94.20%
  step 67500 | loss 0.066962 | lr 0.000100 | 15.6min
  step 68000 | loss 0.069353 | lr 0.000100 | 15.7min
  VAL 94.25%
  step 68500 | loss 0.069987 | lr 0.000100 | 15.8min
  step 69000 | loss 0.070727 | lr 0.000100 | 15.9min
  VAL 93.90%
  step 69500 | loss 0.069220 | lr 0.000100 | 16.1min
  step 70000 | loss 0.070407 | lr 0.000100 | 16.1min
  VAL 93.95%
  step 70500 | loss 0.071948 | lr 0.000100 | 16.3min
  step 71000 | loss 0.072047 | lr 0.000100 | 16.4min
  VAL 94.25%
  step 71500 | loss 0.074750 | lr 0.000100 | 16.5min
  step 72000 | loss 0.076119 | lr 0.000100 | 16.6min
  VAL 94.20%
  step 72500 | loss 0.074565 | lr 0.000100 | 16.8min
  step 73000 | loss 0.075098 | lr 0.000100 | 16.9min
  VAL 94.10%
  step 73500 | loss 0.073381 | lr 0.000100 | 17.0min
  step 74000 | loss 0.075312 | lr 0.000100 | 17.1min
  VAL 93.90%
  step 74500 | loss 0.076239 | lr 0.000100 | 17.2min
  step 75000 | loss 0.078579 | lr 0.000100 | 17.3min
  VAL 93.95%

Training complete in 17.4 minutes
Best test accuracy: 0.0000%
