Model: RL4RL Autoresearch candidate
Author: configured in run manifest
Parameters (unique): 2041
Architecture: decoder-only addition transformer d=16, h=2, L=2, ff=10, block1_ff=8, fixed_separators=True, tied_position_pairs=[[4, 15], [7, 18], [5, 16], [3, 14], [2, 13], [8, 19], [6, 17], [1, 12], [0, 11], [9, 20]], interpolated_positions=[23, 24, 25, 26, 27], qkv_pruned=7
Tricks: autoregressive greedy decoding, weights from checkpoint

  Progress: 1000/10010 (996/1000 correct) [4.4s]
  Progress: 2000/10010 (1993/2000 correct) [8.9s]
  Progress: 3000/10010 (2988/3000 correct) [275.2s]
  Progress: 4000/10010 (3985/4000 correct) [279.5s]
  Progress: 5000/10010 (4979/5000 correct) [284.0s]
  Progress: 6000/10010 (5972/6000 correct) [288.4s]
  Progress: 7000/10010 (6965/7000 correct) [292.8s]
  Progress: 8000/10010 (7961/8000 correct) [297.3s]
  Progress: 9000/10010 (8958/9000 correct) [301.7s]
  Progress: 10000/10010 (9951/10000 correct) [306.0s]

Results: 9961/10010 correct (99.51%)
Time: 306.1s (33 additions/sec)
Status: QUALIFIED (threshold: 99%)

First 20 failures (of 49):
  6780533471 + 5090190326 = 11870723797, got 10870723797
  8261688289 + 8707679052 = 16969367341, got 17969367341
  1590870754 + 3891940101 = 5482810855, got 5492810855
  9949339211 + 8948002488 = 18897341699, got 18997341699
  8946513248 + 1971558909 = 10918072157, got 11018072157
  4624637094 + 517131976 = 5141769070, got 5041769070
  6047119139 + 5060676488 = 11107795627, got 10107795627
  9465189927 + 6060305197 = 15525495124, got 15515495124
  3590976987 + 9690857027 = 13281834014, got 13291834014
  6660112625 + 5142876686 = 11802989311, got 10802989311
  9278473654 + 9413599947 = 18692073601, got 19692073601
  5254066650 + 9287720511 = 14541787161, got 14441787161
  1965085837 + 3760032072 = 5725117909, got 5715117909
  6258014553 + 8283570450 = 14541585003, got 14441585003
  9217700662 + 9448597295 = 18666297957, got 19666297957
  3669896045 + 5516370678 = 9186266723, got 9086266723
  8191852004 + 7194996854 = 15386848858, got 15396848858
  5634381845 + 6168469548 = 11802851393, got 10802851393
  5895719646 + 5190453543 = 11086173189, got 11096173189
  9402679499 + 9293095411 = 18695774910, got 19695774910
