Initialized from retained incumbent: /Users/utshaho/Documents/GitHub/rl4rl/data/raw/autoresearch/sol-xhigh-overnight-20260814/state/incumbent.pt
Model: 3,392 parameters
Config: d=16, h=2, L=2, ff=9
Device: mps

INITIAL VAL 0.00%

Fine-tuning for up to 10000 steps...
  step   500 | loss 1.182771 | lr 0.000100 | 0.1min
  VAL 0.00%
  step  1000 | loss 0.607072 | lr 0.000099 | 0.3min
  VAL 0.30%
  step  1500 | loss 0.472736 | lr 0.000096 | 0.4min
  VAL 8.15%
  step  2000 | loss 0.436133 | lr 0.000093 | 0.5min
  VAL 15.35%
  step  2500 | loss 0.412946 | lr 0.000088 | 0.6min
  VAL 21.00%
  step  3000 | loss 0.388716 | lr 0.000082 | 0.7min
  VAL 24.45%
  step  3500 | loss 0.379884 | lr 0.000075 | 0.8min
  VAL 31.85%
  step  4000 | loss 0.349828 | lr 0.000068 | 0.9min
  VAL 39.30%
  step  4500 | loss 0.303212 | lr 0.000060 | 1.0min
  VAL 68.15%
  step  5000 | loss 0.280335 | lr 0.000052 | 1.1min
  VAL 75.70%
  step  5500 | loss 0.266378 | lr 0.000044 | 1.2min
  VAL 82.60%
  step  6000 | loss 0.271962 | lr 0.000036 | 1.4min
  VAL 86.60%
  step  6500 | loss 0.259187 | lr 0.000029 | 1.5min
  VAL 85.25%
  step  7000 | loss 0.251647 | lr 0.000022 | 1.6min
  VAL 86.65%
  step  7500 | loss 0.258175 | lr 0.000016 | 1.7min
  VAL 88.65%
  step  8000 | loss 0.254740 | lr 0.000010 | 1.8min
  VAL 89.75%
  step  8500 | loss 0.244485 | lr 0.000006 | 1.9min
  VAL 90.35%
  step  9000 | loss 0.250825 | lr 0.000003 | 2.0min
  VAL 89.90%
  step  9500 | loss 0.250428 | lr 0.000001 | 2.1min
  VAL 89.80%
  step 10000 | loss 0.253369 | lr 0.000000 | 2.3min
  VAL 90.00%

Training complete in 2.3 minutes
Best test accuracy: 0.0000%
