Model: RL4RL Autoresearch candidate
Author: configured in run manifest
Parameters (unique): 2010
Architecture: decoder-only addition transformer d=16, h=2, L=2, ff=10, block1_ff=8, fixed_separators=True, tied_position_pairs=[[4, 15], [7, 18], [5, 16], [3, 14], [2, 13], [8, 19], [6, 17], [1, 12], [0, 11], [9, 20]], interpolated_positions=[23, 24, 25, 26, 27], qkv_pruned=38
Tricks: autoregressive greedy decoding, weights from checkpoint

  Progress: 1000/10010 (995/1000 correct) [4.4s]
  Progress: 2000/10010 (1990/2000 correct) [8.8s]
  Progress: 3000/10010 (2989/3000 correct) [13.2s]
  Progress: 4000/10010 (3985/4000 correct) [17.5s]
  Progress: 5000/10010 (4980/5000 correct) [21.8s]
  Progress: 6000/10010 (5977/6000 correct) [26.1s]
  Progress: 7000/10010 (6975/7000 correct) [30.5s]
  Progress: 8000/10010 (7973/8000 correct) [34.8s]
  Progress: 9000/10010 (8968/9000 correct) [39.1s]
  Progress: 10000/10010 (9965/10000 correct) [43.4s]

Results: 9975/10010 correct (99.65%)
Time: 43.5s (230 additions/sec)
Status: QUALIFIED (threshold: 99%)

First 20 failures (of 35):
  4504804686 + 9639218618 = 14144023304, got 14044023304
  522575479 + 8607633217 = 9130208696, got 9030208696
  2419324703 + 3516291980 = 5935616683, got 5835616683
  1590870754 + 3891940101 = 5482810855, got 5492810855
  4501354141 + 9409669647 = 13911023788, got 13811023788
  2414276349 + 2517436867 = 4931713216, got 4831713216
  4624637094 + 517131976 = 5141769070, got 5041769070
  6047119139 + 5060676488 = 11107795627, got 10107795627
  5199705329 + 6225705022 = 11425410351, got 10425410351
  8619826738 + 4616944263 = 13236771001, got 13136771001
  6502104084 + 3629980434 = 10132084518, got 10032084518
  6220808416 + 5189773965 = 11410582381, got 10410582381
  1415015538 + 2519348781 = 3934364319, got 3834364319
  1965085837 + 3760032072 = 5725117909, got 5715117909
  1558835845 + 6613937424 = 8172773269, got 8072773269
  3669896045 + 5516370678 = 9186266723, got 9086266723
  5605577980 + 8519268465 = 14124846445, got 14024846445
  8191852004 + 7194996854 = 15386848858, got 15396848858
  5634381845 + 6168469548 = 11802851393, got 10802851393
  9402679499 + 9293095411 = 18695774910, got 19695774910
