Model: 3,318 parameters
Config: d=14, h=2, L=2, ff=20
Device: mps

Training for 30000 steps...
  step   500 | loss 1.556438 | lr 0.001000 | 0.2min
  step  1000 | loss 1.501241 | lr 0.000999 | 0.3min
  VAL 0.00%
  step  1500 | loss 1.414894 | lr 0.000996 | 0.5min
  step  2000 | loss 1.484981 | lr 0.000992 | 0.6min
  VAL 0.00%
  step  2500 | loss 1.422851 | lr 0.000987 | 0.7min
  step  3000 | loss 1.388768 | lr 0.000980 | 0.9min
  VAL 0.00%
  step  3500 | loss 1.377216 | lr 0.000972 | 1.0min
  step  4000 | loss 1.335162 | lr 0.000962 | 1.1min
  VAL 0.00%
  step  4500 | loss 1.387972 | lr 0.000951 | 1.3min
  step  5000 | loss 1.342956 | lr 0.000939 | 1.4min
  VAL 0.00%
  step  5500 | loss 1.372159 | lr 0.000926 | 1.5min
  step  6000 | loss 1.305763 | lr 0.000912 | 1.7min
  VAL 0.00%
  step  6500 | loss 1.314027 | lr 0.000896 | 1.8min
  step  7000 | loss 1.208799 | lr 0.000880 | 2.0min
  VAL 0.00%
  step  7500 | loss 1.107231 | lr 0.000862 | 2.1min
  step  8000 | loss 0.823915 | lr 0.000843 | 2.2min
  VAL 0.00%
  step  8500 | loss 0.552550 | lr 0.000823 | 2.3min
  step  9000 | loss 0.486775 | lr 0.000803 | 2.5min
  VAL 5.85%
  step  9500 | loss 0.417313 | lr 0.000781 | 2.6min
  step 10000 | loss 0.380651 | lr 0.000759 | 2.8min
  VAL 12.45%
  step 10500 | loss 0.341868 | lr 0.000736 | 2.9min
  step 11000 | loss 0.330710 | lr 0.000713 | 3.0min
  VAL 35.95%
  step 11500 | loss 0.314963 | lr 0.000688 | 3.1min
  step 12000 | loss 0.291809 | lr 0.000664 | 3.3min
  VAL 50.05%
  step 12500 | loss 0.272540 | lr 0.000638 | 3.4min
  step 13000 | loss 0.270593 | lr 0.000613 | 3.6min
  VAL 48.35%
  step 13500 | loss 0.254772 | lr 0.000587 | 3.7min
  step 14000 | loss 0.247187 | lr 0.000561 | 3.8min
  VAL 63.00%
  step 14500 | loss 0.248895 | lr 0.000534 | 4.0min
  step 15000 | loss 0.230072 | lr 0.000508 | 4.1min
  VAL 70.80%
  step 15500 | loss 0.212965 | lr 0.000481 | 4.2min
  step 16000 | loss 0.212016 | lr 0.000455 | 4.4min
  VAL 72.45%
  step 16500 | loss 0.202235 | lr 0.000429 | 4.5min
  step 17000 | loss 0.206531 | lr 0.000403 | 4.6min
  VAL 75.50%
  step 17500 | loss 0.197988 | lr 0.000377 | 4.8min
  step 18000 | loss 0.186258 | lr 0.000352 | 4.9min
  VAL 76.95%
  step 18500 | loss 0.186460 | lr 0.000327 | 5.1min
  step 19000 | loss 0.180473 | lr 0.000302 | 5.2min
  VAL 80.00%
  step 19500 | loss 0.182971 | lr 0.000278 | 5.3min
  step 20000 | loss 0.171805 | lr 0.000255 | 5.5min
  VAL 81.40%
  step 20500 | loss 0.168325 | lr 0.000232 | 5.6min
  step 21000 | loss 0.166141 | lr 0.000210 | 5.8min
  VAL 82.40%
  step 21500 | loss 0.160526 | lr 0.000189 | 5.9min
  step 22000 | loss 0.159527 | lr 0.000169 | 6.0min
  VAL 84.10%
  step 22500 | loss 0.151947 | lr 0.000149 | 6.2min
  step 23000 | loss 0.151026 | lr 0.000131 | 6.3min
  VAL 85.20%
  step 23500 | loss 0.146041 | lr 0.000114 | 6.5min
  step 24000 | loss 0.142045 | lr 0.000097 | 6.6min
  VAL 87.25%
  step 24500 | loss 0.143965 | lr 0.000082 | 6.7min
  step 25000 | loss 0.137689 | lr 0.000068 | 6.9min
  VAL 89.40%
  step 25500 | loss 0.135939 | lr 0.000056 | 7.0min
  step 26000 | loss 0.137226 | lr 0.000044 | 7.1min
  VAL 90.45%
  step 26500 | loss 0.135055 | lr 0.000034 | 7.3min
  step 27000 | loss 0.130003 | lr 0.000025 | 7.4min
  VAL 91.40%
  step 27500 | loss 0.129456 | lr 0.000017 | 7.6min
  step 28000 | loss 0.126383 | lr 0.000011 | 7.7min
  VAL 92.15%
  step 28500 | loss 0.127550 | lr 0.000006 | 7.8min
  step 29000 | loss 0.123209 | lr 0.000003 | 8.0min
  VAL 92.45%
  step 29500 | loss 0.125397 | lr 0.000001 | 8.1min
  step 30000 | loss 0.129084 | lr 0.000000 | 8.2min
  VAL 92.55%

Training complete in 8.2 minutes
Best test accuracy: 0.0000%
