Model: RL4RL Autoresearch candidate
Author: configured in run manifest
Parameters (unique): 2026
Architecture: decoder-only addition transformer d=16, h=2, L=2, ff=10, block1_ff=8, fixed_separators=True, tied_position_pairs=[[4, 15], [7, 18], [5, 16], [3, 14], [2, 13], [8, 19], [6, 17], [1, 12], [0, 11], [9, 20]], interpolated_positions=[23, 24, 25, 26, 27], qkv_pruned=22
Tricks: autoregressive greedy decoding, weights from checkpoint

  Progress: 1000/10010 (994/1000 correct) [4.5s]
  Progress: 2000/10010 (1989/2000 correct) [8.9s]
  Progress: 3000/10010 (2987/3000 correct) [13.4s]
  Progress: 4000/10010 (3982/4000 correct) [17.8s]
  Progress: 5000/10010 (4977/5000 correct) [22.2s]
  Progress: 6000/10010 (5971/6000 correct) [26.6s]
  Progress: 7000/10010 (6967/7000 correct) [31.1s]
  Progress: 8000/10010 (7967/8000 correct) [35.5s]
  Progress: 9000/10010 (8960/9000 correct) [39.9s]
  Progress: 10000/10010 (9958/10000 correct) [44.4s]

Results: 9968/10010 correct (99.58%)
Time: 44.5s (225 additions/sec)
Status: QUALIFIED (threshold: 99%)

First 20 failures (of 42):
  2419324703 + 3516291980 = 5935616683, got 5835616683
  4501354141 + 9409669647 = 13911023788, got 13811023788
  9949339211 + 8948002488 = 18897341699, got 18997341699
  5437022783 + 1503903689 = 6940926472, got 6840926472
  8654770020 + 8611605297 = 17266375317, got 12266375317
  8278760141 + 9789423285 = 18068183426, got 18468183426
  5250483323 + 6768919741 = 12019403064, got 12519403064
  2414276349 + 2517436867 = 4931713216, got 4831713216
  4624637094 + 517131976 = 5141769070, got 5041769070
  2763076017 + 9267356007 = 12030432024, got 12530432024
  6765445328 + 1271516668 = 8036961996, got 7536961996
  6660112625 + 5142876686 = 11802989311, got 10802989311
  5793391971 + 3268104699 = 9061496670, got 8461496670
  1798242999 + 3267329002 = 5065572001, got 4465572001
  1415015538 + 2519348781 = 3934364319, got 3834364319
  769934205 + 3291658886 = 4061593091, got 4461593091
  2793349138 + 5219640234 = 8012989372, got 7512989372
  7273544685 + 1791057659 = 9064602344, got 9564602344
  4407693531 + 9534202615 = 13941896146, got 13841896146
  8191852004 + 7194996854 = 15386848858, got 15396848858
