Model: RL4RL Autoresearch candidate
Author: configured in run manifest
Parameters (unique): 1954
Architecture: decoder-only addition transformer d=16, h=2, L=2, ff=10, block1_ff=8, fixed_separators=True, tied_position_pairs=[[4, 15], [7, 18], [5, 16], [3, 14], [2, 13], [8, 19], [6, 17], [1, 12], [0, 11], [9, 20]], interpolated_positions=[23, 24, 25, 26, 27], qkv_pruned=94
Tricks: autoregressive greedy decoding, weights from checkpoint

  Progress: 1000/10010 (1000/1000 correct) [4.5s]
  Progress: 2000/10010 (2000/2000 correct) [9.0s]
  Progress: 3000/10010 (2999/3000 correct) [13.4s]
  Progress: 4000/10010 (3998/4000 correct) [17.8s]
  Progress: 5000/10010 (4997/5000 correct) [22.2s]
  Progress: 6000/10010 (5994/6000 correct) [26.7s]
  Progress: 7000/10010 (6993/7000 correct) [31.2s]
  Progress: 8000/10010 (7993/8000 correct) [35.8s]
  Progress: 9000/10010 (8992/9000 correct) [40.2s]
  Progress: 10000/10010 (9991/10000 correct) [44.6s]

Results: 10001/10010 correct (99.91%)
Time: 44.7s (224 additions/sec)
Status: QUALIFIED (threshold: 99%)

Failures (9):
  9278473654 + 9413599947 = 18692073601, got 19692073601
  9217700662 + 9448597295 = 18666297957, got 19666297957
  9402679499 + 9293095411 = 18695774910, got 19695774910
  7295822456 + 4296380992 = 11592203448, got 11492203448
  2828982940 + 2171822219 = 5000805159, got 4000805159
  9479323125 + 9453799615 = 18933122740, got 19933122740
  9360408474 + 9213913869 = 18574322343, got 19574322343
  9201756155 + 9771972022 = 18973728177, got 19973728177
  9322270328 + 9340964837 = 18663235165, got 19663235165
