Model: RL4RL Autoresearch candidate
Author: configured in run manifest
Parameters (unique): 1977
Architecture: decoder-only addition transformer d=16, h=2, L=2, ff=10, block1_ff=8, fixed_separators=True, tied_position_pairs=[[4, 15], [7, 18], [5, 16], [3, 14], [2, 13], [8, 19], [6, 17], [1, 12], [0, 11], [9, 20]], interpolated_positions=[23, 24, 25, 26, 27], qkv_pruned=71
Tricks: autoregressive greedy decoding, weights from checkpoint

  Progress: 1000/10010 (998/1000 correct) [4.5s]
  Progress: 2000/10010 (1997/2000 correct) [9.0s]
  Progress: 3000/10010 (2996/3000 correct) [13.6s]
  Progress: 4000/10010 (3994/4000 correct) [18.3s]
  Progress: 5000/10010 (4992/5000 correct) [22.9s]
  Progress: 6000/10010 (5989/6000 correct) [27.6s]
  Progress: 7000/10010 (6988/7000 correct) [32.1s]
  Progress: 8000/10010 (7988/8000 correct) [36.6s]
  Progress: 9000/10010 (8984/9000 correct) [41.2s]
  Progress: 10000/10010 (9981/10000 correct) [45.8s]

Results: 9991/10010 correct (99.81%)
Time: 45.9s (218 additions/sec)
Status: QUALIFIED (threshold: 99%)

Failures (19):
  2419324703 + 3516291980 = 5935616683, got 5835616683
  4501354141 + 9409669647 = 13911023788, got 13811023788
  2414276349 + 2517436867 = 4931713216, got 4831713216
  9278473654 + 9413599947 = 18692073601, got 19692073601
  1415015538 + 2519348781 = 3934364319, got 3834364319
  9217700662 + 9448597295 = 18666297957, got 19666297957
  9402679499 + 9293095411 = 18695774910, got 19695774910
  2988172828 + 2822699399 = 5810872227, got 4810872227
  7295822456 + 4296380992 = 11592203448, got 11492203448
  2828982940 + 2171822219 = 5000805159, got 4000805159
  9479323125 + 9453799615 = 18933122740, got 19933122740
  9360408474 + 9213913869 = 18574322343, got 19574322343
  2970898198 + 2844045321 = 5814943519, got 4814943519
  9516562991 + 9413390151 = 18929953142, got 19929953142
  9201756155 + 9771972022 = 18973728177, got 19973728177
  2540637875 + 2906523052 = 5447160927, got 4447160927
  9322270328 + 9340964837 = 18663235165, got 19663235165
  2068770581 + 2967666774 = 5036437355, got 4036437355
  9405934905 + 9458578691 = 18864513596, got 19864513596
