Model: 2,529 parameters
Config: d=14, h=2, L=2, ff=19
Device: mps

Training for 75000 steps...
  step   500 | loss 1.924311 | lr 0.001000 | 0.1min
  step  1000 | loss 1.394667 | lr 0.000999 | 0.3min
  VAL 0.00%
  step  1500 | loss 1.360587 | lr 0.000998 | 0.4min
  step  2000 | loss 1.321602 | lr 0.000997 | 0.5min
  VAL 0.00%
  step  2500 | loss 1.331896 | lr 0.000995 | 0.7min
  step  3000 | loss 1.306243 | lr 0.000992 | 0.8min
  VAL 0.00%
  step  3500 | loss 1.171613 | lr 0.000989 | 0.9min
  step  4000 | loss 1.058395 | lr 0.000985 | 1.1min
  VAL 0.00%
  step  4500 | loss 0.963410 | lr 0.000981 | 1.2min
  step  5000 | loss 0.874214 | lr 0.000976 | 1.3min
  VAL 0.00%
  step  5500 | loss 0.728278 | lr 0.000970 | 1.4min
  step  6000 | loss 0.594344 | lr 0.000964 | 1.6min
  VAL 1.25%
  step  6500 | loss 0.537656 | lr 0.000958 | 1.7min
  step  7000 | loss 0.499353 | lr 0.000951 | 1.8min
  VAL 4.10%
  step  7500 | loss 0.466166 | lr 0.000944 | 1.9min
  step  8000 | loss 0.425417 | lr 0.000936 | 2.1min
  VAL 5.70%
  step  8500 | loss 0.331692 | lr 0.000927 | 2.2min
  step  9000 | loss 0.326099 | lr 0.000918 | 2.3min
  VAL 23.35%
  step  9500 | loss 0.310984 | lr 0.000909 | 2.4min
  step 10000 | loss 0.322673 | lr 0.000899 | 2.6min
  VAL 23.70%
  step 10500 | loss 0.307757 | lr 0.000889 | 2.7min
  step 11000 | loss 0.290624 | lr 0.000879 | 2.8min
  VAL 31.85%
  step 11500 | loss 0.291678 | lr 0.000868 | 2.9min
  step 12000 | loss 0.269732 | lr 0.000856 | 3.1min
  VAL 41.40%
  step 12500 | loss 0.264522 | lr 0.000844 | 3.2min
  step 13000 | loss 0.249129 | lr 0.000832 | 3.3min
  VAL 41.15%
  step 13500 | loss 0.254563 | lr 0.000820 | 3.4min
  step 14000 | loss 0.238267 | lr 0.000807 | 3.6min
  VAL 43.70%
  step 14500 | loss 0.230291 | lr 0.000794 | 3.7min
  step 15000 | loss 0.220765 | lr 0.000780 | 3.9min
  VAL 46.60%
  step 15500 | loss 0.217064 | lr 0.000767 | 4.0min
  step 16000 | loss 0.210973 | lr 0.000753 | 4.1min
  VAL 48.90%
  step 16500 | loss 0.214436 | lr 0.000739 | 4.3min
  step 17000 | loss 0.202833 | lr 0.000724 | 4.4min
  VAL 51.80%
  step 17500 | loss 0.199959 | lr 0.000709 | 4.5min
  step 18000 | loss 0.193751 | lr 0.000694 | 4.7min
  VAL 54.25%
  step 18500 | loss 0.181324 | lr 0.000679 | 4.8min
  step 19000 | loss 0.174225 | lr 0.000664 | 5.0min
  VAL 51.45%
  step 19500 | loss 0.180570 | lr 0.000649 | 5.1min
  step 20000 | loss 0.177961 | lr 0.000633 | 5.3min
  VAL 54.95%
  step 20500 | loss 0.182472 | lr 0.000618 | 5.4min
  step 21000 | loss 0.168832 | lr 0.000602 | 5.5min
  VAL 58.25%
  step 21500 | loss 0.165336 | lr 0.000586 | 5.7min
  step 22000 | loss 0.159070 | lr 0.000571 | 5.8min
  VAL 60.30%
  step 22500 | loss 0.157347 | lr 0.000555 | 6.0min
  step 23000 | loss 0.146683 | lr 0.000539 | 6.1min
  VAL 63.10%
  step 23500 | loss 0.144086 | lr 0.000523 | 6.2min
  step 24000 | loss 0.142710 | lr 0.000507 | 6.3min
  VAL 69.70%
  step 24500 | loss 0.139767 | lr 0.000492 | 6.4min
  step 25000 | loss 0.138156 | lr 0.000476 | 6.6min
  VAL 72.40%
  step 25500 | loss 0.133513 | lr 0.000460 | 6.7min
  step 26000 | loss 0.132333 | lr 0.000445 | 6.8min
  VAL 70.20%
  step 26500 | loss 0.131563 | lr 0.000430 | 7.0min
  step 27000 | loss 0.128176 | lr 0.000415 | 7.0min
  VAL 74.00%
  step 27500 | loss 0.127402 | lr 0.000400 | 7.2min
  step 28000 | loss 0.126849 | lr 0.000385 | 7.3min
  VAL 74.35%
  step 28500 | loss 0.123422 | lr 0.000370 | 7.4min
  step 29000 | loss 0.121311 | lr 0.000356 | 7.5min
  VAL 76.80%
  step 29500 | loss 0.120235 | lr 0.000342 | 7.7min
  step 30000 | loss 0.117127 | lr 0.000328 | 7.8min
  VAL 76.40%
  step 30500 | loss 0.115189 | lr 0.000314 | 7.9min
  step 31000 | loss 0.112897 | lr 0.000301 | 8.0min
  VAL 81.95%
  step 31500 | loss 0.110118 | lr 0.000288 | 8.1min
  step 32000 | loss 0.106702 | lr 0.000275 | 8.2min
  VAL 83.10%
  step 32500 | loss 0.105871 | lr 0.000263 | 8.4min
  step 33000 | loss 0.106123 | lr 0.000251 | 8.5min
  VAL 85.85%
  step 33500 | loss 0.102452 | lr 0.000239 | 8.6min
  step 34000 | loss 0.101571 | lr 0.000228 | 8.7min
  VAL 85.80%
  step 34500 | loss 0.100163 | lr 0.000217 | 8.9min
  step 35000 | loss 0.096140 | lr 0.000207 | 9.0min
  VAL 86.15%
  step 35500 | loss 0.094332 | lr 0.000197 | 9.1min
  step 36000 | loss 0.092018 | lr 0.000187 | 9.2min
  VAL 87.95%
  step 36500 | loss 0.091289 | lr 0.000178 | 9.4min
  step 37000 | loss 0.089029 | lr 0.000169 | 9.5min
  VAL 88.75%
  step 37500 | loss 0.089821 | lr 0.000161 | 9.6min
  step 38000 | loss 0.088103 | lr 0.000153 | 9.7min
  VAL 89.80%
  step 38500 | loss 0.086545 | lr 0.000146 | 9.9min
  step 39000 | loss 0.083234 | lr 0.000139 | 10.0min
  VAL 90.75%
  step 39500 | loss 0.081912 | lr 0.000133 | 10.1min
  step 40000 | loss 0.082843 | lr 0.000128 | 10.2min
  VAL 91.70%
  step 40500 | loss 0.079949 | lr 0.000122 | 10.4min
  step 41000 | loss 0.076115 | lr 0.000118 | 10.5min
  VAL 91.95%
  step 41500 | loss 0.074475 | lr 0.000114 | 10.6min
  step 42000 | loss 0.075659 | lr 0.000110 | 10.8min
  VAL 92.25%
  step 42500 | loss 0.072258 | lr 0.000107 | 10.9min
  step 43000 | loss 0.072009 | lr 0.000104 | 11.0min
  VAL 93.20%
  step 43500 | loss 0.072414 | lr 0.000102 | 11.1min
  step 44000 | loss 0.070536 | lr 0.000101 | 11.2min
  VAL 93.75%
  step 44500 | loss 0.069371 | lr 0.000100 | 11.3min
  step 45000 | loss 0.069180 | lr 0.000100 | 11.4min
  VAL 94.85%
  step 45500 | loss 0.070674 | lr 0.000100 | 11.5min
  step 46000 | loss 0.067674 | lr 0.000100 | 11.7min
  VAL 94.30%
  step 46500 | loss 0.066000 | lr 0.000100 | 11.8min
  step 47000 | loss 0.066987 | lr 0.000100 | 11.9min
  VAL 94.95%
  step 47500 | loss 0.064608 | lr 0.000100 | 12.0min
  step 48000 | loss 0.063595 | lr 0.000100 | 12.1min
  VAL 95.75%
  step 48500 | loss 0.063555 | lr 0.000100 | 12.2min
  step 49000 | loss 0.063076 | lr 0.000100 | 12.3min
  VAL 94.90%
  step 49500 | loss 0.063381 | lr 0.000100 | 12.4min
  step 50000 | loss 0.064528 | lr 0.000100 | 12.6min
  VAL 95.40%
  step 50500 | loss 0.062240 | lr 0.000100 | 12.7min
  step 51000 | loss 0.062573 | lr 0.000100 | 12.8min
  VAL 96.00%
  step 51500 | loss 0.061001 | lr 0.000100 | 12.9min
  step 52000 | loss 0.061157 | lr 0.000100 | 13.0min
  VAL 95.70%
  step 52500 | loss 0.060439 | lr 0.000100 | 13.1min
  step 53000 | loss 0.059095 | lr 0.000100 | 13.3min
  VAL 95.70%
  step 53500 | loss 0.061202 | lr 0.000100 | 13.4min
  step 54000 | loss 0.058491 | lr 0.000100 | 13.5min
  VAL 95.40%
  step 54500 | loss 0.060259 | lr 0.000100 | 13.6min
  step 55000 | loss 0.060214 | lr 0.000100 | 13.8min
  VAL 96.05%
  step 55500 | loss 0.059470 | lr 0.000100 | 13.9min
  step 56000 | loss 0.060382 | lr 0.000100 | 14.0min
  VAL 95.90%
  step 56500 | loss 0.058937 | lr 0.000100 | 14.1min
  step 57000 | loss 0.061372 | lr 0.000100 | 14.2min
  VAL 96.15%
  step 57500 | loss 0.059256 | lr 0.000100 | 14.3min
  step 58000 | loss 0.060614 | lr 0.000100 | 14.5min
  VAL 95.50%
  step 58500 | loss 0.059069 | lr 0.000100 | 14.6min
  step 59000 | loss 0.060032 | lr 0.000100 | 14.7min
  VAL 95.90%
  step 59500 | loss 0.058122 | lr 0.000100 | 14.8min
  step 60000 | loss 0.058361 | lr 0.000100 | 14.9min
  VAL 96.20%
  step 60500 | loss 0.059750 | lr 0.000100 | 15.1min
  step 61000 | loss 0.060440 | lr 0.000100 | 15.2min
  VAL 96.20%
  step 61500 | loss 0.059969 | lr 0.000100 | 15.3min
  step 62000 | loss 0.058679 | lr 0.000100 | 15.4min
  VAL 96.15%
  step 62500 | loss 0.058060 | lr 0.000100 | 15.6min
  step 63000 | loss 0.058813 | lr 0.000100 | 15.7min
  VAL 95.60%
  step 63500 | loss 0.059851 | lr 0.000100 | 15.8min
  step 64000 | loss 0.059641 | lr 0.000100 | 15.9min
  VAL 96.15%
  step 64500 | loss 0.060397 | lr 0.000100 | 16.0min
  step 65000 | loss 0.059861 | lr 0.000100 | 16.1min
  VAL 95.45%
  step 65500 | loss 0.059922 | lr 0.000100 | 16.3min
  step 66000 | loss 0.059450 | lr 0.000100 | 16.4min
  VAL 95.45%
  step 66500 | loss 0.059836 | lr 0.000100 | 16.5min
  step 67000 | loss 0.060482 | lr 0.000100 | 16.6min
  VAL 95.90%
  step 67500 | loss 0.058228 | lr 0.000100 | 16.7min
  step 68000 | loss 0.059238 | lr 0.000100 | 16.8min
  VAL 96.00%
  step 68500 | loss 0.058584 | lr 0.000100 | 17.0min
  step 69000 | loss 0.061566 | lr 0.000100 | 17.1min
  VAL 95.75%
  step 69500 | loss 0.061288 | lr 0.000100 | 17.2min
  step 70000 | loss 0.062539 | lr 0.000100 | 17.3min
  VAL 96.10%
  step 70500 | loss 0.061310 | lr 0.000100 | 17.4min
  step 71000 | loss 0.060745 | lr 0.000100 | 17.5min
  VAL 95.45%
  step 71500 | loss 0.059532 | lr 0.000100 | 17.7min
  step 72000 | loss 0.060859 | lr 0.000100 | 17.8min
  VAL 95.80%
  step 72500 | loss 0.061246 | lr 0.000100 | 17.9min
  step 73000 | loss 0.060612 | lr 0.000100 | 18.0min
  VAL 95.95%
  step 73500 | loss 0.062960 | lr 0.000100 | 18.1min
  step 74000 | loss 0.062579 | lr 0.000100 | 18.2min
  VAL 96.55%
  step 74500 | loss 0.061759 | lr 0.000100 | 18.4min
  step 75000 | loss 0.062379 | lr 0.000100 | 18.5min
  VAL 95.60%

Training complete in 18.5 minutes
Best test accuracy: 0.0000%
