Model: RL4RL Autoresearch candidate
Author: configured in run manifest
Parameters (unique): 1659
Architecture: decoder-only addition transformer d=16, h=2, L=2, ff=16
Tricks: autoregressive greedy decoding, weights from checkpoint

  Progress: 1000/10010 (976/1000 correct) [7.8s]
  Progress: 2000/10010 (1966/2000 correct) [14.4s]
  Progress: 3000/10010 (2949/3000 correct) [21.1s]
  Progress: 4000/10010 (3932/4000 correct) [28.1s]
  Progress: 5000/10010 (4917/5000 correct) [34.5s]
  Progress: 6000/10010 (5904/6000 correct) [41.5s]
  Progress: 7000/10010 (6886/7000 correct) [48.3s]
  Progress: 8000/10010 (7870/8000 correct) [55.1s]
  Progress: 9000/10010 (8859/9000 correct) [61.7s]
  Progress: 10000/10010 (9844/10000 correct) [69.1s]

Results: 9854/10010 correct (98.44%)
Time: 69.2s (145 additions/sec)
Status: NOT QUALIFIED (threshold: 99%)

First 20 failures (of 156):
  6337327306 + 4000359568 = 10337686874, got 337686874
  7114501283 + 160349715 = 7274850998, got 7174850998
  7197773205 + 9077000387 = 16274773592, got 6274773592
  6509152292 + 9209120080 = 15718272372, got 15818272372
  6969938512 + 1800378914 = 8770317426, got 8670317426
  9229471617 + 9474184142 = 18703655759, got 17703655759
  9089267194 + 4171613667 = 13260880861, got 14260880861
  9802221894 + 7858087157 = 17660309051, got 17560309051
  1976493916 + 1906487771 = 3882981687, got 3782981687
  5468975900 + 1438734356 = 6907710256, got 5907710256
  2383813986 + 5194289640 = 7578103626, got 8578103626
  7558647068 + 7318059319 = 14876706387, got 14976706387
  6832437373 + 3830048430 = 10662485803, got 10562485803
  2060434325 + 4050653496 = 6111087821, got 6011087821
  7006283134 + 2075731875 = 9082015009, got 10082015009
  5909551252 + 6873659338 = 12783210590, got 12683210590
  1978347876 + 4802489172 = 6780837048, got 6680837048
  8922508953 + 8744108725 = 17666617678, got 27666617678
  9527466102 + 8003103222 = 17530569324, got 16530569324
  637740923 + 5408571909 = 6046312832, got 5046312832
