Model: 3,456 parameters
Config: d=16, h=2, L=2, ff=17
Device: mps

Training for 30000 steps...
  step   500 | loss 1.474798 | lr 0.001000 | 0.1min
  step  1000 | loss 1.373904 | lr 0.000999 | 0.3min
  VAL 0.00%
  step  1500 | loss 1.360417 | lr 0.000996 | 0.4min
  step  2000 | loss 1.321875 | lr 0.000992 | 0.5min
  VAL 0.00%
  step  2500 | loss 1.343019 | lr 0.000987 | 0.6min
  step  3000 | loss 1.371313 | lr 0.000980 | 0.8min
  VAL 0.00%
  step  3500 | loss 1.240035 | lr 0.000972 | 0.9min
  step  4000 | loss 0.858535 | lr 0.000962 | 1.0min
  VAL 0.00%
  step  4500 | loss 0.479604 | lr 0.000951 | 1.1min
  step  5000 | loss 0.420789 | lr 0.000939 | 1.3min
  VAL 0.45%
  step  5500 | loss 0.355504 | lr 0.000926 | 1.4min
  step  6000 | loss 0.332559 | lr 0.000912 | 1.5min
  VAL 1.55%
  step  6500 | loss 0.286057 | lr 0.000896 | 1.6min
  step  7000 | loss 0.254394 | lr 0.000880 | 1.7min
  VAL 4.60%
  step  7500 | loss 0.232984 | lr 0.000862 | 1.8min
  step  8000 | loss 0.086218 | lr 0.000843 | 2.0min
  VAL 38.20%
  step  8500 | loss 0.043669 | lr 0.000823 | 2.1min
  step  9000 | loss 0.032197 | lr 0.000803 | 2.2min
  VAL 67.90%
  step  9500 | loss 0.026252 | lr 0.000781 | 2.3min
  step 10000 | loss 0.017073 | lr 0.000759 | 2.4min
  VAL 81.40%
  step 10500 | loss 0.015942 | lr 0.000736 | 2.5min
  step 11000 | loss 0.011444 | lr 0.000713 | 2.7min
  VAL 84.70%
  step 11500 | loss 0.009570 | lr 0.000688 | 2.8min
  step 12000 | loss 0.007143 | lr 0.000664 | 2.9min
  VAL 92.00%
  step 12500 | loss 0.007036 | lr 0.000638 | 3.0min
  step 13000 | loss 0.005897 | lr 0.000613 | 3.2min
  VAL 95.10%
  step 13500 | loss 0.004226 | lr 0.000587 | 3.3min
  step 14000 | loss 0.003587 | lr 0.000561 | 3.4min
  VAL 97.65%
  step 14500 | loss 0.003145 | lr 0.000534 | 3.5min
  step 15000 | loss 0.002791 | lr 0.000508 | 3.7min
  VAL 98.25%
  step 15500 | loss 0.002693 | lr 0.000481 | 3.8min
  step 16000 | loss 0.002062 | lr 0.000455 | 3.9min
  VAL 98.00%
  step 16500 | loss 0.002929 | lr 0.000429 | 4.0min
  step 17000 | loss 0.001610 | lr 0.000403 | 4.1min
  VAL 99.00%
  TEST 98.9500%
  *** New best: 98.9500% ***
  step 17500 | loss 0.001599 | lr 0.000377 | 4.3min
  step 18000 | loss 0.001706 | lr 0.000352 | 4.4min
  VAL 99.50%
  TEST 99.6000%
  *** New best: 99.6000% ***
  step 18500 | loss 0.001323 | lr 0.000327 | 4.5min
  step 19000 | loss 0.001122 | lr 0.000302 | 4.6min
  VAL 99.30%
  TEST 99.4000%
  step 19500 | loss 0.001120 | lr 0.000278 | 4.8min
  step 20000 | loss 0.001040 | lr 0.000255 | 4.9min
  VAL 99.10%
  TEST 99.4000%
  step 20500 | loss 0.001193 | lr 0.000232 | 5.1min
  step 21000 | loss 0.000874 | lr 0.000210 | 5.2min
  VAL 99.75%
  TEST 99.7500%
  *** New best: 99.7500% ***
  step 21500 | loss 0.000775 | lr 0.000189 | 5.4min
  step 22000 | loss 0.000636 | lr 0.000169 | 5.5min
  VAL 99.75%
  TEST 99.7000%
  step 22500 | loss 0.000619 | lr 0.000149 | 5.7min
  step 23000 | loss 0.000540 | lr 0.000131 | 5.8min
  VAL 99.75%
  TEST 99.9000%
  *** New best: 99.9000% ***
  step 23500 | loss 0.000494 | lr 0.000114 | 6.0min
  step 24000 | loss 0.000521 | lr 0.000097 | 6.1min
  VAL 99.45%
  TEST 99.7700%
  step 24500 | loss 0.000486 | lr 0.000082 | 6.3min
  step 25000 | loss 0.000530 | lr 0.000068 | 6.3min
  VAL 99.85%
  TEST 99.9500%
  *** New best: 99.9500% ***
  step 25500 | loss 0.000400 | lr 0.000056 | 6.5min
  step 26000 | loss 0.000424 | lr 0.000044 | 6.6min
  VAL 99.90%
  TEST 99.9700%
  *** New best: 99.9700% ***
  step 26500 | loss 0.000377 | lr 0.000034 | 6.8min
  step 27000 | loss 0.000393 | lr 0.000025 | 6.9min
  VAL 99.85%
  TEST 99.9600%
  step 27500 | loss 0.000400 | lr 0.000017 | 7.0min
  step 28000 | loss 0.000379 | lr 0.000011 | 7.1min
  VAL 99.90%
  TEST 99.9600%
  step 28500 | loss 0.000355 | lr 0.000006 | 7.3min
  step 29000 | loss 0.000333 | lr 0.000003 | 7.4min
  VAL 99.90%
  TEST 99.9700%
  step 29500 | loss 0.000349 | lr 0.000001 | 7.6min
  step 30000 | loss 0.000337 | lr 0.000000 | 7.7min
  VAL 99.90%
  TEST 99.9600%

Training complete in 7.8 minutes
Best test accuracy: 99.9700%
