Model: RL4RL Autoresearch candidate
Author: configured in run manifest
Parameters (unique): 3456
Architecture: decoder-only addition transformer d=16, h=2, L=2, ff=17
Tricks: autoregressive greedy decoding, weights from checkpoint

  Progress: 1000/10010 (998/1000 correct) [8.6s]
  Progress: 2000/10010 (1998/2000 correct) [17.3s]
  Progress: 3000/10010 (2996/3000 correct) [26.0s]
  Progress: 4000/10010 (3995/4000 correct) [34.6s]
  Progress: 5000/10010 (4995/5000 correct) [42.5s]
  Progress: 6000/10010 (5994/6000 correct) [49.5s]
  Progress: 7000/10010 (6994/7000 correct) [56.8s]
  Progress: 8000/10010 (7993/8000 correct) [63.7s]
  Progress: 9000/10010 (8993/9000 correct) [70.7s]
  Progress: 10000/10010 (9992/10000 correct) [77.8s]

Results: 10002/10010 correct (99.92%)
Time: 77.8s (129 additions/sec)
Status: QUALIFIED (threshold: 99%)

Failures (8):
  5000000000 + 5000000000 = 10000000000, got 9000000000
  5082841972 + 6389390906 = 11472232878, got 12472232878
  3017986113 + 3986900200 = 7004886313, got 6004886313
  7204594155 + 3827560075 = 11032154230, got 10032154230
  9867013765 + 2008789782 = 11875803547, got 12875803547
  9612239189 + 2603215201 = 12215454390, got 11215454390
  5414047606 + 6812049894 = 12226097500, got 2226097500
  5118045857 + 6196185877 = 11314231734, got 1314231734
