Model: RL4RL Autoresearch candidate
Author: configured in run manifest
Parameters (unique): 1891
Architecture: decoder-only addition transformer d=16, h=2, L=2, ff=10, block1_ff=8, fixed_separators=True, tied_position_pairs=[[4, 15], [7, 18], [5, 16], [3, 14], [2, 13], [8, 19], [6, 17], [1, 12], [0, 11], [9, 20]], interpolated_positions=[23, 24, 25, 26, 27], qkv_pruned=157
Tricks: autoregressive greedy decoding, weights from checkpoint

  Progress: 1000/10010 (999/1000 correct) [4.5s]
  Progress: 2000/10010 (1996/2000 correct) [8.9s]
  Progress: 3000/10010 (2993/3000 correct) [13.3s]
  Progress: 4000/10010 (3991/4000 correct) [17.8s]
  Progress: 5000/10010 (4990/5000 correct) [22.2s]
  Progress: 6000/10010 (5989/6000 correct) [26.7s]
  Progress: 7000/10010 (6989/7000 correct) [31.2s]
  Progress: 8000/10010 (7987/8000 correct) [35.8s]
  Progress: 9000/10010 (8985/9000 correct) [40.3s]
  Progress: 10000/10010 (9982/10000 correct) [44.7s]

Results: 9992/10010 correct (99.82%)
Time: 44.7s (224 additions/sec)
Status: QUALIFIED (threshold: 99%)

Failures (18):
  6780533471 + 5090190326 = 11870723797, got 10870723797
  5250483323 + 6768919741 = 12019403064, got 12519403064
  6047119139 + 5060676488 = 11107795627, got 10107795627
  5199705329 + 6225705022 = 11425410351, got 10425410351
  5073074988 + 6351264488 = 11424339476, got 10424339476
  6660112625 + 5142876686 = 11802989311, got 10802989311
  6081827802 + 5355690034 = 11437517836, got 10437517836
  6220808416 + 5189773965 = 11410582381, got 10410582381
  6034185843 + 5879550316 = 11913736159, got 10913736159
  5634381845 + 6168469548 = 11802851393, got 10802851393
  6005893433 + 5803299494 = 11809192927, got 10809192927
  5812383983 + 6097421408 = 11909805391, got 10909805391
  1010334286 + 1799118342 = 2809452628, got 1809452628
  5196715361 + 6533191037 = 11729906398, got 10729906398
  1010537826 + 1998432176 = 3008970002, got 2008970002
  6260106340 + 9756051371 = 16016157711, got 15516157711
  5118045857 + 6196185877 = 11314231734, got 10314231734
  6058598929 + 5352836860 = 11411435789, got 10411435789
