Model: 2,977 parameters
Config: d=14, h=2, L=2, ff=19
Device: mps

Training for 45000 steps...
  step   500 | loss 1.512195 | lr 0.001000 | 0.1min
  step  1000 | loss 1.428985 | lr 0.000999 | 0.3min
  VAL 0.00%
  step  1500 | loss 1.441736 | lr 0.000998 | 0.4min
  step  2000 | loss 1.432810 | lr 0.000997 | 0.5min
  VAL 0.00%
  step  2500 | loss 1.391577 | lr 0.000995 | 0.7min
  step  3000 | loss 1.398521 | lr 0.000992 | 0.8min
  VAL 0.00%
  step  3500 | loss 1.397725 | lr 0.000989 | 0.9min
  step  4000 | loss 1.380542 | lr 0.000985 | 1.1min
  VAL 0.00%
  step  4500 | loss 1.376418 | lr 0.000981 | 1.2min
  step  5000 | loss 1.359729 | lr 0.000976 | 1.3min
  VAL 0.00%
  step  5500 | loss 1.317786 | lr 0.000970 | 1.5min
  step  6000 | loss 1.322253 | lr 0.000964 | 1.6min
  VAL 0.00%
  step  6500 | loss 1.276134 | lr 0.000958 | 1.7min
  step  7000 | loss 1.273464 | lr 0.000951 | 1.8min
  VAL 0.00%
  step  7500 | loss 1.261462 | lr 0.000944 | 2.0min
  step  8000 | loss 1.231497 | lr 0.000936 | 2.1min
  VAL 0.00%
  step  8500 | loss 1.221535 | lr 0.000927 | 2.2min
  step  9000 | loss 1.261964 | lr 0.000918 | 2.4min
  VAL 0.00%
  step  9500 | loss 1.231069 | lr 0.000909 | 2.5min
  step 10000 | loss 1.243975 | lr 0.000899 | 2.6min
  VAL 0.00%
  step 10500 | loss 1.233291 | lr 0.000889 | 2.7min
  step 11000 | loss 1.259300 | lr 0.000879 | 2.8min
  VAL 0.00%
  step 11500 | loss 1.288435 | lr 0.000868 | 2.9min
  step 12000 | loss 1.226655 | lr 0.000856 | 3.1min
  VAL 0.00%
  step 12500 | loss 1.221679 | lr 0.000844 | 3.2min
  step 13000 | loss 1.227517 | lr 0.000832 | 3.3min
  VAL 0.00%
  step 13500 | loss 1.225415 | lr 0.000820 | 3.5min
  step 14000 | loss 1.247620 | lr 0.000807 | 3.6min
  VAL 0.00%
  step 14500 | loss 1.212674 | lr 0.000794 | 3.7min
  step 15000 | loss 1.213113 | lr 0.000780 | 3.9min
  VAL 0.00%
  step 15500 | loss 1.201962 | lr 0.000767 | 4.0min
  step 16000 | loss 1.190950 | lr 0.000753 | 4.1min
  VAL 0.00%
  step 16500 | loss 1.180012 | lr 0.000739 | 4.2min
  step 17000 | loss 1.186018 | lr 0.000724 | 4.4min
  VAL 0.00%
  step 17500 | loss 1.185896 | lr 0.000709 | 4.5min
  step 18000 | loss 1.178033 | lr 0.000694 | 4.7min
  VAL 0.00%
  step 18500 | loss 1.167642 | lr 0.000679 | 4.8min
  step 19000 | loss 1.181424 | lr 0.000664 | 4.9min
  VAL 0.00%
  step 19500 | loss 1.151070 | lr 0.000649 | 5.0min
  step 20000 | loss 1.186732 | lr 0.000633 | 5.2min
  VAL 0.00%
  step 20500 | loss 1.156887 | lr 0.000618 | 5.3min
  step 21000 | loss 1.153314 | lr 0.000602 | 5.4min
  VAL 0.00%
  step 21500 | loss 1.149426 | lr 0.000586 | 5.6min
  step 22000 | loss 1.114442 | lr 0.000571 | 5.7min
  VAL 0.00%
  step 22500 | loss 1.128420 | lr 0.000555 | 5.9min
  step 23000 | loss 1.128264 | lr 0.000539 | 6.0min
  VAL 0.00%
  step 23500 | loss 1.120221 | lr 0.000523 | 6.1min
  step 24000 | loss 1.118773 | lr 0.000507 | 6.2min
  VAL 0.00%
  step 24500 | loss 1.110407 | lr 0.000492 | 6.4min
  step 25000 | loss 1.117702 | lr 0.000476 | 6.5min
  VAL 0.00%
  step 25500 | loss 1.095509 | lr 0.000460 | 6.6min
  step 26000 | loss 1.091278 | lr 0.000445 | 6.7min
  VAL 0.00%
  step 26500 | loss 1.126280 | lr 0.000430 | 6.9min
  step 27000 | loss 1.121898 | lr 0.000415 | 7.0min
  VAL 0.00%
  step 27500 | loss 1.123312 | lr 0.000400 | 7.2min
  step 28000 | loss 1.129288 | lr 0.000385 | 7.3min
  VAL 0.00%
  step 28500 | loss 1.134465 | lr 0.000370 | 7.4min
  step 29000 | loss 1.087603 | lr 0.000356 | 7.5min
  VAL 0.00%
  step 29500 | loss 1.117652 | lr 0.000342 | 7.7min
  step 30000 | loss 1.115509 | lr 0.000328 | 7.8min
  VAL 0.00%
  step 30500 | loss 1.079487 | lr 0.000314 | 7.9min
  step 31000 | loss 1.081346 | lr 0.000301 | 8.1min
  VAL 0.00%
  step 31500 | loss 1.126796 | lr 0.000288 | 8.3min
  step 32000 | loss 1.108992 | lr 0.000275 | 8.4min
  VAL 0.00%
  step 32500 | loss 1.093404 | lr 0.000263 | 8.6min
  step 33000 | loss 1.097304 | lr 0.000251 | 8.7min
  VAL 0.00%
  step 33500 | loss 1.099094 | lr 0.000239 | 8.9min
  step 34000 | loss 1.065252 | lr 0.000228 | 9.0min
  VAL 0.00%
  step 34500 | loss 1.094930 | lr 0.000217 | 9.1min
  step 35000 | loss 1.113047 | lr 0.000207 | 9.2min
  VAL 0.00%
  step 35500 | loss 1.090193 | lr 0.000197 | 9.4min
  step 36000 | loss 1.102126 | lr 0.000187 | 9.5min
  VAL 0.00%
  step 36500 | loss 1.103714 | lr 0.000178 | 9.6min
  step 37000 | loss 1.084610 | lr 0.000169 | 9.7min
  VAL 0.00%
  step 37500 | loss 1.117910 | lr 0.000161 | 9.9min
  step 38000 | loss 1.088105 | lr 0.000153 | 10.0min
  VAL 0.00%
  step 38500 | loss 1.091246 | lr 0.000146 | 10.1min
  step 39000 | loss 1.120488 | lr 0.000139 | 10.2min
  VAL 0.00%
  step 39500 | loss 1.083580 | lr 0.000133 | 10.4min
  step 40000 | loss 1.086400 | lr 0.000128 | 10.5min
  VAL 0.00%
  step 40500 | loss 1.084749 | lr 0.000122 | 10.6min
  step 41000 | loss 1.114691 | lr 0.000118 | 10.8min
  VAL 0.00%
  step 41500 | loss 1.089194 | lr 0.000114 | 10.9min
  step 42000 | loss 1.118492 | lr 0.000110 | 11.0min
  VAL 0.00%
  step 42500 | loss 1.080639 | lr 0.000107 | 11.1min
  step 43000 | loss 1.103972 | lr 0.000104 | 11.3min
  VAL 0.00%
  step 43500 | loss 1.072942 | lr 0.000102 | 11.4min
  step 44000 | loss 1.101171 | lr 0.000101 | 11.5min
  VAL 0.00%
  step 44500 | loss 1.096363 | lr 0.000100 | 11.6min
  step 45000 | loss 1.087504 | lr 0.000100 | 11.7min
  VAL 0.00%

Training complete in 11.8 minutes
Best test accuracy: 0.0000%
