Model: 3,458 parameters
Config: d=14, h=2, L=2, ff=20
Device: mps

Training for 45000 steps...
  step   500 | loss 1.473529 | lr 0.001000 | 0.1min
  step  1000 | loss 1.396392 | lr 0.000999 | 0.3min
  VAL 0.00%
  step  1500 | loss 1.371643 | lr 0.000998 | 0.4min
  step  2000 | loss 1.315325 | lr 0.000997 | 0.5min
  VAL 0.00%
  step  2500 | loss 1.270915 | lr 0.000995 | 0.6min
  step  3000 | loss 0.661071 | lr 0.000992 | 0.8min
  VAL 0.00%
  step  3500 | loss 0.472010 | lr 0.000989 | 0.9min
  step  4000 | loss 0.380255 | lr 0.000985 | 1.1min
  VAL 1.95%
  step  4500 | loss 0.312376 | lr 0.000981 | 1.2min
  step  5000 | loss 0.276177 | lr 0.000976 | 1.3min
  VAL 6.65%
  step  5500 | loss 0.256405 | lr 0.000970 | 1.4min
  step  6000 | loss 0.238960 | lr 0.000964 | 1.6min
  VAL 8.25%
  step  6500 | loss 0.228907 | lr 0.000958 | 1.7min
  step  7000 | loss 0.220530 | lr 0.000951 | 1.8min
  VAL 9.20%
  step  7500 | loss 0.215623 | lr 0.000944 | 1.9min
  step  8000 | loss 0.211175 | lr 0.000936 | 2.1min
  VAL 10.10%
  step  8500 | loss 0.207636 | lr 0.000927 | 2.2min
  step  9000 | loss 0.206339 | lr 0.000918 | 2.3min
  VAL 10.30%
  step  9500 | loss 0.206351 | lr 0.000909 | 2.5min
  step 10000 | loss 0.203903 | lr 0.000899 | 2.6min
  VAL 9.60%
  step 10500 | loss 0.202925 | lr 0.000889 | 2.8min
  step 11000 | loss 0.202712 | lr 0.000879 | 3.0min
  VAL 9.10%
  step 11500 | loss 0.202587 | lr 0.000868 | 3.1min
  step 12000 | loss 0.201230 | lr 0.000856 | 3.2min
  VAL 9.65%
  step 12500 | loss 0.200621 | lr 0.000844 | 3.3min
  step 13000 | loss 0.201763 | lr 0.000832 | 3.5min
  VAL 10.05%
  step 13500 | loss 0.200098 | lr 0.000820 | 3.6min
  step 14000 | loss 0.199892 | lr 0.000807 | 3.8min
  VAL 10.25%
  step 14500 | loss 0.198679 | lr 0.000794 | 3.9min
  step 15000 | loss 0.199731 | lr 0.000780 | 4.0min
  VAL 9.45%
  step 15500 | loss 0.198096 | lr 0.000767 | 4.1min
  step 16000 | loss 0.198336 | lr 0.000753 | 4.3min
  VAL 10.25%
  step 16500 | loss 0.196848 | lr 0.000739 | 4.4min
  step 17000 | loss 0.196421 | lr 0.000724 | 4.6min
  VAL 9.90%
  step 17500 | loss 0.196043 | lr 0.000709 | 4.7min
  step 18000 | loss 0.196666 | lr 0.000694 | 4.8min
  VAL 9.20%
  step 18500 | loss 0.196751 | lr 0.000679 | 5.0min
  step 19000 | loss 0.196083 | lr 0.000664 | 5.1min
  VAL 10.00%
  step 19500 | loss 0.196832 | lr 0.000649 | 5.3min
  step 20000 | loss 0.195096 | lr 0.000633 | 5.4min
  VAL 8.45%
  step 20500 | loss 0.195517 | lr 0.000618 | 5.6min
  step 21000 | loss 0.195113 | lr 0.000602 | 5.7min
  VAL 10.75%
  step 21500 | loss 0.195012 | lr 0.000586 | 5.8min
  step 22000 | loss 0.195300 | lr 0.000571 | 5.9min
  VAL 10.70%
  step 22500 | loss 0.194777 | lr 0.000555 | 6.1min
  step 23000 | loss 0.194561 | lr 0.000539 | 6.2min
  VAL 9.40%
  step 23500 | loss 0.194682 | lr 0.000523 | 6.3min
  step 24000 | loss 0.194668 | lr 0.000507 | 6.4min
  VAL 10.50%
  step 24500 | loss 0.194258 | lr 0.000492 | 6.6min
  step 25000 | loss 0.194175 | lr 0.000476 | 6.7min
  VAL 10.30%
  step 25500 | loss 0.194636 | lr 0.000460 | 6.8min
  step 26000 | loss 0.194286 | lr 0.000445 | 6.9min
  VAL 9.90%
  step 26500 | loss 0.194658 | lr 0.000430 | 7.1min
  step 27000 | loss 0.194832 | lr 0.000415 | 7.2min
  VAL 10.15%
  step 27500 | loss 0.193737 | lr 0.000400 | 7.4min
  step 28000 | loss 0.193908 | lr 0.000385 | 7.5min
  VAL 10.40%
  step 28500 | loss 0.193995 | lr 0.000370 | 7.6min
  step 29000 | loss 0.193788 | lr 0.000356 | 7.7min
  VAL 9.10%
  step 29500 | loss 0.193889 | lr 0.000342 | 7.8min
  step 30000 | loss 0.194034 | lr 0.000328 | 7.9min
  VAL 10.35%
  step 30500 | loss 0.193917 | lr 0.000314 | 8.1min
  step 31000 | loss 0.194057 | lr 0.000301 | 8.2min
  VAL 9.40%
  step 31500 | loss 0.193506 | lr 0.000288 | 8.3min
  step 32000 | loss 0.193828 | lr 0.000275 | 8.4min
  VAL 9.45%
  step 32500 | loss 0.193393 | lr 0.000263 | 8.5min
  step 33000 | loss 0.193679 | lr 0.000251 | 8.6min
  VAL 10.00%
  step 33500 | loss 0.193408 | lr 0.000239 | 8.7min
  step 34000 | loss 0.193317 | lr 0.000228 | 8.9min
  VAL 10.05%
  step 34500 | loss 0.193510 | lr 0.000217 | 9.0min
  step 35000 | loss 0.193370 | lr 0.000207 | 9.1min
  VAL 8.35%
  step 35500 | loss 0.193389 | lr 0.000197 | 9.2min
  step 36000 | loss 0.193417 | lr 0.000187 | 9.4min
  VAL 10.90%
  step 36500 | loss 0.193138 | lr 0.000178 | 9.5min
  step 37000 | loss 0.192979 | lr 0.000169 | 9.6min
  VAL 10.75%
  step 37500 | loss 0.193289 | lr 0.000161 | 9.8min
  step 38000 | loss 0.192932 | lr 0.000153 | 9.9min
  VAL 8.85%
  step 38500 | loss 0.193052 | lr 0.000146 | 10.1min
  step 39000 | loss 0.193084 | lr 0.000139 | 10.2min
  VAL 10.00%
  step 39500 | loss 0.193186 | lr 0.000133 | 10.3min
  step 40000 | loss 0.193367 | lr 0.000128 | 10.4min
  VAL 8.90%
  step 40500 | loss 0.193148 | lr 0.000122 | 10.6min
  step 41000 | loss 0.193003 | lr 0.000118 | 10.7min
  VAL 9.35%
  step 41500 | loss 0.192851 | lr 0.000114 | 10.9min
  step 42000 | loss 0.192917 | lr 0.000110 | 11.0min
  VAL 9.65%
  step 42500 | loss 0.193085 | lr 0.000107 | 11.1min
  step 43000 | loss 0.192871 | lr 0.000104 | 11.3min
  VAL 10.95%
  step 43500 | loss 0.192758 | lr 0.000102 | 11.4min
  step 44000 | loss 0.192818 | lr 0.000101 | 11.6min
  VAL 11.25%
  step 44500 | loss 0.192939 | lr 0.000100 | 11.7min
  step 45000 | loss 0.192973 | lr 0.000100 | 11.8min
  VAL 11.50%

Training complete in 11.8 minutes
Best test accuracy: 0.0000%
