Model: 2,966 parameters
Config: d=14, h=2, L=2, ff=19
Device: mps

Training for 45000 steps...
  step   500 | loss 1.552721 | lr 0.001000 | 0.2min
  step  1000 | loss 1.406513 | lr 0.000999 | 0.3min
  VAL 0.00%
  step  1500 | loss 1.357833 | lr 0.000998 | 0.4min
  step  2000 | loss 1.344058 | lr 0.000997 | 0.6min
  VAL 0.00%
  step  2500 | loss 1.297341 | lr 0.000995 | 0.7min
  step  3000 | loss 1.290032 | lr 0.000992 | 0.8min
  VAL 0.00%
  step  3500 | loss 1.306252 | lr 0.000989 | 0.9min
  step  4000 | loss 1.276540 | lr 0.000985 | 1.1min
  VAL 0.00%
  step  4500 | loss 1.249248 | lr 0.000981 | 1.2min
  step  5000 | loss 1.235739 | lr 0.000976 | 1.3min
  VAL 0.00%
  step  5500 | loss 1.228138 | lr 0.000970 | 1.4min
  step  6000 | loss 1.204759 | lr 0.000964 | 1.6min
  VAL 0.00%
  step  6500 | loss 1.251302 | lr 0.000958 | 1.7min
  step  7000 | loss 1.225181 | lr 0.000951 | 1.8min
  VAL 0.00%
  step  7500 | loss 1.189725 | lr 0.000944 | 2.0min
  step  8000 | loss 1.180267 | lr 0.000936 | 2.1min
  VAL 0.00%
  step  8500 | loss 1.179172 | lr 0.000927 | 2.2min
  step  9000 | loss 1.079115 | lr 0.000918 | 2.3min
  VAL 0.00%
  step  9500 | loss 0.957850 | lr 0.000909 | 2.5min
  step 10000 | loss 0.833954 | lr 0.000899 | 2.6min
  VAL 0.00%
  step 10500 | loss 0.684478 | lr 0.000889 | 2.7min
  step 11000 | loss 0.627221 | lr 0.000879 | 2.9min
  VAL 0.00%
  step 11500 | loss 0.580521 | lr 0.000868 | 3.0min
  step 12000 | loss 0.533783 | lr 0.000856 | 3.1min
  VAL 0.00%
  step 12500 | loss 0.509052 | lr 0.000844 | 3.2min
  step 13000 | loss 0.480608 | lr 0.000832 | 3.4min
  VAL 0.55%
  step 13500 | loss 0.458233 | lr 0.000820 | 3.5min
  step 14000 | loss 0.430959 | lr 0.000807 | 3.6min
  VAL 3.20%
  step 14500 | loss 0.416710 | lr 0.000794 | 3.8min
  step 15000 | loss 0.400925 | lr 0.000780 | 3.9min
  VAL 9.00%
  step 15500 | loss 0.370010 | lr 0.000767 | 4.0min
  step 16000 | loss 0.352544 | lr 0.000753 | 4.2min
  VAL 16.15%
  step 16500 | loss 0.341997 | lr 0.000739 | 4.3min
  step 17000 | loss 0.327691 | lr 0.000724 | 4.4min
  VAL 24.25%
  step 17500 | loss 0.321473 | lr 0.000709 | 4.6min
  step 18000 | loss 0.299813 | lr 0.000694 | 4.7min
  VAL 29.50%
  step 18500 | loss 0.303034 | lr 0.000679 | 4.8min
  step 19000 | loss 0.295343 | lr 0.000664 | 4.9min
  VAL 29.05%
  step 19500 | loss 0.293418 | lr 0.000649 | 5.1min
  step 20000 | loss 0.277474 | lr 0.000633 | 5.2min
  VAL 30.95%
  step 20500 | loss 0.279979 | lr 0.000618 | 5.4min
  step 21000 | loss 0.271595 | lr 0.000602 | 5.5min
  VAL 31.95%
  step 21500 | loss 0.263347 | lr 0.000586 | 5.6min
  step 22000 | loss 0.261990 | lr 0.000571 | 5.7min
  VAL 36.85%
  step 22500 | loss 0.248426 | lr 0.000555 | 5.9min
  step 23000 | loss 0.249618 | lr 0.000539 | 6.0min
  VAL 40.50%
  step 23500 | loss 0.251912 | lr 0.000523 | 6.1min
  step 24000 | loss 0.246743 | lr 0.000507 | 6.2min
  VAL 47.40%
  step 24500 | loss 0.253248 | lr 0.000492 | 6.4min
  step 25000 | loss 0.251332 | lr 0.000476 | 6.5min
  VAL 52.85%
  step 25500 | loss 0.244522 | lr 0.000460 | 6.6min
  step 26000 | loss 0.251010 | lr 0.000445 | 6.8min
  VAL 55.95%
  step 26500 | loss 0.243706 | lr 0.000430 | 6.9min
  step 27000 | loss 0.247113 | lr 0.000415 | 7.0min
  VAL 51.85%
  step 27500 | loss 0.253857 | lr 0.000400 | 7.2min
  step 28000 | loss 0.253846 | lr 0.000385 | 7.3min
  VAL 59.65%
  step 28500 | loss 0.253880 | lr 0.000370 | 7.4min
  step 29000 | loss 0.249947 | lr 0.000356 | 7.5min
  VAL 58.95%
  step 29500 | loss 0.250511 | lr 0.000342 | 7.7min
  step 30000 | loss 0.245705 | lr 0.000328 | 7.8min
  VAL 59.95%
  step 30500 | loss 0.249148 | lr 0.000314 | 7.9min
  step 31000 | loss 0.258128 | lr 0.000301 | 8.1min
  VAL 63.25%
  step 31500 | loss 0.256923 | lr 0.000288 | 8.2min
  step 32000 | loss 0.253969 | lr 0.000275 | 8.3min
  VAL 61.70%
  step 32500 | loss 0.250358 | lr 0.000263 | 8.4min
  step 33000 | loss 0.254411 | lr 0.000251 | 8.5min
  VAL 64.30%
  step 33500 | loss 0.260268 | lr 0.000239 | 8.7min
  step 34000 | loss 0.256950 | lr 0.000228 | 8.8min
  VAL 66.45%
  step 34500 | loss 0.257034 | lr 0.000217 | 8.9min
  step 35000 | loss 0.255925 | lr 0.000207 | 9.0min
  VAL 66.40%
  step 35500 | loss 0.258369 | lr 0.000197 | 9.1min
  step 36000 | loss 0.263571 | lr 0.000187 | 9.2min
  VAL 69.50%
  step 36500 | loss 0.261412 | lr 0.000178 | 9.4min
  step 37000 | loss 0.259158 | lr 0.000169 | 9.5min
  VAL 78.20%
  step 37500 | loss 0.259910 | lr 0.000161 | 9.6min
  step 38000 | loss 0.260808 | lr 0.000153 | 9.7min
  VAL 76.65%
  step 38500 | loss 0.265340 | lr 0.000146 | 9.9min
  step 39000 | loss 0.261679 | lr 0.000139 | 10.0min
  VAL 80.35%
  step 39500 | loss 0.263374 | lr 0.000133 | 10.1min
  step 40000 | loss 0.259665 | lr 0.000128 | 10.2min
  VAL 82.60%
  step 40500 | loss 0.261908 | lr 0.000122 | 10.3min
  step 41000 | loss 0.257908 | lr 0.000118 | 10.5min
  VAL 83.85%
  step 41500 | loss 0.254855 | lr 0.000114 | 10.6min
  step 42000 | loss 0.256428 | lr 0.000110 | 10.7min
  VAL 83.85%
  step 42500 | loss 0.258697 | lr 0.000107 | 10.8min
  step 43000 | loss 0.256957 | lr 0.000104 | 11.0min
  VAL 83.00%
  step 43500 | loss 0.255864 | lr 0.000102 | 11.1min
  step 44000 | loss 0.260579 | lr 0.000101 | 11.2min
  VAL 84.00%
  step 44500 | loss 0.261582 | lr 0.000100 | 11.4min
  step 45000 | loss 0.263474 | lr 0.000100 | 11.5min
  VAL 82.05%

Training complete in 11.5 minutes
Best test accuracy: 0.0000%
