Model: 2,064 parameters
Config: d=16, h=2, L=2, ff=16
Device: mps

Training for 45000 steps...
  step   500 | loss 1.512878 | lr 0.001000 | 0.1min
  step  1000 | loss 1.478112 | lr 0.000999 | 0.3min
  VAL 0.00%
  step  1500 | loss 1.440259 | lr 0.000998 | 0.4min
  step  2000 | loss 1.334827 | lr 0.000996 | 0.5min
  VAL 0.00%
  step  2500 | loss 1.044440 | lr 0.000994 | 0.6min
  step  3000 | loss 0.851350 | lr 0.000991 | 0.7min
  VAL 0.00%
  step  3500 | loss 0.763385 | lr 0.000987 | 0.8min
  step  4000 | loss 0.701508 | lr 0.000983 | 0.9min
  VAL 0.00%
  step  4500 | loss 0.639694 | lr 0.000978 | 1.0min
  step  5000 | loss 0.594609 | lr 0.000973 | 1.1min
  VAL 0.00%
  step  5500 | loss 0.564856 | lr 0.000967 | 1.2min
  step  6000 | loss 0.368363 | lr 0.000960 | 1.4min
  VAL 1.10%
  step  6500 | loss 0.346209 | lr 0.000953 | 1.5min
  step  7000 | loss 0.332591 | lr 0.000946 | 1.6min
  VAL 1.90%
  step  7500 | loss 0.312794 | lr 0.000937 | 1.7min
  step  8000 | loss 0.306435 | lr 0.000929 | 1.8min
  VAL 3.40%
  step  8500 | loss 0.296656 | lr 0.000919 | 1.9min
  step  9000 | loss 0.282065 | lr 0.000909 | 2.0min
  VAL 3.70%
  step  9500 | loss 0.288110 | lr 0.000899 | 2.1min
  step 10000 | loss 0.276817 | lr 0.000888 | 2.2min
  VAL 3.95%
  step 10500 | loss 0.271537 | lr 0.000877 | 2.3min
  step 11000 | loss 0.269659 | lr 0.000865 | 2.5min
  VAL 5.20%
  step 11500 | loss 0.098985 | lr 0.000853 | 2.6min
  step 12000 | loss 0.069385 | lr 0.000840 | 2.7min
  VAL 51.50%
  step 12500 | loss 0.068351 | lr 0.000827 | 2.8min
  step 13000 | loss 0.063307 | lr 0.000814 | 2.9min
  VAL 56.30%
  step 13500 | loss 0.061384 | lr 0.000800 | 3.0min
  step 14000 | loss 0.060226 | lr 0.000786 | 3.1min
  VAL 57.30%
  step 14500 | loss 0.053008 | lr 0.000771 | 3.2min
  step 15000 | loss 0.061813 | lr 0.000756 | 3.3min
  VAL 62.20%
  step 15500 | loss 0.054787 | lr 0.000741 | 3.4min
  step 16000 | loss 0.053382 | lr 0.000725 | 3.5min
  VAL 63.70%
  step 16500 | loss 0.051055 | lr 0.000709 | 3.6min
  step 17000 | loss 0.055450 | lr 0.000693 | 3.7min
  VAL 68.75%
  step 17500 | loss 0.059051 | lr 0.000677 | 3.8min
  step 18000 | loss 0.047297 | lr 0.000661 | 4.0min
  VAL 71.50%
  step 18500 | loss 0.048199 | lr 0.000644 | 4.1min
  step 19000 | loss 0.047765 | lr 0.000627 | 4.2min
  VAL 74.25%
  step 19500 | loss 0.045235 | lr 0.000610 | 4.3min
  step 20000 | loss 0.042180 | lr 0.000593 | 4.4min
  VAL 73.20%
  step 20500 | loss 0.043499 | lr 0.000575 | 4.5min
  step 21000 | loss 0.043243 | lr 0.000558 | 4.6min
  VAL 73.80%
  step 21500 | loss 0.042351 | lr 0.000540 | 4.7min
  step 22000 | loss 0.045556 | lr 0.000523 | 4.8min
  VAL 76.80%
  step 22500 | loss 0.042719 | lr 0.000505 | 5.0min
  step 23000 | loss 0.041537 | lr 0.000488 | 5.0min
  VAL 78.20%
  step 23500 | loss 0.040724 | lr 0.000470 | 5.2min
  step 24000 | loss 0.041069 | lr 0.000453 | 5.3min
  VAL 78.30%
  step 24500 | loss 0.037621 | lr 0.000435 | 5.4min
  step 25000 | loss 0.038298 | lr 0.000418 | 5.5min
  VAL 76.50%
  step 25500 | loss 0.039437 | lr 0.000401 | 5.6min
  step 26000 | loss 0.038728 | lr 0.000383 | 5.7min
  VAL 79.80%
  step 26500 | loss 0.036156 | lr 0.000366 | 5.8min
  step 27000 | loss 0.036341 | lr 0.000350 | 5.9min
  VAL 82.85%
  step 27500 | loss 0.035462 | lr 0.000333 | 6.0min
  step 28000 | loss 0.033347 | lr 0.000316 | 6.1min
  VAL 79.45%
  step 28500 | loss 0.034869 | lr 0.000300 | 6.3min
  step 29000 | loss 0.033755 | lr 0.000284 | 6.3min
  VAL 82.50%
  step 29500 | loss 0.032582 | lr 0.000268 | 6.5min
  step 30000 | loss 0.035553 | lr 0.000253 | 6.6min
  VAL 81.25%
  step 30500 | loss 0.032433 | lr 0.000238 | 6.7min
  step 31000 | loss 0.030862 | lr 0.000223 | 6.8min
  VAL 84.00%
  step 31500 | loss 0.028948 | lr 0.000209 | 6.9min
  step 32000 | loss 0.030313 | lr 0.000195 | 7.0min
  VAL 88.20%
  step 32500 | loss 0.031061 | lr 0.000181 | 7.2min
  step 33000 | loss 0.028635 | lr 0.000168 | 7.3min
  VAL 88.55%
  step 33500 | loss 0.027374 | lr 0.000155 | 7.4min
  step 34000 | loss 0.027566 | lr 0.000142 | 7.5min
  VAL 88.70%
  step 34500 | loss 0.027080 | lr 0.000130 | 7.6min
  step 35000 | loss 0.026296 | lr 0.000118 | 7.7min
  VAL 89.50%
  step 35500 | loss 0.026013 | lr 0.000107 | 7.8min
  step 36000 | loss 0.025770 | lr 0.000097 | 7.9min
  VAL 90.55%
  step 36500 | loss 0.024038 | lr 0.000087 | 8.0min
  step 37000 | loss 0.024224 | lr 0.000077 | 8.1min
  VAL 90.75%
  step 37500 | loss 0.023601 | lr 0.000068 | 8.3min
  step 38000 | loss 0.023297 | lr 0.000059 | 8.4min
  VAL 92.20%
  step 38500 | loss 0.023229 | lr 0.000051 | 8.5min
  step 39000 | loss 0.022639 | lr 0.000044 | 8.6min
  VAL 92.85%
  step 39500 | loss 0.022838 | lr 0.000037 | 8.8min
  step 40000 | loss 0.022638 | lr 0.000031 | 8.8min
  VAL 92.15%
  step 40500 | loss 0.021080 | lr 0.000025 | 9.0min
  step 41000 | loss 0.021640 | lr 0.000020 | 9.1min
  VAL 93.45%
  step 41500 | loss 0.020983 | lr 0.000015 | 9.2min
  step 42000 | loss 0.021138 | lr 0.000011 | 9.3min
  VAL 92.75%
  step 42500 | loss 0.021730 | lr 0.000008 | 9.4min
  step 43000 | loss 0.020457 | lr 0.000005 | 9.6min
  VAL 93.00%
  step 43500 | loss 0.021078 | lr 0.000003 | 9.7min
  step 44000 | loss 0.021113 | lr 0.000001 | 9.8min
  VAL 93.20%
  step 44500 | loss 0.021244 | lr 0.000000 | 9.9min
  step 45000 | loss 0.020716 | lr 0.000000 | 10.0min
  VAL 93.15%

Training complete in 10.0 minutes
Best test accuracy: 0.0000%
