Model: 3,045 parameters
Config: d=14, h=2, L=2, ff=19
Device: mps

Training for 45000 steps...
  step   500 | loss 1.572229 | lr 0.001000 | 0.1min
  step  1000 | loss 1.373538 | lr 0.000999 | 0.3min
  VAL 0.00%
  step  1500 | loss 1.341155 | lr 0.000998 | 0.4min
  step  2000 | loss 1.353213 | lr 0.000997 | 0.5min
  VAL 0.00%
  step  2500 | loss 1.312054 | lr 0.000995 | 0.6min
  step  3000 | loss 1.287028 | lr 0.000992 | 0.8min
  VAL 0.00%
  step  3500 | loss 1.037708 | lr 0.000989 | 0.9min
  step  4000 | loss 0.675914 | lr 0.000985 | 1.0min
  VAL 0.00%
  step  4500 | loss 0.517462 | lr 0.000981 | 1.1min
  step  5000 | loss 0.462378 | lr 0.000976 | 1.3min
  VAL 0.80%
  step  5500 | loss 0.424191 | lr 0.000970 | 1.4min
  step  6000 | loss 0.384727 | lr 0.000964 | 1.5min
  VAL 2.45%
  step  6500 | loss 0.358896 | lr 0.000958 | 1.7min
  step  7000 | loss 0.343251 | lr 0.000951 | 1.8min
  VAL 2.55%
  step  7500 | loss 0.334030 | lr 0.000944 | 1.9min
  step  8000 | loss 0.307668 | lr 0.000936 | 2.0min
  VAL 4.80%
  step  8500 | loss 0.304543 | lr 0.000927 | 2.1min
  step  9000 | loss 0.300340 | lr 0.000918 | 2.2min
  VAL 6.50%
  step  9500 | loss 0.287241 | lr 0.000909 | 2.4min
  step 10000 | loss 0.277775 | lr 0.000899 | 2.5min
  VAL 7.05%
  step 10500 | loss 0.274832 | lr 0.000889 | 2.6min
  step 11000 | loss 0.276526 | lr 0.000879 | 2.8min
  VAL 7.65%
  step 11500 | loss 0.268303 | lr 0.000868 | 2.9min
  step 12000 | loss 0.267430 | lr 0.000856 | 3.0min
  VAL 8.80%
  step 12500 | loss 0.268263 | lr 0.000844 | 3.2min
  step 13000 | loss 0.254602 | lr 0.000832 | 3.3min
  VAL 7.25%
  step 13500 | loss 0.276171 | lr 0.000820 | 3.4min
  step 14000 | loss 0.255819 | lr 0.000807 | 3.6min
  VAL 8.25%
  step 14500 | loss 0.245720 | lr 0.000794 | 3.7min
  step 15000 | loss 0.247764 | lr 0.000780 | 3.8min
  VAL 7.05%
  step 15500 | loss 0.249368 | lr 0.000767 | 4.0min
  step 16000 | loss 0.244638 | lr 0.000753 | 4.1min
  VAL 8.00%
  step 16500 | loss 0.242671 | lr 0.000739 | 4.2min
  step 17000 | loss 0.238240 | lr 0.000724 | 4.4min
  VAL 8.15%
  step 17500 | loss 0.235810 | lr 0.000709 | 4.5min
  step 18000 | loss 0.236283 | lr 0.000694 | 4.6min
  VAL 7.40%
  step 18500 | loss 0.232570 | lr 0.000679 | 4.7min
  step 19000 | loss 0.227907 | lr 0.000664 | 4.9min
  VAL 7.30%
  step 19500 | loss 0.232767 | lr 0.000649 | 5.0min
  step 20000 | loss 0.227857 | lr 0.000633 | 5.1min
  VAL 7.00%
  step 20500 | loss 0.226371 | lr 0.000618 | 5.2min
  step 21000 | loss 0.221786 | lr 0.000602 | 5.3min
  VAL 6.60%
  step 21500 | loss 0.222556 | lr 0.000586 | 5.5min
  step 22000 | loss 0.222018 | lr 0.000571 | 5.6min
  VAL 8.35%
  step 22500 | loss 0.221547 | lr 0.000555 | 5.7min
  step 23000 | loss 0.221159 | lr 0.000539 | 5.8min
  VAL 8.65%
  step 23500 | loss 0.220537 | lr 0.000523 | 6.0min
  step 24000 | loss 0.218674 | lr 0.000507 | 6.1min
  VAL 8.20%
  step 24500 | loss 0.216866 | lr 0.000492 | 6.2min
  step 25000 | loss 0.219244 | lr 0.000476 | 6.3min
  VAL 8.55%
  step 25500 | loss 0.216029 | lr 0.000460 | 6.5min
  step 26000 | loss 0.214322 | lr 0.000445 | 6.6min
  VAL 8.20%
  step 26500 | loss 0.215995 | lr 0.000430 | 6.7min
  step 27000 | loss 0.215780 | lr 0.000415 | 6.8min
  VAL 8.25%
  step 27500 | loss 0.213765 | lr 0.000400 | 7.0min
  step 28000 | loss 0.215051 | lr 0.000385 | 7.1min
  VAL 10.00%
  step 28500 | loss 0.212926 | lr 0.000370 | 7.2min
  step 29000 | loss 0.213974 | lr 0.000356 | 7.3min
  VAL 9.85%
  step 29500 | loss 0.213317 | lr 0.000342 | 7.5min
  step 30000 | loss 0.213658 | lr 0.000328 | 7.6min
  VAL 9.40%
  step 30500 | loss 0.211200 | lr 0.000314 | 7.8min
  step 31000 | loss 0.210377 | lr 0.000301 | 7.9min
  VAL 9.80%
  step 31500 | loss 0.211797 | lr 0.000288 | 8.0min
  step 32000 | loss 0.211226 | lr 0.000275 | 8.1min
  VAL 9.40%
  step 32500 | loss 0.209711 | lr 0.000263 | 8.3min
  step 33000 | loss 0.209615 | lr 0.000251 | 8.4min
  VAL 9.35%
  step 33500 | loss 0.209596 | lr 0.000239 | 8.6min
  step 34000 | loss 0.210481 | lr 0.000228 | 8.7min
  VAL 9.40%
  step 34500 | loss 0.207383 | lr 0.000217 | 8.8min
  step 35000 | loss 0.208652 | lr 0.000207 | 8.9min
  VAL 8.85%
  step 35500 | loss 0.208175 | lr 0.000197 | 9.1min
  step 36000 | loss 0.206914 | lr 0.000187 | 9.2min
  VAL 9.40%
  step 36500 | loss 0.206408 | lr 0.000178 | 9.4min
  step 37000 | loss 0.206627 | lr 0.000169 | 9.5min
  VAL 9.30%
  step 37500 | loss 0.208176 | lr 0.000161 | 9.6min
  step 38000 | loss 0.205609 | lr 0.000153 | 9.7min
  VAL 8.65%
  step 38500 | loss 0.206090 | lr 0.000146 | 9.9min
  step 39000 | loss 0.207368 | lr 0.000139 | 10.0min
  VAL 9.35%
  step 39500 | loss 0.205903 | lr 0.000133 | 10.1min
  step 40000 | loss 0.207228 | lr 0.000128 | 10.3min
  VAL 9.10%
  step 40500 | loss 0.207001 | lr 0.000122 | 10.4min
  step 41000 | loss 0.205796 | lr 0.000118 | 10.5min
  VAL 9.60%
  step 41500 | loss 0.205723 | lr 0.000114 | 10.7min
  step 42000 | loss 0.204764 | lr 0.000110 | 10.8min
  VAL 9.00%
  step 42500 | loss 0.207123 | lr 0.000107 | 10.9min
  step 43000 | loss 0.205514 | lr 0.000104 | 11.1min
  VAL 9.40%
  step 43500 | loss 0.204439 | lr 0.000102 | 11.2min
  step 44000 | loss 0.204015 | lr 0.000101 | 11.3min
  VAL 9.10%
  step 44500 | loss 0.205072 | lr 0.000100 | 11.5min
  step 45000 | loss 0.204112 | lr 0.000100 | 11.6min
  VAL 9.65%

Training complete in 11.6 minutes
Best test accuracy: 0.0000%
