Model: RL4RL Autoresearch candidate
Author: configured in run manifest
Parameters (unique): 1481
Architecture: decoder-only addition transformer d=16, h=2, L=2, ff=16
Tricks: autoregressive greedy decoding, weights from checkpoint

  Progress: 1000/10010 (0/1000 correct) [8.4s]
  Progress: 2000/10010 (0/2000 correct) [16.0s]
  Progress: 3000/10010 (0/3000 correct) [23.2s]
  Progress: 4000/10010 (0/4000 correct) [30.8s]
  Progress: 5000/10010 (0/5000 correct) [38.3s]
  Progress: 6000/10010 (0/6000 correct) [46.2s]
  Progress: 7000/10010 (0/7000 correct) [53.6s]
  Progress: 8000/10010 (0/8000 correct) [61.1s]
  Progress: 9000/10010 (0/9000 correct) [68.5s]
  Progress: 10000/10010 (0/10000 correct) [75.9s]

Results: 0/10010 correct (0.00%)
Time: 75.9s (132 additions/sec)
Status: NOT QUALIFIED (threshold: 99%)

First 20 failures (of 10010):
  0 + 0 = 0, got 90000000
  0 + 1 = 1, got 90000001
  9999999999 + 0 = 9999999999, got 90011000008
  9999999999 + 1 = 10000000000, got 10021000009
  9999999999 + 9999999999 = 19999999998, got 9807999886
  5000000000 + 5000000000 = 10000000000, got 590000009
  1111111111 + 8888888889 = 10000000000, got 9999000090
  1234567890 + 9876543210 = 11111111100, got 9912210099
  9999999999 + 9999999999 = 19999999998, got 9807999886
  1 + 9999999999 = 10000000000, got 99990009
  2395527356 + 9334186774 = 11729714130, got 9981210301
  4296888873 + 8475224721 = 12772113594, got 10944110365
  2446880696 + 4577514554 = 7024395250, got 17914409071
  1721735679 + 186192860 = 1907928539, got 92005909138
  3295396137 + 8512642381 = 11808038518, got 10054109665
  4721664841 + 8801376086 = 13523040927, got 11383130395
  8709633390 + 2191376109 = 10901009499, got 922110335
  813236058 + 3041824170 = 3855060228, got 12095959305
  7038162399 + 8251837442 = 15289999841, got 15641000070
  3917771074 + 2558389380 = 6476160454, got 16346197035
