Model: 3,528 parameters
Config: d=14, h=2, L=2, ff=20
Device: mps

Training for 30000 steps...
  step   500 | loss 1.438599 | lr 0.001000 | 0.2min
  step  1000 | loss 1.337880 | lr 0.000999 | 0.3min
  VAL 0.00%
  step  1500 | loss 1.332641 | lr 0.000996 | 0.4min
  step  2000 | loss 1.184971 | lr 0.000992 | 0.6min
  VAL 0.00%
  step  2500 | loss 0.702408 | lr 0.000987 | 0.7min
  step  3000 | loss 0.598924 | lr 0.000980 | 0.9min
  VAL 0.35%
  step  3500 | loss 0.358334 | lr 0.000972 | 1.0min
  step  4000 | loss 0.305094 | lr 0.000962 | 1.2min
  VAL 6.60%
  step  4500 | loss 0.273618 | lr 0.000951 | 1.3min
  step  5000 | loss 0.251033 | lr 0.000939 | 1.4min
  VAL 8.45%
  step  5500 | loss 0.239959 | lr 0.000926 | 1.5min
  step  6000 | loss 0.226207 | lr 0.000912 | 1.7min
  VAL 8.85%
  step  6500 | loss 0.219637 | lr 0.000896 | 1.8min
  step  7000 | loss 0.215138 | lr 0.000880 | 2.0min
  VAL 9.05%
  step  7500 | loss 0.210756 | lr 0.000862 | 2.1min
  step  8000 | loss 0.208686 | lr 0.000843 | 2.3min
  VAL 8.90%
  step  8500 | loss 0.208947 | lr 0.000823 | 2.4min
  step  9000 | loss 0.202375 | lr 0.000803 | 2.5min
  VAL 9.25%
  step  9500 | loss 0.200695 | lr 0.000781 | 2.6min
  step 10000 | loss 0.117476 | lr 0.000759 | 2.8min
  VAL 31.50%
  step 10500 | loss 0.045873 | lr 0.000736 | 2.9min
  step 11000 | loss 0.024823 | lr 0.000713 | 3.0min
  VAL 81.40%
  step 11500 | loss 0.015708 | lr 0.000688 | 3.2min
  step 12000 | loss 0.011928 | lr 0.000664 | 3.3min
  VAL 88.50%
  step 12500 | loss 0.009999 | lr 0.000638 | 3.4min
  step 13000 | loss 0.007142 | lr 0.000613 | 3.6min
  VAL 92.50%
  step 13500 | loss 0.006011 | lr 0.000587 | 3.7min
  step 14000 | loss 0.004420 | lr 0.000561 | 3.9min
  VAL 95.85%
  step 14500 | loss 0.004110 | lr 0.000534 | 4.0min
  step 15000 | loss 0.003214 | lr 0.000508 | 4.1min
  VAL 97.20%
  step 15500 | loss 0.002900 | lr 0.000481 | 4.2min
  step 16000 | loss 0.003291 | lr 0.000455 | 4.4min
  VAL 93.95%
  step 16500 | loss 0.002317 | lr 0.000429 | 4.5min
  step 17000 | loss 0.001939 | lr 0.000403 | 4.7min
  VAL 98.25%
  step 17500 | loss 0.001697 | lr 0.000377 | 4.8min
  step 18000 | loss 0.001941 | lr 0.000352 | 4.9min
  VAL 98.70%
  step 18500 | loss 0.001738 | lr 0.000327 | 5.0min
  step 19000 | loss 0.001272 | lr 0.000302 | 5.2min
  VAL 99.25%
  TEST 99.1800%
  *** New best: 99.1800% ***
  step 19500 | loss 0.001057 | lr 0.000278 | 5.4min
  step 20000 | loss 0.001042 | lr 0.000255 | 5.5min
  VAL 99.30%
  TEST 99.1800%
  step 20500 | loss 0.001804 | lr 0.000232 | 5.7min
  step 21000 | loss 0.000889 | lr 0.000210 | 5.8min
  VAL 99.40%
  TEST 99.4500%
  *** New best: 99.4500% ***
  step 21500 | loss 0.000722 | lr 0.000189 | 6.0min
  step 22000 | loss 0.000777 | lr 0.000169 | 6.1min
  VAL 99.30%
  TEST 99.3400%
  step 22500 | loss 0.000699 | lr 0.000149 | 6.3min
  step 23000 | loss 0.000612 | lr 0.000131 | 6.4min
  VAL 99.50%
  TEST 99.5000%
  *** New best: 99.5000% ***
  step 23500 | loss 0.000610 | lr 0.000114 | 6.7min
  step 24000 | loss 0.000556 | lr 0.000097 | 6.8min
  VAL 99.50%
  TEST 99.5500%
  *** New best: 99.5500% ***
  step 24500 | loss 0.000539 | lr 0.000082 | 7.0min
  step 25000 | loss 0.000502 | lr 0.000068 | 7.1min
  VAL 99.50%
  TEST 99.5600%
  *** New best: 99.5600% ***
  step 25500 | loss 0.000471 | lr 0.000056 | 7.3min
  step 26000 | loss 0.000438 | lr 0.000044 | 7.4min
  VAL 99.70%
  TEST 99.6400%
  *** New best: 99.6400% ***
  step 26500 | loss 0.000428 | lr 0.000034 | 7.6min
  step 27000 | loss 0.000402 | lr 0.000025 | 7.7min
  VAL 99.70%
  TEST 99.6200%
  step 27500 | loss 0.000401 | lr 0.000017 | 7.9min
  step 28000 | loss 0.000372 | lr 0.000011 | 8.0min
  VAL 99.70%
  TEST 99.7000%
  *** New best: 99.7000% ***
  step 28500 | loss 0.000369 | lr 0.000006 | 8.2min
  step 29000 | loss 0.000377 | lr 0.000003 | 8.3min
  VAL 99.70%
  TEST 99.6200%
  step 29500 | loss 0.000360 | lr 0.000001 | 8.5min
  step 30000 | loss 0.000375 | lr 0.000000 | 8.7min
  VAL 99.70%
  TEST 99.6300%

Training complete in 8.7 minutes
Best test accuracy: 99.7000%
