Model: RL4RL Autoresearch candidate
Author: configured in run manifest
Parameters (unique): 3528
Architecture: decoder-only addition transformer d=14, h=2, L=2, ff=20
Tricks: autoregressive greedy decoding, weights from checkpoint

  Progress: 1000/10010 (996/1000 correct) [8.8s]
  Progress: 2000/10010 (1995/2000 correct) [17.3s]
  Progress: 3000/10010 (2992/3000 correct) [26.0s]
  Progress: 4000/10010 (3988/4000 correct) [34.7s]
  Progress: 5000/10010 (4984/5000 correct) [43.4s]
  Progress: 6000/10010 (5981/6000 correct) [52.0s]
  Progress: 7000/10010 (6979/7000 correct) [60.9s]
  Progress: 8000/10010 (7978/8000 correct) [69.6s]
  Progress: 9000/10010 (8974/9000 correct) [78.3s]
  Progress: 10000/10010 (9966/10000 correct) [87.0s]

Results: 9976/10010 correct (99.66%)
Time: 87.0s (115 additions/sec)
Status: QUALIFIED (threshold: 99%)

First 20 failures (of 34):
  5000000000 + 5000000000 = 10000000000, got 0
  5332038130 + 5429697801 = 10761735931, got 761735931
  5581591648 + 5148014868 = 10729606516, got 729606516
  5187799982 + 5531405228 = 10719205210, got 719205210
  5327251566 + 5137871398 = 10465122964, got 465122964
  5425403683 + 5068019763 = 10493423446, got 493423446
  5129890234 + 5088323721 = 10218213955, got 218213955
  5694920107 + 5054773387 = 10749693494, got 749693494
  5587619280 + 5154493918 = 10742113198, got 742113198
  5065450841 + 5084143183 = 10149594024, got 149594024
  5865266728 + 5026450128 = 10891716856, got 891716856
  5004954409 + 5938409106 = 10943363515, got 943363515
  5304645099 + 5178253993 = 10482899092, got 482899092
  5431101251 + 5026467864 = 10457569115, got 457569115
  5646421730 + 5239717894 = 10886139624, got 886139624
  5410076971 + 5143620571 = 10553697542, got 553697542
  5182656824 + 5032061405 = 10214718229, got 214718229
  5618940648 + 5086554971 = 10705495619, got 705495619
  5081557306 + 5639940399 = 10721497705, got 721497705
  5184628174 + 5146047326 = 10330675500, got 330675500
