Initialized from retained incumbent: /Users/utshaho/Documents/GitHub/rl4rl/data/raw/autoresearch/sol-xhigh-overnight-20260814/state/incumbent.pt
Model: 2,288 parameters
Config: d=16, h=2, L=2, ff=10
Device: mps

INITIAL VAL 0.10%

Fine-tuning for up to 10000 steps...
  step   500 | loss 0.154844 | lr 0.000100 | 0.1min
  VAL 80.15%
  step  1000 | loss 0.151434 | lr 0.000099 | 0.2min
  VAL 82.30%
  step  1500 | loss 0.155427 | lr 0.000096 | 0.3min
  VAL 82.45%
  step  2000 | loss 0.151933 | lr 0.000093 | 0.4min
  VAL 83.55%
  step  2500 | loss 0.144594 | lr 0.000088 | 0.5min
  VAL 86.35%
  step  3000 | loss 0.143761 | lr 0.000082 | 0.6min
  VAL 87.75%
  step  3500 | loss 0.146025 | lr 0.000075 | 0.7min
  VAL 87.20%
  step  4000 | loss 0.141276 | lr 0.000068 | 0.8min
  VAL 87.35%
  step  4500 | loss 0.139407 | lr 0.000060 | 0.9min
  VAL 88.65%
  step  5000 | loss 0.140032 | lr 0.000052 | 1.0min
  VAL 87.25%
  step  5500 | loss 0.140087 | lr 0.000044 | 1.1min
  VAL 89.95%
  step  6000 | loss 0.140939 | lr 0.000036 | 1.2min
  VAL 89.95%
  step  6500 | loss 0.132648 | lr 0.000029 | 1.3min
  VAL 89.35%
  step  7000 | loss 0.134795 | lr 0.000022 | 1.4min
  VAL 90.15%
  step  7500 | loss 0.134233 | lr 0.000016 | 1.5min
  VAL 89.95%
  step  8000 | loss 0.131642 | lr 0.000010 | 1.6min
  VAL 90.45%
  step  8500 | loss 0.133738 | lr 0.000006 | 1.7min
  VAL 91.00%
  step  9000 | loss 0.133015 | lr 0.000003 | 1.8min
  VAL 90.95%
  step  9500 | loss 0.135791 | lr 0.000001 | 1.9min
  VAL 91.10%
  step 10000 | loss 0.133910 | lr 0.000000 | 2.0min
  VAL 91.10%

Training complete in 2.0 minutes
Best test accuracy: 0.0000%
