Model: 3,520 parameters
Config: d=16, h=2, L=2, ff=20
Device: mps

Training for 30000 steps...
  step   500 | loss 1.472714 | lr 0.001000 | 0.2min
  step  1000 | loss 1.363480 | lr 0.000999 | 0.3min
  VAL 0.00%
  step  1500 | loss 1.367332 | lr 0.000996 | 0.5min
  step  2000 | loss 1.276357 | lr 0.000992 | 0.7min
  VAL 0.00%
  step  2500 | loss 1.099643 | lr 0.000987 | 0.8min
  step  3000 | loss 0.872550 | lr 0.000980 | 1.0min
  VAL 0.00%
  step  3500 | loss 0.828639 | lr 0.000972 | 1.1min
  step  4000 | loss 0.769390 | lr 0.000962 | 1.3min
  VAL 0.00%
  step  4500 | loss 0.740789 | lr 0.000951 | 1.4min
  step  5000 | loss 0.685027 | lr 0.000939 | 1.6min
  VAL 0.00%
  step  5500 | loss 0.633637 | lr 0.000926 | 1.7min
  step  6000 | loss 0.574527 | lr 0.000912 | 1.9min
  VAL 0.00%
  step  6500 | loss 0.582455 | lr 0.000896 | 2.1min
  step  7000 | loss 0.531973 | lr 0.000880 | 2.2min
  VAL 0.00%
  step  7500 | loss 0.521502 | lr 0.000862 | 2.4min
  step  8000 | loss 0.508044 | lr 0.000843 | 2.6min
  VAL 0.00%
  step  8500 | loss 0.502558 | lr 0.000823 | 2.7min
  step  9000 | loss 0.511940 | lr 0.000803 | 2.8min
  VAL 0.00%
  step  9500 | loss 0.479566 | lr 0.000781 | 3.0min
  step 10000 | loss 0.486762 | lr 0.000759 | 3.1min
  VAL 0.00%
  step 10500 | loss 0.488465 | lr 0.000736 | 3.2min
  step 11000 | loss 0.479145 | lr 0.000713 | 3.4min
  VAL 0.00%
  step 11500 | loss 0.463531 | lr 0.000688 | 3.5min
  step 12000 | loss 0.480140 | lr 0.000664 | 3.6min
  VAL 0.00%
  step 12500 | loss 0.471195 | lr 0.000638 | 3.8min
  step 13000 | loss 0.481800 | lr 0.000613 | 3.9min
  VAL 0.00%
  step 13500 | loss 0.459921 | lr 0.000587 | 4.0min
  step 14000 | loss 0.481666 | lr 0.000561 | 4.1min
  VAL 0.05%
  step 14500 | loss 0.456733 | lr 0.000534 | 4.2min
  step 15000 | loss 0.466120 | lr 0.000508 | 4.4min
  VAL 0.05%
  step 15500 | loss 0.431074 | lr 0.000481 | 4.5min
  step 16000 | loss 0.448607 | lr 0.000455 | 4.6min
  VAL 0.00%
  step 16500 | loss 0.448510 | lr 0.000429 | 4.7min
  step 17000 | loss 0.448250 | lr 0.000403 | 4.9min
  VAL 0.05%
  step 17500 | loss 0.452300 | lr 0.000377 | 5.0min
  step 18000 | loss 0.437887 | lr 0.000352 | 5.2min
  VAL 0.00%
  step 18500 | loss 0.427055 | lr 0.000327 | 5.3min
  step 19000 | loss 0.428228 | lr 0.000302 | 5.5min
  VAL 0.00%
  step 19500 | loss 0.428882 | lr 0.000278 | 5.6min
  step 20000 | loss 0.414888 | lr 0.000255 | 5.7min
  VAL 0.00%
  step 20500 | loss 0.422297 | lr 0.000232 | 5.9min
  step 21000 | loss 0.419974 | lr 0.000210 | 6.0min
  VAL 0.10%
  step 21500 | loss 0.407487 | lr 0.000189 | 6.2min
  step 22000 | loss 0.409639 | lr 0.000169 | 6.3min
  VAL 0.05%
  step 22500 | loss 0.411233 | lr 0.000149 | 6.5min
  step 23000 | loss 0.398414 | lr 0.000131 | 6.6min
  VAL 0.05%
  step 23500 | loss 0.379521 | lr 0.000114 | 6.8min
  step 24000 | loss 0.400523 | lr 0.000097 | 6.9min
  VAL 0.05%
  step 24500 | loss 0.402680 | lr 0.000082 | 7.1min
  step 25000 | loss 0.396816 | lr 0.000068 | 7.2min
  VAL 0.05%
  step 25500 | loss 0.411018 | lr 0.000056 | 7.4min
  step 26000 | loss 0.391468 | lr 0.000044 | 7.5min
  VAL 0.05%
  step 26500 | loss 0.400606 | lr 0.000034 | 7.6min
  step 27000 | loss 0.382912 | lr 0.000025 | 7.7min
  VAL 0.05%
  step 27500 | loss 0.405334 | lr 0.000017 | 7.9min
  step 28000 | loss 0.391864 | lr 0.000011 | 8.0min
  VAL 0.00%
  step 28500 | loss 0.402117 | lr 0.000006 | 8.2min
  step 29000 | loss 0.396910 | lr 0.000003 | 8.3min
  VAL 0.00%
  step 29500 | loss 0.422093 | lr 0.000001 | 8.5min
  step 30000 | loss 0.386878 | lr 0.000000 | 8.6min
  VAL 0.00%

Training complete in 8.6 minutes
Best test accuracy: 0.0000%
