Model: RL4RL Autoresearch candidate
Author: configured in run manifest
Parameters (unique): 3520
Architecture: decoder-only addition transformer d=16, h=2, L=2, ff=20
Tricks: autoregressive greedy decoding, weights from checkpoint

  Progress: 1000/10010 (0/1000 correct) [8.8s]
  Progress: 2000/10010 (0/2000 correct) [17.5s]
  Progress: 3000/10010 (0/3000 correct) [26.4s]
  Progress: 4000/10010 (1/4000 correct) [35.2s]
  Progress: 5000/10010 (1/5000 correct) [44.0s]
  Progress: 6000/10010 (1/6000 correct) [52.1s]
  Progress: 7000/10010 (1/7000 correct) [60.8s]
  Progress: 8000/10010 (1/8000 correct) [69.6s]
  Progress: 9000/10010 (2/9000 correct) [78.5s]
  Progress: 10000/10010 (2/10000 correct) [87.3s]

Results: 2/10010 correct (0.02%)
Time: 87.4s (115 additions/sec)
Status: NOT QUALIFIED (threshold: 99%)

First 20 failures (of 10008):
  0 + 0 = 0, got 9
  0 + 1 = 1, got 9
  9999999999 + 0 = 9999999999, got 9999999445
  9999999999 + 1 = 10000000000, got 9999999445
  9999999999 + 9999999999 = 19999999998, got 19499994445
  5000000000 + 5000000000 = 10000000000, got 11000000019
  1111111111 + 8888888889 = 10000000000, got 8999999445
  1234567890 + 9876543210 = 11111111100, got 9911114445
  9999999999 + 9999999999 = 19999999998, got 19499994445
  1 + 9999999999 = 10000000000, got 9999999445
  2395527356 + 9334186774 = 11729714130, got 11429714445
  4296888873 + 8475224721 = 12772113594, got 12472114445
  2446880696 + 4577514554 = 7024395250, got 7424391445
  1721735679 + 186192860 = 1907928539, got 1907924415
  3295396137 + 8512642381 = 11808038518, got 11418038445
  4721664841 + 8801376086 = 13523040927, got 13423040445
  8709633390 + 2191376109 = 10901009499, got 10401009445
  813236058 + 3041824170 = 3855060228, got 3855060145
  7038162399 + 8251837442 = 15289999841, got 13990004445
  3917771074 + 2558389380 = 6476160454, got 7476160445
