Initialized from retained incumbent: /Users/utshaho/Documents/GitHub/rl4rl/data/raw/autoresearch/sol-xhigh-overnight-20260814/state/incumbent.pt
Model: 2,032 parameters
Config: d=16, h=2, L=2, ff=10
Device: mps

INITIAL VAL 0.00%

Fine-tuning for up to 10000 steps...
  step   500 | loss 0.783956 | lr 0.000100 | 0.1min
  VAL 0.00%
  step  1000 | loss 0.168327 | lr 0.000099 | 0.2min
  VAL 28.15%
  step  1500 | loss 0.110435 | lr 0.000096 | 0.6min
  VAL 65.70%
  step  2000 | loss 0.105919 | lr 0.000093 | 0.7min
  VAL 72.35%
  step  2500 | loss 0.101247 | lr 0.000088 | 0.7min
  VAL 74.70%
  step  3000 | loss 0.100852 | lr 0.000082 | 0.9min
  VAL 76.25%
  step  3500 | loss 0.097453 | lr 0.000075 | 0.9min
  VAL 78.90%
  step  4000 | loss 0.096851 | lr 0.000068 | 1.1min
  VAL 79.15%
  step  4500 | loss 0.097255 | lr 0.000060 | 1.1min
  VAL 79.30%
  step  5000 | loss 0.092543 | lr 0.000052 | 1.3min
  VAL 79.60%
  step  5500 | loss 0.090827 | lr 0.000044 | 6.3min
  VAL 80.30%
  step  6000 | loss 0.091666 | lr 0.000036 | 6.4min
  VAL 81.40%
  step  6500 | loss 0.092270 | lr 0.000029 | 6.5min
  VAL 80.30%
  step  7000 | loss 0.091518 | lr 0.000022 | 6.6min
  VAL 81.45%
  step  7500 | loss 0.089924 | lr 0.000016 | 6.7min
  VAL 82.25%
  step  8000 | loss 0.092409 | lr 0.000010 | 6.8min
  VAL 82.20%
  step  8500 | loss 0.090544 | lr 0.000006 | 6.9min
  VAL 81.90%
  step  9000 | loss 0.088734 | lr 0.000003 | 7.0min
  VAL 82.30%
  step  9500 | loss 0.090173 | lr 0.000001 | 7.1min
  VAL 82.15%
  step 10000 | loss 0.092642 | lr 0.000000 | 7.2min
  VAL 82.15%

Training complete in 7.3 minutes
Best test accuracy: 0.0000%
