Model: 2,989 parameters
Config: d=14, h=2, L=2, ff=19
Device: mps

Training for 45000 steps...
  step   500 | loss 1.506421 | lr 0.001000 | 0.1min
  step  1000 | loss 1.397960 | lr 0.000999 | 0.2min
  VAL 0.00%
  step  1500 | loss 1.357069 | lr 0.000998 | 0.3min
  step  2000 | loss 1.358220 | lr 0.000997 | 0.5min
  VAL 0.00%
  step  2500 | loss 1.380369 | lr 0.000995 | 0.6min
  step  3000 | loss 1.306488 | lr 0.000992 | 0.7min
  VAL 0.00%
  step  3500 | loss 1.326626 | lr 0.000989 | 0.8min
  step  4000 | loss 1.239058 | lr 0.000985 | 0.9min
  VAL 0.00%
  step  4500 | loss 1.105012 | lr 0.000981 | 1.0min
  step  5000 | loss 1.019198 | lr 0.000976 | 1.1min
  VAL 0.00%
  step  5500 | loss 0.913662 | lr 0.000970 | 1.2min
  step  6000 | loss 0.811023 | lr 0.000964 | 1.3min
  VAL 0.00%
  step  6500 | loss 0.775333 | lr 0.000958 | 1.4min
  step  7000 | loss 0.753664 | lr 0.000951 | 1.6min
  VAL 2.15%
  step  7500 | loss 0.688727 | lr 0.000944 | 1.7min
  step  8000 | loss 0.669236 | lr 0.000936 | 1.8min
  VAL 2.60%
  step  8500 | loss 0.645011 | lr 0.000927 | 1.9min
  step  9000 | loss 0.621576 | lr 0.000918 | 2.0min
  VAL 6.50%
  step  9500 | loss 0.617446 | lr 0.000909 | 2.1min
  step 10000 | loss 0.587261 | lr 0.000899 | 2.3min
  VAL 6.10%
  step 10500 | loss 0.583419 | lr 0.000889 | 2.4min
  step 11000 | loss 0.563321 | lr 0.000879 | 2.5min
  VAL 8.05%
  step 11500 | loss 0.548238 | lr 0.000868 | 2.6min
  step 12000 | loss 0.537341 | lr 0.000856 | 2.7min
  VAL 6.65%
  step 12500 | loss 0.534243 | lr 0.000844 | 2.8min
  step 13000 | loss 0.541653 | lr 0.000832 | 3.0min
  VAL 6.10%
  step 13500 | loss 0.517822 | lr 0.000820 | 3.1min
  step 14000 | loss 0.513061 | lr 0.000807 | 3.2min
  VAL 8.10%
  step 14500 | loss 0.514774 | lr 0.000794 | 3.3min
  step 15000 | loss 0.522355 | lr 0.000780 | 3.4min
  VAL 3.85%
  step 15500 | loss 0.497037 | lr 0.000767 | 3.5min
  step 16000 | loss 0.501001 | lr 0.000753 | 3.7min
  VAL 7.15%
  step 16500 | loss 0.496818 | lr 0.000739 | 3.8min
  step 17000 | loss 0.480354 | lr 0.000724 | 3.9min
  VAL 5.85%
  step 17500 | loss 0.478875 | lr 0.000709 | 4.0min
  step 18000 | loss 0.471029 | lr 0.000694 | 4.2min
  VAL 6.45%
  step 18500 | loss 0.470041 | lr 0.000679 | 4.3min
  step 19000 | loss 0.474035 | lr 0.000664 | 4.4min
  VAL 5.85%
  step 19500 | loss 0.479269 | lr 0.000649 | 4.5min
  step 20000 | loss 0.468170 | lr 0.000633 | 4.6min
  VAL 3.70%
  step 20500 | loss 0.469556 | lr 0.000618 | 4.8min
  step 21000 | loss 0.468812 | lr 0.000602 | 4.9min
  VAL 6.25%
  step 21500 | loss 0.455086 | lr 0.000586 | 5.0min
  step 22000 | loss 0.457490 | lr 0.000571 | 5.1min
  VAL 6.80%
  step 22500 | loss 0.463984 | lr 0.000555 | 5.3min
  step 23000 | loss 0.455987 | lr 0.000539 | 5.4min
  VAL 5.05%
  step 23500 | loss 0.447073 | lr 0.000523 | 5.5min
  step 24000 | loss 0.447806 | lr 0.000507 | 5.6min
  VAL 5.85%
  step 24500 | loss 0.461637 | lr 0.000492 | 5.7min
  step 25000 | loss 0.455599 | lr 0.000476 | 5.8min
  VAL 5.95%
  step 25500 | loss 0.451099 | lr 0.000460 | 6.0min
  step 26000 | loss 0.447154 | lr 0.000445 | 6.1min
  VAL 6.90%
  step 26500 | loss 0.448383 | lr 0.000430 | 6.2min
  step 27000 | loss 0.438211 | lr 0.000415 | 6.3min
  VAL 7.05%
  step 27500 | loss 0.442233 | lr 0.000400 | 6.4min
  step 28000 | loss 0.434886 | lr 0.000385 | 6.5min
  VAL 7.75%
  step 28500 | loss 0.433696 | lr 0.000370 | 6.7min
  step 29000 | loss 0.439967 | lr 0.000356 | 6.8min
  VAL 7.40%
  step 29500 | loss 0.437515 | lr 0.000342 | 6.9min
  step 30000 | loss 0.428634 | lr 0.000328 | 7.0min
  VAL 7.30%
  step 30500 | loss 0.426658 | lr 0.000314 | 7.2min
  step 31000 | loss 0.431942 | lr 0.000301 | 7.3min
  VAL 7.60%
  step 31500 | loss 0.420519 | lr 0.000288 | 7.4min
  step 32000 | loss 0.421074 | lr 0.000275 | 7.5min
  VAL 7.50%
  step 32500 | loss 0.417297 | lr 0.000263 | 7.6min
  step 33000 | loss 0.418422 | lr 0.000251 | 7.7min
  VAL 7.55%
  step 33500 | loss 0.415910 | lr 0.000239 | 7.9min
  step 34000 | loss 0.421600 | lr 0.000228 | 8.0min
  VAL 7.65%
  step 34500 | loss 0.414574 | lr 0.000217 | 8.1min
  step 35000 | loss 0.419635 | lr 0.000207 | 8.2min
  VAL 7.90%
  step 35500 | loss 0.410940 | lr 0.000197 | 8.3min
  step 36000 | loss 0.413199 | lr 0.000187 | 8.5min
  VAL 7.85%
  step 36500 | loss 0.407477 | lr 0.000178 | 8.6min
  step 37000 | loss 0.403848 | lr 0.000169 | 8.7min
  VAL 7.50%
  step 37500 | loss 0.409842 | lr 0.000161 | 8.8min
  step 38000 | loss 0.410119 | lr 0.000153 | 8.9min
  VAL 8.25%
  step 38500 | loss 0.408270 | lr 0.000146 | 9.1min
  step 39000 | loss 0.403643 | lr 0.000139 | 9.2min
  VAL 8.10%
  step 39500 | loss 0.401789 | lr 0.000133 | 9.3min
  step 40000 | loss 0.403055 | lr 0.000128 | 9.4min
  VAL 8.25%
  step 40500 | loss 0.401116 | lr 0.000122 | 9.6min
  step 41000 | loss 0.396667 | lr 0.000118 | 9.7min
  VAL 8.00%
  step 41500 | loss 0.400258 | lr 0.000114 | 9.8min
  step 42000 | loss 0.397784 | lr 0.000110 | 9.9min
  VAL 8.30%
  step 42500 | loss 0.395116 | lr 0.000107 | 10.0min
  step 43000 | loss 0.394178 | lr 0.000104 | 10.2min
  VAL 8.30%
  step 43500 | loss 0.396934 | lr 0.000102 | 10.3min
  step 44000 | loss 0.397624 | lr 0.000101 | 10.4min
  VAL 8.25%
  step 44500 | loss 0.392113 | lr 0.000100 | 10.5min
  step 45000 | loss 0.391260 | lr 0.000100 | 10.6min
  VAL 8.20%

Training complete in 10.6 minutes
Best test accuracy: 0.0000%
