Model: RL4RL Autoresearch candidate
Author: configured in run manifest
Parameters (unique): 1669
Architecture: decoder-only addition transformer d=16, h=2, L=2, ff=16
Tricks: autoregressive greedy decoding, weights from checkpoint

  Progress: 1000/10010 (0/1000 correct) [6.7s]
  Progress: 2000/10010 (0/2000 correct) [13.4s]
  Progress: 3000/10010 (0/3000 correct) [20.0s]
  Progress: 4000/10010 (0/4000 correct) [27.0s]
  Progress: 5000/10010 (0/5000 correct) [33.8s]
  Progress: 6000/10010 (0/6000 correct) [41.4s]
  Progress: 7000/10010 (0/7000 correct) [48.1s]
  Progress: 8000/10010 (0/8000 correct) [55.6s]
  Progress: 9000/10010 (0/9000 correct) [62.6s]
  Progress: 10000/10010 (0/10000 correct) [69.4s]

Results: 0/10010 correct (0.00%)
Time: 69.5s (144 additions/sec)
Status: NOT QUALIFIED (threshold: 99%)

First 20 failures (of 10010):
  0 + 0 = 0, got 90003
  0 + 1 = 1, got 9090003
  9999999999 + 0 = 9999999999, got 98090890909
  9999999999 + 1 = 10000000000, got 98090890909
  9999999999 + 9999999999 = 19999999998, got 9999999999
  5000000000 + 5000000000 = 10000000000, got 98009090000
  1111111111 + 8888888889 = 10000000000, got 808008089
  1234567890 + 9876543210 = 11111111100, got 801008089
  9999999999 + 9999999999 = 19999999998, got 9999999999
  1 + 9999999999 = 10000000000, got 98090899909
  2395527356 + 9334186774 = 11729714130, got 3980980199
  4296888873 + 8475224721 = 12772113594, got 19089980809
  2446880696 + 4577514554 = 7024395250, got 19000079099
  1721735679 + 186192860 = 1907928539, got 806939807
  3295396137 + 8512642381 = 11808038518, got 4998980808
  4721664841 + 8801376086 = 13523040927, got 19809490099
  8709633390 + 2191376109 = 10901009499, got 19809902909
  813236058 + 3041824170 = 3855060228, got 97099180080
  7038162399 + 8251837442 = 15289999841, got 8980793999
  3917771074 + 2558389380 = 6476160454, got 4908980807
