Model: RL4RL Autoresearch candidate
Author: configured in run manifest
Parameters (unique): 1852
Architecture: decoder-only addition transformer d=16, h=2, L=2, ff=10, block1_ff=8, fixed_separators=True, tied_position_pairs=[[4, 15], [7, 18], [5, 16], [3, 14], [2, 13], [8, 19], [6, 17], [1, 12], [0, 11], [9, 20]], interpolated_positions=[23, 24, 25, 26, 27], qkv_pruned=196
Tricks: autoregressive greedy decoding, weights from checkpoint

  Progress: 1000/10010 (998/1000 correct) [4.7s]
  Progress: 2000/10010 (1996/2000 correct) [9.2s]
  Progress: 3000/10010 (2995/3000 correct) [13.6s]
  Progress: 4000/10010 (3993/4000 correct) [18.1s]
  Progress: 5000/10010 (4991/5000 correct) [22.5s]
  Progress: 6000/10010 (5989/6000 correct) [27.0s]
  Progress: 7000/10010 (6989/7000 correct) [31.4s]
  Progress: 8000/10010 (7989/8000 correct) [35.8s]
  Progress: 9000/10010 (8988/9000 correct) [40.6s]
  Progress: 10000/10010 (9987/10000 correct) [45.2s]

Results: 9997/10010 correct (99.87%)
Time: 45.2s (221 additions/sec)
Status: QUALIFIED (threshold: 99%)

Failures (13):
  5476370042 + 4129464580 = 9605834622, got 9655834622
  1726129725 + 4679463272 = 6405592997, got 6455592997
  6026543306 + 9679448277 = 15705991583, got 15755991583
  6047119139 + 5060676488 = 11107795627, got 10107795627
  6660112625 + 5142876686 = 11802989311, got 10802989311
  1086907842 + 1573336600 = 2660244442, got 1660244442
  8510685350 + 9030360858 = 17541046208, got 17591046208
  1020975102 + 2580856615 = 3601831717, got 2601831717
  5634381845 + 6168469548 = 11802851393, got 10802851393
  2828982940 + 2171822219 = 5000805159, got 4000805159
  5226253041 + 1679692553 = 6905945594, got 6955945594
  1376205167 + 1326173731 = 2702378898, got 2742378898
  2068770581 + 2967666774 = 5036437355, got 4036437355
