Model: 2,208 parameters
Config: d=16, h=2, L=2, ff=17
Device: mps

Training for 30000 steps...
  step   500 | loss 1.441372 | lr 0.001000 | 0.2min
  step  1000 | loss 1.404323 | lr 0.000999 | 0.3min
  VAL 0.00%
  step  1500 | loss 1.359330 | lr 0.000996 | 0.4min
  step  2000 | loss 1.352937 | lr 0.000992 | 0.6min
  VAL 0.00%
  step  2500 | loss 1.360226 | lr 0.000987 | 0.7min
  step  3000 | loss 1.130814 | lr 0.000980 | 0.8min
  VAL 0.00%
  step  3500 | loss 0.846206 | lr 0.000972 | 1.0min
  step  4000 | loss 0.726157 | lr 0.000962 | 1.1min
  VAL 0.05%
  step  4500 | loss 0.558067 | lr 0.000951 | 1.2min
  step  5000 | loss 0.503893 | lr 0.000939 | 1.4min
  VAL 1.60%
  step  5500 | loss 0.448159 | lr 0.000926 | 1.5min
  step  6000 | loss 0.429784 | lr 0.000912 | 1.6min
  VAL 3.20%
  step  6500 | loss 0.406425 | lr 0.000896 | 1.7min
  step  7000 | loss 0.376844 | lr 0.000880 | 1.9min
  VAL 3.35%
  step  7500 | loss 0.194335 | lr 0.000862 | 2.0min
  step  8000 | loss 0.177206 | lr 0.000843 | 2.1min
  VAL 29.85%
  step  8500 | loss 0.147909 | lr 0.000823 | 2.3min
  step  9000 | loss 0.134052 | lr 0.000803 | 2.4min
  VAL 33.40%
  step  9500 | loss 0.132802 | lr 0.000781 | 2.5min
  step 10000 | loss 0.122214 | lr 0.000759 | 2.7min
  VAL 36.65%
  step 10500 | loss 0.115157 | lr 0.000736 | 2.8min
  step 11000 | loss 0.100370 | lr 0.000713 | 2.9min
  VAL 38.90%
  step 11500 | loss 0.112483 | lr 0.000688 | 3.1min
  step 12000 | loss 0.089469 | lr 0.000664 | 3.2min
  VAL 38.00%
  step 12500 | loss 0.102439 | lr 0.000638 | 3.3min
  step 13000 | loss 0.094027 | lr 0.000613 | 3.5min
  VAL 41.55%
  step 13500 | loss 0.088914 | lr 0.000587 | 3.6min
  step 14000 | loss 0.084300 | lr 0.000561 | 3.7min
  VAL 42.80%
  step 14500 | loss 0.084521 | lr 0.000534 | 3.8min
  step 15000 | loss 0.079153 | lr 0.000508 | 4.0min
  VAL 50.20%
  step 15500 | loss 0.079700 | lr 0.000481 | 4.1min
  step 16000 | loss 0.079667 | lr 0.000455 | 4.2min
  VAL 55.65%
  step 16500 | loss 0.075093 | lr 0.000429 | 4.3min
  step 17000 | loss 0.076358 | lr 0.000403 | 4.4min
  VAL 61.50%
  step 17500 | loss 0.074674 | lr 0.000377 | 4.5min
  step 18000 | loss 0.066369 | lr 0.000352 | 4.6min
  VAL 62.80%
  step 18500 | loss 0.067024 | lr 0.000327 | 4.7min
  step 19000 | loss 0.069582 | lr 0.000302 | 4.9min
  VAL 65.70%
  step 19500 | loss 0.061033 | lr 0.000278 | 5.0min
  step 20000 | loss 0.069846 | lr 0.000255 | 5.1min
  VAL 67.30%
  step 20500 | loss 0.062039 | lr 0.000232 | 5.2min
  step 21000 | loss 0.060263 | lr 0.000210 | 5.3min
  VAL 72.55%
  step 21500 | loss 0.059730 | lr 0.000189 | 5.5min
  step 22000 | loss 0.057830 | lr 0.000169 | 5.6min
  VAL 73.65%
  step 22500 | loss 0.056340 | lr 0.000149 | 5.7min
  step 23000 | loss 0.059173 | lr 0.000131 | 5.8min
  VAL 75.00%
  step 23500 | loss 0.056958 | lr 0.000114 | 5.9min
  step 24000 | loss 0.052724 | lr 0.000097 | 6.0min
  VAL 78.05%
  step 24500 | loss 0.052056 | lr 0.000082 | 6.2min
  step 25000 | loss 0.052945 | lr 0.000068 | 6.3min
  VAL 79.20%
  step 25500 | loss 0.051786 | lr 0.000056 | 6.4min
  step 26000 | loss 0.047888 | lr 0.000044 | 6.5min
  VAL 79.80%
  step 26500 | loss 0.050284 | lr 0.000034 | 6.7min
  step 27000 | loss 0.049726 | lr 0.000025 | 6.8min
  VAL 81.00%
  step 27500 | loss 0.048239 | lr 0.000017 | 6.9min
  step 28000 | loss 0.050166 | lr 0.000011 | 7.0min
  VAL 80.90%
  step 28500 | loss 0.048410 | lr 0.000006 | 7.2min
  step 29000 | loss 0.048898 | lr 0.000003 | 7.3min
  VAL 81.50%
  step 29500 | loss 0.045195 | lr 0.000001 | 7.4min
  step 30000 | loss 0.050469 | lr 0.000000 | 7.6min
  VAL 81.50%

Training complete in 7.6 minutes
Best test accuracy: 0.0000%
