Model: RL4RL Autoresearch candidate
Author: configured in run manifest
Parameters (unique): 2208
Architecture: decoder-only addition transformer d=16, h=2, L=2, ff=17
Tricks: autoregressive greedy decoding, weights from checkpoint

  Progress: 1000/10010 (795/1000 correct) [8.9s]
  Progress: 2000/10010 (1626/2000 correct) [17.8s]
  Progress: 3000/10010 (2451/3000 correct) [26.4s]
  Progress: 4000/10010 (3277/4000 correct) [35.6s]
  Progress: 5000/10010 (4105/5000 correct) [44.6s]
  Progress: 6000/10010 (4924/6000 correct) [53.8s]
  Progress: 7000/10010 (5732/7000 correct) [62.8s]
  Progress: 8000/10010 (6555/8000 correct) [71.9s]
  Progress: 9000/10010 (7385/9000 correct) [80.9s]
  Progress: 10000/10010 (8212/10000 correct) [90.0s]

Results: 8220/10010 correct (82.12%)
Time: 90.0s (111 additions/sec)
Status: NOT QUALIFIED (threshold: 99%)

First 20 failures (of 1790):
  9999999999 + 1 = 10000000000, got 0
  9999999999 + 9999999999 = 19999999998, got 8888888888
  5000000000 + 5000000000 = 10000000000, got 0
  1111111111 + 8888888889 = 10000000000, got 0
  1234567890 + 9876543210 = 11111111100, got 1111111100
  9999999999 + 9999999999 = 19999999998, got 8888888888
  1 + 9999999999 = 10000000000, got 0
  4296888873 + 8475224721 = 12772113594, got 2772113594
  8709633390 + 2191376109 = 10901009499, got 901009499
  7038162399 + 8251837442 = 15289999841, got 5289999841
  2522781535 + 7550172023 = 10072953558, got 20072953558
  6870499663 + 5717384931 = 12587884594, got 2587884594
  9773982893 + 9769054290 = 19543037183, got 18543037183
  6944924904 + 6087255289 = 13032180193, got 3032180193
  9809325681 + 9732050258 = 19541375939, got 18541375939
  4529066999 + 9231012381 = 13760079380, got 3760079380
  2704884057 + 7840389826 = 10545273883, got 20545273883
  6629857513 + 3846976084 = 10476833597, got 20476833597
  8594908859 + 5654719583 = 14249628442, got 4249628442
  7084404424 + 195956703 = 7280361127, got 7270361127
