Model: RL4RL Autoresearch candidate
Author: configured in run manifest
Parameters (unique): 1930
Architecture: decoder-only addition transformer d=16, h=2, L=2, ff=10, block1_ff=8, fixed_separators=True, tied_position_pairs=[[4, 15], [7, 18], [5, 16], [3, 14], [2, 13], [8, 19], [6, 17], [1, 12], [0, 11], [9, 20]], interpolated_positions=[23, 24, 25, 26, 27], qkv_pruned=118
Tricks: autoregressive greedy decoding, weights from checkpoint

  Progress: 1000/10010 (997/1000 correct) [4.4s]
  Progress: 2000/10010 (1997/2000 correct) [8.8s]
  Progress: 3000/10010 (2995/3000 correct) [13.3s]
  Progress: 4000/10010 (3994/4000 correct) [17.7s]
  Progress: 5000/10010 (4991/5000 correct) [22.1s]
  Progress: 6000/10010 (5990/6000 correct) [26.5s]
  Progress: 7000/10010 (6987/7000 correct) [30.9s]
  Progress: 8000/10010 (7985/8000 correct) [35.4s]
  Progress: 9000/10010 (8981/9000 correct) [39.8s]
  Progress: 10000/10010 (9979/10000 correct) [44.2s]

Results: 9989/10010 correct (99.79%)
Time: 44.2s (226 additions/sec)
Status: QUALIFIED (threshold: 99%)

First 20 failures (of 21):
  1916858539 + 1246825314 = 3163683853, got 8163683853
  8261688289 + 8707679052 = 16969367341, got 17969367341
  8451671660 + 8219874762 = 16671546422, got 17671546422
  9278473654 + 9413599947 = 18692073601, got 19692073601
  1798442812 + 1312562913 = 3111005725, got 8111005725
  9217700662 + 9448597295 = 18666297957, got 19666297957
  1844253487 + 1317320199 = 3161573686, got 8161573686
  1421527058 + 1712941955 = 3134469013, got 8134469013
  9402679499 + 9293095411 = 18695774910, got 19695774910
  9479323125 + 9453799615 = 18933122740, got 19933122740
  9360408474 + 9213913869 = 18574322343, got 19574322343
  1326509033 + 1828945950 = 3155454983, got 8155454983
  1885035647 + 1258568734 = 3143604381, got 8143604381
  8759742406 + 8209644900 = 16969387306, got 17969387306
  1802461906 + 1363137301 = 3165599207, got 8165599207
  8221226107 + 8352380936 = 16573607043, got 17573607043
  1445936492 + 1748949679 = 3194886171, got 8194886171
  9201756155 + 9771972022 = 18973728177, got 19973728177
  1010537826 + 1998432176 = 3008970002, got 2008970002
  9322270328 + 9340964837 = 18663235165, got 19663235165
