Model: RL4RL Autoresearch candidate
Author: configured in run manifest
Parameters (unique): 2119
Architecture: decoder-only addition transformer d=16, h=2, L=2, ff=16
Tricks: autoregressive greedy decoding, weights from checkpoint

  Progress: 1000/10010 (971/1000 correct) [5.9s]
  Progress: 2000/10010 (1940/2000 correct) [11.8s]
  Progress: 3000/10010 (2921/3000 correct) [17.6s]
  Progress: 4000/10010 (3898/4000 correct) [23.4s]
  Progress: 5000/10010 (4876/5000 correct) [29.2s]
  Progress: 6000/10010 (5851/6000 correct) [35.0s]
  Progress: 7000/10010 (6827/7000 correct) [40.8s]
  Progress: 8000/10010 (7802/8000 correct) [46.6s]
  Progress: 9000/10010 (8777/9000 correct) [52.4s]
  Progress: 10000/10010 (9753/10000 correct) [58.3s]

Results: 9763/10010 correct (97.53%)
Time: 58.4s (172 additions/sec)
Status: NOT QUALIFIED (threshold: 99%)

First 20 failures (of 247):
  6337327306 + 4000359568 = 10337686874, got 337686874
  6728496408 + 8405949359 = 15134445767, got 14134445767
  1822866090 + 4832899953 = 6655766043, got 6555766043
  7197773205 + 9077000387 = 16274773592, got 6274773592
  6509152292 + 9209120080 = 15718272372, got 14818272372
  6785680981 + 6097908899 = 12883589880, got 13883589880
  6969938512 + 1800378914 = 8770317426, got 8670317426
  9229471617 + 9474184142 = 18703655759, got 17703655759
  9089267194 + 4171613667 = 13260880861, got 14260880861
  9802221894 + 7858087157 = 17660309051, got 17560309051
  1976493916 + 1906487771 = 3882981687, got 3782981687
  5468975900 + 1438734356 = 6907710256, got 5907710256
  2383813986 + 5194289640 = 7578103626, got 8578103626
  1875957208 + 5809047019 = 7685004227, got 7585004227
  7558647068 + 7318059319 = 14876706387, got 14976706387
  8825311319 + 4807262724 = 13632574043, got 13532574043
  6832437373 + 3830048430 = 10662485803, got 10562485803
  2060434325 + 4050653496 = 6111087821, got 6011087821
  5909551252 + 6873659338 = 12783210590, got 12683210590
  1978347876 + 4802489172 = 6780837048, got 6680837048
