Model: 2,842 parameters
Config: d=14, h=2, L=2, ff=20
Device: mps

Training for 30000 steps...
  step   500 | loss 1.468946 | lr 0.001000 | 0.2min
  step  1000 | loss 1.325245 | lr 0.000999 | 0.3min
  VAL 0.00%
  step  1500 | loss 1.381595 | lr 0.000996 | 0.4min
  step  2000 | loss 1.349115 | lr 0.000992 | 0.6min
  VAL 0.00%
  step  2500 | loss 1.303523 | lr 0.000987 | 0.7min
  step  3000 | loss 1.313487 | lr 0.000980 | 0.8min
  VAL 0.00%
  step  3500 | loss 1.250562 | lr 0.000972 | 1.0min
  step  4000 | loss 1.228825 | lr 0.000962 | 1.1min
  VAL 0.00%
  step  4500 | loss 1.174710 | lr 0.000951 | 1.2min
  step  5000 | loss 1.124663 | lr 0.000939 | 1.4min
  VAL 0.00%
  step  5500 | loss 1.027937 | lr 0.000926 | 1.5min
  step  6000 | loss 0.909224 | lr 0.000912 | 1.7min
  VAL 0.00%
  step  6500 | loss 0.808890 | lr 0.000896 | 1.8min
  step  7000 | loss 0.738829 | lr 0.000880 | 1.9min
  VAL 0.00%
  step  7500 | loss 0.656169 | lr 0.000862 | 2.0min
  step  8000 | loss 0.603565 | lr 0.000843 | 2.2min
  VAL 0.00%
  step  8500 | loss 0.573850 | lr 0.000823 | 2.3min
  step  9000 | loss 0.544684 | lr 0.000803 | 2.4min
  VAL 0.00%
  step  9500 | loss 0.507258 | lr 0.000781 | 2.6min
  step 10000 | loss 0.469885 | lr 0.000759 | 2.7min
  VAL 0.10%
  step 10500 | loss 0.435166 | lr 0.000736 | 2.8min
  step 11000 | loss 0.430316 | lr 0.000713 | 3.0min
  VAL 0.25%
  step 11500 | loss 0.417778 | lr 0.000688 | 3.1min
  step 12000 | loss 0.388110 | lr 0.000664 | 3.3min
  VAL 0.65%
  step 12500 | loss 0.379335 | lr 0.000638 | 3.4min
  step 13000 | loss 0.367318 | lr 0.000613 | 3.5min
  VAL 0.85%
  step 13500 | loss 0.364360 | lr 0.000587 | 3.7min
  step 14000 | loss 0.344615 | lr 0.000561 | 3.8min
  VAL 1.30%
  step 14500 | loss 0.341278 | lr 0.000534 | 4.0min
  step 15000 | loss 0.349701 | lr 0.000508 | 4.1min
  VAL 2.05%
  step 15500 | loss 0.334418 | lr 0.000481 | 4.3min
  step 16000 | loss 0.325227 | lr 0.000455 | 4.4min
  VAL 2.85%
  step 16500 | loss 0.322420 | lr 0.000429 | 4.6min
  step 17000 | loss 0.322081 | lr 0.000403 | 4.7min
  VAL 2.05%
  step 17500 | loss 0.315838 | lr 0.000377 | 4.9min
  step 18000 | loss 0.310590 | lr 0.000352 | 5.0min
  VAL 3.25%
  step 18500 | loss 0.305564 | lr 0.000327 | 5.1min
  step 19000 | loss 0.301613 | lr 0.000302 | 5.3min
  VAL 3.70%
  step 19500 | loss 0.302234 | lr 0.000278 | 5.4min
  step 20000 | loss 0.300669 | lr 0.000255 | 5.5min
  VAL 3.60%
  step 20500 | loss 0.289406 | lr 0.000232 | 5.7min
  step 21000 | loss 0.292814 | lr 0.000210 | 5.8min
  VAL 3.75%
  step 21500 | loss 0.288078 | lr 0.000189 | 6.0min
  step 22000 | loss 0.290779 | lr 0.000169 | 6.1min
  VAL 4.90%
  step 22500 | loss 0.283547 | lr 0.000149 | 6.2min
  step 23000 | loss 0.281726 | lr 0.000131 | 6.3min
  VAL 4.55%
  step 23500 | loss 0.284722 | lr 0.000114 | 6.5min
  step 24000 | loss 0.281314 | lr 0.000097 | 6.6min
  VAL 5.20%
  step 24500 | loss 0.280184 | lr 0.000082 | 6.8min
  step 25000 | loss 0.278467 | lr 0.000068 | 6.9min
  VAL 4.30%
  step 25500 | loss 0.278492 | lr 0.000056 | 7.0min
  step 26000 | loss 0.278737 | lr 0.000044 | 7.1min
  VAL 4.60%
  step 26500 | loss 0.275519 | lr 0.000034 | 7.3min
  step 27000 | loss 0.278559 | lr 0.000025 | 7.4min
  VAL 5.55%
  step 27500 | loss 0.275271 | lr 0.000017 | 7.6min
  step 28000 | loss 0.277336 | lr 0.000011 | 7.7min
  VAL 5.40%
  step 28500 | loss 0.271226 | lr 0.000006 | 7.8min
  step 29000 | loss 0.274804 | lr 0.000003 | 7.9min
  VAL 5.00%
  step 29500 | loss 0.273989 | lr 0.000001 | 8.1min
  step 30000 | loss 0.269617 | lr 0.000000 | 8.2min
  VAL 5.30%

Training complete in 8.2 minutes
Best test accuracy: 0.0000%
