Model: RL4RL Autoresearch candidate
Author: configured in run manifest
Parameters (unique): 2240
Architecture: decoder-only addition transformer d=16, h=2, L=2, ff=10, block1_ff=8, fixed_separators=True, tied_position_pairs=[[4, 15], [7, 18], [5, 16]]
Tricks: autoregressive greedy decoding, weights from checkpoint

  Progress: 1000/10010 (999/1000 correct) [4.4s]
  Progress: 2000/10010 (1999/2000 correct) [8.8s]
  Progress: 3000/10010 (2999/3000 correct) [13.1s]
  Progress: 4000/10010 (3999/4000 correct) [17.4s]
  Progress: 5000/10010 (4999/5000 correct) [21.7s]
  Progress: 6000/10010 (5999/6000 correct) [26.0s]
  Progress: 7000/10010 (6999/7000 correct) [30.3s]
  Progress: 8000/10010 (7999/8000 correct) [34.6s]
  Progress: 9000/10010 (8999/9000 correct) [38.9s]
  Progress: 10000/10010 (9999/10000 correct) [43.3s]

Results: 10009/10010 correct (99.99%)
Time: 43.3s (231 additions/sec)
Status: QUALIFIED (threshold: 99%)

Failures (1):
  9949339211 + 8948002488 = 18897341699, got 18997341699
