Model: 4,496 parameters
Config: d=16, h=2, L=2, ff=32
Device: mps

Training for 15000 steps...
  step   500 | loss 1.467630 | lr 0.001000 | 0.2min
  step  1000 | loss 1.365215 | lr 0.000994 | 0.3min
  VAL 0.00%
  step  1500 | loss 1.354449 | lr 0.000984 | 0.4min
  step  2000 | loss 1.349756 | lr 0.000967 | 0.6min
  VAL 0.00%
  step  2500 | loss 1.313584 | lr 0.000946 | 0.7min
  step  3000 | loss 1.284584 | lr 0.000919 | 0.9min
  VAL 0.00%
  step  3500 | loss 1.259500 | lr 0.000888 | 1.0min
  step  4000 | loss 1.208586 | lr 0.000852 | 1.1min
  VAL 0.00%
  step  4500 | loss 1.109380 | lr 0.000812 | 1.3min
  step  5000 | loss 1.147261 | lr 0.000768 | 1.4min
  VAL 0.00%
  step  5500 | loss 1.138657 | lr 0.000722 | 1.5min
  step  6000 | loss 1.114458 | lr 0.000673 | 1.7min
  VAL 0.00%
  step  6500 | loss 1.091411 | lr 0.000622 | 1.8min
  step  7000 | loss 1.024709 | lr 0.000569 | 2.0min
  VAL 0.00%
  step  7500 | loss 1.092366 | lr 0.000516 | 2.1min
  step  8000 | loss 1.063335 | lr 0.000463 | 2.2min
  VAL 0.00%
  step  8500 | loss 1.058447 | lr 0.000410 | 2.3min
  step  9000 | loss 1.043553 | lr 0.000358 | 2.5min
  VAL 0.00%
  step  9500 | loss 1.037069 | lr 0.000307 | 2.6min
  step 10000 | loss 1.025988 | lr 0.000259 | 2.7min
  VAL 0.00%
  step 10500 | loss 1.049873 | lr 0.000214 | 2.9min
  step 11000 | loss 1.080963 | lr 0.000172 | 3.0min
  VAL 0.00%
  step 11500 | loss 0.998678 | lr 0.000133 | 3.1min
  step 12000 | loss 1.034822 | lr 0.000099 | 3.3min
  VAL 0.00%
  step 12500 | loss 1.020411 | lr 0.000070 | 3.4min
  step 13000 | loss 0.995488 | lr 0.000045 | 3.5min
  VAL 0.00%
  step 13500 | loss 1.014142 | lr 0.000025 | 3.6min
  step 14000 | loss 1.046449 | lr 0.000011 | 3.8min
  VAL 0.00%
  step 14500 | loss 1.013120 | lr 0.000003 | 3.9min
  step 15000 | loss 1.023182 | lr 0.000000 | 4.0min
  VAL 0.00%

Training complete in 4.0 minutes
Best test accuracy: 0.0000%
