Model: RL4RL Autoresearch candidate
Author: configured in run manifest
Parameters (unique): 4496
Architecture: decoder-only addition transformer d=16, h=2, L=2, ff=32
Tricks: autoregressive greedy decoding, weights from checkpoint

  Progress: 1000/10010 (1/1000 correct) [8.4s]
  Progress: 2000/10010 (1/2000 correct) [16.8s]
  Progress: 3000/10010 (1/3000 correct) [25.2s]
  Progress: 4000/10010 (1/4000 correct) [33.7s]
  Progress: 5000/10010 (1/5000 correct) [42.1s]
  Progress: 6000/10010 (1/6000 correct) [50.6s]
  Progress: 7000/10010 (1/7000 correct) [58.4s]
  Progress: 8000/10010 (1/8000 correct) [66.9s]
  Progress: 9000/10010 (1/9000 correct) [75.7s]
  Progress: 10000/10010 (1/10000 correct) [84.4s]

Results: 1/10010 correct (0.01%)
Time: 84.4s (119 additions/sec)
Status: NOT QUALIFIED (threshold: 99%)

First 20 failures (of 10009):
  0 + 0 = 0, got 3
  0 + 1 = 1, got 3
  9999999999 + 1 = 10000000000, got 9899999999
  9999999999 + 9999999999 = 19999999998, got 17899999999
  5000000000 + 5000000000 = 10000000000, got 7254336475
  1111111111 + 8888888889 = 10000000000, got 19777766777
  1234567890 + 9876543210 = 11111111100, got 7667767777
  9999999999 + 9999999999 = 19999999998, got 17899999999
  1 + 9999999999 = 10000000000, got 11789999997
  2395527356 + 9334186774 = 11729714130, got 5667666777
  4296888873 + 8475224721 = 12772113594, got 14777666777
  2446880696 + 4577514554 = 7024395250, got 10677667777
  1721735679 + 186192860 = 1907928539, got 1677767777
  3295396137 + 8512642381 = 11808038518, got 15677666777
  4721664841 + 8801376086 = 13523040927, got 15777667777
  8709633390 + 2191376109 = 10901009499, got 14677666777
  813236058 + 3041824170 = 3855060228, got 3467777777
  7038162399 + 8251837442 = 15289999841, got 15777666777
  3917771074 + 2558389380 = 6476160454, got 13677667777
  2345623234 + 894115330 = 3239738564, got 4677666777
