Model: RL4RL Autoresearch candidate
Author: configured in run manifest
Parameters (unique): 1845
Architecture: decoder-only addition transformer d=16, h=2, L=2, ff=10, block1_ff=8, fixed_separators=True, tied_position_pairs=[[4, 15], [7, 18], [5, 16], [3, 14], [2, 13], [8, 19], [6, 17], [1, 12], [0, 11], [9, 20]], interpolated_positions=[23, 24, 25, 26, 27], qkv_pruned=203
Tricks: autoregressive greedy decoding, weights from checkpoint

  Progress: 1000/10010 (1000/1000 correct) [4.4s]
  Progress: 2000/10010 (1998/2000 correct) [8.9s]
  Progress: 3000/10010 (2998/3000 correct) [13.5s]
  Progress: 4000/10010 (3998/4000 correct) [18.0s]
  Progress: 5000/10010 (4997/5000 correct) [22.4s]
  Progress: 6000/10010 (5997/6000 correct) [26.9s]
  Progress: 7000/10010 (6997/7000 correct) [31.3s]
  Progress: 8000/10010 (7997/8000 correct) [35.8s]
  Progress: 9000/10010 (8997/9000 correct) [40.3s]
  Progress: 10000/10010 (9997/10000 correct) [44.8s]

Results: 10007/10010 correct (99.97%)
Time: 44.8s (223 additions/sec)
Status: QUALIFIED (threshold: 99%)

Failures (3):
  6026543306 + 9679448277 = 15705991583, got 15755991583
  6047119139 + 5060676488 = 11107795627, got 10107795627
  5634381845 + 6168469548 = 11802851393, got 10802851393
