Model: RL4RL Autoresearch candidate
Author: configured in run manifest
Parameters (unique): 1832
Architecture: decoder-only addition transformer d=16, h=2, L=2, ff=10, block1_ff=8, fixed_separators=True, tied_position_pairs=[[4, 15], [7, 18], [5, 16], [3, 14], [2, 13], [8, 19], [6, 17], [1, 12], [0, 11], [9, 20]], interpolated_positions=[23, 24, 25, 26, 27], qkv_pruned=216
Tricks: autoregressive greedy decoding, weights from checkpoint

  Progress: 1000/10010 (997/1000 correct) [4.4s]
  Progress: 2000/10010 (1994/2000 correct) [8.8s]
  Progress: 3000/10010 (2992/3000 correct) [13.2s]
  Progress: 4000/10010 (3992/4000 correct) [17.6s]
  Progress: 5000/10010 (4986/5000 correct) [22.0s]
  Progress: 6000/10010 (5981/6000 correct) [26.4s]
  Progress: 7000/10010 (6980/7000 correct) [30.8s]
  Progress: 8000/10010 (7979/8000 correct) [35.3s]
  Progress: 9000/10010 (8977/9000 correct) [39.7s]
  Progress: 10000/10010 (9974/10000 correct) [44.1s]

Results: 9984/10010 correct (99.74%)
Time: 44.1s (227 additions/sec)
Status: QUALIFIED (threshold: 99%)

First 20 failures (of 26):
  6775303790 + 6230747137 = 13006050927, got 12506050927
  1590870754 + 3891940101 = 5482810855, got 5492810855
  9949339211 + 8948002488 = 18897341699, got 18997341699
  5270285775 + 4739952329 = 10010238104, got 9510238104
  5250483323 + 6768919741 = 12019403064, got 12519403064
  6047119139 + 5060676488 = 11107795627, got 10107795627
  6660112625 + 5142876686 = 11802989311, got 10802989311
  9278473654 + 9413599947 = 18692073601, got 19692073601
  8191852004 + 7194996854 = 15386848858, got 15396848858
  7894048757 + 7491765375 = 15385814132, got 15395814132
  751551236 + 264559755 = 1016110991, got 516110991
  5634381845 + 6168469548 = 11802851393, got 10802851393
  9402679499 + 9293095411 = 18695774910, got 19695774910
  6777607533 + 4230213925 = 11007821458, got 10507821458
  6005893433 + 5803299494 = 11809192927, got 10809192927
  3247710364 + 5769374649 = 9017085013, got 8517085013
  9759938385 + 4252416798 = 14012355183, got 14512355183
  9479323125 + 9453799615 = 18933122740, got 19933122740
  8251004545 + 9762653914 = 18013658459, got 18513658459
  8691545998 + 1393257685 = 10084803683, got 10094803683
