Model: RL4RL Autoresearch candidate
Author: configured in run manifest
Parameters (unique): 1970
Architecture: decoder-only addition transformer d=16, h=2, L=2, ff=10, block1_ff=8, fixed_separators=True, tied_position_pairs=[[4, 15], [7, 18], [5, 16], [3, 14], [2, 13], [8, 19], [6, 17], [1, 12], [0, 11], [9, 20]], interpolated_positions=[23, 24, 25, 26, 27], qkv_pruned=78
Tricks: autoregressive greedy decoding, weights from checkpoint

  Progress: 1000/10010 (997/1000 correct) [4.4s]
  Progress: 2000/10010 (1995/2000 correct) [8.8s]
  Progress: 3000/10010 (2993/3000 correct) [13.2s]
  Progress: 4000/10010 (3992/4000 correct) [17.6s]
  Progress: 5000/10010 (4988/5000 correct) [22.0s]
  Progress: 6000/10010 (5983/6000 correct) [26.3s]
  Progress: 7000/10010 (6981/7000 correct) [30.5s]
  Progress: 8000/10010 (7980/8000 correct) [34.9s]
  Progress: 9000/10010 (8976/9000 correct) [39.2s]
  Progress: 10000/10010 (9973/10000 correct) [43.6s]

Results: 9983/10010 correct (99.73%)
Time: 43.6s (229 additions/sec)
Status: QUALIFIED (threshold: 99%)

First 20 failures (of 27):
  6198100021 + 4922017534 = 11120117555, got 10120117555
  2643188197 + 7497706065 = 10140894262, got 15140894262
  2419324703 + 3516291980 = 5935616683, got 5835616683
  2414276349 + 2517436867 = 4931713216, got 4831713216
  2406321521 + 7667492626 = 10073814147, got 15073814147
  2406531246 + 7680133623 = 10086664869, got 15086664869
  2195751377 + 3166215628 = 5361967005, got 5361967055
  1415015538 + 2519348781 = 3934364319, got 3834364319
  9270808277 + 1299806028 = 10570614305, got 10570614355
  2476707217 + 7697999923 = 10174707140, got 15174707140
  3268689177 + 7206401728 = 10475090905, got 10475090955
  9402679499 + 9293095411 = 18695774910, got 19695774910
  7701689194 + 2464118324 = 10165807518, got 15165807518
  7646880009 + 2551938226 = 10198818235, got 15198818235
  7295822456 + 4296380992 = 11592203448, got 11492203448
  7432525301 + 2729160072 = 10161685373, got 15161685373
  1021342827 + 3984740878 = 5006083705, got 5006083755
  81961529 + 9459981677 = 9541943206, got 9541943256
  7429412583 + 2625801697 = 10055214280, got 15055214280
  7613860785 + 2586043097 = 10199903882, got 15199903882
