Model: 3,381 parameters
Config: d=14, h=2, L=2, ff=20
Device: mps

Training for 30000 steps...
  step   500 | loss 1.523313 | lr 0.001000 | 0.2min
  step  1000 | loss 1.417299 | lr 0.000999 | 0.3min
  VAL 0.00%
  step  1500 | loss 1.385417 | lr 0.000996 | 0.4min
  step  2000 | loss 1.342263 | lr 0.000992 | 0.5min
  VAL 0.00%
  step  2500 | loss 1.364451 | lr 0.000987 | 0.6min
  step  3000 | loss 1.378785 | lr 0.000980 | 0.8min
  VAL 0.00%
  step  3500 | loss 1.312501 | lr 0.000972 | 0.9min
  step  4000 | loss 1.283833 | lr 0.000962 | 1.0min
  VAL 0.00%
  step  4500 | loss 1.261391 | lr 0.000951 | 1.1min
  step  5000 | loss 1.248104 | lr 0.000939 | 1.3min
  VAL 0.00%
  step  5500 | loss 1.208775 | lr 0.000926 | 1.4min
  step  6000 | loss 1.224983 | lr 0.000912 | 1.5min
  VAL 0.00%
  step  6500 | loss 1.223320 | lr 0.000896 | 1.6min
  step  7000 | loss 1.179307 | lr 0.000880 | 1.7min
  VAL 0.00%
  step  7500 | loss 1.188073 | lr 0.000862 | 1.8min
  step  8000 | loss 1.104342 | lr 0.000843 | 2.0min
  VAL 0.00%
  step  8500 | loss 0.873790 | lr 0.000823 | 2.1min
  step  9000 | loss 0.636692 | lr 0.000803 | 2.2min
  VAL 0.00%
  step  9500 | loss 0.524753 | lr 0.000781 | 2.3min
  step 10000 | loss 0.456560 | lr 0.000759 | 2.4min
  VAL 0.10%
  step 10500 | loss 0.416942 | lr 0.000736 | 2.5min
  step 11000 | loss 0.359871 | lr 0.000713 | 2.7min
  VAL 0.25%
  step 11500 | loss 0.268517 | lr 0.000688 | 2.8min
  step 12000 | loss 0.163965 | lr 0.000664 | 2.9min
  VAL 4.70%
  step 12500 | loss 0.127856 | lr 0.000638 | 3.0min
  step 13000 | loss 0.100471 | lr 0.000613 | 3.1min
  VAL 11.55%
  step 13500 | loss 0.094347 | lr 0.000587 | 3.3min
  step 14000 | loss 0.075034 | lr 0.000561 | 3.4min
  VAL 25.40%
  step 14500 | loss 0.069416 | lr 0.000534 | 3.5min
  step 15000 | loss 0.061783 | lr 0.000508 | 3.6min
  VAL 35.65%
  step 15500 | loss 0.060630 | lr 0.000481 | 3.7min
  step 16000 | loss 0.049182 | lr 0.000455 | 3.9min
  VAL 45.10%
  step 16500 | loss 0.046486 | lr 0.000429 | 4.0min
  step 17000 | loss 0.043223 | lr 0.000403 | 4.1min
  VAL 50.70%
  step 17500 | loss 0.043674 | lr 0.000377 | 4.2min
  step 18000 | loss 0.039667 | lr 0.000352 | 4.4min
  VAL 57.50%
  step 18500 | loss 0.035417 | lr 0.000327 | 4.5min
  step 19000 | loss 0.029273 | lr 0.000302 | 4.6min
  VAL 64.70%
  step 19500 | loss 0.026441 | lr 0.000278 | 4.7min
  step 20000 | loss 0.022957 | lr 0.000255 | 4.8min
  VAL 75.40%
  step 20500 | loss 0.021635 | lr 0.000232 | 5.0min
  step 21000 | loss 0.019814 | lr 0.000210 | 5.1min
  VAL 87.85%
  step 21500 | loss 0.016909 | lr 0.000189 | 5.2min
  step 22000 | loss 0.013511 | lr 0.000169 | 5.3min
  VAL 91.95%
  step 22500 | loss 0.012306 | lr 0.000149 | 5.5min
  step 23000 | loss 0.010242 | lr 0.000131 | 5.6min
  VAL 92.95%
  step 23500 | loss 0.009910 | lr 0.000114 | 5.7min
  step 24000 | loss 0.008902 | lr 0.000097 | 5.8min
  VAL 93.60%
  step 24500 | loss 0.008301 | lr 0.000082 | 6.0min
  step 25000 | loss 0.007615 | lr 0.000068 | 6.1min
  VAL 93.90%
  step 25500 | loss 0.007082 | lr 0.000056 | 6.2min
  step 26000 | loss 0.006218 | lr 0.000044 | 6.3min
  VAL 95.15%
  step 26500 | loss 0.005985 | lr 0.000034 | 6.4min
  step 27000 | loss 0.005689 | lr 0.000025 | 6.5min
  VAL 95.30%
  step 27500 | loss 0.005880 | lr 0.000017 | 6.7min
  step 28000 | loss 0.005611 | lr 0.000011 | 6.8min
  VAL 96.15%
  step 28500 | loss 0.005234 | lr 0.000006 | 7.0min
  step 29000 | loss 0.005368 | lr 0.000003 | 7.1min
  VAL 96.05%
  step 29500 | loss 0.005659 | lr 0.000001 | 7.2min
  step 30000 | loss 0.005227 | lr 0.000000 | 7.3min
  VAL 95.95%

Training complete in 7.4 minutes
Best test accuracy: 0.0000%
