Model: RL4RL Autoresearch candidate
Author: configured in run manifest
Parameters (unique): 3840
Architecture: decoder-only addition transformer d=16, h=2, L=2, ff=13
Tricks: autoregressive greedy decoding, weights from checkpoint

  Progress: 1000/10010 (999/1000 correct) [6.5s]
  Progress: 2000/10010 (1999/2000 correct) [13.0s]
  Progress: 3000/10010 (2999/3000 correct) [19.5s]
  Progress: 4000/10010 (3999/4000 correct) [26.0s]
  Progress: 5000/10010 (4999/5000 correct) [32.5s]
  Progress: 6000/10010 (5999/6000 correct) [39.0s]
  Progress: 7000/10010 (6999/7000 correct) [45.4s]
  Progress: 8000/10010 (7999/8000 correct) [51.8s]
  Progress: 9000/10010 (8999/9000 correct) [58.2s]
  Progress: 10000/10010 (9999/10000 correct) [64.7s]

Results: 10009/10010 correct (99.99%)
Time: 64.7s (155 additions/sec)
Status: QUALIFIED (threshold: 99%)

Failures (1):
  5000000000 + 5000000000 = 10000000000, got 0
