Initialized from retained incumbent: /Users/utshaho/Documents/GitHub/rl4rl/data/raw/autoresearch/sol-xhigh-overnight-20260814/state/incumbent.pt
Model: 3,552 parameters
Config: d=16, h=2, L=2, ff=10
Device: mps

INITIAL VAL 0.00%

Fine-tuning for up to 10000 steps...
  step   500 | loss 0.021212 | lr 0.000100 | 0.1min
  VAL 72.05%
  step  1000 | loss 0.001347 | lr 0.000099 | 0.3min
  VAL 99.65%
  TEST 99.1300%
  *** New best: 99.1300% ***
  step  1500 | loss 0.000211 | lr 0.000096 | 0.4min
  VAL 99.90%
  TEST 99.8900%
  *** New best: 99.8900% ***
  step  2000 | loss 0.000239 | lr 0.000093 | 0.6min
  VAL 99.80%
  TEST 99.9300%
  *** New best: 99.9300% ***
  step  2500 | loss 0.000085 | lr 0.000088 | 0.8min
  VAL 99.95%
  TEST 99.9900%
  *** New best: 99.9900% ***
  step  3000 | loss 0.000118 | lr 0.000082 | 1.0min
  VAL 100.00%
  TEST 99.9900%
  step  3500 | loss 0.000050 | lr 0.000075 | 1.1min
  VAL 100.00%
  TEST 100.0000%
  *** New best: 100.0000% ***
Fine-tuned candidate reached the early-stop target.
