Model: 2,864 parameters
Config: d=16, h=2, L=2, ff=16
Device: mps

Training for 30000 steps...
  step   500 | loss 1.380610 | lr 0.001000 | 0.2min
  step  1000 | loss 1.353905 | lr 0.000999 | 0.3min
  VAL 0.00%
  step  1500 | loss 1.135486 | lr 0.000996 | 0.4min
  step  2000 | loss 0.910791 | lr 0.000992 | 0.6min
  VAL 0.00%
  step  2500 | loss 0.799693 | lr 0.000987 | 0.7min
  step  3000 | loss 0.610325 | lr 0.000980 | 0.8min
  VAL 0.40%
  step  3500 | loss 0.437838 | lr 0.000972 | 0.9min
  step  4000 | loss 0.379468 | lr 0.000962 | 1.0min
  VAL 5.65%
  step  4500 | loss 0.345116 | lr 0.000951 | 1.2min
  step  5000 | loss 0.315751 | lr 0.000939 | 1.3min
  VAL 8.25%
  step  5500 | loss 0.301755 | lr 0.000926 | 1.4min
  step  6000 | loss 0.288321 | lr 0.000912 | 1.5min
  VAL 8.10%
  step  6500 | loss 0.269852 | lr 0.000896 | 1.6min
  step  7000 | loss 0.262591 | lr 0.000880 | 1.7min
  VAL 8.65%
  step  7500 | loss 0.266384 | lr 0.000862 | 1.8min
  step  8000 | loss 0.255294 | lr 0.000843 | 2.0min
  VAL 9.10%
  step  8500 | loss 0.244174 | lr 0.000823 | 2.1min
  step  9000 | loss 0.241914 | lr 0.000803 | 2.2min
  VAL 8.55%
  step  9500 | loss 0.238873 | lr 0.000781 | 2.3min
  step 10000 | loss 0.237955 | lr 0.000759 | 2.4min
  VAL 9.30%
  step 10500 | loss 0.233564 | lr 0.000736 | 2.5min
  step 11000 | loss 0.234092 | lr 0.000713 | 2.7min
  VAL 8.60%
  step 11500 | loss 0.234506 | lr 0.000688 | 2.8min
  step 12000 | loss 0.230543 | lr 0.000664 | 3.0min
  VAL 10.00%
  step 12500 | loss 0.228861 | lr 0.000638 | 3.1min
  step 13000 | loss 0.229808 | lr 0.000613 | 3.2min
  VAL 9.30%
  step 13500 | loss 0.225062 | lr 0.000587 | 3.4min
  step 14000 | loss 0.223590 | lr 0.000561 | 3.5min
  VAL 8.85%
  step 14500 | loss 0.224447 | lr 0.000534 | 3.6min
  step 15000 | loss 0.224522 | lr 0.000508 | 3.7min
  VAL 9.05%
  step 15500 | loss 0.222691 | lr 0.000481 | 3.9min
  step 16000 | loss 0.218245 | lr 0.000455 | 4.0min
  VAL 9.05%
  step 16500 | loss 0.219271 | lr 0.000429 | 4.1min
  step 17000 | loss 0.219187 | lr 0.000403 | 4.2min
  VAL 9.00%
  step 17500 | loss 0.219018 | lr 0.000377 | 4.3min
  step 18000 | loss 0.217359 | lr 0.000352 | 4.4min
  VAL 9.30%
  step 18500 | loss 0.216091 | lr 0.000327 | 4.5min
  step 19000 | loss 0.214524 | lr 0.000302 | 4.7min
  VAL 10.55%
  step 19500 | loss 0.213961 | lr 0.000278 | 4.8min
  step 20000 | loss 0.214621 | lr 0.000255 | 4.9min
  VAL 10.45%
  step 20500 | loss 0.212660 | lr 0.000232 | 5.0min
  step 21000 | loss 0.212971 | lr 0.000210 | 5.1min
  VAL 8.85%
  step 21500 | loss 0.211282 | lr 0.000189 | 5.3min
  step 22000 | loss 0.211143 | lr 0.000169 | 5.4min
  VAL 9.40%
  step 22500 | loss 0.210928 | lr 0.000149 | 5.5min
  step 23000 | loss 0.210150 | lr 0.000131 | 5.6min
  VAL 9.60%
  step 23500 | loss 0.209285 | lr 0.000114 | 5.8min
  step 24000 | loss 0.209109 | lr 0.000097 | 5.9min
  VAL 9.50%
  step 24500 | loss 0.208131 | lr 0.000082 | 6.1min
  step 25000 | loss 0.207813 | lr 0.000068 | 6.2min
  VAL 9.50%
  step 25500 | loss 0.207470 | lr 0.000056 | 6.3min
  step 26000 | loss 0.207084 | lr 0.000044 | 6.4min
  VAL 9.20%
  step 26500 | loss 0.206506 | lr 0.000034 | 6.6min
  step 27000 | loss 0.206516 | lr 0.000025 | 6.7min
  VAL 9.75%
  step 27500 | loss 0.206076 | lr 0.000017 | 6.8min
  step 28000 | loss 0.205658 | lr 0.000011 | 6.9min
  VAL 9.50%
  step 28500 | loss 0.205662 | lr 0.000006 | 7.0min
  step 29000 | loss 0.205400 | lr 0.000003 | 7.1min
  VAL 9.10%
  step 29500 | loss 0.205684 | lr 0.000001 | 7.3min
  step 30000 | loss 0.205356 | lr 0.000000 | 7.4min
  VAL 9.35%

Training complete in 7.4 minutes
Best test accuracy: 0.0000%
