Model: RL4RL Autoresearch candidate
Author: configured in run manifest
Parameters (unique): 2864
Architecture: decoder-only addition transformer d=16, h=2, L=2, ff=16
Tricks: autoregressive greedy decoding, weights from checkpoint

  Progress: 1000/10010 (92/1000 correct) [8.3s]
  Progress: 2000/10010 (194/2000 correct) [16.6s]
  Progress: 3000/10010 (305/3000 correct) [24.9s]
  Progress: 4000/10010 (406/4000 correct) [33.2s]
  Progress: 5000/10010 (509/5000 correct) [41.4s]
  Progress: 6000/10010 (620/6000 correct) [49.7s]
  Progress: 7000/10010 (711/7000 correct) [58.2s]
  Progress: 8000/10010 (790/8000 correct) [65.6s]
  Progress: 9000/10010 (905/9000 correct) [72.8s]
  Progress: 10000/10010 (1019/10000 correct) [80.1s]

Results: 1020/10010 correct (10.19%)
Time: 80.2s (125 additions/sec)
Status: NOT QUALIFIED (threshold: 99%)

First 20 failures (of 8990):
  0 + 0 = 0, got 9
  0 + 1 = 1, got 9
  9999999999 + 0 = 9999999999, got 10000000000
  9999999999 + 9999999999 = 19999999998, got 9999999990
  5000000000 + 5000000000 = 10000000000, got 10000000008
  9999999999 + 9999999999 = 19999999998, got 9999999990
  2395527356 + 9334186774 = 11729714130, got 11729714129
  4296888873 + 8475224721 = 12772113594, got 12772113590
  2446880696 + 4577514554 = 7024395250, got 7024395249
  1721735679 + 186192860 = 1907928539, got 1907928540
  3295396137 + 8512642381 = 11808038518, got 11808038519
  4721664841 + 8801376086 = 13523040927, got 13523040930
  8709633390 + 2191376109 = 10901009499, got 10901009500
  813236058 + 3041824170 = 3855060228, got 3855060226
  7038162399 + 8251837442 = 15289999841, got 15289999844
  3917771074 + 2558389380 = 6476160454, got 6476160450
  2345623234 + 894115330 = 3239738564, got 3239738559
  9635552803 + 139097711 = 9774650514, got 9774650520
  5487960534 + 2479695299 = 7967655833, got 7967655829
  9981988602 + 6255527173 = 16237515775, got 16237515780
