Model: RL4RL Autoresearch candidate
Author: configured in run manifest
Parameters (unique): 1999
Architecture: decoder-only addition transformer d=16, h=2, L=2, ff=10, block1_ff=8, fixed_separators=True, tied_position_pairs=[[4, 15], [7, 18], [5, 16], [3, 14], [2, 13], [8, 19], [6, 17], [1, 12], [0, 11], [9, 20]], interpolated_positions=[23, 24, 25, 26, 27], qkv_pruned=49
Tricks: autoregressive greedy decoding, weights from checkpoint

  Progress: 1000/10010 (996/1000 correct) [4.4s]
  Progress: 2000/10010 (1994/2000 correct) [8.9s]
  Progress: 3000/10010 (2991/3000 correct) [13.3s]
  Progress: 4000/10010 (3989/4000 correct) [17.8s]
  Progress: 5000/10010 (4988/5000 correct) [22.3s]
  Progress: 6000/10010 (5985/6000 correct) [26.7s]
  Progress: 7000/10010 (6984/7000 correct) [31.1s]
  Progress: 8000/10010 (7983/8000 correct) [35.6s]
  Progress: 9000/10010 (8981/9000 correct) [40.1s]
  Progress: 10000/10010 (9978/10000 correct) [44.6s]

Results: 9988/10010 correct (99.78%)
Time: 44.6s (224 additions/sec)
Status: QUALIFIED (threshold: 99%)

First 20 failures (of 22):
  2419324703 + 3516291980 = 5935616683, got 5835616683
  9311953319 + 8075961533 = 17387914852, got 17387924852
  4501354141 + 9409669647 = 13911023788, got 13811023788
  5050829486 + 4461895863 = 9512725349, got 9522725349
  2414276349 + 2517436867 = 4931713216, got 4831713216
  1250752284 + 7461921270 = 8712673554, got 8722673554
  4930456986 + 9302196212 = 14232653198, got 14232654198
  695805414 + 9216193806 = 9911999220, got 9912999220
  9896845829 + 8765133727 = 18661979556, got 18662979556
  1415015538 + 2519348781 = 3934364319, got 3834364319
  8475463837 + 5951867109 = 14427330946, got 14427340946
  8191852004 + 7194996854 = 15386848858, got 15396848858
  8918493315 + 4192479048 = 13110972363, got 12110972363
  2828982940 + 2171822219 = 5000805159, got 4000805159
  9479323125 + 9453799615 = 18933122740, got 19933122740
  2984714356 + 399178727 = 3383893083, got 3384893083
  5753758157 + 4864961193 = 10618719350, got 10628719350
  4976077648 + 8127685554 = 13103763202, got 12103763202
  2540637875 + 2906523052 = 5447160927, got 4447160927
  4462858757 + 1054916799 = 5517775556, got 5527775556
