Model: 2,560 parameters
Config: d=16, h=2, L=2, ff=20
Device: mps

Training for 30000 steps...
  step   500 | loss 1.431418 | lr 0.001000 | 0.1min
  step  1000 | loss 1.422100 | lr 0.000999 | 0.3min
  VAL 0.00%
  step  1500 | loss 1.341782 | lr 0.000996 | 0.4min
  step  2000 | loss 1.322084 | lr 0.000992 | 0.5min
  VAL 0.00%
  step  2500 | loss 1.301513 | lr 0.000987 | 0.6min
  step  3000 | loss 1.270695 | lr 0.000980 | 0.7min
  VAL 0.00%
  step  3500 | loss 1.229930 | lr 0.000972 | 0.8min
  step  4000 | loss 1.077910 | lr 0.000962 | 1.0min
  VAL 0.00%
  step  4500 | loss 0.959696 | lr 0.000951 | 1.1min
  step  5000 | loss 0.743014 | lr 0.000939 | 1.2min
  VAL 0.00%
  step  5500 | loss 0.527965 | lr 0.000926 | 1.3min
  step  6000 | loss 0.449433 | lr 0.000912 | 1.4min
  VAL 0.55%
  step  6500 | loss 0.408371 | lr 0.000896 | 1.5min
  step  7000 | loss 0.398385 | lr 0.000880 | 1.6min
  VAL 2.20%
  step  7500 | loss 0.352970 | lr 0.000862 | 1.7min
  step  8000 | loss 0.348787 | lr 0.000843 | 1.9min
  VAL 3.60%
  step  8500 | loss 0.338201 | lr 0.000823 | 1.9min
  step  9000 | loss 0.333070 | lr 0.000803 | 2.1min
  VAL 4.95%
  step  9500 | loss 0.316573 | lr 0.000781 | 2.2min
  step 10000 | loss 0.308843 | lr 0.000759 | 2.3min
  VAL 4.75%
  step 10500 | loss 0.305628 | lr 0.000736 | 2.4min
  step 11000 | loss 0.301469 | lr 0.000713 | 2.5min
  VAL 5.05%
  step 11500 | loss 0.297225 | lr 0.000688 | 2.6min
  step 12000 | loss 0.287195 | lr 0.000664 | 2.7min
  VAL 5.90%
  step 12500 | loss 0.287657 | lr 0.000638 | 2.8min
  step 13000 | loss 0.283034 | lr 0.000613 | 3.0min
  VAL 7.65%
  step 13500 | loss 0.278792 | lr 0.000587 | 3.1min
  step 14000 | loss 0.271755 | lr 0.000561 | 3.2min
  VAL 8.20%
  step 14500 | loss 0.277869 | lr 0.000534 | 3.3min
  step 15000 | loss 0.273378 | lr 0.000508 | 3.4min
  VAL 7.80%
  step 15500 | loss 0.267716 | lr 0.000481 | 3.6min
  step 16000 | loss 0.262969 | lr 0.000455 | 3.7min
  VAL 6.95%
  step 16500 | loss 0.263749 | lr 0.000429 | 3.8min
  step 17000 | loss 0.262322 | lr 0.000403 | 3.9min
  VAL 8.65%
  step 17500 | loss 0.262227 | lr 0.000377 | 4.1min
  step 18000 | loss 0.255611 | lr 0.000352 | 4.2min
  VAL 9.10%
  step 18500 | loss 0.252140 | lr 0.000327 | 4.3min
  step 19000 | loss 0.254006 | lr 0.000302 | 4.4min
  VAL 8.75%
  step 19500 | loss 0.254580 | lr 0.000278 | 4.6min
  step 20000 | loss 0.252044 | lr 0.000255 | 4.7min
  VAL 8.70%
  step 20500 | loss 0.251187 | lr 0.000232 | 4.8min
  step 21000 | loss 0.245848 | lr 0.000210 | 4.9min
  VAL 8.90%
  step 21500 | loss 0.247947 | lr 0.000189 | 5.1min
  step 22000 | loss 0.245704 | lr 0.000169 | 5.2min
  VAL 9.25%
  step 22500 | loss 0.245244 | lr 0.000149 | 5.3min
  step 23000 | loss 0.243887 | lr 0.000131 | 5.4min
  VAL 9.70%
  step 23500 | loss 0.240257 | lr 0.000114 | 5.6min
  step 24000 | loss 0.239699 | lr 0.000097 | 5.7min
  VAL 9.05%
  step 24500 | loss 0.239510 | lr 0.000082 | 5.8min
  step 25000 | loss 0.236687 | lr 0.000068 | 5.9min
  VAL 8.85%
  step 25500 | loss 0.236347 | lr 0.000056 | 6.1min
  step 26000 | loss 0.235680 | lr 0.000044 | 6.2min
  VAL 8.85%
  step 26500 | loss 0.233762 | lr 0.000034 | 6.3min
  step 27000 | loss 0.235983 | lr 0.000025 | 6.4min
  VAL 9.40%
  step 27500 | loss 0.234747 | lr 0.000017 | 6.6min
  step 28000 | loss 0.233314 | lr 0.000011 | 6.7min
  VAL 9.25%
  step 28500 | loss 0.232244 | lr 0.000006 | 6.8min
  step 29000 | loss 0.233699 | lr 0.000003 | 6.9min
  VAL 9.15%
  step 29500 | loss 0.233516 | lr 0.000001 | 7.1min
  step 30000 | loss 0.233204 | lr 0.000000 | 7.2min
  VAL 9.20%

Training complete in 7.2 minutes
Best test accuracy: 0.0000%
