Initialized from retained incumbent: /Users/utshaho/Documents/GitHub/rl4rl/data/raw/autoresearch/sol-xhigh-overnight-20260814/state/incumbent.pt
Model: 3,712 parameters
Config: d=16, h=2, L=2, ff=11
Device: mps

INITIAL VAL 0.00%

Fine-tuning for up to 10000 steps...
  step   500 | loss 0.001673 | lr 0.000100 | 0.2min
  VAL 98.15%
  step  1000 | loss 0.000073 | lr 0.000099 | 0.3min
  VAL 98.80%
  step  1500 | loss 0.000038 | lr 0.000096 | 0.4min
  VAL 100.00%
  TEST 99.9900%
  *** New best: 99.9900% ***
  step  2000 | loss 0.000020 | lr 0.000093 | 0.6min
  VAL 100.00%
  TEST 99.9900%
  step  2500 | loss 0.000047 | lr 0.000088 | 0.7min
  VAL 99.65%
  TEST 99.5900%
  step  3000 | loss 0.000018 | lr 0.000082 | 0.9min
  VAL 99.85%
  TEST 99.8700%
  step  3500 | loss 0.000011 | lr 0.000075 | 1.1min
  VAL 100.00%
  TEST 100.0000%
  *** New best: 100.0000% ***
Fine-tuned candidate reached the early-stop target.
