Model: RL4RL Autoresearch candidate
Author: configured in run manifest
Parameters (unique): 1953
Architecture: decoder-only addition transformer d=16, h=2, L=2, ff=10, block1_ff=8, fixed_separators=True, tied_position_pairs=[[4, 15], [7, 18], [5, 16], [3, 14], [2, 13], [8, 19], [6, 17], [1, 12], [0, 11], [9, 20]], interpolated_positions=[23, 24, 25, 26, 27], qkv_pruned=95
Tricks: autoregressive greedy decoding, weights from checkpoint

  Progress: 1000/10010 (998/1000 correct) [4.5s]
  Progress: 2000/10010 (1995/2000 correct) [9.1s]
  Progress: 3000/10010 (2990/3000 correct) [13.6s]
  Progress: 4000/10010 (3988/4000 correct) [18.1s]
  Progress: 5000/10010 (4985/5000 correct) [22.6s]
  Progress: 6000/10010 (5984/6000 correct) [27.1s]
  Progress: 7000/10010 (6983/7000 correct) [31.6s]
  Progress: 8000/10010 (7981/8000 correct) [36.0s]
  Progress: 9000/10010 (8981/9000 correct) [40.5s]
  Progress: 10000/10010 (9979/10000 correct) [45.0s]

Results: 9989/10010 correct (99.79%)
Time: 45.1s (222 additions/sec)
Status: QUALIFIED (threshold: 99%)

First 20 failures (of 21):
  6780533471 + 5090190326 = 11870723797, got 10870723797
  5082841972 + 6389390906 = 11472232878, got 10472232878
  4624637094 + 517131976 = 5141769070, got 5041769070
  6047119139 + 5060676488 = 11107795627, got 10107795627
  5199705329 + 6225705022 = 11425410351, got 10425410351
  6268963137 + 5180516162 = 11449479299, got 10449479299
  5073074988 + 6351264488 = 11424339476, got 10424339476
  6660112625 + 5142876686 = 11802989311, got 10802989311
  6081827802 + 5355690034 = 11437517836, got 10437517836
  9278473654 + 9413599947 = 18692073601, got 19692073601
  6220808416 + 5189773965 = 11410582381, got 10410582381
  6034185843 + 5879550316 = 11913736159, got 10913736159
  5634381845 + 6168469548 = 11802851393, got 10802851393
  9402679499 + 9293095411 = 18695774910, got 19695774910
  6778965909 + 5155798510 = 11934764419, got 10934764419
  6005893433 + 5803299494 = 11809192927, got 10809192927
  6783914258 + 5146864684 = 11930778942, got 10930778942
  5812383983 + 6097421408 = 11909805391, got 10909805391
  6778241727 + 5155112706 = 11933354433, got 10933354433
  5118045857 + 6196185877 = 11314231734, got 10314231734
