Model: 3,520 parameters
Config: d=16, h=2, L=2, ff=16
Device: mps

Training for 30000 steps...
  step   500 | loss 1.970741 | lr 0.001000 | 0.2min
  step  1000 | loss 1.919599 | lr 0.000999 | 0.3min
  VAL 0.00%
  step  1500 | loss 1.919214 | lr 0.000996 | 0.5min
  step  2000 | loss 1.919340 | lr 0.000992 | 0.6min
  VAL 0.00%
  step  2500 | loss 1.919356 | lr 0.000987 | 0.7min
  step  3000 | loss 1.810993 | lr 0.000980 | 0.9min
  VAL 0.00%
  step  3500 | loss 1.679228 | lr 0.000972 | 1.0min
  step  4000 | loss 1.624907 | lr 0.000962 | 1.2min
  VAL 0.00%
  step  4500 | loss 1.600345 | lr 0.000951 | 1.3min
  step  5000 | loss 1.591582 | lr 0.000939 | 1.5min
  VAL 0.00%
  step  5500 | loss 1.581785 | lr 0.000926 | 1.6min
  step  6000 | loss 1.574874 | lr 0.000912 | 1.8min
  VAL 0.00%
  step  6500 | loss 1.565001 | lr 0.000896 | 1.9min
  step  7000 | loss 1.564568 | lr 0.000880 | 2.1min
  VAL 0.00%
  step  7500 | loss 1.559164 | lr 0.000862 | 2.2min
  step  8000 | loss 1.561093 | lr 0.000843 | 2.3min
  VAL 0.00%
  step  8500 | loss 1.554387 | lr 0.000823 | 2.5min
  step  9000 | loss 1.555297 | lr 0.000803 | 2.6min
  VAL 0.00%
  step  9500 | loss 1.554300 | lr 0.000781 | 2.8min
  step 10000 | loss 1.553083 | lr 0.000759 | 2.9min
  VAL 0.00%
  step 10500 | loss 1.549132 | lr 0.000736 | 3.0min
  step 11000 | loss 1.548555 | lr 0.000713 | 3.2min
  VAL 0.00%
  step 11500 | loss 1.547330 | lr 0.000688 | 3.3min
  step 12000 | loss 1.547538 | lr 0.000664 | 3.4min
  VAL 0.00%
  step 12500 | loss 1.380697 | lr 0.000638 | 3.6min
  step 13000 | loss 1.368545 | lr 0.000613 | 3.7min
  VAL 0.00%
  step 13500 | loss 1.366017 | lr 0.000587 | 3.8min
  step 14000 | loss 1.364961 | lr 0.000561 | 4.0min
  VAL 0.00%
  step 14500 | loss 1.365066 | lr 0.000534 | 4.1min
  step 15000 | loss 1.361831 | lr 0.000508 | 4.2min
  VAL 0.00%
  step 15500 | loss 1.361351 | lr 0.000481 | 4.4min
  step 16000 | loss 1.360286 | lr 0.000455 | 4.5min
  VAL 0.00%
  step 16500 | loss 1.359762 | lr 0.000429 | 4.7min
  step 17000 | loss 1.359603 | lr 0.000403 | 4.8min
  VAL 0.00%
  step 17500 | loss 1.358449 | lr 0.000377 | 4.9min
  step 18000 | loss 1.233978 | lr 0.000352 | 5.1min
  VAL 0.00%
  step 18500 | loss 1.175653 | lr 0.000327 | 5.2min
  step 19000 | loss 1.172982 | lr 0.000302 | 5.4min
  VAL 0.00%
  step 19500 | loss 1.170391 | lr 0.000278 | 5.5min
  step 20000 | loss 1.169226 | lr 0.000255 | 5.6min
  VAL 0.00%
  step 20500 | loss 1.168163 | lr 0.000232 | 5.8min
  step 21000 | loss 1.167207 | lr 0.000210 | 5.9min
  VAL 0.00%
  step 21500 | loss 1.009512 | lr 0.000189 | 6.0min
  step 22000 | loss 0.992158 | lr 0.000169 | 6.2min
  VAL 0.00%
  step 22500 | loss 0.984149 | lr 0.000149 | 6.3min
  step 23000 | loss 0.980948 | lr 0.000131 | 6.4min
  VAL 0.00%
  step 23500 | loss 0.981221 | lr 0.000114 | 6.6min
  step 24000 | loss 0.978502 | lr 0.000097 | 6.7min
  VAL 0.00%
  step 24500 | loss 0.978451 | lr 0.000082 | 6.9min
  step 25000 | loss 0.977791 | lr 0.000068 | 7.0min
  VAL 0.00%
  step 25500 | loss 0.976506 | lr 0.000056 | 7.2min
  step 26000 | loss 0.976188 | lr 0.000044 | 7.3min
  VAL 0.00%
  step 26500 | loss 0.975572 | lr 0.000034 | 7.4min
  step 27000 | loss 0.975481 | lr 0.000025 | 7.6min
  VAL 0.00%
  step 27500 | loss 0.975318 | lr 0.000017 | 7.7min
  step 28000 | loss 0.974860 | lr 0.000011 | 7.8min
  VAL 0.00%
  step 28500 | loss 0.974102 | lr 0.000006 | 8.0min
  step 29000 | loss 0.975366 | lr 0.000003 | 8.1min
  VAL 0.00%
  step 29500 | loss 0.974295 | lr 0.000001 | 8.3min
  step 30000 | loss 0.974649 | lr 0.000000 | 8.4min
  VAL 0.00%

Training complete in 8.4 minutes
Best test accuracy: 0.0000%
