Model: RL4RL Autoresearch candidate
Author: configured in run manifest
Parameters (unique): 3520
Architecture: decoder-only addition transformer d=16, h=2, L=2, ff=16
Tricks: autoregressive greedy decoding, weights from checkpoint

  Progress: 1000/10010 (3/1000 correct) [7.0s]
  Progress: 2000/10010 (3/2000 correct) [13.8s]
  Progress: 3000/10010 (3/3000 correct) [20.8s]
  Progress: 4000/10010 (3/4000 correct) [27.7s]
  Progress: 5000/10010 (3/5000 correct) [34.7s]
  Progress: 6000/10010 (3/6000 correct) [41.6s]
  Progress: 7000/10010 (3/7000 correct) [48.8s]
  Progress: 8000/10010 (3/8000 correct) [58.0s]
  Progress: 9000/10010 (3/9000 correct) [66.8s]
  Progress: 10000/10010 (3/10000 correct) [75.5s]

Results: 3/10010 correct (0.03%)
Time: 75.6s (132 additions/sec)
Status: NOT QUALIFIED (threshold: 99%)

First 20 failures (of 10007):
  0 + 0 = 0, got 10000444440
  0 + 1 = 1, got 10000444441
  9999999999 + 0 = 9999999999, got 10000000009
  9999999999 + 9999999999 = 19999999998, got 19999999898
  5000000000 + 5000000000 = 10000000000, got 10000444440
  1234567890 + 9876543210 = 11111111100, got 11111200000
  9999999999 + 9999999999 = 19999999998, got 19999999898
  2395527356 + 9334186774 = 11729714130, got 11730000000
  4296888873 + 8475224721 = 12772113594, got 12772333334
  2446880696 + 4577514554 = 7024395250, got 7024400000
  1721735679 + 186192860 = 1907928539, got 1908088889
  3295396137 + 8512642381 = 11808038518, got 11808000008
  4721664841 + 8801376086 = 13523040927, got 13522700627
  8709633390 + 2191376109 = 10901009499, got 10900433339
  813236058 + 3041824170 = 3855060228, got 3854853838
  7038162399 + 8251837442 = 15289999841, got 15290000081
  3917771074 + 2558389380 = 6476160454, got 6476333334
  2345623234 + 894115330 = 3239738564, got 3240044444
  9635552803 + 139097711 = 9774650514, got 9775344334
  3369214745 + 1580376784 = 4949591529, got 4950000889
