Model: 2,843 parameters
Config: d=14, h=2, L=2, ff=23
Device: mps

Training for 30000 steps...
  step   500 | loss 1.472987 | lr 0.001000 | 0.2min
  step  1000 | loss 1.399068 | lr 0.000999 | 0.3min
  VAL 0.00%
  step  1500 | loss 1.370593 | lr 0.000996 | 0.5min
  step  2000 | loss 1.384425 | lr 0.000992 | 0.6min
  VAL 0.00%
  step  2500 | loss 1.425072 | lr 0.000987 | 0.8min
  step  3000 | loss 1.332632 | lr 0.000980 | 0.9min
  VAL 0.00%
  step  3500 | loss 1.334148 | lr 0.000972 | 1.1min
  step  4000 | loss 1.289242 | lr 0.000962 | 1.2min
  VAL 0.00%
  step  4500 | loss 1.105864 | lr 0.000951 | 1.3min
  step  5000 | loss 0.594088 | lr 0.000939 | 1.5min
  VAL 0.00%
  step  5500 | loss 0.375873 | lr 0.000926 | 1.6min
  step  6000 | loss 0.290354 | lr 0.000912 | 1.8min
  VAL 4.95%
  step  6500 | loss 0.249732 | lr 0.000896 | 1.9min
  step  7000 | loss 0.229282 | lr 0.000880 | 2.1min
  VAL 7.95%
  step  7500 | loss 0.214433 | lr 0.000862 | 2.2min
  step  8000 | loss 0.206707 | lr 0.000843 | 2.3min
  VAL 9.25%
  step  8500 | loss 0.199796 | lr 0.000823 | 2.5min
  step  9000 | loss 0.197260 | lr 0.000803 | 2.6min
  VAL 10.55%
  step  9500 | loss 0.195642 | lr 0.000781 | 2.8min
  step 10000 | loss 0.194363 | lr 0.000759 | 2.9min
  VAL 9.45%
  step 10500 | loss 0.194691 | lr 0.000736 | 3.0min
  step 11000 | loss 0.193879 | lr 0.000713 | 3.2min
  VAL 8.80%
  step 11500 | loss 0.192458 | lr 0.000688 | 3.3min
  step 12000 | loss 0.193076 | lr 0.000664 | 3.4min
  VAL 10.95%
  step 12500 | loss 0.211312 | lr 0.000638 | 3.6min
  step 13000 | loss 0.192932 | lr 0.000613 | 3.7min
  VAL 8.75%
  step 13500 | loss 0.192191 | lr 0.000587 | 3.8min
  step 14000 | loss 0.192968 | lr 0.000561 | 4.0min
  VAL 8.85%
  step 14500 | loss 0.192309 | lr 0.000534 | 4.1min
  step 15000 | loss 0.192669 | lr 0.000508 | 4.3min
  VAL 9.70%
  step 15500 | loss 0.192405 | lr 0.000481 | 4.4min
  step 16000 | loss 0.192437 | lr 0.000455 | 4.5min
  VAL 8.85%
  step 16500 | loss 0.193353 | lr 0.000429 | 4.7min
  step 17000 | loss 0.192277 | lr 0.000403 | 4.8min
  VAL 10.55%
  step 17500 | loss 0.192171 | lr 0.000377 | 5.0min
  step 18000 | loss 0.192076 | lr 0.000352 | 5.1min
  VAL 9.65%
  step 18500 | loss 0.192135 | lr 0.000327 | 5.2min
  step 19000 | loss 0.192224 | lr 0.000302 | 5.4min
  VAL 9.70%
  step 19500 | loss 0.192249 | lr 0.000278 | 5.5min
  step 20000 | loss 0.192292 | lr 0.000255 | 5.7min
  VAL 9.70%
  step 20500 | loss 0.192200 | lr 0.000232 | 5.8min
  step 21000 | loss 0.192183 | lr 0.000210 | 6.0min
  VAL 11.35%
  step 21500 | loss 0.191709 | lr 0.000189 | 6.1min
  step 22000 | loss 0.192191 | lr 0.000169 | 6.3min
  VAL 7.90%
  step 22500 | loss 0.192128 | lr 0.000149 | 6.4min
  step 23000 | loss 0.191882 | lr 0.000131 | 6.5min
  VAL 9.90%
  step 23500 | loss 0.191695 | lr 0.000114 | 6.7min
  step 24000 | loss 0.192134 | lr 0.000097 | 6.8min
  VAL 10.25%
  step 24500 | loss 0.191729 | lr 0.000082 | 7.0min
  step 25000 | loss 0.191968 | lr 0.000068 | 7.1min
  VAL 9.10%
  step 25500 | loss 0.191710 | lr 0.000056 | 7.2min
  step 26000 | loss 0.191715 | lr 0.000044 | 7.4min
  VAL 10.05%
  step 26500 | loss 0.191967 | lr 0.000034 | 7.5min
  step 27000 | loss 0.191666 | lr 0.000025 | 7.7min
  VAL 8.70%
  step 27500 | loss 0.191860 | lr 0.000017 | 7.8min
  step 28000 | loss 0.191959 | lr 0.000011 | 7.9min
  VAL 10.40%
  step 28500 | loss 0.191949 | lr 0.000006 | 8.1min
  step 29000 | loss 0.191929 | lr 0.000003 | 8.2min
  VAL 10.10%
  step 29500 | loss 0.191912 | lr 0.000001 | 8.4min
  step 30000 | loss 0.191934 | lr 0.000000 | 8.5min
  VAL 9.55%

Training complete in 8.5 minutes
Best test accuracy: 0.0000%
