Model: RL4RL Autoresearch candidate
Author: configured in run manifest
Parameters (unique): 2843
Architecture: decoder-only addition transformer d=14, h=2, L=2, ff=23
Tricks: autoregressive greedy decoding, weights from checkpoint

  Progress: 1000/10010 (99/1000 correct) [9.3s]
  Progress: 2000/10010 (219/2000 correct) [18.7s]
  Progress: 3000/10010 (315/3000 correct) [28.1s]
  Progress: 4000/10010 (429/4000 correct) [37.5s]
  Progress: 5000/10010 (538/5000 correct) [46.9s]
  Progress: 6000/10010 (647/6000 correct) [56.4s]
  Progress: 7000/10010 (754/7000 correct) [65.8s]
  Progress: 8000/10010 (853/8000 correct) [75.2s]
  Progress: 9000/10010 (938/9000 correct) [84.6s]
  Progress: 10000/10010 (1050/10000 correct) [93.9s]

Results: 1052/10010 correct (10.51%)
Time: 94.0s (106 additions/sec)
Status: NOT QUALIFIED (threshold: 99%)

First 20 failures (of 8958):
  0 + 1 = 1, got 0
  9999999999 + 0 = 9999999999, got 9999999995
  9999999999 + 1 = 10000000000, got 9999999995
  9999999999 + 9999999999 = 19999999998, got 19999999991
  1111111111 + 8888888889 = 10000000000, got 10000000005
  1234567890 + 9876543210 = 11111111100, got 11111111106
  9999999999 + 9999999999 = 19999999998, got 19999999991
  1 + 9999999999 = 10000000000, got 10000000005
  2395527356 + 9334186774 = 11729714130, got 11729714126
  4296888873 + 8475224721 = 12772113594, got 12772113596
  2446880696 + 4577514554 = 7024395250, got 7024395248
  1721735679 + 186192860 = 1907928539, got 1907928537
  3295396137 + 8512642381 = 11808038518, got 11808038515
  4721664841 + 8801376086 = 13523040927, got 13523040925
  8709633390 + 2191376109 = 10901009499, got 10901009505
  7038162399 + 8251837442 = 15289999841, got 15289999845
  3917771074 + 2558389380 = 6476160454, got 6476160456
  2345623234 + 894115330 = 3239738564, got 3239738568
  9635552803 + 139097711 = 9774650514, got 9774650515
  3369214745 + 1580376784 = 4949591529, got 4949591526
