Model: 4,544 parameters
Config: d=16, h=2, L=2, ff=24
Device: mps

Training for 15000 steps...
  step   500 | loss 1.434432 | lr 0.001000 | 0.2min
  step  1000 | loss 1.373729 | lr 0.000994 | 0.3min
  VAL 0.00%
  step  1500 | loss 1.342143 | lr 0.000984 | 0.4min
  step  2000 | loss 1.101219 | lr 0.000967 | 0.6min
  VAL 0.00%
  step  2500 | loss 0.685217 | lr 0.000946 | 0.7min
  step  3000 | loss 0.355464 | lr 0.000919 | 0.9min
  VAL 2.90%
  step  3500 | loss 0.223114 | lr 0.000888 | 1.0min
  step  4000 | loss 0.164649 | lr 0.000852 | 1.2min
  VAL 27.85%
  step  4500 | loss 0.128541 | lr 0.000812 | 1.3min
  step  5000 | loss 0.107194 | lr 0.000768 | 1.4min
  VAL 43.90%
  step  5500 | loss 0.086436 | lr 0.000722 | 1.6min
  step  6000 | loss 0.074531 | lr 0.000673 | 1.7min
  VAL 61.15%
  step  6500 | loss 0.058699 | lr 0.000622 | 1.8min
  step  7000 | loss 0.047481 | lr 0.000569 | 2.0min
  VAL 82.50%
  step  7500 | loss 0.036479 | lr 0.000516 | 2.1min
  step  8000 | loss 0.032246 | lr 0.000463 | 2.3min
  VAL 87.35%
  step  8500 | loss 0.029657 | lr 0.000410 | 2.4min
  step  9000 | loss 0.023607 | lr 0.000358 | 2.5min
  VAL 96.25%
  step  9500 | loss 0.019925 | lr 0.000307 | 2.7min
  step 10000 | loss 0.016032 | lr 0.000259 | 2.8min
  VAL 97.95%
  step 10500 | loss 0.014647 | lr 0.000214 | 3.0min
  step 11000 | loss 0.012858 | lr 0.000172 | 3.1min
  VAL 98.40%
  step 11500 | loss 0.010938 | lr 0.000133 | 3.2min
  step 12000 | loss 0.009912 | lr 0.000099 | 3.4min
  VAL 98.65%
  step 12500 | loss 0.008824 | lr 0.000070 | 3.5min
  step 13000 | loss 0.008576 | lr 0.000045 | 3.6min
  VAL 99.10%
  TEST 98.9200%
  *** New best: 98.9200% ***
  step 13500 | loss 0.008725 | lr 0.000025 | 3.8min
  step 14000 | loss 0.007799 | lr 0.000011 | 4.0min
  VAL 98.95%
  step 14500 | loss 0.007726 | lr 0.000003 | 4.1min
  step 15000 | loss 0.008037 | lr 0.000000 | 4.2min
  VAL 99.00%
  TEST 98.9700%
  *** New best: 98.9700% ***

Training complete in 4.3 minutes
Best test accuracy: 98.9700%
