Model: RL4RL Autoresearch candidate
Author: configured in run manifest
Parameters (unique): 4544
Architecture: decoder-only addition transformer d=16, h=2, L=2, ff=24
Tricks: autoregressive greedy decoding, weights from checkpoint

  Progress: 1000/10010 (985/1000 correct) [8.7s]
  Progress: 2000/10010 (1967/2000 correct) [17.4s]
  Progress: 3000/10010 (2958/3000 correct) [26.1s]
  Progress: 4000/10010 (3949/4000 correct) [36.7s]
  Progress: 5000/10010 (4934/5000 correct) [46.9s]
  Progress: 6000/10010 (5924/6000 correct) [57.5s]
  Progress: 7000/10010 (6912/7000 correct) [68.1s]
  Progress: 8000/10010 (7903/8000 correct) [78.8s]
  Progress: 9000/10010 (8891/9000 correct) [89.4s]
  Progress: 10000/10010 (9884/10000 correct) [100.1s]

Results: 9894/10010 correct (98.84%)
Time: 100.2s (100 additions/sec)
Status: NOT QUALIFIED (threshold: 99%)

First 20 failures (of 116):
  9999999999 + 9999999999 = 19999999998, got 49999999998
  5000000000 + 5000000000 = 10000000000, got 0
  9999999999 + 9999999999 = 19999999998, got 49999999998
  8008860398 + 8198644106 = 16207504504, got 6207504504
  7197773205 + 9077000387 = 16274773592, got 6274773592
  6785680981 + 6097908899 = 12883589880, got 2883589880
  4184380900 + 6023296350 = 10207677250, got 207677250
  7707466446 + 9667319220 = 17374785666, got 97374785666
  6293824806 + 6680962140 = 12974786946, got 13074786946
  9957898751 + 9859613698 = 19817512449, got 29817512449
  8922508953 + 8744108725 = 17666617678, got 97666617678
  3286702990 + 9714017617 = 13000720607, got 3000720607
  9949339211 + 8948002488 = 18897341699, got 28897341699
  7046067572 + 5262711836 = 12308779408, got 2308779408
  8047531742 + 7287348858 = 15334880600, got 5334880600
  5091289087 + 866597912 = 5957886999, got 5957887099
  8261590786 + 5008960142 = 13270550928, got 3270550928
  1617921276 + 9092197881 = 10710119157, got 710119157
  9667565466 + 7850999362 = 17518564828, got 97518564828
  1187966435 + 9088317174 = 10276283609, got 276283609
