Model: RL4RL Autoresearch candidate
Author: configured in run manifest
Parameters (unique): 1997
Architecture: decoder-only addition transformer d=16, h=2, L=2, ff=10, block1_ff=8, fixed_separators=True, tied_position_pairs=[[4, 15], [7, 18], [5, 16], [3, 14], [2, 13], [8, 19], [6, 17], [1, 12], [0, 11], [9, 20]], interpolated_positions=[23, 24, 25, 26, 27], qkv_pruned=51
Tricks: autoregressive greedy decoding, weights from checkpoint

  Progress: 1000/10010 (998/1000 correct) [4.5s]
  Progress: 2000/10010 (1993/2000 correct) [8.9s]
  Progress: 3000/10010 (2989/3000 correct) [13.4s]
  Progress: 4000/10010 (3985/4000 correct) [17.8s]
  Progress: 5000/10010 (4978/5000 correct) [22.3s]
  Progress: 6000/10010 (5971/6000 correct) [26.7s]
  Progress: 7000/10010 (6967/7000 correct) [31.2s]
  Progress: 8000/10010 (7965/8000 correct) [35.7s]
  Progress: 9000/10010 (8960/9000 correct) [40.2s]
  Progress: 10000/10010 (9955/10000 correct) [44.6s]

Results: 9965/10010 correct (99.55%)
Time: 44.6s (224 additions/sec)
Status: QUALIFIED (threshold: 99%)

First 20 failures (of 45):
  6714470815 + 8350245267 = 15064716082, got 15564716082
  8278760141 + 9789423285 = 18068183426, got 18568183426
  5250483323 + 6768919741 = 12019403064, got 12519403064
  4624637094 + 517131976 = 5141769070, got 5041769070
  2763076017 + 9267356007 = 12030432024, got 12530432024
  6765445328 + 1271516668 = 8036961996, got 7536961996
  8619826738 + 4616944263 = 13236771001, got 13136771001
  6660112625 + 5142876686 = 11802989311, got 10802989311
  6776593776 + 5269222682 = 12045816458, got 12545816458
  9278473654 + 9413599947 = 18692073601, got 19692073601
  5793391971 + 3268104699 = 9061496670, got 8461496670
  1798242999 + 3267329002 = 5065572001, got 4465572001
  769934205 + 3291658886 = 4061593091, got 4461593091
  2793349138 + 5219640234 = 8012989372, got 7512989372
  7273544685 + 1791057659 = 9064602344, got 9564602344
  3669896045 + 5516370678 = 9186266723, got 9086266723
  8754851530 + 8313379501 = 17068231031, got 17568231031
  751551236 + 264559755 = 1016110991, got 516110991
  5634381845 + 6168469548 = 11802851393, got 10802851393
  9402679499 + 9293095411 = 18695774910, got 19695774910
