Model: RL4RL Autoresearch candidate
Author: configured in run manifest
Parameters (unique): 2528
Architecture: decoder-only addition transformer d=16, h=2, L=2, ff=14
Tricks: autoregressive greedy decoding, weights from checkpoint

  Progress: 1000/10010 (0/1000 correct) [5.9s]
  Progress: 2000/10010 (0/2000 correct) [11.6s]
  Progress: 3000/10010 (0/3000 correct) [17.3s]
  Progress: 4000/10010 (0/4000 correct) [23.1s]
  Progress: 5000/10010 (0/5000 correct) [28.8s]
  Progress: 6000/10010 (0/6000 correct) [34.5s]
  Progress: 7000/10010 (0/7000 correct) [40.3s]
  Progress: 8000/10010 (0/8000 correct) [46.0s]
  Progress: 9000/10010 (0/9000 correct) [51.6s]
  Progress: 10000/10010 (0/10000 correct) [57.3s]

Results: 0/10010 correct (0.00%)
Time: 57.4s (174 additions/sec)
Status: NOT QUALIFIED (threshold: 99%)

First 20 failures (of 10010):
  0 + 0 = 0, got 10
  0 + 1 = 1, got 3
  9999999999 + 0 = 9999999999, got 505050067
  9999999999 + 1 = 10000000000, got 505050007
  9999999999 + 9999999999 = 19999999998, got 97777778877
  5000000000 + 5000000000 = 10000000000, got 20
  1111111111 + 8888888889 = 10000000000, got 7450607777
  1234567890 + 9876543210 = 11111111100, got 500007761
  9999999999 + 9999999999 = 19999999998, got 97777778877
  1 + 9999999999 = 10000000000, got 505050007
  2395527356 + 9334186774 = 11729714130, got 600000000
  4296888873 + 8475224721 = 12772113594, got 651600665
  2446880696 + 4577514554 = 7024395250, got 6000006000
  1721735679 + 186192860 = 1907928539, got 2450608567
  3295396137 + 8512642381 = 11808038518, got 7600000774
  4721664841 + 8801376086 = 13523040927, got 33000007
  8709633390 + 2191376109 = 10901009499, got 97400000507
  813236058 + 3041824170 = 3855060228, got 7877750503
  7038162399 + 8251837442 = 15289999841, got 10400606007
  3917771074 + 2558389380 = 6476160454, got 5004040505
