Model: RL4RL Autoresearch candidate
Author: configured in run manifest
Parameters (unique): 1671
Architecture: decoder-only addition transformer d=16, h=2, L=2, ff=16
Tricks: autoregressive greedy decoding, weights from checkpoint

  Progress: 1000/10010 (922/1000 correct) [6.6s]
  Progress: 2000/10010 (1839/2000 correct) [13.3s]
  Progress: 3000/10010 (2754/3000 correct) [19.8s]
  Progress: 4000/10010 (3672/4000 correct) [26.4s]
  Progress: 5000/10010 (4584/5000 correct) [33.0s]
  Progress: 6000/10010 (5512/6000 correct) [39.5s]
  Progress: 7000/10010 (6423/7000 correct) [46.4s]
  Progress: 8000/10010 (7342/8000 correct) [53.1s]
  Progress: 9000/10010 (8271/9000 correct) [59.6s]
  Progress: 10000/10010 (9196/10000 correct) [66.2s]

Results: 9205/10010 correct (91.96%)
Time: 66.2s (151 additions/sec)
Status: NOT QUALIFIED (threshold: 99%)

First 20 failures (of 805):
  9999999999 + 9999999999 = 19999999998, got 18999999998
  9999999999 + 9999999999 = 19999999998, got 18999999998
  6337327306 + 4000359568 = 10337686874, got 337686874
  6903547159 + 9417582553 = 16321129712, got 15321129712
  8823385853 + 6806146418 = 15629532271, got 14629532271
  8710017511 + 6341231919 = 15051249430, got 14051249430
  6728496408 + 8405949359 = 15134445767, got 14134445767
  8895095383 + 2422751790 = 11317847173, got 11317847163
  6657008116 + 9426961828 = 16083969944, got 15083969944
  2082116569 + 716066843 = 2798183412, got 2799183412
  6842388929 + 5628531143 = 12470920072, got 12470920082
  1822866090 + 4832899953 = 6655766043, got 6555766043
  7197773205 + 9077000387 = 16274773592, got 6274773592
  6509152292 + 9209120080 = 15718272372, got 14818272372
  6648855846 + 9605058558 = 16253914404, got 15253914404
  6785680981 + 6097908899 = 12883589880, got 13883589880
  801026482 + 1939438410 = 2740464892, got 1640464892
  6969938512 + 1800378914 = 8770317426, got 8670317426
  4202356892 + 4313341183 = 8515698075, got 8515698065
  9229471617 + 9474184142 = 18703655759, got 16703655759
