Model: 2,128 parameters
Config: d=14, h=2, L=1, ff=20
Device: mps

Training for 30000 steps...
  step   500 | loss 1.481921 | lr 0.001000 | 0.1min
  step  1000 | loss 1.456683 | lr 0.000999 | 0.2min
  VAL 0.00%
  step  1500 | loss 1.413347 | lr 0.000996 | 0.3min
  step  2000 | loss 1.418593 | lr 0.000992 | 0.4min
  VAL 0.00%
  step  2500 | loss 1.363060 | lr 0.000987 | 0.5min
  step  3000 | loss 1.384779 | lr 0.000980 | 0.7min
  VAL 0.00%
  step  3500 | loss 1.392892 | lr 0.000972 | 0.8min
  step  4000 | loss 1.413596 | lr 0.000962 | 0.9min
  VAL 0.00%
  step  4500 | loss 1.375081 | lr 0.000951 | 1.0min
  step  5000 | loss 1.374937 | lr 0.000939 | 1.1min
  VAL 0.00%
  step  5500 | loss 1.380545 | lr 0.000926 | 1.2min
  step  6000 | loss 1.334526 | lr 0.000912 | 1.3min
  VAL 0.00%
  step  6500 | loss 1.362054 | lr 0.000896 | 1.4min
  step  7000 | loss 1.359208 | lr 0.000880 | 1.5min
  VAL 0.00%
  step  7500 | loss 1.351387 | lr 0.000862 | 1.5min
  step  8000 | loss 1.374020 | lr 0.000843 | 1.7min
  VAL 0.00%
  step  8500 | loss 1.338319 | lr 0.000823 | 1.7min
  step  9000 | loss 1.299698 | lr 0.000803 | 1.9min
  VAL 0.00%
  step  9500 | loss 1.319498 | lr 0.000781 | 2.0min
  step 10000 | loss 1.291462 | lr 0.000759 | 2.1min
  VAL 0.00%
  step 10500 | loss 1.338572 | lr 0.000736 | 2.2min
  step 11000 | loss 1.268670 | lr 0.000713 | 2.3min
  VAL 0.00%
  step 11500 | loss 1.255747 | lr 0.000688 | 2.4min
  step 12000 | loss 1.217000 | lr 0.000664 | 2.5min
  VAL 0.00%
  step 12500 | loss 1.160121 | lr 0.000638 | 2.6min
  step 13000 | loss 1.128436 | lr 0.000613 | 2.7min
  VAL 0.00%
  step 13500 | loss 1.090103 | lr 0.000587 | 2.8min
  step 14000 | loss 1.062357 | lr 0.000561 | 2.9min
  VAL 0.00%
  step 14500 | loss 1.029500 | lr 0.000534 | 3.0min
  step 15000 | loss 1.026782 | lr 0.000508 | 3.1min
  VAL 0.00%
  step 15500 | loss 0.998527 | lr 0.000481 | 3.2min
  step 16000 | loss 0.987570 | lr 0.000455 | 3.3min
  VAL 0.00%
  step 16500 | loss 0.999409 | lr 0.000429 | 3.4min
  step 17000 | loss 0.986637 | lr 0.000403 | 3.5min
  VAL 0.00%
  step 17500 | loss 0.930906 | lr 0.000377 | 3.6min
  step 18000 | loss 0.969849 | lr 0.000352 | 3.7min
  VAL 0.00%
  step 18500 | loss 0.928434 | lr 0.000327 | 3.8min
  step 19000 | loss 0.899635 | lr 0.000302 | 3.9min
  VAL 0.00%
  step 19500 | loss 0.866311 | lr 0.000278 | 3.9min
  step 20000 | loss 0.866737 | lr 0.000255 | 4.1min
  VAL 0.00%
  step 20500 | loss 0.846795 | lr 0.000232 | 4.2min
  step 21000 | loss 0.806213 | lr 0.000210 | 4.3min
  VAL 0.00%
  step 21500 | loss 0.790995 | lr 0.000189 | 4.4min
  step 22000 | loss 0.694619 | lr 0.000169 | 4.5min
  VAL 0.00%
  step 22500 | loss 0.680700 | lr 0.000149 | 4.6min
  step 23000 | loss 0.648047 | lr 0.000131 | 4.7min
  VAL 0.00%
  step 23500 | loss 0.630159 | lr 0.000114 | 4.8min
  step 24000 | loss 0.613543 | lr 0.000097 | 4.9min
  VAL 0.00%
  step 24500 | loss 0.601955 | lr 0.000082 | 5.0min
  step 25000 | loss 0.599649 | lr 0.000068 | 5.0min
  VAL 0.00%
  step 25500 | loss 0.597111 | lr 0.000056 | 5.2min
  step 26000 | loss 0.568586 | lr 0.000044 | 5.2min
  VAL 0.00%
  step 26500 | loss 0.585201 | lr 0.000034 | 5.4min
  step 27000 | loss 0.579232 | lr 0.000025 | 5.4min
  VAL 0.00%
  step 27500 | loss 0.575643 | lr 0.000017 | 5.5min
  step 28000 | loss 0.577081 | lr 0.000011 | 5.6min
  VAL 0.00%
  step 28500 | loss 0.581675 | lr 0.000006 | 5.7min
  step 29000 | loss 0.580691 | lr 0.000003 | 5.9min
  VAL 0.00%
  step 29500 | loss 0.583417 | lr 0.000001 | 6.0min
  step 30000 | loss 0.566006 | lr 0.000000 | 6.1min
  VAL 0.00%

Training complete in 6.1 minutes
Best test accuracy: 0.0000%
