Initialized from retained incumbent: /Users/utshaho/Documents/GitHub/rl4rl/data/raw/autoresearch/sol-xhigh-overnight-20260814/state/incumbent.pt
Model: 2,040 parameters
Config: d=16, h=2, L=2, ff=10
Device: mps

INITIAL VAL 99.45%
INITIAL TEST 99.2800%

Fine-tuning for up to 10000 steps...
  step   500 | loss 0.088513 | lr 0.000100 | 0.2min
  VAL 99.45%
  TEST 99.2500%
  step  1000 | loss 0.088798 | lr 0.000099 | 0.3min
  VAL 99.55%
  TEST 99.2000%
  step  1500 | loss 0.087249 | lr 0.000096 | 0.4min
  VAL 98.65%
  step  2000 | loss 0.085779 | lr 0.000093 | 0.5min
  VAL 99.80%
  TEST 99.6100%
  *** New best: 99.6100% ***
Fine-tuned candidate reached the early-stop target.
