Model: RL4RL Autoresearch candidate
Author: configured in run manifest
Parameters (unique): 2040
Architecture: decoder-only addition transformer d=16, h=2, L=2, ff=10, block1_ff=8, fixed_separators=True, tied_position_pairs=[[4, 15], [7, 18], [5, 16], [3, 14], [2, 13], [8, 19], [6, 17], [1, 12], [0, 11], [9, 20]], interpolated_positions=[23, 24, 25, 26, 27], qkv_pruned=8
Tricks: autoregressive greedy decoding, weights from checkpoint

  Progress: 1000/10010 (996/1000 correct) [4.4s]
  Progress: 2000/10010 (1992/2000 correct) [8.9s]
  Progress: 3000/10010 (2989/3000 correct) [13.4s]
  Progress: 4000/10010 (3984/4000 correct) [17.8s]
  Progress: 5000/10010 (4981/5000 correct) [22.1s]
  Progress: 6000/10010 (5976/6000 correct) [26.4s]
  Progress: 7000/10010 (6971/7000 correct) [30.7s]
  Progress: 8000/10010 (7971/8000 correct) [35.0s]
  Progress: 9000/10010 (8966/9000 correct) [39.3s]
  Progress: 10000/10010 (9962/10000 correct) [43.5s]

Results: 9972/10010 correct (99.62%)
Time: 43.6s (230 additions/sec)
Status: QUALIFIED (threshold: 99%)

First 20 failures (of 38):
  1590870754 + 3891940101 = 5482810855, got 5492810855
  4501354141 + 9409669647 = 13911023788, got 13811023788
  9949339211 + 8948002488 = 18897341699, got 18997341699
  8654770020 + 8611605297 = 17266375317, got 12266375317
  4761789463 + 3265121316 = 8026910779, got 7426910779
  4624637094 + 517131976 = 5141769070, got 5041769070
  2763076017 + 9267356007 = 12030432024, got 12430432024
  8619826738 + 4616944263 = 13236771001, got 13136771001
  9278473654 + 9413599947 = 18692073601, got 19692073601
  6932957980 + 5956539163 = 12889497143, got 12989497143
  5793391971 + 3268104699 = 9061496670, got 8461496670
  1798242999 + 3267329002 = 5065572001, got 5465572001
  1965085837 + 3760032072 = 5725117909, got 5715117909
  769934205 + 3291658886 = 4061593091, got 4461593091
  2763127007 + 3264936655 = 6028063662, got 5428063662
  9217700662 + 9448597295 = 18666297957, got 19666297957
  8191852004 + 7194996854 = 15386848858, got 15396848858
  9402679499 + 9293095411 = 18695774910, got 19695774910
  9964543372 + 5945248928 = 15909792300, got 16009792300
  8918493315 + 4192479048 = 13110972363, got 12110972363
