Initialized from retained incumbent: /Users/utshaho/Documents/GitHub/rl4rl/data/raw/autoresearch/sol-xhigh-overnight-20260814/state/incumbent.pt
Model: 2,352 parameters
Config: d=16, h=2, L=2, ff=10
Device: mps

INITIAL VAL 0.10%

Fine-tuning for up to 10000 steps...
  step   500 | loss 0.203251 | lr 0.000100 | 0.1min
  VAL 74.55%
  step  1000 | loss 0.185950 | lr 0.000099 | 0.2min
  VAL 95.10%
  step  1500 | loss 0.174547 | lr 0.000096 | 0.3min
  VAL 99.25%
  TEST 98.5300%
  *** New best: 98.5300% ***
  step  2000 | loss 0.167653 | lr 0.000093 | 0.5min
  VAL 98.90%
  step  2500 | loss 0.165190 | lr 0.000088 | 0.5min
  VAL 99.35%
  TEST 99.0100%
  *** New best: 99.0100% ***
  step  3000 | loss 0.165954 | lr 0.000082 | 0.7min
  VAL 98.00%
  step  3500 | loss 0.163383 | lr 0.000075 | 0.8min
  VAL 99.35%
  TEST 99.1500%
  *** New best: 99.1500% ***
  step  4000 | loss 0.162125 | lr 0.000068 | 0.9min
  VAL 98.65%
  step  4500 | loss 0.159598 | lr 0.000060 | 1.0min
  VAL 99.35%
  TEST 98.9300%
  step  5000 | loss 0.157189 | lr 0.000052 | 1.2min
  VAL 99.15%
  TEST 98.9000%
  step  5500 | loss 0.154523 | lr 0.000044 | 1.3min
  VAL 98.20%
  step  6000 | loss 0.154758 | lr 0.000036 | 1.4min
  VAL 98.70%
  step  6500 | loss 0.153726 | lr 0.000029 | 1.5min
  VAL 99.30%
  TEST 98.9800%
  step  7000 | loss 0.150751 | lr 0.000022 | 1.6min
  VAL 98.90%
  step  7500 | loss 0.151931 | lr 0.000016 | 1.7min
  VAL 98.65%
  step  8000 | loss 0.150326 | lr 0.000010 | 1.8min
  VAL 99.20%
  TEST 98.9900%
  step  8500 | loss 0.152499 | lr 0.000006 | 1.9min
  VAL 99.05%
  TEST 98.9900%
  step  9000 | loss 0.152792 | lr 0.000003 | 2.1min
  VAL 98.80%
  step  9500 | loss 0.150591 | lr 0.000001 | 2.1min
  VAL 99.25%
  TEST 99.1200%
  step 10000 | loss 0.149899 | lr 0.000000 | 2.3min
  VAL 99.20%
  TEST 99.0400%

Training complete in 2.3 minutes
Best test accuracy: 99.1500%
