Model: 3,648 parameters
Config: d=16, h=2, L=2, ff=20
Device: mps

Training for 30000 steps...
  step   500 | loss 1.487607 | lr 0.001000 | 0.2min
  step  1000 | loss 1.422788 | lr 0.000999 | 0.4min
  VAL 0.00%
  step  1500 | loss 1.361780 | lr 0.000996 | 0.5min
  step  2000 | loss 1.323943 | lr 0.000992 | 0.7min
  VAL 0.00%
  step  2500 | loss 1.327585 | lr 0.000987 | 0.8min
  step  3000 | loss 1.305950 | lr 0.000980 | 1.0min
  VAL 0.00%
  step  3500 | loss 1.287048 | lr 0.000972 | 1.2min
  step  4000 | loss 1.337292 | lr 0.000962 | 1.4min
  VAL 0.00%
  step  4500 | loss 1.284409 | lr 0.000951 | 1.6min
  step  5000 | loss 1.289825 | lr 0.000939 | 1.7min
  VAL 0.00%
  step  5500 | loss 1.283236 | lr 0.000926 | 1.9min
  step  6000 | loss 1.286377 | lr 0.000912 | 2.1min
  VAL 0.00%
  step  6500 | loss 1.254654 | lr 0.000896 | 2.2min
  step  7000 | loss 1.274075 | lr 0.000880 | 2.4min
  VAL 0.00%
  step  7500 | loss 1.288185 | lr 0.000862 | 2.5min
  step  8000 | loss 1.251018 | lr 0.000843 | 2.7min
  VAL 0.00%
  step  8500 | loss 1.295954 | lr 0.000823 | 2.9min
  step  9000 | loss 1.225961 | lr 0.000803 | 3.0min
  VAL 0.00%
  step  9500 | loss 1.263581 | lr 0.000781 | 3.2min
  step 10000 | loss 1.267887 | lr 0.000759 | 3.4min
  VAL 0.00%
  step 10500 | loss 1.207417 | lr 0.000736 | 3.5min
  step 11000 | loss 1.238768 | lr 0.000713 | 3.7min
  VAL 0.00%
  step 11500 | loss 1.224765 | lr 0.000688 | 3.9min
  step 12000 | loss 1.239367 | lr 0.000664 | 4.1min
  VAL 0.00%
  step 12500 | loss 1.220783 | lr 0.000638 | 4.2min
  step 13000 | loss 1.215580 | lr 0.000613 | 4.4min
  VAL 0.00%
  step 13500 | loss 1.226702 | lr 0.000587 | 4.5min
  step 14000 | loss 1.236979 | lr 0.000561 | 4.7min
  VAL 0.00%
  step 14500 | loss 1.224541 | lr 0.000534 | 4.8min
  step 15000 | loss 1.239204 | lr 0.000508 | 5.0min
  VAL 0.00%
  step 15500 | loss 1.254242 | lr 0.000481 | 5.2min
  step 16000 | loss 1.287896 | lr 0.000455 | 5.3min
  VAL 0.00%
  step 16500 | loss 1.234601 | lr 0.000429 | 5.5min
  step 17000 | loss 1.221191 | lr 0.000403 | 5.6min
  VAL 0.00%
  step 17500 | loss 1.220665 | lr 0.000377 | 5.8min
  step 18000 | loss 1.236074 | lr 0.000352 | 6.0min
  VAL 0.00%
  step 18500 | loss 1.229784 | lr 0.000327 | 6.1min
  step 19000 | loss 1.268005 | lr 0.000302 | 6.3min
  VAL 0.00%
  step 19500 | loss 1.223047 | lr 0.000278 | 6.4min
  step 20000 | loss 1.265061 | lr 0.000255 | 6.5min
  VAL 0.00%
  step 20500 | loss 1.203929 | lr 0.000232 | 6.7min
  step 21000 | loss 1.181587 | lr 0.000210 | 6.8min
  VAL 0.00%
  step 21500 | loss 1.250051 | lr 0.000189 | 7.0min
  step 22000 | loss 1.211637 | lr 0.000169 | 7.1min
  VAL 0.00%
  step 22500 | loss 1.235986 | lr 0.000149 | 7.2min
  step 23000 | loss 1.194987 | lr 0.000131 | 7.4min
  VAL 0.00%
  step 23500 | loss 1.181875 | lr 0.000114 | 7.5min
  step 24000 | loss 1.197577 | lr 0.000097 | 7.7min
  VAL 0.00%
  step 24500 | loss 1.194238 | lr 0.000082 | 7.9min
  step 25000 | loss 1.238086 | lr 0.000068 | 8.0min
  VAL 0.00%
  step 25500 | loss 1.188172 | lr 0.000056 | 8.2min
  step 26000 | loss 1.191713 | lr 0.000044 | 8.3min
  VAL 0.00%
  step 26500 | loss 1.168252 | lr 0.000034 | 8.5min
  step 27000 | loss 1.158883 | lr 0.000025 | 8.7min
  VAL 0.00%
  step 27500 | loss 1.152808 | lr 0.000017 | 8.8min
  step 28000 | loss 1.212900 | lr 0.000011 | 9.0min
  VAL 0.00%
  step 28500 | loss 1.199462 | lr 0.000006 | 9.2min
  step 29000 | loss 1.225581 | lr 0.000003 | 9.3min
  VAL 0.00%
  step 29500 | loss 1.165721 | lr 0.000001 | 9.5min
  step 30000 | loss 1.230076 | lr 0.000000 | 9.7min
  VAL 0.00%

Training complete in 9.7 minutes
Best test accuracy: 0.0000%
