Model: 2,739 parameters
Config: d=14, h=2, L=2, ff=23
Device: mps

Training for 30000 steps...
  step   500 | loss 1.497036 | lr 0.001000 | 0.2min
  step  1000 | loss 1.412736 | lr 0.000999 | 0.4min
  VAL 0.00%
  step  1500 | loss 1.385060 | lr 0.000996 | 0.5min
  step  2000 | loss 1.384046 | lr 0.000992 | 0.7min
  VAL 0.00%
  step  2500 | loss 1.369997 | lr 0.000987 | 0.9min
  step  3000 | loss 1.370331 | lr 0.000980 | 1.1min
  VAL 0.00%
  step  3500 | loss 1.344847 | lr 0.000972 | 1.2min
  step  4000 | loss 1.352258 | lr 0.000962 | 1.4min
  VAL 0.00%
  step  4500 | loss 1.319265 | lr 0.000951 | 1.5min
  step  5000 | loss 1.350932 | lr 0.000939 | 1.7min
  VAL 0.00%
  step  5500 | loss 1.307746 | lr 0.000926 | 1.9min
  step  6000 | loss 1.302921 | lr 0.000912 | 2.0min
  VAL 0.00%
  step  6500 | loss 1.264003 | lr 0.000896 | 2.2min
  step  7000 | loss 1.271655 | lr 0.000880 | 2.4min
  VAL 0.00%
  step  7500 | loss 1.249592 | lr 0.000862 | 2.5min
  step  8000 | loss 1.265285 | lr 0.000843 | 2.7min
  VAL 0.00%
  step  8500 | loss 1.203666 | lr 0.000823 | 2.9min
  step  9000 | loss 1.260483 | lr 0.000803 | 3.0min
  VAL 0.00%
  step  9500 | loss 1.182465 | lr 0.000781 | 3.2min
  step 10000 | loss 1.187823 | lr 0.000759 | 3.3min
  VAL 0.00%
  step 10500 | loss 1.223714 | lr 0.000736 | 3.4min
  step 11000 | loss 1.190320 | lr 0.000713 | 3.6min
  VAL 0.00%
  step 11500 | loss 1.198205 | lr 0.000688 | 3.7min
  step 12000 | loss 1.102874 | lr 0.000664 | 3.9min
  VAL 0.00%
  step 12500 | loss 0.884254 | lr 0.000638 | 4.0min
  step 13000 | loss 0.574628 | lr 0.000613 | 4.2min
  VAL 0.00%
  step 13500 | loss 0.227904 | lr 0.000587 | 4.3min
  step 14000 | loss 0.148142 | lr 0.000561 | 4.6min
  VAL 13.50%
  step 14500 | loss 0.090154 | lr 0.000534 | 4.7min
  step 15000 | loss 0.062357 | lr 0.000508 | 4.9min
  VAL 49.00%
  step 15500 | loss 0.049385 | lr 0.000481 | 5.1min
  step 16000 | loss 0.033597 | lr 0.000455 | 5.3min
  VAL 74.45%
  step 16500 | loss 0.026063 | lr 0.000429 | 5.6min
  step 17000 | loss 0.020922 | lr 0.000403 | 5.8min
  VAL 87.75%
  step 17500 | loss 0.016955 | lr 0.000377 | 6.0min
  step 18000 | loss 0.012366 | lr 0.000352 | 6.3min
  VAL 91.30%
  step 18500 | loss 0.011299 | lr 0.000327 | 6.5min
  step 19000 | loss 0.008684 | lr 0.000302 | 6.7min
  VAL 95.85%
  step 19500 | loss 0.008456 | lr 0.000278 | 6.9min
  step 20000 | loss 0.006692 | lr 0.000255 | 7.1min
  VAL 97.15%
  step 20500 | loss 0.005259 | lr 0.000232 | 7.3min
  step 21000 | loss 0.004636 | lr 0.000210 | 7.5min
  VAL 98.05%
  step 21500 | loss 0.003957 | lr 0.000189 | 7.7min
  step 22000 | loss 0.003173 | lr 0.000169 | 7.9min
  VAL 98.90%
  step 22500 | loss 0.002640 | lr 0.000149 | 8.2min
  step 23000 | loss 0.002539 | lr 0.000131 | 8.3min
  VAL 99.00%
  TEST 99.1800%
  *** New best: 99.1800% ***
  step 23500 | loss 0.002374 | lr 0.000114 | 8.6min
  step 24000 | loss 0.002323 | lr 0.000097 | 8.8min
  VAL 99.60%
  TEST 99.5300%
  *** New best: 99.5300% ***
  step 24500 | loss 0.002003 | lr 0.000082 | 9.0min
  step 25000 | loss 0.001771 | lr 0.000068 | 9.2min
  VAL 99.60%
  TEST 99.6600%
  *** New best: 99.6600% ***
  step 25500 | loss 0.001814 | lr 0.000056 | 9.5min
  step 26000 | loss 0.001754 | lr 0.000044 | 9.6min
  VAL 99.75%
  TEST 99.7800%
  *** New best: 99.7800% ***
  step 26500 | loss 0.001447 | lr 0.000034 | 9.9min
  step 27000 | loss 0.001573 | lr 0.000025 | 10.1min
  VAL 99.80%
  TEST 99.7700%
  step 27500 | loss 0.001427 | lr 0.000017 | 10.4min
  step 28000 | loss 0.001471 | lr 0.000011 | 10.6min
  VAL 99.70%
  TEST 99.7100%
  step 28500 | loss 0.001513 | lr 0.000006 | 10.8min
  step 29000 | loss 0.001398 | lr 0.000003 | 11.0min
  VAL 99.85%
  TEST 99.8100%
  *** New best: 99.8100% ***
  step 29500 | loss 0.001467 | lr 0.000001 | 11.4min
  step 30000 | loss 0.001333 | lr 0.000000 | 11.6min
  VAL 99.85%
  TEST 99.7800%

Training complete in 11.6 minutes
Best test accuracy: 99.8100%
