Model: RL4RL Autoresearch candidate
Author: configured in run manifest
Parameters (unique): 2739
Architecture: decoder-only addition transformer d=14, h=2, L=2, ff=23
Tricks: autoregressive greedy decoding, weights from checkpoint

  Progress: 1000/10010 (996/1000 correct) [10.4s]
  Progress: 2000/10010 (1993/2000 correct) [21.3s]
  Progress: 3000/10010 (2989/3000 correct) [31.4s]
  Progress: 4000/10010 (3987/4000 correct) [42.2s]
  Progress: 5000/10010 (4986/5000 correct) [53.4s]
  Progress: 6000/10010 (5983/6000 correct) [64.7s]
  Progress: 7000/10010 (6981/7000 correct) [75.3s]
  Progress: 8000/10010 (7979/8000 correct) [84.7s]
  Progress: 9000/10010 (8974/9000 correct) [96.9s]
  Progress: 10000/10010 (9970/10000 correct) [108.0s]

Results: 9980/10010 correct (99.70%)
Time: 108.1s (93 additions/sec)
Status: QUALIFIED (threshold: 99%)

First 20 failures (of 30):
  9572478093 + 6446454890 = 16018932983, got 15018932983
  9894721768 + 9867080840 = 19761802608, got 18761802608
  9949339211 + 8948002488 = 18897341699, got 18997341699
  8654770020 + 8611605297 = 17266375317, got 18266375317
  1162652726 + 8884382437 = 10047035163, got 47035163
  2131441930 + 9484007962 = 11615449892, got 10615449892
  8599797322 + 8699266275 = 17299063597, got 18299063597
  8764399635 + 8983158513 = 17747558148, got 18747558148
  6959675890 + 9546518974 = 16506194864, got 15506194864
  6975484545 + 9575534908 = 16551019453, got 15551019453
  9156859162 + 1928198302 = 11085057464, got 12085057464
  9120925190 + 1942096194 = 11063021384, got 12063021384
  869041148 + 4809028648 = 5678069796, got 5679069796
  5089566270 + 7539005906 = 12628572176, got 12629572176
  2063782680 + 9547118968 = 11610901648, got 10610901648
  8307423823 + 1950408241 = 10257832064, got 11257832064
  8171962902 + 7011888087 = 15183850989, got 16183850989
  8673054234 + 8614516394 = 17287570628, got 18287570628
  9183262208 + 9891261926 = 19074524134, got 18074524134
  8087922534 + 4931092410 = 13019014944, got 13119014944
