Model: 5,056 parameters
Config: d=16, h=2, L=2, ff=32
Device: mps

Training for 30000 steps...
  step   500 | loss 1.434752 | lr 0.001000 | 0.2min
  step  1000 | loss 1.384143 | lr 0.000999 | 0.4min
  VAL 0.00%
  step  1500 | loss 1.339933 | lr 0.000996 | 0.6min
  step  2000 | loss 1.116997 | lr 0.000992 | 15.8min
  VAL 0.00%
  step  2500 | loss 0.564305 | lr 0.000987 | 16.0min
  step  3000 | loss 0.438657 | lr 0.000980 | 16.2min
  VAL 3.20%
  step  3500 | loss 0.321096 | lr 0.000972 | 16.3min
  step  4000 | loss 0.260126 | lr 0.000962 | 16.6min
  VAL 7.35%
  step  4500 | loss 0.050977 | lr 0.000951 | 16.8min
  step  5000 | loss 0.030778 | lr 0.000939 | 17.0min
  VAL 87.30%
  step  5500 | loss 0.019677 | lr 0.000926 | 17.1min
  step  6000 | loss 0.011708 | lr 0.000912 | 17.3min
  VAL 91.60%
  step  6500 | loss 0.009543 | lr 0.000896 | 23.2min
  step  7000 | loss 0.005760 | lr 0.000880 | 23.4min
  VAL 96.05%
  step  7500 | loss 0.003480 | lr 0.000862 | 23.5min
  step  8000 | loss 0.001822 | lr 0.000843 | 23.7min
  VAL 99.90%
  TEST 99.8300%
  *** New best: 99.8300% ***
  step  8500 | loss 0.002710 | lr 0.000823 | 35.1min
  step  9000 | loss 0.001222 | lr 0.000803 | 35.4min
  VAL 99.95%
  TEST 99.8900%
  *** New best: 99.8900% ***
  step  9500 | loss 0.000953 | lr 0.000781 | 35.6min
  step 10000 | loss 0.000786 | lr 0.000759 | 35.8min
  VAL 99.95%
  TEST 99.9500%
  *** New best: 99.9500% ***
  step 10500 | loss 0.003694 | lr 0.000736 | 36.0min
  step 11000 | loss 0.003589 | lr 0.000713 | 36.2min
  VAL 98.75%
  step 11500 | loss 0.001259 | lr 0.000688 | 36.4min
  step 12000 | loss 0.000608 | lr 0.000664 | 36.5min
  VAL 100.00%
  TEST 99.9800%
  *** New best: 99.9800% ***
  step 12500 | loss 0.001480 | lr 0.000638 | 36.7min
  step 13000 | loss 0.006749 | lr 0.000613 | 36.9min
  VAL 87.60%
  step 13500 | loss 0.000462 | lr 0.000587 | 37.1min
  step 14000 | loss 0.000390 | lr 0.000561 | 37.3min
  VAL 100.00%
  TEST 99.9600%
  step 14500 | loss 0.000432 | lr 0.000534 | 37.5min
  step 15000 | loss 0.000581 | lr 0.000508 | 37.7min
  VAL 100.00%
  TEST 99.9800%
  step 15500 | loss 0.000377 | lr 0.000481 | 38.0min
  step 16000 | loss 0.000413 | lr 0.000455 | 38.2min
  VAL 99.30%
  TEST 99.5000%
  step 16500 | loss 0.000318 | lr 0.000429 | 38.4min
  step 17000 | loss 0.000280 | lr 0.000403 | 38.6min
  VAL 100.00%
  TEST 100.0000%
  *** New best: 100.0000% ***
  step 17500 | loss 0.000498 | lr 0.000377 | 38.8min
  step 18000 | loss 0.000244 | lr 0.000352 | 38.9min
  VAL 100.00%
  TEST 99.9900%
  step 18500 | loss 0.000204 | lr 0.000327 | 39.1min
  step 19000 | loss 0.000242 | lr 0.000302 | 39.3min
  VAL 100.00%
  TEST 99.9200%
  step 19500 | loss 0.000178 | lr 0.000278 | 39.5min
  step 20000 | loss 0.000189 | lr 0.000255 | 39.7min
  VAL 99.90%
  TEST 99.9400%
  step 20500 | loss 0.000163 | lr 0.000232 | 40.0min
  step 21000 | loss 0.000123 | lr 0.000210 | 40.2min
  VAL 100.00%
  TEST 100.0000%
  step 21500 | loss 0.000106 | lr 0.000189 | 40.5min
  step 22000 | loss 0.000084 | lr 0.000169 | 40.7min
  VAL 100.00%
  TEST 100.0000%
  step 22500 | loss 0.000071 | lr 0.000149 | 41.0min
  step 23000 | loss 0.000060 | lr 0.000131 | 41.1min
  VAL 100.00%
  TEST 100.0000%
  step 23500 | loss 0.000050 | lr 0.000114 | 41.4min
  step 24000 | loss 0.000043 | lr 0.000097 | 41.5min
  VAL 100.00%
  TEST 100.0000%
  step 24500 | loss 0.000036 | lr 0.000082 | 41.8min
  step 25000 | loss 0.000033 | lr 0.000068 | 41.9min
  VAL 100.00%
  TEST 100.0000%
  step 25500 | loss 0.000029 | lr 0.000056 | 42.1min
  step 26000 | loss 0.000026 | lr 0.000044 | 42.3min
  VAL 100.00%
  TEST 100.0000%
  step 26500 | loss 0.000022 | lr 0.000034 | 42.6min
  step 27000 | loss 0.000021 | lr 0.000025 | 42.7min
  VAL 100.00%
  TEST 100.0000%
  step 27500 | loss 0.000020 | lr 0.000017 | 42.9min
  step 28000 | loss 0.000018 | lr 0.000011 | 43.1min
  VAL 100.00%
  TEST 100.0000%
  step 28500 | loss 0.000019 | lr 0.000006 | 43.3min
  step 29000 | loss 0.000018 | lr 0.000003 | 43.4min
  VAL 100.00%
  TEST 100.0000%
  step 29500 | loss 0.000018 | lr 0.000001 | 43.6min
  step 30000 | loss 0.000018 | lr 0.000000 | 43.7min
  VAL 100.00%
  TEST 100.0000%

Training complete in 43.8 minutes
Best test accuracy: 100.0000%
