Model: 3,072 parameters
Config: d=16, h=2, L=2, ff=15
Device: mps

Training for 30000 steps...
  step   500 | loss 1.451084 | lr 0.001000 | 0.1min
  step  1000 | loss 1.364337 | lr 0.000999 | 0.3min
  VAL 0.00%
  step  1500 | loss 1.371884 | lr 0.000996 | 0.4min
  step  2000 | loss 1.377367 | lr 0.000992 | 0.5min
  VAL 0.00%
  step  2500 | loss 1.361697 | lr 0.000987 | 0.7min
  step  3000 | loss 1.349064 | lr 0.000980 | 0.8min
  VAL 0.00%
  step  3500 | loss 1.320655 | lr 0.000972 | 0.9min
  step  4000 | loss 1.292740 | lr 0.000962 | 1.1min
  VAL 0.00%
  step  4500 | loss 1.319746 | lr 0.000951 | 1.2min
  step  5000 | loss 1.286748 | lr 0.000939 | 1.3min
  VAL 0.00%
  step  5500 | loss 1.155043 | lr 0.000926 | 1.4min
  step  6000 | loss 0.886988 | lr 0.000912 | 1.5min
  VAL 0.00%
  step  6500 | loss 0.628167 | lr 0.000896 | 1.7min
  step  7000 | loss 0.454493 | lr 0.000880 | 1.8min
  VAL 0.15%
  step  7500 | loss 0.248949 | lr 0.000862 | 2.0min
  step  8000 | loss 0.195918 | lr 0.000843 | 2.1min
  VAL 2.80%
  step  8500 | loss 0.163693 | lr 0.000823 | 2.2min
  step  9000 | loss 0.151261 | lr 0.000803 | 2.4min
  VAL 3.95%
  step  9500 | loss 0.121224 | lr 0.000781 | 2.5min
  step 10000 | loss 0.117553 | lr 0.000759 | 2.6min
  VAL 7.00%
  step 10500 | loss 0.096851 | lr 0.000736 | 2.7min
  step 11000 | loss 0.100237 | lr 0.000713 | 2.9min
  VAL 8.25%
  step 11500 | loss 0.082834 | lr 0.000688 | 3.0min
  step 12000 | loss 0.072440 | lr 0.000664 | 3.1min
  VAL 12.05%
  step 12500 | loss 0.081797 | lr 0.000638 | 3.2min
  step 13000 | loss 0.060671 | lr 0.000613 | 3.3min
  VAL 11.15%
  step 13500 | loss 0.063525 | lr 0.000587 | 3.4min
  step 14000 | loss 0.059892 | lr 0.000561 | 3.6min
  VAL 16.05%
  step 14500 | loss 0.049658 | lr 0.000534 | 3.7min
  step 15000 | loss 0.047619 | lr 0.000508 | 3.8min
  VAL 20.20%
  step 15500 | loss 0.042386 | lr 0.000481 | 3.9min
  step 16000 | loss 0.042293 | lr 0.000455 | 4.1min
  VAL 21.50%
  step 16500 | loss 0.040024 | lr 0.000429 | 4.2min
  step 17000 | loss 0.036156 | lr 0.000403 | 4.3min
  VAL 23.20%
  step 17500 | loss 0.038045 | lr 0.000377 | 4.5min
  step 18000 | loss 0.040968 | lr 0.000352 | 4.6min
  VAL 22.25%
  step 18500 | loss 0.035846 | lr 0.000327 | 4.8min
  step 19000 | loss 0.031400 | lr 0.000302 | 4.9min
  VAL 32.05%
  step 19500 | loss 0.035095 | lr 0.000278 | 5.0min
  step 20000 | loss 0.032391 | lr 0.000255 | 5.2min
  VAL 35.80%
  step 20500 | loss 0.028088 | lr 0.000232 | 5.3min
  step 21000 | loss 0.031229 | lr 0.000210 | 5.4min
  VAL 40.70%
  step 21500 | loss 0.024815 | lr 0.000189 | 5.5min
  step 22000 | loss 0.024942 | lr 0.000169 | 5.6min
  VAL 43.00%
  step 22500 | loss 0.027144 | lr 0.000149 | 5.8min
  step 23000 | loss 0.025507 | lr 0.000131 | 5.9min
  VAL 47.00%
  step 23500 | loss 0.022701 | lr 0.000114 | 6.1min
  step 24000 | loss 0.020259 | lr 0.000097 | 6.2min
  VAL 47.25%
  step 24500 | loss 0.021360 | lr 0.000082 | 6.3min
  step 25000 | loss 0.023616 | lr 0.000068 | 6.5min
  VAL 43.90%
  step 25500 | loss 0.026155 | lr 0.000056 | 6.6min
  step 26000 | loss 0.021091 | lr 0.000044 | 6.7min
  VAL 51.55%
  step 26500 | loss 0.018013 | lr 0.000034 | 6.9min
  step 27000 | loss 0.020313 | lr 0.000025 | 7.0min
  VAL 54.65%
  step 27500 | loss 0.016801 | lr 0.000017 | 7.1min
  step 28000 | loss 0.019968 | lr 0.000011 | 7.2min
  VAL 56.65%
  step 28500 | loss 0.019665 | lr 0.000006 | 7.4min
  step 29000 | loss 0.019627 | lr 0.000003 | 7.5min
  VAL 55.80%
  step 29500 | loss 0.021566 | lr 0.000001 | 7.6min
  step 30000 | loss 0.018861 | lr 0.000000 | 7.7min
  VAL 56.40%

Training complete in 7.7 minutes
Best test accuracy: 0.0000%
