Model: RL4RL Autoresearch candidate
Author: configured in run manifest
Parameters (unique): 3072
Architecture: decoder-only addition transformer d=16, h=2, L=2, ff=15
Tricks: autoregressive greedy decoding, weights from checkpoint

  Progress: 1000/10010 (572/1000 correct) [7.3s]
  Progress: 2000/10010 (1149/2000 correct) [14.4s]
  Progress: 3000/10010 (1726/3000 correct) [21.5s]
  Progress: 4000/10010 (2263/4000 correct) [28.6s]
  Progress: 5000/10010 (2833/5000 correct) [35.6s]
  Progress: 6000/10010 (3421/6000 correct) [42.7s]
  Progress: 7000/10010 (3983/7000 correct) [49.9s]
  Progress: 8000/10010 (4543/8000 correct) [56.9s]
  Progress: 9000/10010 (5110/9000 correct) [64.1s]
  Progress: 10000/10010 (5665/10000 correct) [72.8s]

Results: 5666/10010 correct (56.60%)
Time: 72.9s (137 additions/sec)
Status: NOT QUALIFIED (threshold: 99%)

First 20 failures (of 4344):
  9999999999 + 1 = 10000000000, got 9000000000
  9999999999 + 9999999999 = 19999999998, got 19899899998
  5000000000 + 5000000000 = 10000000000, got 1000000000
  1111111111 + 8888888889 = 10000000000, got 11000000000
  1234567890 + 9876543210 = 11111111100, got 12111141100
  9999999999 + 9999999999 = 19999999998, got 19899899998
  1 + 9999999999 = 10000000000, got 9999990000
  2395527356 + 9334186774 = 11729714130, got 13729704130
  4296888873 + 8475224721 = 12772113594, got 12772103594
  3295396137 + 8512642381 = 11808038518, got 11807998518
  4721664841 + 8801376086 = 13523040927, got 13523000927
  2522781535 + 7550172023 = 10072953558, got 9072923558
  1550659006 + 2395544933 = 3946203939, got 4946203939
  9773982893 + 9769054290 = 19543037183, got 19543077183
  6758791484 + 2952272022 = 9711063506, got 9611063506
  7435684237 + 9703907347 = 17139591584, got 18139571584
  9574390710 + 7522407265 = 17096797975, got 17096777975
  3402134914 + 2190305734 = 5592440648, got 5692440648
  980155794 + 6513138938 = 7493294732, got 7593294732
  6337327306 + 4000359568 = 10337686874, got 1337686874
