Model: 2,816 parameters
Config: d=14, h=2, L=2, ff=23
Device: mps

Training for 30000 steps...
  step   500 | loss 1.486052 | lr 0.001000 | 0.2min
  step  1000 | loss 1.390543 | lr 0.000999 | 0.3min
  VAL 0.00%
  step  1500 | loss 1.371172 | lr 0.000996 | 0.5min
  step  2000 | loss 1.374765 | lr 0.000992 | 0.6min
  VAL 0.00%
  step  2500 | loss 1.365001 | lr 0.000987 | 0.8min
  step  3000 | loss 1.320482 | lr 0.000980 | 0.9min
  VAL 0.00%
  step  3500 | loss 1.327007 | lr 0.000972 | 1.1min
  step  4000 | loss 1.284681 | lr 0.000962 | 1.2min
  VAL 0.00%
  step  4500 | loss 1.239063 | lr 0.000951 | 1.3min
  step  5000 | loss 1.173946 | lr 0.000939 | 1.5min
  VAL 0.00%
  step  5500 | loss 1.192551 | lr 0.000926 | 1.6min
  step  6000 | loss 1.179705 | lr 0.000912 | 1.8min
  VAL 0.00%
  step  6500 | loss 1.167203 | lr 0.000896 | 1.9min
  step  7000 | loss 1.214840 | lr 0.000880 | 2.1min
  VAL 0.00%
  step  7500 | loss 1.164513 | lr 0.000862 | 2.2min
  step  8000 | loss 1.192209 | lr 0.000843 | 2.4min
  VAL 0.00%
  step  8500 | loss 1.140681 | lr 0.000823 | 2.5min
  step  9000 | loss 1.170472 | lr 0.000803 | 2.7min
  VAL 0.00%
  step  9500 | loss 1.110875 | lr 0.000781 | 2.8min
  step 10000 | loss 1.112349 | lr 0.000759 | 3.0min
  VAL 0.00%
  step 10500 | loss 1.099207 | lr 0.000736 | 3.1min
  step 11000 | loss 1.079233 | lr 0.000713 | 3.3min
  VAL 0.00%
  step 11500 | loss 1.039344 | lr 0.000688 | 3.4min
  step 12000 | loss 0.935049 | lr 0.000664 | 3.6min
  VAL 0.00%
  step 12500 | loss 0.906326 | lr 0.000638 | 3.7min
  step 13000 | loss 0.848616 | lr 0.000613 | 3.9min
  VAL 0.00%
  step 13500 | loss 0.837793 | lr 0.000587 | 4.0min
  step 14000 | loss 0.828885 | lr 0.000561 | 4.2min
  VAL 0.00%
  step 14500 | loss 0.821070 | lr 0.000534 | 4.3min
  step 15000 | loss 0.738954 | lr 0.000508 | 4.4min
  VAL 0.00%
  step 15500 | loss 0.723769 | lr 0.000481 | 4.6min
  step 16000 | loss 0.656447 | lr 0.000455 | 4.7min
  VAL 0.00%
  step 16500 | loss 0.642962 | lr 0.000429 | 4.9min
  step 17000 | loss 0.622309 | lr 0.000403 | 5.0min
  VAL 0.00%
  step 17500 | loss 0.606643 | lr 0.000377 | 5.2min
  step 18000 | loss 0.576546 | lr 0.000352 | 5.3min
  VAL 0.00%
  step 18500 | loss 0.521391 | lr 0.000327 | 5.4min
  step 19000 | loss 0.510460 | lr 0.000302 | 5.6min
  VAL 0.05%
  step 19500 | loss 0.499901 | lr 0.000278 | 5.7min
  step 20000 | loss 0.481376 | lr 0.000255 | 5.9min
  VAL 0.05%
  step 20500 | loss 0.475930 | lr 0.000232 | 6.1min
  step 21000 | loss 0.473101 | lr 0.000210 | 6.2min
  VAL 0.10%
  step 21500 | loss 0.457709 | lr 0.000189 | 6.4min
  step 22000 | loss 0.464761 | lr 0.000169 | 6.5min
  VAL 0.10%
  step 22500 | loss 0.461508 | lr 0.000149 | 6.6min
  step 23000 | loss 0.443403 | lr 0.000131 | 6.8min
  VAL 0.20%
  step 23500 | loss 0.440731 | lr 0.000114 | 6.9min
  step 24000 | loss 0.447949 | lr 0.000097 | 7.1min
  VAL 0.25%
  step 24500 | loss 0.434004 | lr 0.000082 | 7.2min
  step 25000 | loss 0.434408 | lr 0.000068 | 7.3min
  VAL 0.25%
  step 25500 | loss 0.433653 | lr 0.000056 | 7.5min
  step 26000 | loss 0.426967 | lr 0.000044 | 7.6min
  VAL 0.30%
  step 26500 | loss 0.426188 | lr 0.000034 | 7.7min
  step 27000 | loss 0.433459 | lr 0.000025 | 7.8min
  VAL 0.25%
  step 27500 | loss 0.435463 | lr 0.000017 | 8.0min
  step 28000 | loss 0.422458 | lr 0.000011 | 8.1min
  VAL 0.25%
  step 28500 | loss 0.425620 | lr 0.000006 | 8.3min
  step 29000 | loss 0.432608 | lr 0.000003 | 8.4min
  VAL 0.25%
  step 29500 | loss 0.429163 | lr 0.000001 | 8.6min
  step 30000 | loss 0.423373 | lr 0.000000 | 8.7min
  VAL 0.35%

Training complete in 8.8 minutes
Best test accuracy: 0.0000%
