Model: RL4RL Autoresearch candidate
Author: configured in run manifest
Parameters (unique): 2816
Architecture: decoder-only addition transformer d=14, h=2, L=2, ff=23
Tricks: autoregressive greedy decoding, weights from checkpoint

  Progress: 1000/10010 (5/1000 correct) [9.5s]
  Progress: 2000/10010 (9/2000 correct) [18.9s]
  Progress: 3000/10010 (13/3000 correct) [28.2s]
  Progress: 4000/10010 (18/4000 correct) [36.1s]
  Progress: 5000/10010 (22/5000 correct) [43.9s]
  Progress: 6000/10010 (28/6000 correct) [51.7s]
  Progress: 7000/10010 (31/7000 correct) [59.6s]
  Progress: 8000/10010 (38/8000 correct) [67.5s]
  Progress: 9000/10010 (43/9000 correct) [75.3s]
  Progress: 10000/10010 (49/10000 correct) [84.5s]

Results: 49/10010 correct (0.49%)
Time: 84.5s (118 additions/sec)
Status: NOT QUALIFIED (threshold: 99%)

First 20 failures (of 9961):
  0 + 0 = 0, got 5
  0 + 1 = 1, got 5
  9999999999 + 0 = 9999999999, got 9999999007
  9999999999 + 1 = 10000000000, got 9999999007
  9999999999 + 9999999999 = 19999999998, got 18888888880
  5000000000 + 5000000000 = 10000000000, got 5000000005
  1111111111 + 8888888889 = 10000000000, got 10000000003
  1234567890 + 9876543210 = 11111111100, got 10111111100
  9999999999 + 9999999999 = 19999999998, got 18888888880
  1 + 9999999999 = 10000000000, got 9900000003
  2395527356 + 9334186774 = 11729714130, got 11729714107
  4296888873 + 8475224721 = 12772113594, got 11862113580
  2446880696 + 4577514554 = 7024395250, got 7924395277
  1721735679 + 186192860 = 1907928539, got 1907928577
  3295396137 + 8512642381 = 11808038518, got 10908038530
  4721664841 + 8801376086 = 13523040927, got 12523041007
  8709633390 + 2191376109 = 10901009499, got 10901009500
  813236058 + 3041824170 = 3855060228, got 3855060237
  7038162399 + 8251837442 = 15289999841, got 17289999800
  3917771074 + 2558389380 = 6476160454, got 5486160437
