Model: RL4RL Autoresearch candidate
Author: configured in run manifest
Parameters (unique): 1671
Architecture: decoder-only addition transformer d=16, h=2, L=2, ff=16
Tricks: autoregressive greedy decoding, weights from checkpoint

  Progress: 1000/10010 (959/1000 correct) [6.6s]
  Progress: 2000/10010 (1919/2000 correct) [13.2s]
  Progress: 3000/10010 (2884/3000 correct) [19.8s]
  Progress: 4000/10010 (3854/4000 correct) [26.5s]
  Progress: 5000/10010 (4816/5000 correct) [33.1s]
  Progress: 6000/10010 (5790/6000 correct) [39.6s]
  Progress: 7000/10010 (6748/7000 correct) [46.2s]
  Progress: 8000/10010 (7714/8000 correct) [52.7s]
  Progress: 9000/10010 (8683/9000 correct) [59.4s]
  Progress: 10000/10010 (9655/10000 correct) [65.7s]

Results: 9665/10010 correct (96.55%)
Time: 65.8s (152 additions/sec)
Status: NOT QUALIFIED (threshold: 99%)

First 20 failures (of 345):
  9999999999 + 9999999999 = 19999999998, got 9999999998
  9999999999 + 9999999999 = 19999999998, got 9999999998
  5487960534 + 2479695299 = 7967655833, got 8967655833
  5353030368 + 2525515399 = 7878545767, got 8878545767
  6337327306 + 4000359568 = 10337686874, got 337686874
  7114501283 + 160349715 = 7274850998, got 7174850998
  1822866090 + 4832899953 = 6655766043, got 7555766043
  7197773205 + 9077000387 = 16274773592, got 6274773592
  6509152292 + 9209120080 = 15718272372, got 14818272372
  801026482 + 1939438410 = 2740464892, got 1740464892
  6969938512 + 1800378914 = 8770317426, got 8670317426
  4184380900 + 6023296350 = 10207677250, got 207677250
  3962934002 + 929513088 = 4892447090, got 4992447090
  3889445375 + 3759734195 = 7649179570, got 8649179570
  9229471617 + 9474184142 = 18703655759, got 17703655759
  9802221894 + 7858087157 = 17660309051, got 17560309051
  3301773111 + 9770315390 = 13072088501, got 12072088501
  8793150034 + 6686591836 = 15479741870, got 15479741880
  2383813986 + 5194289640 = 7578103626, got 8578103626
  2395265527 + 3182169144 = 5577434671, got 6577434671
