Model: 2,926 parameters
Config: d=14, h=2, L=2, ff=22
Device: mps

Training for 30000 steps...
  step   500 | loss 1.436524 | lr 0.001000 | 0.2min
  step  1000 | loss 1.392382 | lr 0.000999 | 0.3min
  VAL 0.00%
  step  1500 | loss 1.304361 | lr 0.000996 | 0.5min
  step  2000 | loss 1.263592 | lr 0.000992 | 0.6min
  VAL 0.00%
  step  2500 | loss 0.955051 | lr 0.000987 | 0.8min
  step  3000 | loss 0.813804 | lr 0.000980 | 0.9min
  VAL 0.00%
  step  3500 | loss 0.628944 | lr 0.000972 | 1.0min
  step  4000 | loss 0.352246 | lr 0.000962 | 1.2min
  VAL 3.65%
  step  4500 | loss 0.308722 | lr 0.000951 | 1.3min
  step  5000 | loss 0.288886 | lr 0.000939 | 1.4min
  VAL 7.50%
  step  5500 | loss 0.265028 | lr 0.000926 | 1.5min
  step  6000 | loss 0.256019 | lr 0.000912 | 1.7min
  VAL 7.50%
  step  6500 | loss 0.244166 | lr 0.000896 | 1.8min
  step  7000 | loss 0.236406 | lr 0.000880 | 1.9min
  VAL 8.65%
  step  7500 | loss 0.228806 | lr 0.000862 | 2.0min
  step  8000 | loss 0.227681 | lr 0.000843 | 2.2min
  VAL 10.10%
  step  8500 | loss 0.220434 | lr 0.000823 | 2.3min
  step  9000 | loss 0.219591 | lr 0.000803 | 2.4min
  VAL 9.65%
  step  9500 | loss 0.215714 | lr 0.000781 | 2.5min
  step 10000 | loss 0.213984 | lr 0.000759 | 2.7min
  VAL 9.75%
  step 10500 | loss 0.212294 | lr 0.000736 | 2.8min
  step 11000 | loss 0.210630 | lr 0.000713 | 2.9min
  VAL 9.40%
  step 11500 | loss 0.208892 | lr 0.000688 | 3.1min
  step 12000 | loss 0.206286 | lr 0.000664 | 3.2min
  VAL 9.90%
  step 12500 | loss 0.206789 | lr 0.000638 | 3.3min
  step 13000 | loss 0.204933 | lr 0.000613 | 3.5min
  VAL 9.05%
  step 13500 | loss 0.206689 | lr 0.000587 | 3.6min
  step 14000 | loss 0.204819 | lr 0.000561 | 3.8min
  VAL 9.25%
  step 14500 | loss 0.204347 | lr 0.000534 | 3.9min
  step 15000 | loss 0.204226 | lr 0.000508 | 4.0min
  VAL 9.65%
  step 15500 | loss 0.203819 | lr 0.000481 | 4.1min
  step 16000 | loss 0.202497 | lr 0.000455 | 4.3min
  VAL 10.15%
  step 16500 | loss 0.202439 | lr 0.000429 | 4.4min
  step 17000 | loss 0.200736 | lr 0.000403 | 4.6min
  VAL 10.15%
  step 17500 | loss 0.201564 | lr 0.000377 | 4.7min
  step 18000 | loss 0.200701 | lr 0.000352 | 4.8min
  VAL 9.70%
  step 18500 | loss 0.200117 | lr 0.000327 | 4.9min
  step 19000 | loss 0.199997 | lr 0.000302 | 5.1min
  VAL 9.90%
  step 19500 | loss 0.200531 | lr 0.000278 | 5.2min
  step 20000 | loss 0.199698 | lr 0.000255 | 5.4min
  VAL 9.35%
  step 20500 | loss 0.198866 | lr 0.000232 | 5.5min
  step 21000 | loss 0.198707 | lr 0.000210 | 5.6min
  VAL 10.35%
  step 21500 | loss 0.198795 | lr 0.000189 | 5.8min
  step 22000 | loss 0.197575 | lr 0.000169 | 5.9min
  VAL 10.00%
  step 22500 | loss 0.197869 | lr 0.000149 | 6.1min
  step 23000 | loss 0.198053 | lr 0.000131 | 6.2min
  VAL 9.65%
  step 23500 | loss 0.197426 | lr 0.000114 | 6.3min
  step 24000 | loss 0.197285 | lr 0.000097 | 6.4min
  VAL 9.45%
  step 24500 | loss 0.197740 | lr 0.000082 | 6.6min
  step 25000 | loss 0.196926 | lr 0.000068 | 6.7min
  VAL 9.70%
  step 25500 | loss 0.197664 | lr 0.000056 | 6.9min
  step 26000 | loss 0.197209 | lr 0.000044 | 7.0min
  VAL 10.25%
  step 26500 | loss 0.196792 | lr 0.000034 | 7.1min
  step 27000 | loss 0.196641 | lr 0.000025 | 7.3min
  VAL 9.25%
  step 27500 | loss 0.196622 | lr 0.000017 | 7.4min
  step 28000 | loss 0.196389 | lr 0.000011 | 7.5min
  VAL 9.20%
  step 28500 | loss 0.196831 | lr 0.000006 | 7.7min
  step 29000 | loss 0.196129 | lr 0.000003 | 7.8min
  VAL 10.00%
  step 29500 | loss 0.196705 | lr 0.000001 | 7.9min
  step 30000 | loss 0.196333 | lr 0.000000 | 8.1min
  VAL 10.05%

Training complete in 8.1 minutes
Best test accuracy: 0.0000%
