Model: RL4RL Autoresearch candidate
Author: configured in run manifest
Parameters (unique): 2926
Architecture: decoder-only addition transformer d=14, h=2, L=2, ff=22
Tricks: autoregressive greedy decoding, weights from checkpoint

  Progress: 1000/10010 (91/1000 correct) [9.1s]
  Progress: 2000/10010 (180/2000 correct) [18.3s]
  Progress: 3000/10010 (283/3000 correct) [27.4s]
  Progress: 4000/10010 (386/4000 correct) [36.6s]
  Progress: 5000/10010 (490/5000 correct) [45.7s]
  Progress: 6000/10010 (589/6000 correct) [54.9s]
  Progress: 7000/10010 (683/7000 correct) [64.0s]
  Progress: 8000/10010 (784/8000 correct) [73.2s]
  Progress: 9000/10010 (870/9000 correct) [81.7s]
  Progress: 10000/10010 (978/10000 correct) [90.8s]

Results: 980/10010 correct (9.79%)
Time: 90.9s (110 additions/sec)
Status: NOT QUALIFIED (threshold: 99%)

First 20 failures (of 9030):
  0 + 1 = 1, got 0
  9999999999 + 0 = 9999999999, got 10000000005
  9999999999 + 1 = 10000000000, got 10000000005
  9999999999 + 9999999999 = 19999999998, got 19999999993
  5000000000 + 5000000000 = 10000000000, got 0
  1111111111 + 8888888889 = 10000000000, got 10000000006
  1234567890 + 9876543210 = 11111111100, got 11111111098
  9999999999 + 9999999999 = 19999999998, got 19999999993
  1 + 9999999999 = 10000000000, got 10000000005
  4296888873 + 8475224721 = 12772113594, got 12772113589
  1721735679 + 186192860 = 1907928539, got 1907928541
  3295396137 + 8512642381 = 11808038518, got 11808038514
  4721664841 + 8801376086 = 13523040927, got 13523040926
  8709633390 + 2191376109 = 10901009499, got 10901009504
  813236058 + 3041824170 = 3855060228, got 3855060226
  7038162399 + 8251837442 = 15289999841, got 15289999836
  3917771074 + 2558389380 = 6476160454, got 6476160456
  2345623234 + 894115330 = 3239738564, got 3239738562
  9635552803 + 139097711 = 9774650514, got 9774650516
  3369214745 + 1580376784 = 4949591529, got 4949591530
