Model: RL4RL Autoresearch candidate
Author: configured in run manifest
Parameters (unique): 1671
Architecture: decoder-only addition transformer d=16, h=2, L=2, ff=16
Tricks: autoregressive greedy decoding, weights from checkpoint

  Progress: 1000/10010 (963/1000 correct) [6.6s]
  Progress: 2000/10010 (1937/2000 correct) [13.2s]
  Progress: 3000/10010 (2899/3000 correct) [19.9s]
  Progress: 4000/10010 (3878/4000 correct) [26.5s]
  Progress: 5000/10010 (4851/5000 correct) [33.1s]
  Progress: 6000/10010 (5833/6000 correct) [39.5s]
  Progress: 7000/10010 (6805/7000 correct) [46.2s]
  Progress: 8000/10010 (7778/8000 correct) [52.6s]
  Progress: 9000/10010 (8755/9000 correct) [58.9s]
  Progress: 10000/10010 (9730/10000 correct) [65.2s]

Results: 9740/10010 correct (97.30%)
Time: 65.2s (153 additions/sec)
Status: NOT QUALIFIED (threshold: 99%)

First 20 failures (of 270):
  9999999999 + 9999999999 = 19999999998, got 9999999998
  9999999999 + 9999999999 = 19999999998, got 9999999998
  6337327306 + 4000359568 = 10337686874, got 337686874
  6728496408 + 8405949359 = 15134445767, got 14134445767
  1822866090 + 4832899953 = 6655766043, got 6555766043
  7197773205 + 9077000387 = 16274773592, got 6274773592
  6785680981 + 6097908899 = 12883589880, got 13883589880
  801026482 + 1939438410 = 2740464892, got 1740464892
  6969938512 + 1800378914 = 8770317426, got 8670317426
  7049811458 + 1976951542 = 9026763000, got 9026663000
  9229471617 + 9474184142 = 18703655759, got 17703655759
  9802221894 + 7858087157 = 17660309051, got 17560309051
  1976493916 + 1906487771 = 3882981687, got 3782981687
  5468975900 + 1438734356 = 6907710256, got 5907710256
  902741916 + 6863228041 = 7765969957, got 7665969957
  2383813986 + 5194289640 = 7578103626, got 8578103626
  1875957208 + 5809047019 = 7685004227, got 7585004227
  8143673791 + 8516804826 = 16660478617, got 16560478617
  8825311319 + 4807262724 = 13632574043, got 13532574043
  6832437373 + 3830048430 = 10662485803, got 10562485803
