Model: 3,104 parameters
Config: d=16, h=2, L=2, ff=16
Device: mps

Training for 30000 steps...
  step   500 | loss 1.458907 | lr 0.001000 | 0.2min
  step  1000 | loss 1.340692 | lr 0.000999 | 0.3min
  VAL 0.00%
  step  1500 | loss 1.362234 | lr 0.000996 | 0.4min
  step  2000 | loss 1.241634 | lr 0.000992 | 0.6min
  VAL 0.00%
  step  2500 | loss 0.956453 | lr 0.000987 | 0.7min
  step  3000 | loss 0.839935 | lr 0.000980 | 0.8min
  VAL 0.00%
  step  3500 | loss 0.677863 | lr 0.000972 | 0.9min
  step  4000 | loss 0.592668 | lr 0.000962 | 1.1min
  VAL 3.70%
  step  4500 | loss 0.577532 | lr 0.000951 | 1.2min
  step  5000 | loss 0.539610 | lr 0.000939 | 1.3min
  VAL 4.75%
  step  5500 | loss 0.521128 | lr 0.000926 | 1.5min
  step  6000 | loss 0.498796 | lr 0.000912 | 1.6min
  VAL 5.35%
  step  6500 | loss 0.477583 | lr 0.000896 | 1.7min
  step  7000 | loss 0.460838 | lr 0.000880 | 1.9min
  VAL 5.30%
  step  7500 | loss 0.448353 | lr 0.000862 | 2.0min
  step  8000 | loss 0.289934 | lr 0.000843 | 2.1min
  VAL 45.85%
  step  8500 | loss 0.278804 | lr 0.000823 | 2.2min
  step  9000 | loss 0.264122 | lr 0.000803 | 2.4min
  VAL 56.15%
  step  9500 | loss 0.259071 | lr 0.000781 | 2.5min
  step 10000 | loss 0.260518 | lr 0.000759 | 2.6min
  VAL 53.05%
  step 10500 | loss 0.250440 | lr 0.000736 | 2.8min
  step 11000 | loss 0.239944 | lr 0.000713 | 2.9min
  VAL 67.45%
  step 11500 | loss 0.234275 | lr 0.000688 | 3.0min
  step 12000 | loss 0.230319 | lr 0.000664 | 3.2min
  VAL 70.50%
  step 12500 | loss 0.233125 | lr 0.000638 | 3.3min
  step 13000 | loss 0.226653 | lr 0.000613 | 3.4min
  VAL 79.70%
  step 13500 | loss 0.224312 | lr 0.000587 | 3.5min
  step 14000 | loss 0.212043 | lr 0.000561 | 3.7min
  VAL 81.60%
  step 14500 | loss 0.207718 | lr 0.000534 | 3.8min
  step 15000 | loss 0.207435 | lr 0.000508 | 3.9min
  VAL 85.00%
  step 15500 | loss 0.200789 | lr 0.000481 | 4.1min
  step 16000 | loss 0.195300 | lr 0.000455 | 4.2min
  VAL 87.05%
  step 16500 | loss 0.189035 | lr 0.000429 | 4.3min
  step 17000 | loss 0.183993 | lr 0.000403 | 4.4min
  VAL 87.65%
  step 17500 | loss 0.183389 | lr 0.000377 | 4.6min
  step 18000 | loss 0.182298 | lr 0.000352 | 4.7min
  VAL 90.05%
  step 18500 | loss 0.176072 | lr 0.000327 | 4.8min
  step 19000 | loss 0.176227 | lr 0.000302 | 5.0min
  VAL 86.40%
  step 19500 | loss 0.176424 | lr 0.000278 | 5.1min
  step 20000 | loss 0.172367 | lr 0.000255 | 5.2min
  VAL 90.50%
  step 20500 | loss 0.172444 | lr 0.000232 | 5.4min
  step 21000 | loss 0.166634 | lr 0.000210 | 5.5min
  VAL 89.50%
  step 21500 | loss 0.166339 | lr 0.000189 | 5.6min
  step 22000 | loss 0.159528 | lr 0.000169 | 5.7min
  VAL 88.95%
  step 22500 | loss 0.159565 | lr 0.000149 | 5.9min
  step 23000 | loss 0.159031 | lr 0.000131 | 6.0min
  VAL 90.55%
  step 23500 | loss 0.151579 | lr 0.000114 | 6.2min
  step 24000 | loss 0.151787 | lr 0.000097 | 6.3min
  VAL 89.90%
  step 24500 | loss 0.154252 | lr 0.000082 | 6.4min
  step 25000 | loss 0.148988 | lr 0.000068 | 6.5min
  VAL 90.65%
  step 25500 | loss 0.142168 | lr 0.000056 | 6.7min
  step 26000 | loss 0.146246 | lr 0.000044 | 6.8min
  VAL 91.25%
  step 26500 | loss 0.141773 | lr 0.000034 | 6.9min
  step 27000 | loss 0.137525 | lr 0.000025 | 7.0min
  VAL 90.70%
  step 27500 | loss 0.139966 | lr 0.000017 | 7.2min
  step 28000 | loss 0.140333 | lr 0.000011 | 7.3min
  VAL 90.85%
  step 28500 | loss 0.134250 | lr 0.000006 | 7.4min
  step 29000 | loss 0.140780 | lr 0.000003 | 7.5min
  VAL 91.20%
  step 29500 | loss 0.137647 | lr 0.000001 | 7.7min
  step 30000 | loss 0.138263 | lr 0.000000 | 7.8min
  VAL 91.35%

Training complete in 7.8 minutes
Best test accuracy: 0.0000%
