Model: RL4RL Autoresearch candidate
Author: configured in run manifest
Parameters (unique): 3104
Architecture: decoder-only addition transformer d=16, h=2, L=2, ff=16
Tricks: autoregressive greedy decoding, weights from checkpoint

  Progress: 1000/10010 (899/1000 correct) [7.2s]
  Progress: 2000/10010 (1816/2000 correct) [14.4s]
  Progress: 3000/10010 (2730/3000 correct) [21.5s]
  Progress: 4000/10010 (3638/4000 correct) [28.8s]
  Progress: 5000/10010 (4544/5000 correct) [35.9s]
  Progress: 6000/10010 (5456/6000 correct) [43.1s]
  Progress: 7000/10010 (6360/7000 correct) [50.2s]
  Progress: 8000/10010 (7270/8000 correct) [57.5s]
  Progress: 9000/10010 (8179/9000 correct) [64.7s]
  Progress: 10000/10010 (9084/10000 correct) [71.9s]

Results: 9090/10010 correct (90.81%)
Time: 71.9s (139 additions/sec)
Status: NOT QUALIFIED (threshold: 99%)

First 20 failures (of 920):
  9999999999 + 9999999999 = 19999999998, got 18888888888
  1234567890 + 9876543210 = 11111111100, got 1111111100
  9999999999 + 9999999999 = 19999999998, got 18888888888
  6870499663 + 5717384931 = 12587884594, got 12587874594
  9773982893 + 9769054290 = 19543037183, got 18543037183
  9699986894 + 48874272 = 9748861166, got 9747861166
  9809325681 + 9732050258 = 19541375939, got 18541375939
  6629857513 + 3846976084 = 10476833597, got 10476733597
  8594908859 + 5654719583 = 14249628442, got 14249627442
  7084404424 + 195956703 = 7280361127, got 7270361127
  632969767 + 7238958333 = 7871928100, got 7871827100
  6399886150 + 1679699782 = 8079585932, got 8078575932
  1285503311 + 99840072 = 1385343383, got 1375343383
  5541457967 + 4314580997 = 9856038964, got 9856038864
  6657008116 + 9426961828 = 16083969944, got 17083969944
  6180708356 + 9821559130 = 16002267486, got 17002267486
  3969144850 + 6628971442 = 10598116292, got 10597116292
  6785680981 + 6097908899 = 12883589880, got 12873589780
  9815978163 + 9778162604 = 19594140767, got 18594140767
  8663696916 + 4447789936 = 13111486852, got 13111476852
