Model: RL4RL Autoresearch candidate
Author: configured in run manifest
Parameters (unique): 1532
Architecture: decoder-only addition transformer d=16, h=2, L=2, ff=16
Tricks: autoregressive greedy decoding, weights from checkpoint

  Progress: 1000/10010 (991/1000 correct) [6.6s]
  Progress: 2000/10010 (1981/2000 correct) [13.1s]
  Progress: 3000/10010 (2977/3000 correct) [19.6s]
  Progress: 4000/10010 (3974/4000 correct) [26.2s]
  Progress: 5000/10010 (4967/5000 correct) [32.7s]
  Progress: 6000/10010 (5962/6000 correct) [39.3s]
  Progress: 7000/10010 (6949/7000 correct) [45.8s]
  Progress: 8000/10010 (7941/8000 correct) [52.4s]
  Progress: 9000/10010 (8934/9000 correct) [58.9s]
  Progress: 10000/10010 (9929/10000 correct) [65.5s]

Results: 9939/10010 correct (99.29%)
Time: 65.5s (153 additions/sec)
Status: QUALIFIED (threshold: 99%)

First 20 failures (of 71):
  5353030368 + 2525515399 = 7878545767, got 17878545767
  7197773205 + 9077000387 = 16274773592, got 6274773592
  6509152292 + 9209120080 = 15718272372, got 15818272372
  9229471617 + 9474184142 = 18703655759, got 17703655759
  5468975900 + 1438734356 = 6907710256, got 5907710256
  2383813986 + 5194289640 = 7578103626, got 8578103626
  2060434325 + 4050653496 = 6111087821, got 6011087821
  8953485676 + 8712760635 = 17666246311, got 27666246311
  6840669308 + 801434060 = 7642103368, got 7542103368
  4890126842 + 3800011500 = 8690138342, got 8590138342
  5603460909 + 6036423440 = 11639884349, got 1639884349
  3501935208 + 9726184827 = 13228120035, got 12228120035
  5068301911 + 2389048768 = 7457350679, got 8457350679
  5151169942 + 2377091063 = 7528261005, got 8528261005
  9093595501 + 9827769033 = 18921364534, got 17921364534
  1615090008 + 5148495220 = 6763585228, got 5763585228
  8997389031 + 3923518121 = 12920907152, got 11920907152
  7190183396 + 7497382532 = 14687565928, got 15687565928
  2194094483 + 6296971782 = 8491066265, got 9491066265
  9386157601 + 9524346701 = 18910504302, got 17910504302
