Model: RL4RL Autoresearch candidate
Author: configured in run manifest
Parameters (unique): 2117
Architecture: decoder-only addition transformer d=16, h=2, L=2, ff=16
Tricks: autoregressive greedy decoding, weights from checkpoint

  Progress: 1000/10010 (548/1000 correct) [6.0s]
  Progress: 2000/10010 (1105/2000 correct) [11.9s]
  Progress: 3000/10010 (1640/3000 correct) [17.9s]
  Progress: 4000/10010 (2154/4000 correct) [23.9s]
  Progress: 5000/10010 (2681/5000 correct) [29.9s]
  Progress: 6000/10010 (3225/6000 correct) [35.8s]
  Progress: 7000/10010 (3804/7000 correct) [41.8s]
  Progress: 8000/10010 (4351/8000 correct) [47.7s]
  Progress: 9000/10010 (4867/9000 correct) [53.7s]
  Progress: 10000/10010 (5417/10000 correct) [59.6s]

Results: 5424/10010 correct (54.19%)
Time: 59.7s (168 additions/sec)
Status: NOT QUALIFIED (threshold: 99%)

First 20 failures (of 4586):
  9999999999 + 9999999999 = 19999999998, got 9999999999
  5000000000 + 5000000000 = 10000000000, got 0
  9999999999 + 9999999999 = 19999999998, got 9999999999
  2395527356 + 9334186774 = 11729714130, got 11819714130
  4296888873 + 8475224721 = 12772113594, got 12772113593
  1721735679 + 186192860 = 1907928539, got 1907918539
  3295396137 + 8512642381 = 11808038518, got 11808028518
  3917771074 + 2558389380 = 6476160454, got 6476160354
  2345623234 + 894115330 = 3239738564, got 3229738574
  5487960534 + 2479695299 = 7967655833, got 7967655822
  1550659006 + 2395544933 = 3946203939, got 3946202939
  9773982893 + 9769054290 = 19543037183, got 19542037193
  883443420 + 879455072 = 1762898492, got 1761898492
  9205914615 + 3284133032 = 12490047647, got 11490047647
  980155794 + 6513138938 = 7493294732, got 7493194722
  6337327306 + 4000359568 = 10337686874, got 337786874
  9910916827 + 6473406151 = 16384322978, got 16284222978
  6944924904 + 6087255289 = 13032180193, got 13032180192
  9375177927 + 312924514 = 9688102441, got 9788102441
  5082620509 + 3547561279 = 8630181788, got 8630181789
