Model: RL4RL Autoresearch candidate
Author: configured in run manifest
Parameters (unique): 3360
Architecture: decoder-only addition transformer d=16, h=2, L=2, ff=7
Tricks: autoregressive greedy decoding, weights from checkpoint

  Progress: 1000/10010 (986/1000 correct) [5.9s]
  Progress: 2000/10010 (1984/2000 correct) [11.8s]
  Progress: 3000/10010 (2975/3000 correct) [17.7s]
  Progress: 4000/10010 (3963/4000 correct) [23.6s]
  Progress: 5000/10010 (4951/5000 correct) [29.5s]
  Progress: 6000/10010 (5940/6000 correct) [35.4s]
  Progress: 7000/10010 (6936/7000 correct) [41.2s]
  Progress: 8000/10010 (7926/8000 correct) [47.0s]
  Progress: 9000/10010 (8918/9000 correct) [52.9s]
  Progress: 10000/10010 (9907/10000 correct) [58.7s]

Results: 9917/10010 correct (99.07%)
Time: 58.8s (170 additions/sec)
Status: QUALIFIED (threshold: 99%)

First 20 failures (of 93):
  9999999999 + 9999999999 = 19999999998, got 29999999998
  5000000000 + 5000000000 = 10000000000, got 10000000004
  9999999999 + 9999999999 = 19999999998, got 29999999998
  2759209720 + 5583816680 = 8343026400, got 8343026401
  5068017173 + 8123525398 = 13191542571, got 14191542571
  4184380900 + 6023296350 = 10207677250, got 10207677249
  1976493916 + 1906487771 = 3882981687, got 2882981687
  7558647068 + 7318059319 = 14876706387, got 15876706387
  7800085540 + 4608897850 = 12408983390, got 12408983399
  9613096555 + 5839894206 = 15452990761, got 14452990761
  3989737060 + 6182588553 = 10172325613, got 9172325613
  3852491860 + 4747773200 = 8600265060, got 8600265029
  9957898751 + 9859613698 = 19817512449, got 19827512449
  5169036299 + 7982234344 = 13151270643, got 14151270643
  6194052520 + 2029478460 = 8223530980, got 8223530981
  5947937530 + 7975587270 = 13923524800, got 13923524801
  5425403683 + 5068019763 = 10493423446, got 9493423446
  1000727800 + 6608953825 = 7609681625, got 6609681625
  5129890234 + 5088323721 = 10218213955, got 9218213955
  8917842740 + 5561618330 = 14479461070, got 14479461071
