Model: 2,871 parameters
Config: d=14, h=2, L=2, ff=23
Device: mps

Training for 30000 steps...
  step   500 | loss 1.429406 | lr 0.001000 | 0.2min
  step  1000 | loss 1.339650 | lr 0.000999 | 0.3min
  VAL 0.00%
  step  1500 | loss 1.233872 | lr 0.000996 | 0.5min
  step  2000 | loss 1.233232 | lr 0.000992 | 0.6min
  VAL 0.00%
  step  2500 | loss 0.983268 | lr 0.000987 | 0.7min
  step  3000 | loss 0.864298 | lr 0.000980 | 0.9min
  VAL 0.00%
  step  3500 | loss 0.762941 | lr 0.000972 | 1.0min
  step  4000 | loss 0.717567 | lr 0.000962 | 1.1min
  VAL 0.00%
  step  4500 | loss 0.517138 | lr 0.000951 | 1.3min
  step  5000 | loss 0.470939 | lr 0.000939 | 1.4min
  VAL 0.20%
  step  5500 | loss 0.429852 | lr 0.000926 | 1.5min
  step  6000 | loss 0.406373 | lr 0.000912 | 1.7min
  VAL 0.40%
  step  6500 | loss 0.399164 | lr 0.000896 | 1.8min
  step  7000 | loss 0.392488 | lr 0.000880 | 2.0min
  VAL 1.10%
  step  7500 | loss 0.389449 | lr 0.000862 | 2.1min
  step  8000 | loss 0.389639 | lr 0.000843 | 2.2min
  VAL 1.10%
  step  8500 | loss 0.386923 | lr 0.000823 | 2.4min
  step  9000 | loss 0.385788 | lr 0.000803 | 2.5min
  VAL 1.20%
  step  9500 | loss 0.386047 | lr 0.000781 | 2.6min
  step 10000 | loss 0.385600 | lr 0.000759 | 2.8min
  VAL 1.10%
  step 10500 | loss 0.385991 | lr 0.000736 | 2.9min
  step 11000 | loss 0.384147 | lr 0.000713 | 3.0min
  VAL 0.85%
  step 11500 | loss 0.384605 | lr 0.000688 | 3.1min
  step 12000 | loss 0.384768 | lr 0.000664 | 3.3min
  VAL 0.85%
  step 12500 | loss 0.384733 | lr 0.000638 | 3.4min
  step 13000 | loss 0.384082 | lr 0.000613 | 3.5min
  VAL 1.40%
  step 13500 | loss 0.384141 | lr 0.000587 | 3.6min
  step 14000 | loss 0.385462 | lr 0.000561 | 3.8min
  VAL 1.00%
  step 14500 | loss 0.385106 | lr 0.000534 | 3.9min
  step 15000 | loss 0.384452 | lr 0.000508 | 4.1min
  VAL 0.90%
  step 15500 | loss 0.384272 | lr 0.000481 | 4.2min
  step 16000 | loss 0.383937 | lr 0.000455 | 4.3min
  VAL 1.05%
  step 16500 | loss 0.383348 | lr 0.000429 | 4.4min
  step 17000 | loss 0.367966 | lr 0.000403 | 4.6min
  VAL 1.95%
  step 17500 | loss 0.348676 | lr 0.000377 | 4.7min
  step 18000 | loss 0.349354 | lr 0.000352 | 4.8min
  VAL 2.55%
  step 18500 | loss 0.343384 | lr 0.000327 | 4.9min
  step 19000 | loss 0.336288 | lr 0.000302 | 5.1min
  VAL 3.25%
  step 19500 | loss 0.318671 | lr 0.000278 | 5.2min
  step 20000 | loss 0.312719 | lr 0.000255 | 5.3min
  VAL 3.60%
  step 20500 | loss 0.301854 | lr 0.000232 | 5.5min
  step 21000 | loss 0.298049 | lr 0.000210 | 5.6min
  VAL 4.30%
  step 21500 | loss 0.291451 | lr 0.000189 | 5.7min
  step 22000 | loss 0.291292 | lr 0.000169 | 5.9min
  VAL 4.80%
  step 22500 | loss 0.292560 | lr 0.000149 | 6.0min
  step 23000 | loss 0.288008 | lr 0.000131 | 6.1min
  VAL 5.50%
  step 23500 | loss 0.280490 | lr 0.000114 | 6.3min
  step 24000 | loss 0.287984 | lr 0.000097 | 6.4min
  VAL 4.30%
  step 24500 | loss 0.279174 | lr 0.000082 | 6.5min
  step 25000 | loss 0.280880 | lr 0.000068 | 6.6min
  VAL 5.15%
  step 25500 | loss 0.278804 | lr 0.000056 | 6.8min
  step 26000 | loss 0.282241 | lr 0.000044 | 6.9min
  VAL 5.15%
  step 26500 | loss 0.284716 | lr 0.000034 | 7.0min
  step 27000 | loss 0.277661 | lr 0.000025 | 7.1min
  VAL 5.30%
  step 27500 | loss 0.281082 | lr 0.000017 | 7.3min
  step 28000 | loss 0.284632 | lr 0.000011 | 7.4min
  VAL 5.35%
  step 28500 | loss 0.277830 | lr 0.000006 | 7.5min
  step 29000 | loss 0.278389 | lr 0.000003 | 7.6min
  VAL 5.70%
  step 29500 | loss 0.272359 | lr 0.000001 | 7.8min
  step 30000 | loss 0.278232 | lr 0.000000 | 7.9min
  VAL 5.60%

Training complete in 7.9 minutes
Best test accuracy: 0.0000%
