Model: RL4RL Autoresearch candidate
Author: configured in run manifest
Parameters (unique): 2871
Architecture: decoder-only addition transformer d=14, h=2, L=2, ff=23
Tricks: autoregressive greedy decoding, weights from checkpoint

  Progress: 1000/10010 (55/1000 correct) [9.1s]
  Progress: 2000/10010 (113/2000 correct) [18.4s]
  Progress: 3000/10010 (173/3000 correct) [27.6s]
  Progress: 4000/10010 (228/4000 correct) [36.8s]
  Progress: 5000/10010 (280/5000 correct) [46.0s]
  Progress: 6000/10010 (327/6000 correct) [55.2s]
  Progress: 7000/10010 (377/7000 correct) [64.5s]
  Progress: 8000/10010 (446/8000 correct) [73.7s]
  Progress: 9000/10010 (502/9000 correct) [83.1s]
  Progress: 10000/10010 (547/10000 correct) [92.3s]

Results: 548/10010 correct (5.47%)
Time: 92.3s (108 additions/sec)
Status: NOT QUALIFIED (threshold: 99%)

First 20 failures (of 9462):
  0 + 0 = 0, got 5
  0 + 1 = 1, got 5
  9999999999 + 0 = 9999999999, got 10000000001
  9999999999 + 1 = 10000000000, got 10000000001
  9999999999 + 9999999999 = 19999999998, got 19999999991
  5000000000 + 5000000000 = 10000000000, got 10000000005
  1111111111 + 8888888889 = 10000000000, got 10000000006
  1234567890 + 9876543210 = 11111111100, got 11111111102
  9999999999 + 9999999999 = 19999999998, got 19999999991
  1 + 9999999999 = 10000000000, got 10000000001
  2395527356 + 9334186774 = 11729714130, got 11729714156
  4296888873 + 8475224721 = 12772113594, got 12772113598
  2446880696 + 4577514554 = 7024395250, got 7024395282
  1721735679 + 186192860 = 1907928539, got 1907928546
  3295396137 + 8512642381 = 11808038518, got 11808038512
  4721664841 + 8801376086 = 13523040927, got 13523040938
  8709633390 + 2191376109 = 10901009499, got 10901009502
  813236058 + 3041824170 = 3855060228, got 3855060265
  7038162399 + 8251837442 = 15289999841, got 15289999872
  3917771074 + 2558389380 = 6476160454, got 6476160460
