Model: RL4RL Autoresearch candidate
Author: configured in run manifest
Parameters (unique): 1908
Architecture: decoder-only addition transformer d=16, h=2, L=2, ff=10, block1_ff=8, fixed_separators=True, tied_position_pairs=[[4, 15], [7, 18], [5, 16], [3, 14], [2, 13], [8, 19], [6, 17], [1, 12], [0, 11], [9, 20]], interpolated_positions=[23, 24, 25, 26, 27], qkv_pruned=140
Tricks: autoregressive greedy decoding, weights from checkpoint

  Progress: 1000/10010 (1000/1000 correct) [4.4s]
  Progress: 2000/10010 (1999/2000 correct) [8.8s]
  Progress: 3000/10010 (2997/3000 correct) [13.2s]
  Progress: 4000/10010 (3995/4000 correct) [17.6s]
  Progress: 5000/10010 (4993/5000 correct) [22.0s]
  Progress: 6000/10010 (5992/6000 correct) [26.5s]
  Progress: 7000/10010 (6991/7000 correct) [30.9s]
  Progress: 8000/10010 (7990/8000 correct) [35.3s]
  Progress: 9000/10010 (8989/9000 correct) [39.7s]
  Progress: 10000/10010 (9985/10000 correct) [44.2s]

Results: 9995/10010 correct (99.85%)
Time: 44.2s (226 additions/sec)
Status: QUALIFIED (threshold: 99%)

Failures (15):
  6047119139 + 5060676488 = 11107795627, got 10107795627
  5073074988 + 6351264488 = 11424339476, got 10424339476
  9278473654 + 9413599947 = 18692073601, got 19692073601
  6034185843 + 5879550316 = 11913736159, got 10913736159
  9217700662 + 9448597295 = 18666297957, got 19666297957
  5634381845 + 6168469548 = 11802851393, got 10802851393
  9402679499 + 9293095411 = 18695774910, got 19695774910
  9479323125 + 9453799615 = 18933122740, got 19933122740
  9360408474 + 9213913869 = 18574322343, got 19574322343
  5812383983 + 6097421408 = 11909805391, got 10909805391
  9201756155 + 9771972022 = 18973728177, got 19973728177
  9322270328 + 9340964837 = 18663235165, got 19663235165
  5118045857 + 6196185877 = 11314231734, got 10314231734
  2068770581 + 2967666774 = 5036437355, got 4036437355
  6058598929 + 5352836860 = 11411435789, got 10411435789
