Model: 2,737 parameters
Config: d=14, h=2, L=2, ff=19
Device: mps

Training for 45000 steps...
  step   500 | loss 1.454032 | lr 0.001000 | 0.2min
  step  1000 | loss 1.381338 | lr 0.000999 | 0.3min
  VAL 0.00%
  step  1500 | loss 1.363137 | lr 0.000998 | 0.5min
  step  2000 | loss 1.348351 | lr 0.000997 | 0.6min
  VAL 0.00%
  step  2500 | loss 1.336429 | lr 0.000995 | 0.8min
  step  3000 | loss 1.334850 | lr 0.000992 | 0.9min
  VAL 0.00%
  step  3500 | loss 1.290477 | lr 0.000989 | 1.1min
  step  4000 | loss 1.228572 | lr 0.000985 | 1.2min
  VAL 0.00%
  step  4500 | loss 1.200009 | lr 0.000981 | 1.3min
  step  5000 | loss 1.150628 | lr 0.000976 | 1.5min
  VAL 0.00%
  step  5500 | loss 1.103443 | lr 0.000970 | 1.6min
  step  6000 | loss 1.099465 | lr 0.000964 | 1.8min
  VAL 0.00%
  step  6500 | loss 1.015153 | lr 0.000958 | 1.9min
  step  7000 | loss 0.972731 | lr 0.000951 | 2.1min
  VAL 0.00%
  step  7500 | loss 0.930548 | lr 0.000944 | 2.2min
  step  8000 | loss 0.889399 | lr 0.000936 | 2.4min
  VAL 0.00%
  step  8500 | loss 0.832537 | lr 0.000927 | 2.5min
  step  9000 | loss 0.490124 | lr 0.000918 | 2.7min
  VAL 3.35%
  step  9500 | loss 0.466262 | lr 0.000909 | 2.8min
  step 10000 | loss 0.418187 | lr 0.000899 | 3.0min
  VAL 6.25%
  step 10500 | loss 0.393395 | lr 0.000889 | 3.1min
  step 11000 | loss 0.374228 | lr 0.000879 | 3.3min
  VAL 6.90%
  step 11500 | loss 0.363108 | lr 0.000868 | 3.4min
  step 12000 | loss 0.352959 | lr 0.000856 | 3.6min
  VAL 6.90%
  step 12500 | loss 0.343855 | lr 0.000844 | 3.7min
  step 13000 | loss 0.329159 | lr 0.000832 | 3.9min
  VAL 7.10%
  step 13500 | loss 0.326502 | lr 0.000820 | 4.0min
  step 14000 | loss 0.316112 | lr 0.000807 | 4.2min
  VAL 6.45%
  step 14500 | loss 0.310302 | lr 0.000794 | 4.3min
  step 15000 | loss 0.314280 | lr 0.000780 | 4.5min
  VAL 7.25%
  step 15500 | loss 0.303651 | lr 0.000767 | 4.6min
  step 16000 | loss 0.303208 | lr 0.000753 | 4.8min
  VAL 7.15%
  step 16500 | loss 0.288089 | lr 0.000739 | 4.9min
  step 17000 | loss 0.289456 | lr 0.000724 | 5.1min
  VAL 8.30%
  step 17500 | loss 0.298708 | lr 0.000709 | 5.2min
  step 18000 | loss 0.294495 | lr 0.000694 | 5.4min
  VAL 7.65%
  step 18500 | loss 0.275354 | lr 0.000679 | 5.5min
  step 19000 | loss 0.283654 | lr 0.000664 | 5.7min
  VAL 8.85%
  step 19500 | loss 0.279963 | lr 0.000649 | 5.8min
  step 20000 | loss 0.267540 | lr 0.000633 | 6.0min
  VAL 7.70%
  step 20500 | loss 0.280967 | lr 0.000618 | 6.1min
  step 21000 | loss 0.275597 | lr 0.000602 | 6.3min
  VAL 9.00%
  step 21500 | loss 0.283332 | lr 0.000586 | 6.4min
  step 22000 | loss 0.273545 | lr 0.000571 | 6.5min
  VAL 8.65%
  step 22500 | loss 0.266018 | lr 0.000555 | 6.7min
  step 23000 | loss 0.265752 | lr 0.000539 | 6.8min
  VAL 7.90%
  step 23500 | loss 0.267976 | lr 0.000523 | 7.0min
  step 24000 | loss 0.263738 | lr 0.000507 | 7.1min
  VAL 9.05%
  step 24500 | loss 0.263249 | lr 0.000492 | 7.3min
  step 25000 | loss 0.260684 | lr 0.000476 | 7.4min
  VAL 8.50%
  step 25500 | loss 0.261042 | lr 0.000460 | 7.5min
  step 26000 | loss 0.255217 | lr 0.000445 | 7.7min
  VAL 9.40%
  step 26500 | loss 0.254840 | lr 0.000430 | 7.8min
  step 27000 | loss 0.260071 | lr 0.000415 | 7.9min
  VAL 9.35%
  step 27500 | loss 0.254264 | lr 0.000400 | 8.1min
  step 28000 | loss 0.257133 | lr 0.000385 | 8.2min
  VAL 9.90%
  step 28500 | loss 0.250219 | lr 0.000370 | 8.4min
  step 29000 | loss 0.249847 | lr 0.000356 | 8.5min
  VAL 9.60%
  step 29500 | loss 0.247857 | lr 0.000342 | 8.7min
  step 30000 | loss 0.245628 | lr 0.000328 | 8.8min
  VAL 9.90%
  step 30500 | loss 0.245730 | lr 0.000314 | 9.0min
  step 31000 | loss 0.246545 | lr 0.000301 | 9.1min
  VAL 9.05%
  step 31500 | loss 0.248414 | lr 0.000288 | 9.2min
  step 32000 | loss 0.244614 | lr 0.000275 | 9.4min
  VAL 9.35%
  step 32500 | loss 0.244179 | lr 0.000263 | 9.5min
  step 33000 | loss 0.239635 | lr 0.000251 | 9.6min
  VAL 9.90%
  step 33500 | loss 0.239724 | lr 0.000239 | 9.8min
  step 34000 | loss 0.240260 | lr 0.000228 | 9.9min
  VAL 10.20%
  step 34500 | loss 0.238812 | lr 0.000217 | 10.0min
  step 35000 | loss 0.238536 | lr 0.000207 | 10.2min
  VAL 10.30%
  step 35500 | loss 0.240258 | lr 0.000197 | 10.3min
  step 36000 | loss 0.238206 | lr 0.000187 | 10.4min
  VAL 9.40%
  step 36500 | loss 0.236937 | lr 0.000178 | 10.6min
  step 37000 | loss 0.236336 | lr 0.000169 | 10.7min
  VAL 9.85%
  step 37500 | loss 0.237600 | lr 0.000161 | 10.9min
  step 38000 | loss 0.235560 | lr 0.000153 | 11.0min
  VAL 8.75%
  step 38500 | loss 0.234777 | lr 0.000146 | 11.2min
  step 39000 | loss 0.233668 | lr 0.000139 | 11.3min
  VAL 10.15%
  step 39500 | loss 0.234163 | lr 0.000133 | 11.5min
  step 40000 | loss 0.232940 | lr 0.000128 | 11.6min
  VAL 10.10%
  step 40500 | loss 0.232605 | lr 0.000122 | 11.7min
  step 41000 | loss 0.231555 | lr 0.000118 | 11.9min
  VAL 9.55%
  step 41500 | loss 0.232628 | lr 0.000114 | 12.0min
  step 42000 | loss 0.230909 | lr 0.000110 | 12.2min
  VAL 11.40%
  step 42500 | loss 0.230156 | lr 0.000107 | 12.3min
  step 43000 | loss 0.229818 | lr 0.000104 | 12.5min
  VAL 8.75%
  step 43500 | loss 0.229298 | lr 0.000102 | 12.6min
  step 44000 | loss 0.228767 | lr 0.000101 | 12.8min
  VAL 9.50%
  step 44500 | loss 0.227280 | lr 0.000100 | 12.9min
  step 45000 | loss 0.228965 | lr 0.000100 | 13.0min
  VAL 9.85%

Training complete in 13.1 minutes
Best test accuracy: 0.0000%
