Model: 3,129 parameters
Config: d=14, h=2, L=2, ff=19
Device: mps

Training for 45000 steps...
  step   500 | loss 1.473283 | lr 0.001000 | 0.2min
  step  1000 | loss 1.463530 | lr 0.000999 | 0.4min
  VAL 0.00%
  step  1500 | loss 1.377474 | lr 0.000998 | 0.5min
  step  2000 | loss 1.367343 | lr 0.000997 | 0.7min
  VAL 0.00%
  step  2500 | loss 1.356835 | lr 0.000995 | 0.8min
  step  3000 | loss 1.348737 | lr 0.000992 | 0.9min
  VAL 0.00%
  step  3500 | loss 1.340568 | lr 0.000989 | 1.1min
  step  4000 | loss 1.308262 | lr 0.000985 | 1.2min
  VAL 0.00%
  step  4500 | loss 1.300245 | lr 0.000981 | 1.4min
  step  5000 | loss 1.294717 | lr 0.000976 | 1.5min
  VAL 0.00%
  step  5500 | loss 1.267238 | lr 0.000970 | 1.7min
  step  6000 | loss 1.269322 | lr 0.000964 | 1.8min
  VAL 0.00%
  step  6500 | loss 1.268144 | lr 0.000958 | 2.0min
  step  7000 | loss 1.200013 | lr 0.000951 | 2.1min
  VAL 0.00%
  step  7500 | loss 1.239248 | lr 0.000944 | 2.3min
  step  8000 | loss 1.229400 | lr 0.000936 | 2.4min
  VAL 0.00%
  step  8500 | loss 1.162996 | lr 0.000927 | 2.5min
  step  9000 | loss 1.171093 | lr 0.000918 | 2.7min
  VAL 0.00%
  step  9500 | loss 1.172128 | lr 0.000909 | 2.8min
  step 10000 | loss 1.143178 | lr 0.000899 | 3.0min
  VAL 0.00%
  step 10500 | loss 1.148204 | lr 0.000889 | 3.1min
  step 11000 | loss 1.113412 | lr 0.000879 | 3.3min
  VAL 0.00%
  step 11500 | loss 1.084051 | lr 0.000868 | 3.4min
  step 12000 | loss 1.085918 | lr 0.000856 | 3.5min
  VAL 0.00%
  step 12500 | loss 1.085399 | lr 0.000844 | 3.7min
  step 13000 | loss 1.087068 | lr 0.000832 | 3.8min
  VAL 0.00%
  step 13500 | loss 1.065042 | lr 0.000820 | 3.9min
  step 14000 | loss 1.080768 | lr 0.000807 | 4.1min
  VAL 0.00%
  step 14500 | loss 1.092214 | lr 0.000794 | 4.2min
  step 15000 | loss 1.077015 | lr 0.000780 | 4.3min
  VAL 0.00%
  step 15500 | loss 1.131689 | lr 0.000767 | 4.5min
  step 16000 | loss 1.086288 | lr 0.000753 | 4.6min
  VAL 0.00%
  step 16500 | loss 1.081989 | lr 0.000739 | 4.7min
  step 17000 | loss 1.091546 | lr 0.000724 | 4.9min
  VAL 0.00%
  step 17500 | loss 1.083493 | lr 0.000709 | 5.0min
  step 18000 | loss 1.087161 | lr 0.000694 | 5.1min
  VAL 0.00%
  step 18500 | loss 1.105217 | lr 0.000679 | 5.2min
  step 19000 | loss 1.132148 | lr 0.000664 | 5.4min
  VAL 0.00%
  step 19500 | loss 1.086708 | lr 0.000649 | 5.5min
  step 20000 | loss 1.063578 | lr 0.000633 | 5.6min
  VAL 0.00%
  step 20500 | loss 1.062670 | lr 0.000618 | 5.8min
  step 21000 | loss 1.091097 | lr 0.000602 | 5.9min
  VAL 0.00%
  step 21500 | loss 1.069153 | lr 0.000586 | 6.1min
  step 22000 | loss 1.083766 | lr 0.000571 | 6.2min
  VAL 0.00%
  step 22500 | loss 1.054296 | lr 0.000555 | 6.3min
  step 23000 | loss 1.023049 | lr 0.000539 | 6.5min
  VAL 0.00%
  step 23500 | loss 1.050918 | lr 0.000523 | 6.6min
  step 24000 | loss 0.951163 | lr 0.000507 | 6.7min
  VAL 0.00%
  step 24500 | loss 0.950278 | lr 0.000492 | 6.9min
  step 25000 | loss 0.886317 | lr 0.000476 | 7.0min
  VAL 0.00%
  step 25500 | loss 0.758578 | lr 0.000460 | 7.2min
  step 26000 | loss 0.622315 | lr 0.000445 | 7.3min
  VAL 0.00%
  step 26500 | loss 0.555630 | lr 0.000430 | 7.5min
  step 27000 | loss 0.407183 | lr 0.000415 | 7.6min
  VAL 0.25%
  step 27500 | loss 0.371723 | lr 0.000400 | 7.8min
  step 28000 | loss 0.336537 | lr 0.000385 | 7.9min
  VAL 1.85%
  step 28500 | loss 0.307176 | lr 0.000370 | 8.1min
  step 29000 | loss 0.297760 | lr 0.000356 | 8.2min
  VAL 4.20%
  step 29500 | loss 0.288930 | lr 0.000342 | 8.3min
  step 30000 | loss 0.275676 | lr 0.000328 | 8.4min
  VAL 5.65%
  step 30500 | loss 0.274979 | lr 0.000314 | 8.6min
  step 31000 | loss 0.267994 | lr 0.000301 | 8.7min
  VAL 5.65%
  step 31500 | loss 0.259406 | lr 0.000288 | 8.8min
  step 32000 | loss 0.258509 | lr 0.000275 | 8.9min
  VAL 5.55%
  step 32500 | loss 0.249896 | lr 0.000263 | 9.1min
  step 33000 | loss 0.250584 | lr 0.000251 | 9.2min
  VAL 6.80%
  step 33500 | loss 0.250371 | lr 0.000239 | 9.3min
  step 34000 | loss 0.249060 | lr 0.000228 | 9.5min
  VAL 7.90%
  step 34500 | loss 0.244922 | lr 0.000217 | 9.6min
  step 35000 | loss 0.241388 | lr 0.000207 | 9.7min
  VAL 8.00%
  step 35500 | loss 0.237370 | lr 0.000197 | 9.9min
  step 36000 | loss 0.236656 | lr 0.000187 | 10.0min
  VAL 8.15%
  step 36500 | loss 0.235537 | lr 0.000178 | 10.2min
  step 37000 | loss 0.231931 | lr 0.000169 | 10.3min
  VAL 8.30%
  step 37500 | loss 0.229417 | lr 0.000161 | 10.5min
  step 38000 | loss 0.228560 | lr 0.000153 | 10.6min
  VAL 8.30%
  step 38500 | loss 0.226719 | lr 0.000146 | 10.7min
  step 39000 | loss 0.227487 | lr 0.000139 | 10.9min
  VAL 8.05%
  step 39500 | loss 0.227654 | lr 0.000133 | 11.0min
  step 40000 | loss 0.224175 | lr 0.000128 | 11.1min
  VAL 8.25%
  step 40500 | loss 0.222218 | lr 0.000122 | 11.3min
  step 41000 | loss 0.222273 | lr 0.000118 | 11.4min
  VAL 8.15%
  step 41500 | loss 0.220589 | lr 0.000114 | 11.6min
  step 42000 | loss 0.217992 | lr 0.000110 | 11.7min
  VAL 8.20%
  step 42500 | loss 0.220509 | lr 0.000107 | 11.9min
  step 43000 | loss 0.217870 | lr 0.000104 | 12.0min
  VAL 8.55%
  step 43500 | loss 0.216367 | lr 0.000102 | 12.1min
  step 44000 | loss 0.216917 | lr 0.000101 | 12.3min
  VAL 8.85%
  step 44500 | loss 0.213963 | lr 0.000100 | 12.4min
  step 45000 | loss 0.213832 | lr 0.000100 | 12.6min
  VAL 9.05%

Training complete in 12.6 minutes
Best test accuracy: 0.0000%
