Model: 3,168 parameters
Config: d=16, h=2, L=2, ff=12
Device: mps

Training for 45000 steps...
  step   500 | loss 1.513180 | lr 0.001000 | 0.1min
  step  1000 | loss 1.352277 | lr 0.000999 | 0.3min
  VAL 0.00%
  step  1500 | loss 0.850775 | lr 0.000998 | 0.4min
  step  2000 | loss 0.456036 | lr 0.000996 | 0.5min
  VAL 0.40%
  step  2500 | loss 0.134911 | lr 0.000994 | 0.6min
  step  3000 | loss 0.090472 | lr 0.000991 | 0.7min
  VAL 39.85%
  step  3500 | loss 0.066217 | lr 0.000987 | 0.8min
  step  4000 | loss 0.045542 | lr 0.000983 | 1.0min
  VAL 62.25%
  step  4500 | loss 0.028667 | lr 0.000978 | 1.1min
  step  5000 | loss 0.024211 | lr 0.000973 | 1.2min
  VAL 81.10%
  step  5500 | loss 0.023056 | lr 0.000967 | 1.3min
  step  6000 | loss 0.026027 | lr 0.000960 | 1.4min
  VAL 83.80%
  step  6500 | loss 0.015331 | lr 0.000953 | 1.5min
  step  7000 | loss 0.011169 | lr 0.000946 | 1.7min
  VAL 80.35%
  step  7500 | loss 0.010454 | lr 0.000937 | 1.8min
  step  8000 | loss 0.013338 | lr 0.000929 | 1.9min
  VAL 92.95%
  step  8500 | loss 0.008548 | lr 0.000919 | 2.0min
  step  9000 | loss 0.008288 | lr 0.000909 | 2.1min
  VAL 94.20%
  step  9500 | loss 0.008323 | lr 0.000899 | 2.2min
  step 10000 | loss 0.007565 | lr 0.000888 | 2.3min
  VAL 93.60%
  step 10500 | loss 0.007887 | lr 0.000877 | 2.4min
  step 11000 | loss 0.008181 | lr 0.000865 | 2.6min
  VAL 92.85%
  step 11500 | loss 0.005715 | lr 0.000853 | 2.7min
  step 12000 | loss 0.006694 | lr 0.000840 | 2.8min
  VAL 95.15%
  step 12500 | loss 0.008416 | lr 0.000827 | 2.9min
  step 13000 | loss 0.005010 | lr 0.000814 | 3.0min
  VAL 94.45%
  step 13500 | loss 0.005062 | lr 0.000800 | 3.1min
  step 14000 | loss 0.005520 | lr 0.000786 | 3.3min
  VAL 95.45%
  step 14500 | loss 0.005269 | lr 0.000771 | 3.4min
  step 15000 | loss 0.004820 | lr 0.000756 | 3.5min
  VAL 96.20%
  step 15500 | loss 0.004472 | lr 0.000741 | 3.6min
  step 16000 | loss 0.004224 | lr 0.000725 | 3.7min
  VAL 93.55%
  step 16500 | loss 0.004570 | lr 0.000709 | 3.8min
  step 17000 | loss 0.003166 | lr 0.000693 | 4.0min
  VAL 96.70%
  step 17500 | loss 0.006066 | lr 0.000677 | 4.1min
  step 18000 | loss 0.003192 | lr 0.000661 | 4.2min
  VAL 96.15%
  step 18500 | loss 0.003591 | lr 0.000644 | 4.3min
  step 19000 | loss 0.002917 | lr 0.000627 | 4.4min
  VAL 96.80%
  step 19500 | loss 0.002952 | lr 0.000610 | 4.5min
  step 20000 | loss 0.003120 | lr 0.000593 | 4.7min
  VAL 97.20%
  step 20500 | loss 0.003184 | lr 0.000575 | 4.8min
  step 21000 | loss 0.002639 | lr 0.000558 | 4.9min
  VAL 97.60%
  step 21500 | loss 0.003030 | lr 0.000540 | 5.0min
  step 22000 | loss 0.002313 | lr 0.000523 | 5.1min
  VAL 98.85%
  step 22500 | loss 0.002169 | lr 0.000505 | 5.3min
  step 23000 | loss 0.002245 | lr 0.000488 | 5.3min
  VAL 97.65%
  step 23500 | loss 0.002260 | lr 0.000470 | 5.5min
  step 24000 | loss 0.002285 | lr 0.000453 | 5.6min
  VAL 98.30%
  step 24500 | loss 0.002105 | lr 0.000435 | 5.7min
  step 25000 | loss 0.002745 | lr 0.000418 | 5.8min
  VAL 99.40%
  TEST 99.1900%
  *** New best: 99.1900% ***
  step 25500 | loss 0.002266 | lr 0.000401 | 6.0min
  step 26000 | loss 0.001647 | lr 0.000383 | 6.1min
  VAL 99.55%
  TEST 99.6600%
  *** New best: 99.6600% ***
  step 26500 | loss 0.001861 | lr 0.000366 | 6.2min
  step 27000 | loss 0.001780 | lr 0.000350 | 6.3min
  VAL 99.20%
  TEST 99.3400%
  step 27500 | loss 0.001492 | lr 0.000333 | 6.5min
  step 28000 | loss 0.001542 | lr 0.000316 | 6.6min
  VAL 99.90%
  TEST 99.7200%
  *** New best: 99.7200% ***
  step 28500 | loss 0.001800 | lr 0.000300 | 6.8min
  step 29000 | loss 0.001103 | lr 0.000284 | 6.9min
  VAL 99.70%
  TEST 99.3500%
  step 29500 | loss 0.001756 | lr 0.000268 | 7.0min
  step 30000 | loss 0.001441 | lr 0.000253 | 7.1min
  VAL 99.90%
  TEST 99.6800%
  step 30500 | loss 0.001346 | lr 0.000238 | 7.3min
  step 31000 | loss 0.001081 | lr 0.000223 | 7.4min
  VAL 99.90%
  TEST 99.7800%
  *** New best: 99.7800% ***
  step 31500 | loss 0.001004 | lr 0.000209 | 7.6min
  step 32000 | loss 0.001503 | lr 0.000195 | 7.6min
  VAL 99.25%
  TEST 99.3600%
  step 32500 | loss 0.001040 | lr 0.000181 | 7.8min
  step 33000 | loss 0.001015 | lr 0.000168 | 7.9min
  VAL 99.55%
  TEST 99.5500%
  step 33500 | loss 0.000939 | lr 0.000155 | 8.1min
  step 34000 | loss 0.000831 | lr 0.000142 | 8.2min
  VAL 99.80%
  TEST 99.7300%
  step 34500 | loss 0.000958 | lr 0.000130 | 8.3min
  step 35000 | loss 0.000863 | lr 0.000118 | 8.4min
  VAL 99.90%
  TEST 99.7700%
  step 35500 | loss 0.000774 | lr 0.000107 | 8.6min
  step 36000 | loss 0.000741 | lr 0.000097 | 8.7min
  VAL 99.95%
  TEST 99.9900%
  *** New best: 99.9900% ***
  Early stop after qualifying checkpoint at step 36000 (8.7min)
