Model: 2,968 parameters
Config: d=14, h=2, L=2, ff=17
Device: mps

Training for 30000 steps...
  step   500 | loss 1.426050 | lr 0.001000 | 0.2min
  step  1000 | loss 1.370739 | lr 0.000999 | 0.3min
  VAL 0.00%
  step  1500 | loss 1.310692 | lr 0.000996 | 0.5min
  step  2000 | loss 1.264601 | lr 0.000992 | 0.6min
  VAL 0.00%
  step  2500 | loss 0.923170 | lr 0.000987 | 0.7min
  step  3000 | loss 0.564749 | lr 0.000980 | 0.9min
  VAL 0.15%
  step  3500 | loss 0.485963 | lr 0.000972 | 1.0min
  step  4000 | loss 0.420525 | lr 0.000962 | 1.2min
  VAL 2.70%
  step  4500 | loss 0.371125 | lr 0.000951 | 1.3min
  step  5000 | loss 0.363978 | lr 0.000939 | 1.5min
  VAL 4.00%
  step  5500 | loss 0.337381 | lr 0.000926 | 1.6min
  step  6000 | loss 0.316510 | lr 0.000912 | 1.7min
  VAL 4.85%
  step  6500 | loss 0.306713 | lr 0.000896 | 1.9min
  step  7000 | loss 0.295247 | lr 0.000880 | 2.0min
  VAL 5.80%
  step  7500 | loss 0.287475 | lr 0.000862 | 2.2min
  step  8000 | loss 0.286581 | lr 0.000843 | 2.3min
  VAL 5.70%
  step  8500 | loss 0.270707 | lr 0.000823 | 2.4min
  step  9000 | loss 0.264587 | lr 0.000803 | 2.6min
  VAL 7.60%
  step  9500 | loss 0.261843 | lr 0.000781 | 2.7min
  step 10000 | loss 0.248638 | lr 0.000759 | 2.9min
  VAL 7.65%
  step 10500 | loss 0.252578 | lr 0.000736 | 3.0min
  step 11000 | loss 0.264500 | lr 0.000713 | 3.2min
  VAL 6.95%
  step 11500 | loss 0.244831 | lr 0.000688 | 3.3min
  step 12000 | loss 0.239646 | lr 0.000664 | 3.5min
  VAL 8.75%
  step 12500 | loss 0.239263 | lr 0.000638 | 3.6min
  step 13000 | loss 0.237065 | lr 0.000613 | 3.8min
  VAL 8.85%
  step 13500 | loss 0.235303 | lr 0.000587 | 3.9min
  step 14000 | loss 0.232315 | lr 0.000561 | 4.1min
  VAL 9.85%
  step 14500 | loss 0.231289 | lr 0.000534 | 4.2min
  step 15000 | loss 0.231174 | lr 0.000508 | 4.3min
  VAL 10.90%
  step 15500 | loss 0.229679 | lr 0.000481 | 4.5min
  step 16000 | loss 0.226340 | lr 0.000455 | 4.6min
  VAL 9.25%
  step 16500 | loss 0.226765 | lr 0.000429 | 4.8min
  step 17000 | loss 0.223378 | lr 0.000403 | 4.9min
  VAL 10.25%
  step 17500 | loss 0.223743 | lr 0.000377 | 5.1min
  step 18000 | loss 0.222138 | lr 0.000352 | 5.2min
  VAL 10.25%
  step 18500 | loss 0.219400 | lr 0.000327 | 5.3min
  step 19000 | loss 0.219468 | lr 0.000302 | 5.5min
  VAL 10.90%
  step 19500 | loss 0.219179 | lr 0.000278 | 5.6min
  step 20000 | loss 0.218323 | lr 0.000255 | 5.8min
  VAL 10.45%
  step 20500 | loss 0.216845 | lr 0.000232 | 5.9min
  step 21000 | loss 0.216331 | lr 0.000210 | 6.0min
  VAL 9.30%
  step 21500 | loss 0.215550 | lr 0.000189 | 6.2min
  step 22000 | loss 0.213326 | lr 0.000169 | 6.3min
  VAL 10.35%
  step 22500 | loss 0.214921 | lr 0.000149 | 6.5min
  step 23000 | loss 0.213347 | lr 0.000131 | 6.6min
  VAL 10.90%
  step 23500 | loss 0.211509 | lr 0.000114 | 6.7min
  step 24000 | loss 0.209561 | lr 0.000097 | 6.9min
  VAL 11.10%
  step 24500 | loss 0.209429 | lr 0.000082 | 7.0min
  step 25000 | loss 0.208961 | lr 0.000068 | 7.2min
  VAL 11.00%
  step 25500 | loss 0.208914 | lr 0.000056 | 7.3min
  step 26000 | loss 0.209041 | lr 0.000044 | 7.4min
  VAL 10.50%
  step 26500 | loss 0.207975 | lr 0.000034 | 7.6min
  step 27000 | loss 0.207845 | lr 0.000025 | 7.7min
  VAL 11.05%
  step 27500 | loss 0.207557 | lr 0.000017 | 7.9min
  step 28000 | loss 0.207454 | lr 0.000011 | 8.0min
  VAL 10.80%
  step 28500 | loss 0.206744 | lr 0.000006 | 8.1min
  step 29000 | loss 0.206757 | lr 0.000003 | 8.2min
  VAL 10.65%
  step 29500 | loss 0.206667 | lr 0.000001 | 8.4min
  step 30000 | loss 0.207175 | lr 0.000000 | 8.5min
  VAL 10.75%

Training complete in 8.5 minutes
Best test accuracy: 0.0000%
