Model: RL4RL Autoresearch candidate
Author: configured in run manifest
Parameters (unique): 2968
Architecture: decoder-only addition transformer d=14, h=2, L=2, ff=17
Tricks: autoregressive greedy decoding, weights from checkpoint

  Progress: 1000/10010 (106/1000 correct) [6.9s]
  Progress: 2000/10010 (187/2000 correct) [13.9s]
  Progress: 3000/10010 (278/3000 correct) [21.0s]
  Progress: 4000/10010 (374/4000 correct) [28.0s]
  Progress: 5000/10010 (492/5000 correct) [34.8s]
  Progress: 6000/10010 (592/6000 correct) [41.9s]
  Progress: 7000/10010 (673/7000 correct) [48.8s]
  Progress: 8000/10010 (788/8000 correct) [55.8s]
  Progress: 9000/10010 (905/9000 correct) [62.7s]
  Progress: 10000/10010 (999/10000 correct) [69.8s]

Results: 1000/10010 correct (9.99%)
Time: 69.9s (143 additions/sec)
Status: NOT QUALIFIED (threshold: 99%)

First 20 failures (of 9010):
  0 + 0 = 0, got 1
  9999999999 + 0 = 9999999999, got 9999999998
  9999999999 + 1 = 10000000000, got 9999999998
  5000000000 + 5000000000 = 10000000000, got 6
  1111111111 + 8888888889 = 10000000000, got 10000000018
  1234567890 + 9876543210 = 11111111100, got 11111111098
  1 + 9999999999 = 10000000000, got 9999999998
  2395527356 + 9334186774 = 11729714130, got 11729714129
  4296888873 + 8475224721 = 12772113594, got 12772113598
  2446880696 + 4577514554 = 7024395250, got 7024395249
  1721735679 + 186192860 = 1907928539, got 1907928538
  4721664841 + 8801376086 = 13523040927, got 13523040928
  8709633390 + 2191376109 = 10901009499, got 10901009498
  813236058 + 3041824170 = 3855060228, got 3855060227
  7038162399 + 8251837442 = 15289999841, got 15289999838
  3917771074 + 2558389380 = 6476160454, got 6476160458
  2345623234 + 894115330 = 3239738564, got 3239738563
  9635552803 + 139097711 = 9774650514, got 9774650518
  5487960534 + 2479695299 = 7967655833, got 7967655839
  9981988602 + 6255527173 = 16237515775, got 16237515779
