Model: 2,816 parameters
Config: d=14, h=2, L=2, ff=23
Device: mps

Training for 50000 steps...
  step   500 | loss 1.473764 | lr 0.001000 | 0.2min
  step  1000 | loss 1.398236 | lr 0.001000 | 0.3min
  VAL 0.00%
  step  1500 | loss 1.383781 | lr 0.000999 | 0.5min
  step  2000 | loss 1.379037 | lr 0.000997 | 0.7min
  VAL 0.00%
  step  2500 | loss 1.394458 | lr 0.000995 | 0.8min
  step  3000 | loss 1.367150 | lr 0.000993 | 1.0min
  VAL 0.00%
  step  3500 | loss 1.352246 | lr 0.000990 | 1.2min
  step  4000 | loss 1.321995 | lr 0.000986 | 1.4min
  VAL 0.00%
  step  4500 | loss 1.311231 | lr 0.000982 | 1.5min
  step  5000 | loss 1.275037 | lr 0.000978 | 1.7min
  VAL 0.00%
  step  5500 | loss 1.267460 | lr 0.000973 | 1.9min
  step  6000 | loss 1.257066 | lr 0.000968 | 2.1min
  VAL 0.00%
  step  6500 | loss 1.261235 | lr 0.000962 | 2.2min
  step  7000 | loss 1.221009 | lr 0.000956 | 2.4min
  VAL 0.00%
  step  7500 | loss 1.218385 | lr 0.000949 | 2.6min
  step  8000 | loss 1.269506 | lr 0.000942 | 2.7min
  VAL 0.00%
  step  8500 | loss 1.262044 | lr 0.000934 | 2.9min
  step  9000 | loss 1.230186 | lr 0.000926 | 3.1min
  VAL 0.00%
  step  9500 | loss 1.220897 | lr 0.000918 | 3.2min
  step 10000 | loss 1.198794 | lr 0.000909 | 3.4min
  VAL 0.00%
  step 10500 | loss 1.205593 | lr 0.000900 | 3.5min
  step 11000 | loss 1.214399 | lr 0.000890 | 3.7min
  VAL 0.00%
  step 11500 | loss 1.197491 | lr 0.000880 | 3.8min
  step 12000 | loss 1.218121 | lr 0.000869 | 4.0min
  VAL 0.00%
  step 12500 | loss 1.169360 | lr 0.000859 | 4.1min
  step 13000 | loss 1.151008 | lr 0.000847 | 4.3min
  VAL 0.00%
  step 13500 | loss 1.178057 | lr 0.000836 | 4.4min
  step 14000 | loss 1.138967 | lr 0.000824 | 4.6min
  VAL 0.00%
  step 14500 | loss 1.141204 | lr 0.000812 | 4.8min
  step 15000 | loss 1.012656 | lr 0.000799 | 4.9min
  VAL 0.00%
  step 15500 | loss 0.963682 | lr 0.000786 | 5.1min
  step 16000 | loss 0.968281 | lr 0.000773 | 5.2min
  VAL 0.00%
  step 16500 | loss 0.961416 | lr 0.000760 | 5.4min
  step 17000 | loss 0.981290 | lr 0.000746 | 5.5min
  VAL 0.00%
  step 17500 | loss 0.965771 | lr 0.000732 | 5.6min
  step 18000 | loss 0.926746 | lr 0.000718 | 5.8min
  VAL 0.00%
  step 18500 | loss 0.997133 | lr 0.000704 | 5.9min
  step 19000 | loss 0.921632 | lr 0.000690 | 6.1min
  VAL 0.00%
  step 19500 | loss 0.937916 | lr 0.000675 | 6.2min
  step 20000 | loss 0.881429 | lr 0.000660 | 6.4min
  VAL 0.00%
  step 20500 | loss 0.900513 | lr 0.000645 | 6.6min
  step 21000 | loss 0.952753 | lr 0.000630 | 6.7min
  VAL 0.00%
  step 21500 | loss 0.891119 | lr 0.000614 | 6.9min
  step 22000 | loss 0.899947 | lr 0.000599 | 7.1min
  VAL 0.00%
  step 22500 | loss 0.866361 | lr 0.000583 | 7.3min
  step 23000 | loss 0.892231 | lr 0.000568 | 7.5min
  VAL 0.00%
  step 23500 | loss 0.903851 | lr 0.000552 | 7.6min
  step 24000 | loss 0.873229 | lr 0.000536 | 7.8min
  VAL 0.00%
  step 24500 | loss 0.905191 | lr 0.000521 | 8.0min
  step 25000 | loss 0.884542 | lr 0.000505 | 8.1min
  VAL 0.00%
  step 25500 | loss 0.876686 | lr 0.000489 | 8.3min
  step 26000 | loss 0.895808 | lr 0.000473 | 8.4min
  VAL 0.00%
  step 26500 | loss 0.888798 | lr 0.000457 | 8.6min
  step 27000 | loss 0.861044 | lr 0.000442 | 8.8min
  VAL 0.00%
  step 27500 | loss 0.891434 | lr 0.000426 | 9.0min
  step 28000 | loss 0.868517 | lr 0.000410 | 9.1min
  VAL 0.00%
  step 28500 | loss 0.884419 | lr 0.000395 | 9.3min
  step 29000 | loss 0.864532 | lr 0.000380 | 9.4min
  VAL 0.00%
  step 29500 | loss 0.868175 | lr 0.000364 | 9.6min
  step 30000 | loss 0.890961 | lr 0.000349 | 9.8min
  VAL 0.00%
  step 30500 | loss 0.906696 | lr 0.000334 | 9.9min
  step 31000 | loss 0.872981 | lr 0.000319 | 10.1min
  VAL 0.00%
  step 31500 | loss 0.871632 | lr 0.000305 | 10.3min
  step 32000 | loss 0.867105 | lr 0.000290 | 10.5min
  VAL 0.00%
  step 32500 | loss 0.871127 | lr 0.000276 | 10.7min
  step 33000 | loss 0.875192 | lr 0.000262 | 10.8min
  VAL 0.00%
  step 33500 | loss 0.864591 | lr 0.000248 | 11.0min
  step 34000 | loss 0.836573 | lr 0.000235 | 11.2min
  VAL 0.00%
  step 34500 | loss 0.882695 | lr 0.000221 | 11.4min
  step 35000 | loss 0.841769 | lr 0.000208 | 11.5min
  VAL 0.00%
  step 35500 | loss 0.842671 | lr 0.000196 | 11.7min
  step 36000 | loss 0.835445 | lr 0.000183 | 11.9min
  VAL 0.00%
  step 36500 | loss 0.846266 | lr 0.000171 | 12.0min
  step 37000 | loss 0.879549 | lr 0.000160 | 12.2min
  VAL 0.00%
  step 37500 | loss 0.855598 | lr 0.000148 | 12.3min
  step 38000 | loss 0.859354 | lr 0.000137 | 12.5min
  VAL 0.00%
  step 38500 | loss 0.876025 | lr 0.000126 | 12.6min
  step 39000 | loss 0.846421 | lr 0.000116 | 12.8min
  VAL 0.00%
  step 39500 | loss 0.836042 | lr 0.000106 | 12.9min
  step 40000 | loss 0.837666 | lr 0.000097 | 13.0min
  VAL 0.00%
  step 40500 | loss 0.903557 | lr 0.000087 | 13.2min
  step 41000 | loss 0.827403 | lr 0.000079 | 13.3min
  VAL 0.00%
  step 41500 | loss 0.840663 | lr 0.000070 | 13.5min
  step 42000 | loss 0.857622 | lr 0.000063 | 13.6min
  VAL 0.00%
  step 42500 | loss 0.828070 | lr 0.000055 | 13.7min
  step 43000 | loss 0.866473 | lr 0.000048 | 13.9min
  VAL 0.00%
  step 43500 | loss 0.847032 | lr 0.000042 | 14.0min
  step 44000 | loss 0.811856 | lr 0.000036 | 14.2min
  VAL 0.00%
  step 44500 | loss 0.858859 | lr 0.000030 | 14.3min
  step 45000 | loss 0.838999 | lr 0.000025 | 14.5min
  VAL 0.00%
  step 45500 | loss 0.885177 | lr 0.000020 | 14.6min
  step 46000 | loss 0.868844 | lr 0.000016 | 14.8min
  VAL 0.00%
  step 46500 | loss 0.850843 | lr 0.000012 | 14.9min
  step 47000 | loss 0.862705 | lr 0.000009 | 15.0min
  VAL 0.00%
  step 47500 | loss 0.857656 | lr 0.000006 | 15.2min
  step 48000 | loss 0.828241 | lr 0.000004 | 15.3min
  VAL 0.00%
  step 48500 | loss 0.856359 | lr 0.000002 | 15.4min
  step 49000 | loss 0.859553 | lr 0.000001 | 15.6min
  VAL 0.00%
  step 49500 | loss 0.839348 | lr 0.000000 | 15.7min
  step 50000 | loss 0.861564 | lr 0.000000 | 15.9min
  VAL 0.00%

Training complete in 15.9 minutes
Best test accuracy: 0.0000%
