Model: RL4RL Autoresearch candidate
Author: configured in run manifest
Parameters (unique): 1932
Architecture: decoder-only addition transformer d=16, h=2, L=2, ff=10, block1_ff=8, fixed_separators=True, tied_position_pairs=[[4, 15], [7, 18], [5, 16], [3, 14], [2, 13], [8, 19], [6, 17], [1, 12], [0, 11], [9, 20]], interpolated_positions=[23, 24, 25, 26, 27], qkv_pruned=116
Tricks: autoregressive greedy decoding, weights from checkpoint

  Progress: 1000/10010 (998/1000 correct) [4.4s]
  Progress: 2000/10010 (1998/2000 correct) [8.8s]
  Progress: 3000/10010 (2997/3000 correct) [13.2s]
  Progress: 4000/10010 (3996/4000 correct) [17.7s]
  Progress: 5000/10010 (4995/5000 correct) [22.1s]
  Progress: 6000/10010 (5993/6000 correct) [26.5s]
  Progress: 7000/10010 (6992/7000 correct) [30.9s]
  Progress: 8000/10010 (7991/8000 correct) [35.4s]
  Progress: 9000/10010 (8988/9000 correct) [39.8s]
  Progress: 10000/10010 (9985/10000 correct) [44.2s]

Results: 9995/10010 correct (99.85%)
Time: 44.3s (226 additions/sec)
Status: QUALIFIED (threshold: 99%)

Failures (15):
  8261688289 + 8707679052 = 16969367341, got 17969367341
  8451671660 + 8219874762 = 16671546422, got 17671546422
  9278473654 + 9413599947 = 18692073601, got 19692073601
  9217700662 + 9448597295 = 18666297957, got 19666297957
  9402679499 + 9293095411 = 18695774910, got 19695774910
  2828982940 + 2171822219 = 5000805159, got 4000805159
  9479323125 + 9453799615 = 18933122740, got 19933122740
  9360408474 + 9213913869 = 18574322343, got 19574322343
  8759742406 + 8209644900 = 16969387306, got 17969387306
  8221226107 + 8352380936 = 16573607043, got 17573607043
  9201756155 + 9771972022 = 18973728177, got 19973728177
  2544951434 + 2456781784 = 5001733218, got 4001733218
  9322270328 + 9340964837 = 18663235165, got 19663235165
  8413443535 + 8271002098 = 16684445633, got 17684445633
  2068770581 + 2967666774 = 5036437355, got 4036437355
