Model: RL4RL Autoresearch candidate
Author: configured in run manifest
Parameters (unique): 1963
Architecture: decoder-only addition transformer d=16, h=2, L=2, ff=10, block1_ff=8, fixed_separators=True, tied_position_pairs=[[4, 15], [7, 18], [5, 16], [3, 14], [2, 13], [8, 19], [6, 17], [1, 12], [0, 11], [9, 20]], interpolated_positions=[23, 24, 25, 26, 27], qkv_pruned=85
Tricks: autoregressive greedy decoding, weights from checkpoint

  Progress: 1000/10010 (999/1000 correct) [4.4s]
  Progress: 2000/10010 (1998/2000 correct) [8.7s]
  Progress: 3000/10010 (2997/3000 correct) [13.0s]
  Progress: 4000/10010 (3996/4000 correct) [17.3s]
  Progress: 5000/10010 (4993/5000 correct) [21.7s]
  Progress: 6000/10010 (5988/6000 correct) [26.0s]
  Progress: 7000/10010 (6987/7000 correct) [30.4s]
  Progress: 8000/10010 (7986/8000 correct) [34.8s]
  Progress: 9000/10010 (8980/9000 correct) [39.1s]
  Progress: 10000/10010 (9976/10000 correct) [43.4s]

Results: 9986/10010 correct (99.76%)
Time: 43.4s (231 additions/sec)
Status: QUALIFIED (threshold: 99%)

First 20 failures (of 24):
  9949339211 + 8948002488 = 18897341699, got 18997341699
  2768988876 + 2639699150 = 5408688026, got 4408688026
  9278473654 + 9413599947 = 18692073601, got 19692073601
  9217700662 + 9448597295 = 18666297957, got 19666297957
  8191852004 + 7194996854 = 15386848858, got 15396848858
  9402679499 + 9293095411 = 18695774910, got 19695774910
  2988172828 + 2822699399 = 5810872227, got 4810872227
  4204529550 + 296440191 = 4500969741, got 4400969741
  7295822456 + 4296380992 = 11592203448, got 11492203448
  2828982940 + 2171822219 = 5000805159, got 4000805159
  9479323125 + 9453799615 = 18933122740, got 19933122740
  9444829971 + 9344612303 = 18789442274, got 19789442274
  9360408474 + 9213913869 = 18574322343, got 19574322343
  2796828290 + 2206270606 = 5003098896, got 4003098896
  2970898198 + 2844045321 = 5814943519, got 4814943519
  2785857779 + 2645404587 = 5431262366, got 4431262366
  9516562991 + 9413390151 = 18929953142, got 19929953142
  9201756155 + 9771972022 = 18973728177, got 19973728177
  2540637875 + 2906523052 = 5447160927, got 4447160927
  2544951434 + 2456781784 = 5001733218, got 4001733218
