Model: RL4RL Autoresearch candidate
Author: configured in run manifest
Parameters (unique): 1949
Architecture: decoder-only addition transformer d=16, h=2, L=2, ff=10, block1_ff=8, fixed_separators=True, tied_position_pairs=[[4, 15], [7, 18], [5, 16], [3, 14], [2, 13], [8, 19], [6, 17], [1, 12], [0, 11], [9, 20]], interpolated_positions=[23, 24, 25, 26, 27], qkv_pruned=99
Tricks: autoregressive greedy decoding, weights from checkpoint

  Progress: 1000/10010 (998/1000 correct) [4.6s]
  Progress: 2000/10010 (1996/2000 correct) [8.9s]
  Progress: 3000/10010 (2992/3000 correct) [13.3s]
  Progress: 4000/10010 (3988/4000 correct) [17.7s]
  Progress: 5000/10010 (4986/5000 correct) [22.1s]
  Progress: 6000/10010 (5983/6000 correct) [26.6s]
  Progress: 7000/10010 (6981/7000 correct) [30.9s]
  Progress: 8000/10010 (7979/8000 correct) [35.2s]
  Progress: 9000/10010 (8975/9000 correct) [39.5s]
  Progress: 10000/10010 (9970/10000 correct) [43.9s]

Results: 9980/10010 correct (99.70%)
Time: 43.9s (228 additions/sec)
Status: QUALIFIED (threshold: 99%)

First 20 failures (of 30):
  6116232171 + 6692893101 = 12809125272, got 11809125272
  1084987887 + 2747664090 = 3832651977, got 2832651977
  4624637094 + 517131976 = 5141769070, got 5041769070
  5199705329 + 6225705022 = 11425410351, got 10425410351
  5073074988 + 6351264488 = 11424339476, got 10424339476
  6081827802 + 5355690034 = 11437517836, got 10437517836
  9278473654 + 9413599947 = 18692073601, got 19692073601
  3029838603 + 4424373860 = 7454212463, got 7444212463
  6220808416 + 5189773965 = 11410582381, got 10410582381
  6034185843 + 5879550316 = 11913736159, got 10913736159
  1762435645 + 2061488435 = 3823924080, got 2823924080
  9217700662 + 9448597295 = 18666297957, got 19666297957
  1020975102 + 2580856615 = 3601831717, got 2601831717
  9402679499 + 9293095411 = 18695774910, got 19695774910
  1091661902 + 2115383254 = 3207045156, got 2207045156
  7295822456 + 4296380992 = 11592203448, got 11492203448
  9479323125 + 9453799615 = 18933122740, got 19933122740
  9360408474 + 9213913869 = 18574322343, got 19574322343
  9611914057 + 7529885855 = 17141799912, got 17041799912
  5812383983 + 6097421408 = 11909805391, got 10909805391
