Initialized from retained incumbent: /Users/utshaho/Documents/GitHub/rl4rl/data/raw/autoresearch/sol-xhigh-overnight-20260814/state/incumbent.pt
Model: 3,584 parameters
Config: d=16, h=2, L=2, ff=9
Device: mps

INITIAL VAL 0.00%

Fine-tuning for up to 20000 steps...
  step   500 | loss 2.002372 | lr 0.000100 | 0.2min
  VAL 0.00%
  step  1000 | loss 1.173050 | lr 0.000100 | 0.3min
  VAL 0.00%
  step  1500 | loss 0.826743 | lr 0.000099 | 0.4min
  VAL 0.00%
  step  2000 | loss 0.553520 | lr 0.000098 | 0.6min
  VAL 0.15%
  step  2500 | loss 0.418712 | lr 0.000097 | 0.7min
  VAL 0.55%
  step  3000 | loss 0.358930 | lr 0.000095 | 0.8min
  VAL 1.15%
  step  3500 | loss 0.301918 | lr 0.000094 | 0.9min
  VAL 1.55%
  step  4000 | loss 0.271852 | lr 0.000092 | 1.1min
  VAL 2.85%
  step  4500 | loss 0.200364 | lr 0.000089 | 1.2min
  VAL 6.75%
  step  5000 | loss 0.163747 | lr 0.000087 | 1.3min
  VAL 10.40%
  step  5500 | loss 0.139911 | lr 0.000084 | 1.4min
  VAL 14.05%
  step  6000 | loss 0.109186 | lr 0.000081 | 1.6min
  VAL 17.75%
  step  6500 | loss 0.101396 | lr 0.000077 | 1.7min
  VAL 21.90%
  step  7000 | loss 0.081816 | lr 0.000074 | 1.8min
  VAL 25.00%
  step  7500 | loss 0.089063 | lr 0.000071 | 2.0min
  VAL 28.85%
  step  8000 | loss 0.073414 | lr 0.000067 | 2.1min
  VAL 31.65%
  step  8500 | loss 0.061291 | lr 0.000063 | 2.2min
  VAL 35.75%
  step  9000 | loss 0.064471 | lr 0.000059 | 2.3min
  VAL 38.35%
  step  9500 | loss 0.061141 | lr 0.000055 | 2.5min
  VAL 38.25%
  step 10000 | loss 0.053151 | lr 0.000051 | 2.6min
  VAL 41.40%
  step 10500 | loss 0.051578 | lr 0.000047 | 2.7min
  VAL 43.15%
  step 11000 | loss 0.048818 | lr 0.000043 | 2.8min
  VAL 43.75%
  step 11500 | loss 0.042482 | lr 0.000039 | 3.0min
  VAL 47.75%
  step 12000 | loss 0.038902 | lr 0.000035 | 3.1min
  VAL 48.45%
  step 12500 | loss 0.039695 | lr 0.000032 | 3.2min
  VAL 51.65%
  step 13000 | loss 0.035484 | lr 0.000028 | 3.3min
  VAL 52.85%
  step 13500 | loss 0.032488 | lr 0.000025 | 3.5min
  VAL 55.40%
  step 14000 | loss 0.035933 | lr 0.000021 | 3.6min
  VAL 56.85%
  step 14500 | loss 0.034953 | lr 0.000018 | 3.7min
  VAL 57.70%
  step 15000 | loss 0.032888 | lr 0.000015 | 3.8min
  VAL 60.15%
  step 15500 | loss 0.034500 | lr 0.000012 | 4.0min
  VAL 59.25%
  step 16000 | loss 0.028583 | lr 0.000010 | 4.1min
  VAL 60.25%
  step 16500 | loss 0.028145 | lr 0.000008 | 4.2min
  VAL 61.20%
  step 17000 | loss 0.029684 | lr 0.000006 | 4.4min
  VAL 60.55%
  step 17500 | loss 0.029195 | lr 0.000004 | 4.5min
  VAL 60.95%
  step 18000 | loss 0.028557 | lr 0.000003 | 4.6min
  VAL 61.85%
  step 18500 | loss 0.028025 | lr 0.000001 | 4.7min
  VAL 62.25%
  step 19000 | loss 0.028391 | lr 0.000001 | 4.9min
  VAL 62.80%
  step 19500 | loss 0.025822 | lr 0.000000 | 5.0min
  VAL 62.95%
  step 20000 | loss 0.028132 | lr 0.000000 | 5.1min
  VAL 62.85%

Training complete in 5.1 minutes
Best test accuracy: 0.0000%
