Model: 2,915 parameters
Config: d=14, h=2, L=2, ff=19
Device: mps

Training for 75000 steps...
  step   500 | loss 1.705731 | lr 0.001000 | 0.1min
  step  1000 | loss 1.460229 | lr 0.000999 | 0.3min
  VAL 0.00%
  step  1500 | loss 1.353382 | lr 0.000998 | 0.4min
  step  2000 | loss 1.352577 | lr 0.000997 | 0.5min
  VAL 0.00%
  step  2500 | loss 1.319049 | lr 0.000995 | 0.7min
  step  3000 | loss 1.361191 | lr 0.000992 | 0.8min
  VAL 0.00%
  step  3500 | loss 1.323047 | lr 0.000989 | 0.9min
  step  4000 | loss 1.274958 | lr 0.000985 | 1.1min
  VAL 0.00%
  step  4500 | loss 1.280769 | lr 0.000981 | 1.2min
  step  5000 | loss 1.295667 | lr 0.000976 | 1.3min
  VAL 0.00%
  step  5500 | loss 1.244983 | lr 0.000970 | 1.5min
  step  6000 | loss 1.169946 | lr 0.000964 | 1.6min
  VAL 0.00%
  step  6500 | loss 1.008912 | lr 0.000958 | 1.7min
  step  7000 | loss 0.782865 | lr 0.000951 | 1.9min
  VAL 0.10%
  step  7500 | loss 0.556119 | lr 0.000944 | 2.0min
  step  8000 | loss 0.493039 | lr 0.000936 | 2.1min
  VAL 2.90%
  step  8500 | loss 0.425433 | lr 0.000927 | 2.3min
  step  9000 | loss 0.398669 | lr 0.000918 | 2.4min
  VAL 3.50%
  step  9500 | loss 0.374772 | lr 0.000909 | 2.5min
  step 10000 | loss 0.355165 | lr 0.000899 | 2.6min
  VAL 4.95%
  step 10500 | loss 0.364074 | lr 0.000889 | 2.8min
  step 11000 | loss 0.331779 | lr 0.000879 | 2.9min
  VAL 5.50%
  step 11500 | loss 0.328289 | lr 0.000868 | 3.1min
  step 12000 | loss 0.326223 | lr 0.000856 | 3.2min
  VAL 6.00%
  step 12500 | loss 0.312540 | lr 0.000844 | 3.4min
  step 13000 | loss 0.314455 | lr 0.000832 | 3.5min
  VAL 5.90%
  step 13500 | loss 0.333906 | lr 0.000820 | 3.7min
  step 14000 | loss 0.315764 | lr 0.000807 | 3.8min
  VAL 3.95%
  step 14500 | loss 0.296217 | lr 0.000794 | 3.9min
  step 15000 | loss 0.299073 | lr 0.000780 | 4.1min
  VAL 5.70%
  step 15500 | loss 0.294558 | lr 0.000767 | 4.2min
  step 16000 | loss 0.302339 | lr 0.000753 | 4.4min
  VAL 5.20%
  step 16500 | loss 0.287956 | lr 0.000739 | 4.5min
  step 17000 | loss 0.300268 | lr 0.000724 | 4.7min
  VAL 5.85%
  step 17500 | loss 0.296295 | lr 0.000709 | 4.8min
  step 18000 | loss 0.286948 | lr 0.000694 | 4.9min
  VAL 5.80%
  step 18500 | loss 0.281279 | lr 0.000679 | 5.1min
  step 19000 | loss 0.279922 | lr 0.000664 | 5.2min
  VAL 5.35%
  step 19500 | loss 0.279760 | lr 0.000649 | 5.4min
  step 20000 | loss 0.281053 | lr 0.000633 | 5.5min
  VAL 5.65%
  step 20500 | loss 0.290588 | lr 0.000618 | 5.7min
  step 21000 | loss 0.276355 | lr 0.000602 | 5.8min
  VAL 6.60%
  step 21500 | loss 0.274885 | lr 0.000586 | 6.0min
  step 22000 | loss 0.273148 | lr 0.000571 | 6.1min
  VAL 6.85%
  step 22500 | loss 0.267621 | lr 0.000555 | 6.3min
  step 23000 | loss 0.269232 | lr 0.000539 | 6.4min
  VAL 7.10%
  step 23500 | loss 0.255461 | lr 0.000523 | 6.5min
  step 24000 | loss 0.201769 | lr 0.000507 | 6.7min
  VAL 13.25%
  step 24500 | loss 0.127298 | lr 0.000492 | 6.8min
  step 25000 | loss 0.106181 | lr 0.000476 | 6.9min
  VAL 62.10%
  step 25500 | loss 0.087764 | lr 0.000460 | 7.1min
  step 26000 | loss 0.084062 | lr 0.000445 | 7.2min
  VAL 73.40%
  step 26500 | loss 0.083067 | lr 0.000430 | 7.3min
  step 27000 | loss 0.080813 | lr 0.000415 | 7.5min
  VAL 76.30%
  step 27500 | loss 0.079744 | lr 0.000400 | 7.6min
  step 28000 | loss 0.076171 | lr 0.000385 | 7.7min
  VAL 90.75%
  step 28500 | loss 0.071641 | lr 0.000370 | 7.9min
  step 29000 | loss 0.069307 | lr 0.000356 | 8.0min
  VAL 96.40%
  step 29500 | loss 0.066159 | lr 0.000342 | 8.2min
  step 30000 | loss 0.069001 | lr 0.000328 | 8.3min
  VAL 96.95%
  step 30500 | loss 0.061008 | lr 0.000314 | 8.5min
  step 31000 | loss 0.061263 | lr 0.000301 | 8.6min
  VAL 98.60%
  step 31500 | loss 0.057235 | lr 0.000288 | 8.7min
  step 32000 | loss 0.056010 | lr 0.000275 | 8.8min
  VAL 98.90%
  step 32500 | loss 0.054516 | lr 0.000263 | 9.0min
  step 33000 | loss 0.051837 | lr 0.000251 | 9.1min
  VAL 98.85%
  step 33500 | loss 0.050908 | lr 0.000239 | 9.2min
  step 34000 | loss 0.049953 | lr 0.000228 | 9.3min
  VAL 98.55%
  step 34500 | loss 0.049625 | lr 0.000217 | 9.5min
  step 35000 | loss 0.045649 | lr 0.000207 | 9.6min
  VAL 98.85%
  step 35500 | loss 0.046197 | lr 0.000197 | 9.7min
  step 36000 | loss 0.043547 | lr 0.000187 | 9.8min
  VAL 99.55%
  TEST 99.5300%
  *** New best: 99.5300% ***
  step 36500 | loss 0.041672 | lr 0.000178 | 10.0min
  step 37000 | loss 0.040469 | lr 0.000169 | 10.1min
  VAL 99.55%
  TEST 99.5900%
  *** New best: 99.5900% ***
  step 37500 | loss 0.039621 | lr 0.000161 | 10.3min
  step 38000 | loss 0.039679 | lr 0.000153 | 10.5min
  VAL 99.45%
  TEST 99.4900%
  step 38500 | loss 0.038731 | lr 0.000146 | 10.7min
  step 39000 | loss 0.035779 | lr 0.000139 | 10.8min
  VAL 99.80%
  TEST 99.8700%
  *** New best: 99.8700% ***
  step 39500 | loss 0.035621 | lr 0.000133 | 11.0min
  step 40000 | loss 0.035623 | lr 0.000128 | 11.1min
  VAL 99.90%
  TEST 99.9100%
  *** New best: 99.9100% ***
  step 40500 | loss 0.033172 | lr 0.000122 | 11.3min
  step 41000 | loss 0.034296 | lr 0.000118 | 11.5min
  VAL 99.95%
  TEST 99.9400%
  *** New best: 99.9400% ***
  step 41500 | loss 0.031762 | lr 0.000114 | 11.6min
  step 42000 | loss 0.031461 | lr 0.000110 | 11.8min
  VAL 100.00%
  TEST 99.9400%
  step 42500 | loss 0.030661 | lr 0.000107 | 12.0min
  step 43000 | loss 0.030214 | lr 0.000104 | 12.1min
  VAL 99.95%
  TEST 99.9800%
  *** New best: 99.9800% ***
  step 43500 | loss 0.030017 | lr 0.000102 | 12.3min
  step 44000 | loss 0.029121 | lr 0.000101 | 12.4min
  VAL 99.95%
  TEST 99.9600%
  step 44500 | loss 0.028591 | lr 0.000100 | 12.6min
  step 45000 | loss 0.028234 | lr 0.000100 | 12.7min
  VAL 100.00%
  TEST 99.9900%
  *** New best: 99.9900% ***
  step 45500 | loss 0.028187 | lr 0.000100 | 12.9min
  step 46000 | loss 0.027066 | lr 0.000100 | 13.1min
  VAL 100.00%
  TEST 99.9800%
  step 46500 | loss 0.026678 | lr 0.000100 | 13.2min
  step 47000 | loss 0.027739 | lr 0.000100 | 13.4min
  VAL 100.00%
  TEST 99.9600%
  step 47500 | loss 0.025759 | lr 0.000100 | 13.6min
  step 48000 | loss 0.025702 | lr 0.000100 | 13.7min
  VAL 100.00%
  TEST 99.9700%
  step 48500 | loss 0.024756 | lr 0.000100 | 13.9min
  step 49000 | loss 0.025235 | lr 0.000100 | 14.1min
  VAL 100.00%
  TEST 99.9900%
  step 49500 | loss 0.024650 | lr 0.000100 | 14.3min
  step 50000 | loss 0.025254 | lr 0.000100 | 14.4min
  VAL 100.00%
  TEST 99.9700%
  step 50500 | loss 0.025073 | lr 0.000100 | 14.6min
  step 51000 | loss 0.024490 | lr 0.000100 | 14.7min
  VAL 100.00%
  TEST 100.0000%
  *** New best: 100.0000% ***
  step 51500 | loss 0.023973 | lr 0.000100 | 14.9min
  step 52000 | loss 0.023760 | lr 0.000100 | 15.1min
  VAL 100.00%
  TEST 99.9800%
  step 52500 | loss 0.024289 | lr 0.000100 | 15.3min
  step 53000 | loss 0.024461 | lr 0.000100 | 15.5min
  VAL 100.00%
  TEST 99.9800%
  step 53500 | loss 0.023712 | lr 0.000100 | 15.7min
  step 54000 | loss 0.023533 | lr 0.000100 | 15.8min
  VAL 99.90%
  TEST 99.9400%
  step 54500 | loss 0.023367 | lr 0.000100 | 16.0min
  step 55000 | loss 0.023836 | lr 0.000100 | 16.2min
  VAL 100.00%
  TEST 99.9800%
  step 55500 | loss 0.023402 | lr 0.000100 | 16.3min
  step 56000 | loss 0.023440 | lr 0.000100 | 16.5min
  VAL 99.95%
  TEST 99.9700%
  step 56500 | loss 0.023259 | lr 0.000100 | 16.7min
  step 57000 | loss 0.023225 | lr 0.000100 | 16.8min
  VAL 100.00%
  TEST 99.9700%
  step 57500 | loss 0.023048 | lr 0.000100 | 16.9min
  step 58000 | loss 0.022802 | lr 0.000100 | 17.1min
  VAL 100.00%
  TEST 99.9900%
  step 58500 | loss 0.023014 | lr 0.000100 | 17.2min
  step 59000 | loss 0.023257 | lr 0.000100 | 17.4min
  VAL 100.00%
  TEST 99.9900%
  step 59500 | loss 0.023182 | lr 0.000100 | 17.6min
  step 60000 | loss 0.022341 | lr 0.000100 | 17.8min
  VAL 100.00%
  TEST 99.9700%
  step 60500 | loss 0.022773 | lr 0.000100 | 17.9min
  step 61000 | loss 0.022691 | lr 0.000100 | 18.1min
  VAL 100.00%
  TEST 100.0000%
  step 61500 | loss 0.022419 | lr 0.000100 | 18.3min
  step 62000 | loss 0.022846 | lr 0.000100 | 18.5min
  VAL 100.00%
  TEST 99.9900%
  step 62500 | loss 0.023361 | lr 0.000100 | 18.7min
  step 63000 | loss 0.022710 | lr 0.000100 | 18.8min
  VAL 100.00%
  TEST 100.0000%
  step 63500 | loss 0.023256 | lr 0.000100 | 19.1min
  step 64000 | loss 0.024047 | lr 0.000100 | 19.2min
  VAL 99.90%
  TEST 99.9800%
  step 64500 | loss 0.023336 | lr 0.000100 | 19.4min
  step 65000 | loss 0.022140 | lr 0.000100 | 19.5min
  VAL 100.00%
  TEST 99.9900%
  step 65500 | loss 0.022114 | lr 0.000100 | 19.7min
  step 66000 | loss 0.022414 | lr 0.000100 | 19.9min
  VAL 100.00%
  TEST 99.9800%
  step 66500 | loss 0.025141 | lr 0.000100 | 20.1min
  step 67000 | loss 0.022664 | lr 0.000100 | 20.2min
  VAL 100.00%
  TEST 100.0000%
  step 67500 | loss 0.022216 | lr 0.000100 | 20.4min
  step 68000 | loss 0.022727 | lr 0.000100 | 20.6min
  VAL 99.95%
  TEST 99.9800%
  step 68500 | loss 0.022630 | lr 0.000100 | 20.8min
  step 69000 | loss 0.022442 | lr 0.000100 | 20.9min
  VAL 100.00%
  TEST 99.9800%
  step 69500 | loss 0.022529 | lr 0.000100 | 21.1min
  step 70000 | loss 0.022764 | lr 0.000100 | 21.3min
  VAL 100.00%
  TEST 100.0000%
  step 70500 | loss 0.023257 | lr 0.000100 | 21.5min
  step 71000 | loss 0.023027 | lr 0.000100 | 21.6min
  VAL 100.00%
  TEST 99.9900%
  step 71500 | loss 0.022603 | lr 0.000100 | 21.8min
  step 72000 | loss 0.021657 | lr 0.000100 | 22.0min
  VAL 100.00%
  TEST 99.9900%
  step 72500 | loss 0.022107 | lr 0.000100 | 22.2min
  step 73000 | loss 0.023213 | lr 0.000100 | 22.3min
  VAL 100.00%
  TEST 99.9800%
  step 73500 | loss 0.023045 | lr 0.000100 | 22.5min
  step 74000 | loss 0.024615 | lr 0.000100 | 22.6min
  VAL 99.70%
  TEST 99.6900%
  step 74500 | loss 0.023429 | lr 0.000100 | 22.8min
  step 75000 | loss 0.022680 | lr 0.000100 | 22.9min
  VAL 100.00%
  TEST 99.9900%

Training complete in 23.0 minutes
Best test accuracy: 100.0000%
