Model: RL4RL Autoresearch candidate
Author: configured in run manifest
Parameters (unique): 2915
Architecture: decoder-only addition transformer d=14, h=2, L=2, ff=19, position_rank=3, tie_norms_across_layers=True, no_norm_bias=True, factorized_positions=True, token_rank=5
Tricks: autoregressive greedy decoding, weights from checkpoint

  Progress: 1000/10010 (998/1000 correct) [8.6s]
  Progress: 2000/10010 (1998/2000 correct) [17.2s]
  Progress: 3000/10010 (2998/3000 correct) [25.8s]
  Progress: 4000/10010 (3998/4000 correct) [34.3s]
  Progress: 5000/10010 (4998/5000 correct) [42.9s]
  Progress: 6000/10010 (5997/6000 correct) [52.3s]
  Progress: 7000/10010 (6997/7000 correct) [61.0s]
  Progress: 8000/10010 (7997/8000 correct) [69.0s]
  Progress: 9000/10010 (8997/9000 correct) [77.1s]
  Progress: 10000/10010 (9997/10000 correct) [85.1s]

Results: 10007/10010 correct (99.97%)
Time: 85.2s (118 additions/sec)
Status: QUALIFIED (threshold: 99%)

Failures (3):
  9999999999 + 9999999999 = 19999999998, got 9999999998
  9999999999 + 9999999999 = 19999999998, got 9999999998
  9365059269 + 8577533489 = 17942592758, got 17942592759
