Initialized from retained incumbent: /Users/utshaho/Documents/GitHub/rl4rl/data/raw/autoresearch/sol-xhigh-overnight-20260814/state/incumbent.pt
Model: 2,064 parameters
Config: d=16, h=2, L=2, ff=10
Device: mps

INITIAL VAL 0.00%

Fine-tuning for up to 10000 steps...
  step   500 | loss 1.846648 | lr 0.000100 | 0.1min
  VAL 0.00%
  step  1000 | loss 1.444647 | lr 0.000099 | 0.2min
  VAL 0.00%
  step  1500 | loss 1.292561 | lr 0.000096 | 0.3min
  VAL 0.00%
  step  2000 | loss 1.252755 | lr 0.000093 | 0.5min
  VAL 0.00%
  step  2500 | loss 1.184174 | lr 0.000088 | 0.5min
  VAL 0.00%
  step  3000 | loss 1.180890 | lr 0.000082 | 0.7min
  VAL 0.00%
  step  3500 | loss 1.154238 | lr 0.000075 | 0.7min
  VAL 0.00%
  step  4000 | loss 1.142209 | lr 0.000068 | 0.9min
  VAL 0.00%
  step  4500 | loss 1.114734 | lr 0.000060 | 0.9min
  VAL 0.00%
  step  5000 | loss 1.086740 | lr 0.000052 | 1.1min
  VAL 0.00%
  step  5500 | loss 1.078929 | lr 0.000044 | 1.1min
  VAL 0.00%
  step  6000 | loss 1.048602 | lr 0.000036 | 1.3min
  VAL 0.00%
  step  6500 | loss 1.023174 | lr 0.000029 | 1.3min
  VAL 0.00%
  step  7000 | loss 1.027465 | lr 0.000022 | 1.5min
  VAL 0.00%
  step  7500 | loss 1.035491 | lr 0.000016 | 1.5min
  VAL 0.00%
  step  8000 | loss 1.019997 | lr 0.000010 | 1.7min
  VAL 0.00%
  step  8500 | loss 1.032696 | lr 0.000006 | 1.7min
  VAL 0.00%
  step  9000 | loss 1.026551 | lr 0.000003 | 1.9min
  VAL 0.00%
  step  9500 | loss 0.995252 | lr 0.000001 | 1.9min
  VAL 0.00%
  step 10000 | loss 1.013220 | lr 0.000000 | 2.0min
  VAL 0.00%

Training complete in 2.1 minutes
Best test accuracy: 0.0000%
