Model: 3,360 parameters
Config: d=14, h=2, L=2, ff=20
Device: mps

Training for 30000 steps...
  step   500 | loss 1.526800 | lr 0.001000 | 0.1min
  step  1000 | loss 1.392581 | lr 0.000999 | 0.3min
  VAL 0.00%
  step  1500 | loss 1.344299 | lr 0.000996 | 0.4min
  step  2000 | loss 1.358508 | lr 0.000992 | 0.5min
  VAL 0.00%
  step  2500 | loss 1.308695 | lr 0.000987 | 0.6min
  step  3000 | loss 1.275436 | lr 0.000980 | 0.8min
  VAL 0.00%
  step  3500 | loss 1.209394 | lr 0.000972 | 0.9min
  step  4000 | loss 1.189891 | lr 0.000962 | 1.0min
  VAL 0.00%
  step  4500 | loss 0.939662 | lr 0.000951 | 1.2min
  step  5000 | loss 0.773761 | lr 0.000939 | 1.3min
  VAL 0.00%
  step  5500 | loss 0.681117 | lr 0.000926 | 1.4min
  step  6000 | loss 0.599618 | lr 0.000912 | 1.5min
  VAL 0.05%
  step  6500 | loss 0.542478 | lr 0.000896 | 1.7min
  step  7000 | loss 0.512352 | lr 0.000880 | 1.8min
  VAL 0.20%
  step  7500 | loss 0.479485 | lr 0.000862 | 1.9min
  step  8000 | loss 0.453475 | lr 0.000843 | 2.0min
  VAL 0.35%
  step  8500 | loss 0.439865 | lr 0.000823 | 2.2min
  step  9000 | loss 0.421057 | lr 0.000803 | 2.3min
  VAL 0.50%
  step  9500 | loss 0.249126 | lr 0.000781 | 2.4min
  step 10000 | loss 0.235417 | lr 0.000759 | 2.6min
  VAL 7.75%
  step 10500 | loss 0.229757 | lr 0.000736 | 2.7min
  step 11000 | loss 0.223827 | lr 0.000713 | 2.8min
  VAL 8.40%
  step 11500 | loss 0.218472 | lr 0.000688 | 3.0min
  step 12000 | loss 0.215998 | lr 0.000664 | 3.1min
  VAL 8.20%
  step 12500 | loss 0.217297 | lr 0.000638 | 3.2min
  step 13000 | loss 0.212909 | lr 0.000613 | 3.4min
  VAL 8.25%
  step 13500 | loss 0.211389 | lr 0.000587 | 3.5min
  step 14000 | loss 0.208456 | lr 0.000561 | 3.6min
  VAL 7.00%
  step 14500 | loss 0.207214 | lr 0.000534 | 3.8min
  step 15000 | loss 0.206411 | lr 0.000508 | 3.9min
  VAL 8.10%
  step 15500 | loss 0.205687 | lr 0.000481 | 4.0min
  step 16000 | loss 0.203494 | lr 0.000455 | 4.2min
  VAL 9.15%
  step 16500 | loss 0.203639 | lr 0.000429 | 4.3min
  step 17000 | loss 0.202028 | lr 0.000403 | 4.4min
  VAL 8.30%
  step 17500 | loss 0.201319 | lr 0.000377 | 4.6min
  step 18000 | loss 0.200247 | lr 0.000352 | 4.7min
  VAL 10.25%
  step 18500 | loss 0.199721 | lr 0.000327 | 4.8min
  step 19000 | loss 0.199573 | lr 0.000302 | 5.0min
  VAL 9.45%
  step 19500 | loss 0.199018 | lr 0.000278 | 5.1min
  step 20000 | loss 0.197999 | lr 0.000255 | 5.2min
  VAL 9.50%
  step 20500 | loss 0.198287 | lr 0.000232 | 5.4min
  step 21000 | loss 0.197820 | lr 0.000210 | 5.5min
  VAL 9.60%
  step 21500 | loss 0.198077 | lr 0.000189 | 5.6min
  step 22000 | loss 0.198101 | lr 0.000169 | 5.8min
  VAL 9.75%
  step 22500 | loss 0.197097 | lr 0.000149 | 5.9min
  step 23000 | loss 0.196530 | lr 0.000131 | 6.0min
  VAL 9.30%
  step 23500 | loss 0.196555 | lr 0.000114 | 6.1min
  step 24000 | loss 0.196053 | lr 0.000097 | 6.2min
  VAL 9.75%
  step 24500 | loss 0.195722 | lr 0.000082 | 6.3min
  step 25000 | loss 0.195695 | lr 0.000068 | 6.4min
  VAL 9.90%
  step 25500 | loss 0.195711 | lr 0.000056 | 6.6min
  step 26000 | loss 0.195622 | lr 0.000044 | 6.7min
  VAL 9.95%
  step 26500 | loss 0.195838 | lr 0.000034 | 6.8min
  step 27000 | loss 0.195405 | lr 0.000025 | 6.9min
  VAL 9.85%
  step 27500 | loss 0.195633 | lr 0.000017 | 7.0min
  step 28000 | loss 0.195211 | lr 0.000011 | 7.1min
  VAL 9.10%
  step 28500 | loss 0.195337 | lr 0.000006 | 7.3min
  step 29000 | loss 0.195602 | lr 0.000003 | 7.4min
  VAL 9.95%
  step 29500 | loss 0.195285 | lr 0.000001 | 7.5min
  step 30000 | loss 0.195258 | lr 0.000000 | 7.6min
  VAL 9.05%

Training complete in 7.6 minutes
Best test accuracy: 0.0000%
