Model: 3,584 parameters
Config: d=16, h=2, L=2, ff=17
Device: mps

Training for 30000 steps...
  step   500 | loss 1.480324 | lr 0.001000 | 0.1min
  step  1000 | loss 1.426159 | lr 0.000999 | 0.3min
  VAL 0.00%
  step  1500 | loss 1.368943 | lr 0.000996 | 0.4min
  step  2000 | loss 1.346004 | lr 0.000992 | 0.6min
  VAL 0.00%
  step  2500 | loss 1.351961 | lr 0.000987 | 0.7min
  step  3000 | loss 1.301279 | lr 0.000980 | 0.9min
  VAL 0.00%
  step  3500 | loss 1.243846 | lr 0.000972 | 1.0min
  step  4000 | loss 0.817933 | lr 0.000962 | 1.1min
  VAL 0.00%
  step  4500 | loss 0.557571 | lr 0.000951 | 1.3min
  step  5000 | loss 0.379010 | lr 0.000939 | 1.4min
  VAL 3.15%
  step  5500 | loss 0.327720 | lr 0.000926 | 1.6min
  step  6000 | loss 0.294970 | lr 0.000912 | 1.7min
  VAL 6.50%
  step  6500 | loss 0.269697 | lr 0.000896 | 1.8min
  step  7000 | loss 0.156741 | lr 0.000880 | 2.0min
  VAL 16.65%
  step  7500 | loss 0.110966 | lr 0.000862 | 2.1min
  step  8000 | loss 0.079248 | lr 0.000843 | 2.3min
  VAL 55.25%
  step  8500 | loss 0.070619 | lr 0.000823 | 2.4min
  step  9000 | loss 0.063933 | lr 0.000803 | 2.6min
  VAL 63.65%
  step  9500 | loss 0.045488 | lr 0.000781 | 2.7min
  step 10000 | loss 0.044333 | lr 0.000759 | 2.9min
  VAL 79.60%
  step 10500 | loss 0.037474 | lr 0.000736 | 3.0min
  step 11000 | loss 0.033092 | lr 0.000713 | 3.1min
  VAL 89.00%
  step 11500 | loss 0.026148 | lr 0.000688 | 3.3min
  step 12000 | loss 0.023223 | lr 0.000664 | 3.4min
  VAL 88.30%
  step 12500 | loss 0.023273 | lr 0.000638 | 3.5min
  step 13000 | loss 0.019869 | lr 0.000613 | 3.7min
  VAL 90.55%
  step 13500 | loss 0.019498 | lr 0.000587 | 3.8min
  step 14000 | loss 0.017285 | lr 0.000561 | 4.0min
  VAL 90.10%
  step 14500 | loss 0.015614 | lr 0.000534 | 4.1min
  step 15000 | loss 0.015594 | lr 0.000508 | 4.2min
  VAL 93.50%
  step 15500 | loss 0.012808 | lr 0.000481 | 4.4min
  step 16000 | loss 0.013594 | lr 0.000455 | 4.5min
  VAL 93.85%
  step 16500 | loss 0.010836 | lr 0.000429 | 4.7min
  step 17000 | loss 0.010031 | lr 0.000403 | 4.8min
  VAL 93.60%
  step 17500 | loss 0.009677 | lr 0.000377 | 4.9min
  step 18000 | loss 0.009804 | lr 0.000352 | 5.1min
  VAL 96.00%
  step 18500 | loss 0.008364 | lr 0.000327 | 5.2min
  step 19000 | loss 0.007758 | lr 0.000302 | 5.4min
  VAL 96.85%
  step 19500 | loss 0.006701 | lr 0.000278 | 5.5min
  step 20000 | loss 0.006344 | lr 0.000255 | 5.7min
  VAL 96.30%
  step 20500 | loss 0.005918 | lr 0.000232 | 5.8min
  step 21000 | loss 0.005866 | lr 0.000210 | 6.0min
  VAL 97.55%
  step 21500 | loss 0.005342 | lr 0.000189 | 6.1min
  step 22000 | loss 0.005084 | lr 0.000169 | 6.3min
  VAL 98.75%
  step 22500 | loss 0.003864 | lr 0.000149 | 6.4min
  step 23000 | loss 0.004053 | lr 0.000131 | 6.5min
  VAL 98.80%
  step 23500 | loss 0.003679 | lr 0.000114 | 6.7min
  step 24000 | loss 0.003295 | lr 0.000097 | 6.8min
  VAL 98.80%
  step 24500 | loss 0.003325 | lr 0.000082 | 7.0min
  step 25000 | loss 0.002737 | lr 0.000068 | 7.1min
  VAL 99.10%
  TEST 98.7600%
  *** New best: 98.7600% ***
  step 25500 | loss 0.002709 | lr 0.000056 | 7.4min
  step 26000 | loss 0.002523 | lr 0.000044 | 7.5min
  VAL 99.25%
  TEST 98.8300%
  *** New best: 98.8300% ***
  step 26500 | loss 0.002478 | lr 0.000034 | 7.7min
  step 27000 | loss 0.002276 | lr 0.000025 | 7.8min
  VAL 99.15%
  TEST 98.8300%
  step 27500 | loss 0.002323 | lr 0.000017 | 8.1min
  step 28000 | loss 0.002254 | lr 0.000011 | 8.2min
  VAL 99.30%
  TEST 98.9800%
  *** New best: 98.9800% ***
  step 28500 | loss 0.002143 | lr 0.000006 | 8.4min
  step 29000 | loss 0.002057 | lr 0.000003 | 8.5min
  VAL 99.40%
  TEST 99.1400%
  *** New best: 99.1400% ***
  step 29500 | loss 0.002292 | lr 0.000001 | 8.7min
  step 30000 | loss 0.002210 | lr 0.000000 | 8.9min
  VAL 99.35%
  TEST 99.0500%

Training complete in 8.9 minutes
Best test accuracy: 99.1400%
