Model: RL4RL Autoresearch candidate
Author: configured in run manifest
Parameters (unique): 3584
Architecture: decoder-only addition transformer d=16, h=2, L=2, ff=17
Tricks: autoregressive greedy decoding, weights from checkpoint

  Progress: 1000/10010 (986/1000 correct) [8.6s]
  Progress: 2000/10010 (1979/2000 correct) [17.5s]
  Progress: 3000/10010 (2972/3000 correct) [26.2s]
  Progress: 4000/10010 (3968/4000 correct) [34.7s]
  Progress: 5000/10010 (4962/5000 correct) [43.3s]
  Progress: 6000/10010 (5953/6000 correct) [52.2s]
  Progress: 7000/10010 (6941/7000 correct) [61.1s]
  Progress: 8000/10010 (7933/8000 correct) [70.0s]
  Progress: 9000/10010 (8928/9000 correct) [78.8s]
  Progress: 10000/10010 (9917/10000 correct) [87.6s]

Results: 9927/10010 correct (99.17%)
Time: 87.7s (114 additions/sec)
Status: QUALIFIED (threshold: 99%)

First 20 failures (of 83):
  9999999999 + 1 = 10000000000, got 0
  9999999999 + 9999999999 = 19999999998, got 9999999998
  5000000000 + 5000000000 = 10000000000, got 0
  9999999999 + 9999999999 = 19999999998, got 9999999998
  1 + 9999999999 = 10000000000, got 0
  8710017511 + 6341231919 = 15051249430, got 5051249430
  7197773205 + 9077000387 = 16274773592, got 6274773592
  5170748918 + 9850343719 = 15021092637, got 5021092637
  8174660314 + 6232730209 = 14407390523, got 4407390523
  6185760204 + 9199598007 = 15385358211, got 5385358211
  2002555502 + 9560100718 = 11562656220, got 1562656220
  9008276723 + 1061168960 = 10069445683, got 69445683
  9527466102 + 8003103222 = 17530569324, got 7530569324
  5642060118 + 7190309110 = 12832369228, got 2832369228
  9601140559 + 9688860108 = 19290000667, got 9290000667
  5013112909 + 9179111231 = 14192224140, got 4192224140
  4784783784 + 5693829498 = 10478613282, got 90478613282
  2763076017 + 9267356007 = 12030432024, got 2030432024
  5551524583 + 5333444664 = 10884969247, got 20884969247
  7590169401 + 7902730826 = 15492900227, got 5492900227
