Model: RL4RL Autoresearch candidate
Author: configured in run manifest
Parameters (unique): 2656
Architecture: decoder-only addition transformer d=16, h=2, L=2, ff=16
Tricks: autoregressive greedy decoding, weights from checkpoint

  Progress: 1000/10010 (999/1000 correct) [5.7s]
  Progress: 2000/10010 (1999/2000 correct) [11.4s]
  Progress: 3000/10010 (2999/3000 correct) [17.2s]
  Progress: 4000/10010 (3999/4000 correct) [23.0s]
  Progress: 5000/10010 (4999/5000 correct) [28.7s]
  Progress: 6000/10010 (5999/6000 correct) [34.5s]
  Progress: 7000/10010 (6999/7000 correct) [40.3s]
  Progress: 8000/10010 (7999/8000 correct) [46.0s]
  Progress: 9000/10010 (8999/9000 correct) [51.8s]
  Progress: 10000/10010 (9998/10000 correct) [57.6s]

Results: 10008/10010 correct (99.98%)
Time: 57.6s (174 additions/sec)
Status: QUALIFIED (threshold: 99%)

Failures (2):
  8996871469 + 881359370 = 9878230839, got 19878230839
  2905978984 + 6958433690 = 9864412674, got 19864412674
