Model: 2,844 parameters
Config: d=14, h=2, L=2, ff=23
Device: mps

Training for 30000 steps...
  step   500 | loss 1.420682 | lr 0.001000 | 0.2min
  step  1000 | loss 1.365119 | lr 0.000999 | 0.3min
  VAL 0.00%
  step  1500 | loss 1.267892 | lr 0.000996 | 0.5min
  step  2000 | loss 1.094673 | lr 0.000992 | 0.6min
  VAL 0.00%
  step  2500 | loss 0.612292 | lr 0.000987 | 0.7min
  step  3000 | loss 0.345775 | lr 0.000980 | 0.9min
  VAL 2.05%
  step  3500 | loss 0.192241 | lr 0.000972 | 1.0min
  step  4000 | loss 0.121126 | lr 0.000962 | 1.2min
  VAL 50.70%
  step  4500 | loss 0.080310 | lr 0.000951 | 1.3min
  step  5000 | loss 0.053272 | lr 0.000939 | 1.4min
  VAL 85.05%
  step  5500 | loss 0.033619 | lr 0.000926 | 1.5min
  step  6000 | loss 0.019757 | lr 0.000912 | 1.7min
  VAL 97.75%
  step  6500 | loss 0.010420 | lr 0.000896 | 1.8min
  step  7000 | loss 0.007918 | lr 0.000880 | 1.9min
  VAL 99.85%
  TEST 99.8100%
  *** New best: 99.8100% ***
  step  7500 | loss 0.004274 | lr 0.000862 | 2.1min
  step  8000 | loss 0.001843 | lr 0.000843 | 2.3min
  VAL 99.95%
  TEST 99.9300%
  *** New best: 99.9300% ***
  step  8500 | loss 0.001276 | lr 0.000823 | 2.4min
  step  9000 | loss 0.000824 | lr 0.000803 | 2.6min
  VAL 100.00%
  TEST 99.9000%
  step  9500 | loss 0.000561 | lr 0.000781 | 2.7min
  step 10000 | loss 0.000291 | lr 0.000759 | 2.9min
  VAL 100.00%
  TEST 99.9500%
  *** New best: 99.9500% ***
  step 10500 | loss 0.000289 | lr 0.000736 | 3.1min
  step 11000 | loss 0.000140 | lr 0.000713 | 3.2min
  VAL 100.00%
  TEST 99.9800%
  *** New best: 99.9800% ***
  step 11500 | loss 0.000997 | lr 0.000688 | 3.4min
  step 12000 | loss 0.000074 | lr 0.000664 | 3.5min
  VAL 100.00%
  TEST 99.9800%
  step 12500 | loss 0.000284 | lr 0.000638 | 3.7min
  step 13000 | loss 0.000043 | lr 0.000613 | 3.8min
  VAL 100.00%
  TEST 100.0000%
  *** New best: 100.0000% ***
  step 13500 | loss 0.000033 | lr 0.000587 | 4.0min
  step 14000 | loss 0.000393 | lr 0.000561 | 4.1min
  VAL 98.80%
  step 14500 | loss 0.000039 | lr 0.000534 | 4.2min
  step 15000 | loss 0.000096 | lr 0.000508 | 4.4min
  VAL 99.85%
  TEST 99.8900%
  step 15500 | loss 0.000015 | lr 0.000481 | 4.6min
  step 16000 | loss 0.000012 | lr 0.000455 | 4.7min
  VAL 100.00%
  TEST 100.0000%
  step 16500 | loss 0.000010 | lr 0.000429 | 4.9min
  step 17000 | loss 0.000008 | lr 0.000403 | 5.0min
  VAL 100.00%
  TEST 100.0000%
  step 17500 | loss 0.000007 | lr 0.000377 | 5.2min
  step 18000 | loss 0.000009 | lr 0.000352 | 5.4min
  VAL 100.00%
  TEST 100.0000%
  step 18500 | loss 0.000004 | lr 0.000327 | 5.5min
  step 19000 | loss 0.000004 | lr 0.000302 | 5.7min
  VAL 100.00%
  TEST 100.0000%
  step 19500 | loss 0.000003 | lr 0.000278 | 5.8min
  step 20000 | loss 0.000004 | lr 0.000255 | 6.0min
  VAL 100.00%
  TEST 100.0000%
  step 20500 | loss 0.000002 | lr 0.000232 | 6.2min
  step 21000 | loss 0.000003 | lr 0.000210 | 6.3min
  VAL 100.00%
  TEST 100.0000%
  step 21500 | loss 0.000002 | lr 0.000189 | 6.5min
  step 22000 | loss 0.000003 | lr 0.000169 | 6.6min
  VAL 100.00%
  TEST 100.0000%
  step 22500 | loss 0.000001 | lr 0.000149 | 6.8min
  step 23000 | loss 0.000001 | lr 0.000131 | 7.0min
  VAL 100.00%
  TEST 100.0000%
  step 23500 | loss 0.000001 | lr 0.000114 | 7.2min
  step 24000 | loss 0.000004 | lr 0.000097 | 7.3min
  VAL 100.00%
  TEST 100.0000%
  step 24500 | loss 0.000001 | lr 0.000082 | 7.5min
  step 25000 | loss 0.000001 | lr 0.000068 | 7.6min
  VAL 100.00%
  TEST 100.0000%
  step 25500 | loss 0.000001 | lr 0.000056 | 7.8min
  step 26000 | loss 0.000000 | lr 0.000044 | 7.9min
  VAL 100.00%
  TEST 100.0000%
  step 26500 | loss 0.000000 | lr 0.000034 | 8.1min
  step 27000 | loss 0.000000 | lr 0.000025 | 8.2min
  VAL 100.00%
  TEST 100.0000%
  step 27500 | loss 0.000000 | lr 0.000017 | 8.4min
  step 28000 | loss 0.000000 | lr 0.000011 | 8.5min
  VAL 100.00%
  TEST 100.0000%
  step 28500 | loss 0.000000 | lr 0.000006 | 8.7min
  step 29000 | loss 0.000000 | lr 0.000003 | 8.8min
  VAL 100.00%
  TEST 100.0000%
  step 29500 | loss 0.000000 | lr 0.000001 | 9.0min
  step 30000 | loss 0.000000 | lr 0.000000 | 9.1min
  VAL 100.00%
  TEST 100.0000%

Training complete in 9.2 minutes
Best test accuracy: 100.0000%
