Model: RL4RL Autoresearch candidate
Author: configured in run manifest
Parameters (unique): 1417
Architecture: decoder-only addition transformer d=16, h=2, L=2, ff=16
Tricks: autoregressive greedy decoding, weights from checkpoint

  Progress: 1000/10010 (990/1000 correct) [8.2s]
  Progress: 2000/10010 (1982/2000 correct) [15.1s]
  Progress: 3000/10010 (2975/3000 correct) [22.5s]
  Progress: 4000/10010 (3968/4000 correct) [29.4s]
  Progress: 5000/10010 (4960/5000 correct) [36.5s]
  Progress: 6000/10010 (5952/6000 correct) [44.6s]
  Progress: 7000/10010 (6935/7000 correct) [52.0s]
  Progress: 8000/10010 (7922/8000 correct) [60.1s]
  Progress: 9000/10010 (8910/9000 correct) [67.6s]
  Progress: 10000/10010 (9903/10000 correct) [75.3s]

Results: 9913/10010 correct (99.03%)
Time: 75.4s (133 additions/sec)
Status: QUALIFIED (threshold: 99%)

First 20 failures (of 97):
  7197773205 + 9077000387 = 16274773592, got 6274773592
  9229471617 + 9474184142 = 18703655759, got 17703655759
  9089267194 + 4171613667 = 13260880861, got 13260780861
  2383813986 + 5194289640 = 7578103626, got 8578103626
  9265118944 + 9101331409 = 18366450353, got 17366450353
  5909551252 + 6873659338 = 12783210590, got 12683210590
  1978347876 + 4802489172 = 6780837048, got 6680837048
  8953485676 + 8712760635 = 17666246311, got 27666246311
  9624214473 + 4329676626 = 13953891099, got 13953791099
  6840669308 + 801434060 = 7642103368, got 7542103368
  4890126842 + 3800011500 = 8690138342, got 8590138342
  4295262158 + 4953251124 = 9248513282, got 19248513282
  3501935208 + 9726184827 = 13228120035, got 12228120035
  9093595501 + 9827769033 = 18921364534, got 17921364534
  4852919719 + 6296009553 = 11148929272, got 11147929272
  7190183396 + 7497382532 = 14687565928, got 15687565928
  9081659111 + 9043816252 = 18125475363, got 17125475363
  2194094483 + 6296971782 = 8491066265, got 9491066265
  4979903411 + 8570506424 = 13550409835, got 13450409835
  9386157601 + 9524346701 = 18910504302, got 17910504302
