Initialized from retained incumbent: /Users/utshaho/Documents/GitHub/rl4rl/data/raw/autoresearch/sol-xhigh-overnight-20260814/state/incumbent.pt
Model: 2,080 parameters
Config: d=16, h=2, L=2, ff=10
Device: mps

INITIAL VAL 0.05%

Fine-tuning for up to 10000 steps...
  step   500 | loss 0.104195 | lr 0.000100 | 0.1min
  VAL 98.85%
  step  1000 | loss 0.108038 | lr 0.000099 | 0.2min
  VAL 99.35%
  TEST 99.2900%
  *** New best: 99.2900% ***
  step  1500 | loss 0.105469 | lr 0.000096 | 0.4min
  VAL 99.75%
  TEST 99.6800%
  *** New best: 99.6800% ***
  step  2000 | loss 0.104156 | lr 0.000093 | 0.5min
  VAL 99.75%
  TEST 99.7800%
  *** New best: 99.7800% ***
  step  2500 | loss 0.102993 | lr 0.000088 | 0.6min
  VAL 99.75%
  TEST 99.7600%
  step  3000 | loss 0.102441 | lr 0.000082 | 0.8min
  VAL 99.55%
  TEST 99.5700%
  step  3500 | loss 0.100510 | lr 0.000075 | 0.9min
  VAL 99.95%
  TEST 99.8700%
  *** New best: 99.8700% ***
  step  4000 | loss 0.099890 | lr 0.000068 | 1.1min
  VAL 99.70%
  TEST 99.7600%
  step  4500 | loss 0.100078 | lr 0.000060 | 1.2min
  VAL 99.90%
  TEST 99.8800%
  *** New best: 99.8800% ***
  step  5000 | loss 0.098959 | lr 0.000052 | 1.3min
  VAL 99.85%
  TEST 99.8000%
  step  5500 | loss 0.098411 | lr 0.000044 | 1.5min
  VAL 99.95%
  TEST 99.9200%
  *** New best: 99.9200% ***
  step  6000 | loss 0.098099 | lr 0.000036 | 1.6min
  VAL 99.90%
  TEST 99.8000%
  step  6500 | loss 0.095334 | lr 0.000029 | 1.7min
  VAL 99.90%
  TEST 99.9000%
  step  7000 | loss 0.096466 | lr 0.000022 | 1.9min
  VAL 99.90%
  TEST 99.8700%
  step  7500 | loss 0.093945 | lr 0.000016 | 2.0min
  VAL 99.90%
  TEST 99.8700%
  step  8000 | loss 0.093952 | lr 0.000010 | 2.1min
  VAL 99.90%
  TEST 99.8400%
  step  8500 | loss 0.095080 | lr 0.000006 | 2.3min
  VAL 99.90%
  TEST 99.8800%
  step  9000 | loss 0.097041 | lr 0.000003 | 2.4min
  VAL 99.90%
  TEST 99.8600%
  step  9500 | loss 0.095948 | lr 0.000001 | 2.6min
  VAL 99.90%
  TEST 99.8800%
  step 10000 | loss 0.096800 | lr 0.000000 | 2.7min
  VAL 99.90%
  TEST 99.8700%

Training complete in 2.8 minutes
Best test accuracy: 99.9200%
