Model: RL4RL Autoresearch candidate
Author: configured in run manifest
Parameters (unique): 1906
Architecture: decoder-only addition transformer d=16, h=2, L=2, ff=10, block1_ff=8, fixed_separators=True, tied_position_pairs=[[4, 15], [7, 18], [5, 16], [3, 14], [2, 13], [8, 19], [6, 17], [1, 12], [0, 11], [9, 20]], interpolated_positions=[23, 24, 25, 26, 27], qkv_pruned=142
Tricks: autoregressive greedy decoding, weights from checkpoint

  Progress: 1000/10010 (996/1000 correct) [4.4s]
  Progress: 2000/10010 (1992/2000 correct) [8.8s]
  Progress: 3000/10010 (2990/3000 correct) [13.3s]
  Progress: 4000/10010 (3989/4000 correct) [17.7s]
  Progress: 5000/10010 (4985/5000 correct) [22.1s]
  Progress: 6000/10010 (5980/6000 correct) [26.5s]
  Progress: 7000/10010 (6978/7000 correct) [30.9s]
  Progress: 8000/10010 (7975/8000 correct) [35.3s]
  Progress: 9000/10010 (8968/9000 correct) [39.7s]
  Progress: 10000/10010 (9963/10000 correct) [44.1s]

Results: 9973/10010 correct (99.63%)
Time: 44.2s (227 additions/sec)
Status: QUALIFIED (threshold: 99%)

First 20 failures (of 37):
  7829306287 + 1024919386 = 8854225673, got 8844225673
  2540728468 + 2766259025 = 5306987493, got 4306987493
  8261688289 + 8707679052 = 16969367341, got 17969367341
  8451671660 + 8219874762 = 16671546422, got 17671546422
  6726178691 + 3234330740 = 9960509431, got 10960509431
  2768988876 + 2639699150 = 5408688026, got 4408688026
  6709860797 + 3240562344 = 9950423141, got 10950423141
  6203653126 + 3414219998 = 9617873124, got 10617873124
  9278473654 + 9413599947 = 18692073601, got 19692073601
  3029838603 + 4424373860 = 7454212463, got 7444212463
  9217700662 + 9448597295 = 18666297957, got 19666297957
  8191852004 + 7194996854 = 15386848858, got 15396848858
  3233507807 + 6438483302 = 9671991109, got 10671991109
  9402679499 + 9293095411 = 18695774910, got 19695774910
  2988172828 + 2822699399 = 5810872227, got 4810872227
  4204529550 + 296440191 = 4500969741, got 4400969741
  7295822456 + 4296380992 = 11592203448, got 11492203448
  2828982940 + 2171822219 = 5000805159, got 4000805159
  2597748763 + 2430595917 = 5028344680, got 4028344680
  9479323125 + 9453799615 = 18933122740, got 19933122740
