Model: 4,136 parameters
Config: d=16, h=2, L=2, ff=20
Device: mps

Training for 30000 steps...
  step   500 | loss 1.450488 | lr 0.001000 | 0.1min
  step  1000 | loss 1.330010 | lr 0.000999 | 0.3min
  VAL 0.00%
  step  1500 | loss 1.301652 | lr 0.000996 | 0.4min
  step  2000 | loss 1.050368 | lr 0.000992 | 0.5min
  VAL 0.00%
  step  2500 | loss 0.815957 | lr 0.000987 | 0.6min
  step  3000 | loss 0.721616 | lr 0.000980 | 0.8min
  VAL 0.00%
  step  3500 | loss 0.649868 | lr 0.000972 | 0.9min
  step  4000 | loss 0.609767 | lr 0.000962 | 1.0min
  VAL 0.10%
  step  4500 | loss 0.595688 | lr 0.000951 | 1.2min
  step  5000 | loss 0.592025 | lr 0.000939 | 1.3min
  VAL 0.00%
  step  5500 | loss 0.575504 | lr 0.000926 | 1.5min
  step  6000 | loss 0.569479 | lr 0.000912 | 1.6min
  VAL 0.00%
  step  6500 | loss 0.565937 | lr 0.000896 | 1.7min
  step  7000 | loss 0.556125 | lr 0.000880 | 1.9min
  VAL 0.00%
  step  7500 | loss 0.539042 | lr 0.000862 | 2.0min
  step  8000 | loss 0.545917 | lr 0.000843 | 2.2min
  VAL 0.05%
  step  8500 | loss 0.538610 | lr 0.000823 | 2.3min
  step  9000 | loss 0.537113 | lr 0.000803 | 2.5min
  VAL 0.15%
  step  9500 | loss 0.520858 | lr 0.000781 | 2.6min
  step 10000 | loss 0.526111 | lr 0.000759 | 2.8min
  VAL 0.10%
  step 10500 | loss 0.522738 | lr 0.000736 | 2.9min
  step 11000 | loss 0.518781 | lr 0.000713 | 3.1min
  VAL 0.15%
  step 11500 | loss 0.520488 | lr 0.000688 | 3.2min
  step 12000 | loss 0.515617 | lr 0.000664 | 3.3min
  VAL 0.25%
  step 12500 | loss 0.512715 | lr 0.000638 | 3.5min
  step 13000 | loss 0.517686 | lr 0.000613 | 3.6min
  VAL 0.20%
  step 13500 | loss 0.516047 | lr 0.000587 | 3.8min
  step 14000 | loss 0.509527 | lr 0.000561 | 3.9min
  VAL 0.15%
  step 14500 | loss 0.517997 | lr 0.000534 | 4.1min
  step 15000 | loss 0.508766 | lr 0.000508 | 4.2min
  VAL 0.05%
  step 15500 | loss 0.511363 | lr 0.000481 | 4.4min
  step 16000 | loss 0.517290 | lr 0.000455 | 4.5min
  VAL 0.10%
  step 16500 | loss 0.507140 | lr 0.000429 | 4.7min
  step 17000 | loss 0.515895 | lr 0.000403 | 4.8min
  VAL 0.15%
  step 17500 | loss 0.505992 | lr 0.000377 | 4.9min
  step 18000 | loss 0.515827 | lr 0.000352 | 5.1min
  VAL 0.15%
  step 18500 | loss 0.500225 | lr 0.000327 | 5.2min
  step 19000 | loss 0.507764 | lr 0.000302 | 5.4min
  VAL 0.20%
  step 19500 | loss 0.513989 | lr 0.000278 | 5.5min
  step 20000 | loss 0.511006 | lr 0.000255 | 5.7min
  VAL 0.15%
  step 20500 | loss 0.501975 | lr 0.000232 | 5.8min
  step 21000 | loss 0.501022 | lr 0.000210 | 5.9min
  VAL 0.10%
  step 21500 | loss 0.506006 | lr 0.000189 | 6.1min
  step 22000 | loss 0.509727 | lr 0.000169 | 6.2min
  VAL 0.05%
  step 22500 | loss 0.500126 | lr 0.000149 | 6.4min
  step 23000 | loss 0.508775 | lr 0.000131 | 6.5min
  VAL 0.20%
  step 23500 | loss 0.500922 | lr 0.000114 | 6.7min
  step 24000 | loss 0.497450 | lr 0.000097 | 6.8min
  VAL 0.15%
  step 24500 | loss 0.498251 | lr 0.000082 | 6.9min
  step 25000 | loss 0.495892 | lr 0.000068 | 7.1min
  VAL 0.15%
  step 25500 | loss 0.490275 | lr 0.000056 | 7.2min
  step 26000 | loss 0.500762 | lr 0.000044 | 7.4min
  VAL 0.15%
  step 26500 | loss 0.500904 | lr 0.000034 | 7.5min
  step 27000 | loss 0.495552 | lr 0.000025 | 7.6min
  VAL 0.15%
  step 27500 | loss 0.493156 | lr 0.000017 | 7.8min
  step 28000 | loss 0.504374 | lr 0.000011 | 7.9min
  VAL 0.15%
  step 28500 | loss 0.494431 | lr 0.000006 | 8.1min
  step 29000 | loss 0.492852 | lr 0.000003 | 8.2min
  VAL 0.15%
  step 29500 | loss 0.496292 | lr 0.000001 | 8.4min
  step 30000 | loss 0.491826 | lr 0.000000 | 8.5min
  VAL 0.15%

Training complete in 8.5 minutes
Best test accuracy: 0.0000%
