Model: 4,000 parameters
Config: d=16, h=2, L=2, ff=16
Device: mps

Training for 45000 steps...
  step   500 | loss 1.409077 | lr 0.001000 | 0.2min
  step  1000 | loss 1.340967 | lr 0.000999 | 0.3min
  VAL 0.00%
  step  1500 | loss 1.256376 | lr 0.000998 | 0.5min
  step  2000 | loss 0.903453 | lr 0.000996 | 0.6min
  VAL 0.00%
  step  2500 | loss 0.634144 | lr 0.000994 | 0.7min
  step  3000 | loss 0.418352 | lr 0.000991 | 0.9min
  VAL 4.25%
  step  3500 | loss 0.360363 | lr 0.000987 | 1.0min
  step  4000 | loss 0.317683 | lr 0.000983 | 1.2min
  VAL 7.80%
  step  4500 | loss 0.285024 | lr 0.000978 | 1.3min
  step  5000 | loss 0.263682 | lr 0.000973 | 1.4min
  VAL 7.40%
  step  5500 | loss 0.254736 | lr 0.000967 | 1.5min
  step  6000 | loss 0.237985 | lr 0.000960 | 1.7min
  VAL 8.80%
  step  6500 | loss 0.233752 | lr 0.000953 | 1.8min
  step  7000 | loss 0.222938 | lr 0.000946 | 1.9min
  VAL 8.00%
  step  7500 | loss 0.220637 | lr 0.000937 | 2.0min
  step  8000 | loss 0.214112 | lr 0.000929 | 2.2min
  VAL 8.05%
  step  8500 | loss 0.208718 | lr 0.000919 | 2.3min
  step  9000 | loss 0.204381 | lr 0.000909 | 2.4min
  VAL 10.80%
  step  9500 | loss 0.202036 | lr 0.000899 | 2.5min
  step 10000 | loss 0.200462 | lr 0.000888 | 2.6min
  VAL 9.10%
  step 10500 | loss 0.198669 | lr 0.000877 | 2.8min
  step 11000 | loss 0.198703 | lr 0.000865 | 2.9min
  VAL 11.00%
  step 11500 | loss 0.177631 | lr 0.000853 | 3.0min
  step 12000 | loss 0.017573 | lr 0.000840 | 3.1min
  VAL 87.10%
  step 12500 | loss 0.013560 | lr 0.000827 | 3.2min
  step 13000 | loss 0.010779 | lr 0.000814 | 3.4min
  VAL 96.20%
  step 13500 | loss 0.008820 | lr 0.000800 | 3.5min
  step 14000 | loss 0.008207 | lr 0.000786 | 3.6min
  VAL 96.10%
  step 14500 | loss 0.007219 | lr 0.000771 | 3.7min
  step 15000 | loss 0.006048 | lr 0.000756 | 3.9min
  VAL 97.50%
  step 15500 | loss 0.006383 | lr 0.000741 | 4.0min
  step 16000 | loss 0.004843 | lr 0.000725 | 4.1min
  VAL 98.55%
  step 16500 | loss 0.003435 | lr 0.000709 | 4.2min
  step 17000 | loss 0.003476 | lr 0.000693 | 4.4min
  VAL 99.60%
  TEST 99.6800%
  *** New best: 99.6800% ***
  step 17500 | loss 0.002884 | lr 0.000677 | 4.5min
  step 18000 | loss 0.002542 | lr 0.000661 | 4.7min
  VAL 99.35%
  TEST 99.5600%
  step 18500 | loss 0.002074 | lr 0.000644 | 4.8min
  step 19000 | loss 0.003059 | lr 0.000627 | 5.0min
  VAL 98.65%
  step 19500 | loss 0.002182 | lr 0.000610 | 5.1min
  step 20000 | loss 0.003541 | lr 0.000593 | 5.2min
  VAL 99.70%
  TEST 99.8200%
  *** New best: 99.8200% ***
  step 20500 | loss 0.002315 | lr 0.000575 | 5.4min
  step 21000 | loss 0.002793 | lr 0.000558 | 5.5min
  VAL 97.75%
  step 21500 | loss 0.001336 | lr 0.000540 | 5.7min
  step 22000 | loss 0.001737 | lr 0.000523 | 5.8min
  VAL 98.75%
  step 22500 | loss 0.001379 | lr 0.000505 | 5.9min
  step 23000 | loss 0.005985 | lr 0.000488 | 6.0min
  VAL 99.65%
  TEST 99.8400%
  *** New best: 99.8400% ***
  step 23500 | loss 0.001416 | lr 0.000470 | 6.2min
  step 24000 | loss 0.001302 | lr 0.000453 | 6.3min
  VAL 99.90%
  TEST 99.9300%
  *** New best: 99.9300% ***
  Early stop after qualifying checkpoint at step 24000 (6.4min)
