Model: RL4RL Autoresearch candidate
Author: configured in run manifest
Parameters (unique): 4000
Architecture: decoder-only addition transformer d=16, h=2, L=2, ff=16
Tricks: autoregressive greedy decoding, weights from checkpoint

  Progress: 1000/10010 (1000/1000 correct) [6.5s]
  Progress: 2000/10010 (2000/2000 correct) [13.0s]
  Progress: 3000/10010 (3000/3000 correct) [19.5s]
  Progress: 4000/10010 (4000/4000 correct) [26.1s]
  Progress: 5000/10010 (5000/5000 correct) [32.9s]
  Progress: 6000/10010 (5997/6000 correct) [39.5s]
  Progress: 7000/10010 (6996/7000 correct) [46.0s]
  Progress: 8000/10010 (7992/8000 correct) [52.6s]
  Progress: 9000/10010 (8992/9000 correct) [59.2s]
  Progress: 10000/10010 (9992/10000 correct) [65.9s]

Results: 10002/10010 correct (99.92%)
Time: 65.9s (152 additions/sec)
Status: QUALIFIED (threshold: 99%)

Failures (8):
  7942778436 + 5967600484 = 13910378920, got 13810378920
  7955504389 + 855818109 = 8811322498, got 8711322498
  3955784385 + 9955826230 = 13911610615, got 13811610615
  7999908529 + 1937003504 = 9936912033, got 19936912033
  6909103969 + 2666767319 = 9575871288, got 19575871288
  6927810867 + 2752296669 = 9680107536, got 19680107536
  6966849017 + 2935435146 = 9902284163, got 19902284163
  5972605166 + 3940564033 = 9913169199, got 9813169199
