Model: RL4RL Autoresearch candidate
Author: configured in run manifest
Parameters (unique): 1853
Architecture: decoder-only addition transformer d=16, h=2, L=2, ff=10, block1_ff=8, fixed_separators=True, tied_position_pairs=[[4, 15], [7, 18], [5, 16], [3, 14], [2, 13], [8, 19], [6, 17], [1, 12], [0, 11], [9, 20]], interpolated_positions=[23, 24, 25, 26, 27], qkv_pruned=195
Tricks: autoregressive greedy decoding, weights from checkpoint

  Progress: 1000/10010 (999/1000 correct) [4.9s]
  Progress: 2000/10010 (1998/2000 correct) [9.3s]
  Progress: 3000/10010 (2996/3000 correct) [13.6s]
  Progress: 4000/10010 (3995/4000 correct) [18.1s]
  Progress: 5000/10010 (4992/5000 correct) [22.6s]
  Progress: 6000/10010 (5988/6000 correct) [27.0s]
  Progress: 7000/10010 (6986/7000 correct) [31.4s]
  Progress: 8000/10010 (7981/8000 correct) [36.1s]
  Progress: 9000/10010 (8979/9000 correct) [40.9s]
  Progress: 10000/10010 (9975/10000 correct) [45.4s]

Results: 9985/10010 correct (99.75%)
Time: 45.4s (220 additions/sec)
Status: QUALIFIED (threshold: 99%)

First 20 failures (of 25):
  6780533471 + 5090190326 = 11870723797, got 10870723797
  6047119139 + 5060676488 = 11107795627, got 10107795627
  6660112625 + 5142876686 = 11802989311, got 10802989311
  1515540916 + 125165363 = 1640706279, got 1540706279
  6034185843 + 5879550316 = 11913736159, got 10913736159
  3669896045 + 5516370678 = 9186266723, got 9086266723
  5634381845 + 6168469548 = 11802851393, got 10802851393
  6778965909 + 5155798510 = 11934764419, got 10934764419
  6191308326 + 5653373749 = 11844682075, got 10844682075
  6005893433 + 5803299494 = 11809192927, got 10809192927
  2828982940 + 2171822219 = 5000805159, got 4000805159
  2597748763 + 2430595917 = 5028344680, got 4028344680
  1618177326 + 9562788083 = 11180965409, got 11080965409
  6783914258 + 5146864684 = 11930778942, got 10930778942
  2796828290 + 2206270606 = 5003098896, got 4003098896
  5812383983 + 6097421408 = 11909805391, got 10909805391
  8663790250 + 5518332359 = 14182122609, got 14082122609
  2561962598 + 2448131904 = 5010094502, got 4010094502
  6778241727 + 5155112706 = 11933354433, got 10933354433
  5196715361 + 6533191037 = 11729906398, got 10729906398
