Model: 3,430 parameters
Config: d=14, h=2, L=2, ff=20
Device: mps

Training for 30000 steps...
  step   500 | loss 1.424312 | lr 0.001000 | 0.2min
  step  1000 | loss 1.391317 | lr 0.000999 | 0.3min
  VAL 0.00%
  step  1500 | loss 1.358914 | lr 0.000996 | 0.5min
  step  2000 | loss 1.332205 | lr 0.000992 | 0.7min
  VAL 0.00%
  step  2500 | loss 1.317482 | lr 0.000987 | 0.8min
  step  3000 | loss 1.267098 | lr 0.000980 | 1.0min
  VAL 0.00%
  step  3500 | loss 1.289040 | lr 0.000972 | 1.1min
  step  4000 | loss 1.292712 | lr 0.000962 | 1.3min
  VAL 0.00%
  step  4500 | loss 1.235903 | lr 0.000951 | 1.4min
  step  5000 | loss 1.198936 | lr 0.000939 | 1.6min
  VAL 0.00%
  step  5500 | loss 1.128293 | lr 0.000926 | 1.7min
  step  6000 | loss 1.024763 | lr 0.000912 | 1.9min
  VAL 0.00%
  step  6500 | loss 1.020437 | lr 0.000896 | 2.0min
  step  7000 | loss 0.999575 | lr 0.000880 | 2.2min
  VAL 0.00%
  step  7500 | loss 0.997522 | lr 0.000862 | 2.3min
  step  8000 | loss 0.993870 | lr 0.000843 | 2.5min
  VAL 0.00%
  step  8500 | loss 0.950799 | lr 0.000823 | 2.6min
  step  9000 | loss 0.580606 | lr 0.000803 | 2.8min
  VAL 0.00%
  step  9500 | loss 0.344257 | lr 0.000781 | 3.0min
  step 10000 | loss 0.311579 | lr 0.000759 | 3.2min
  VAL 6.30%
  step 10500 | loss 0.290155 | lr 0.000736 | 3.3min
  step 11000 | loss 0.104479 | lr 0.000713 | 3.5min
  VAL 76.85%
  step 11500 | loss 0.084892 | lr 0.000688 | 3.6min
  step 12000 | loss 0.069605 | lr 0.000664 | 3.8min
  VAL 86.00%
  step 12500 | loss 0.063324 | lr 0.000638 | 3.9min
  step 13000 | loss 0.063956 | lr 0.000613 | 4.1min
  VAL 90.45%
  step 13500 | loss 0.052014 | lr 0.000587 | 4.3min
  step 14000 | loss 0.047913 | lr 0.000561 | 4.5min
  VAL 97.45%
  step 14500 | loss 0.041610 | lr 0.000534 | 4.6min
  step 15000 | loss 0.038836 | lr 0.000508 | 4.8min
  VAL 98.45%
  step 15500 | loss 0.035855 | lr 0.000481 | 4.9min
  step 16000 | loss 0.032912 | lr 0.000455 | 5.1min
  VAL 99.20%
  TEST 99.3800%
  *** New best: 99.3800% ***
  step 16500 | loss 0.031006 | lr 0.000429 | 5.3min
  step 17000 | loss 0.029039 | lr 0.000403 | 5.5min
  VAL 99.30%
  TEST 99.3700%
  step 17500 | loss 0.026468 | lr 0.000377 | 5.7min
  step 18000 | loss 0.026136 | lr 0.000352 | 5.9min
  VAL 99.60%
  TEST 99.3500%
  step 18500 | loss 0.023756 | lr 0.000327 | 6.1min
  step 19000 | loss 0.023109 | lr 0.000302 | 6.2min
  VAL 99.70%
  TEST 99.6400%
  *** New best: 99.6400% ***
  step 19500 | loss 0.022358 | lr 0.000278 | 6.4min
  step 20000 | loss 0.022227 | lr 0.000255 | 6.6min
  VAL 99.50%
  TEST 99.3100%
  step 20500 | loss 0.019264 | lr 0.000232 | 6.8min
  step 21000 | loss 0.020037 | lr 0.000210 | 6.9min
  VAL 99.55%
  TEST 99.5400%
  step 21500 | loss 0.018451 | lr 0.000189 | 7.1min
  step 22000 | loss 0.017490 | lr 0.000169 | 7.3min
  VAL 99.60%
  TEST 99.5600%
  step 22500 | loss 0.017051 | lr 0.000149 | 7.5min
  step 23000 | loss 0.017216 | lr 0.000131 | 7.6min
  VAL 99.55%
  TEST 99.3200%
  step 23500 | loss 0.015935 | lr 0.000114 | 7.8min
  step 24000 | loss 0.014980 | lr 0.000097 | 7.9min
  VAL 99.50%
  TEST 99.3800%
  step 24500 | loss 0.015151 | lr 0.000082 | 8.1min
  step 25000 | loss 0.014164 | lr 0.000068 | 8.2min
  VAL 99.50%
  TEST 99.4800%
  step 25500 | loss 0.013718 | lr 0.000056 | 8.4min
  step 26000 | loss 0.013148 | lr 0.000044 | 8.6min
  VAL 99.85%
  TEST 99.7000%
  *** New best: 99.7000% ***
  step 26500 | loss 0.012758 | lr 0.000034 | 8.8min
  step 27000 | loss 0.012843 | lr 0.000025 | 8.9min
  VAL 99.65%
  TEST 99.5100%
  step 27500 | loss 0.012053 | lr 0.000017 | 9.1min
  step 28000 | loss 0.012139 | lr 0.000011 | 9.2min
  VAL 99.85%
  TEST 99.6800%
  step 28500 | loss 0.012036 | lr 0.000006 | 9.5min
  step 29000 | loss 0.012389 | lr 0.000003 | 9.6min
  VAL 99.85%
  TEST 99.6800%
  step 29500 | loss 0.012341 | lr 0.000001 | 9.8min
  step 30000 | loss 0.011929 | lr 0.000000 | 9.9min
  VAL 99.85%
  TEST 99.6900%

Training complete in 10.0 minutes
Best test accuracy: 99.7000%
