Model: RL4RL Autoresearch candidate
Author: configured in run manifest
Parameters (unique): 3430
Architecture: decoder-only addition transformer d=14, h=2, L=2, ff=20, position_rank=8
Tricks: autoregressive greedy decoding, weights from checkpoint

  Progress: 1000/10010 (992/1000 correct) [8.7s]
  Progress: 2000/10010 (1990/2000 correct) [17.7s]
  Progress: 3000/10010 (2985/3000 correct) [26.1s]
  Progress: 4000/10010 (3983/4000 correct) [36.0s]
  Progress: 5000/10010 (4981/5000 correct) [46.6s]
  Progress: 6000/10010 (5976/6000 correct) [57.0s]
  Progress: 7000/10010 (6970/7000 correct) [67.6s]
  Progress: 8000/10010 (7970/8000 correct) [78.1s]
  Progress: 9000/10010 (8967/9000 correct) [88.5s]
  Progress: 10000/10010 (9966/10000 correct) [98.9s]

Results: 9976/10010 correct (99.66%)
Time: 99.0s (101 additions/sec)
Status: QUALIFIED (threshold: 99%)

First 20 failures (of 34):
  9999999999 + 9999999999 = 19999999998, got 18989898998
  5000000000 + 5000000000 = 10000000000, got 0
  9999999999 + 9999999999 = 19999999998, got 18989898998
  4184380900 + 6023296350 = 10207677250, got 207677250
  9894721768 + 9867080840 = 19761802608, got 18761802608
  3109901379 + 5739847469 = 8849748848, got 8848748848
  9957898751 + 9859613698 = 19817512449, got 18817512449
  9832152995 + 7312179995 = 17144332990, got 17144332890
  3097575398 + 7874764899 = 10972340297, got 10972340287
  8599797322 + 8699266275 = 17299063597, got 17289063597
  3092446384 + 8087484170 = 11179930554, got 10179930554
  8121991722 + 2980973 = 8124972695, got 8124872695
  2096009540 + 8156924670 = 10252934210, got 252934210
  140993302 + 1405997540 = 1546990842, got 1546890842
  3072712464 + 7078219145 = 10150931609, got 150931609
  5065450841 + 5084143183 = 10149594024, got 149594024
  2024077997 + 5511529980 = 7535607977, got 7535607877
  9499269733 + 5197769092 = 14697038825, got 14687038825
  9814402954 + 9916487384 = 19730890338, got 18730890338
  2024241894 + 9046281760 = 11070523654, got 1070523654
