Model: 5,056 parameters
Config: d=16, h=2, L=2, ff=32
Device: mps

Training for 30000 steps...
  step   500 | loss 1.498843 | lr 0.001000 | 0.1min
  step  1000 | loss 1.380640 | lr 0.000999 | 0.3min
  VAL 0.00%
  step  1500 | loss 1.324761 | lr 0.000996 | 0.4min
  step  2000 | loss 1.273297 | lr 0.000992 | 0.5min
  VAL 0.00%
  step  2500 | loss 0.937163 | lr 0.000987 | 0.6min
  step  3000 | loss 0.749208 | lr 0.000980 | 0.7min
  VAL 0.00%
  step  3500 | loss 0.671410 | lr 0.000972 | 0.9min
  step  4000 | loss 0.630757 | lr 0.000962 | 1.0min
  VAL 0.05%
  step  4500 | loss 0.605519 | lr 0.000951 | 1.1min
  step  5000 | loss 0.602119 | lr 0.000939 | 1.2min
  VAL 0.00%
  step  5500 | loss 0.599266 | lr 0.000926 | 1.3min
  step  6000 | loss 0.579171 | lr 0.000912 | 1.5min
  VAL 0.00%
  step  6500 | loss 0.571356 | lr 0.000896 | 1.6min
  step  7000 | loss 0.563717 | lr 0.000880 | 1.8min
  VAL 0.05%
  step  7500 | loss 0.552917 | lr 0.000862 | 17.0min
  step  8000 | loss 0.547031 | lr 0.000843 | 17.2min
  VAL 0.00%
  step  8500 | loss 0.547651 | lr 0.000823 | 17.3min
  step  9000 | loss 0.534862 | lr 0.000803 | 17.5min
  VAL 0.05%
  step  9500 | loss 0.533844 | lr 0.000781 | 17.8min
  step 10000 | loss 0.469785 | lr 0.000759 | 18.0min
  VAL 0.05%
  step 10500 | loss 0.425968 | lr 0.000736 | 18.1min
  step 11000 | loss 0.431946 | lr 0.000713 | 18.3min
  VAL 0.10%
  step 11500 | loss 0.424176 | lr 0.000688 | 18.5min
  step 12000 | loss 0.414177 | lr 0.000664 | 24.4min
  VAL 0.10%
  step 12500 | loss 0.397686 | lr 0.000638 | 24.5min
  step 13000 | loss 0.389745 | lr 0.000613 | 24.7min
  VAL 0.10%
  step 13500 | loss 0.392715 | lr 0.000587 | 24.8min
  step 14000 | loss 0.395378 | lr 0.000561 | 25.0min
  VAL 0.05%
  step 14500 | loss 0.383383 | lr 0.000534 | 36.5min
  step 15000 | loss 0.381094 | lr 0.000508 | 36.7min
  VAL 0.15%
  step 15500 | loss 0.377968 | lr 0.000481 | 36.9min
  step 16000 | loss 0.373752 | lr 0.000455 | 37.0min
  VAL 0.10%
  step 16500 | loss 0.371041 | lr 0.000429 | 37.2min
  step 17000 | loss 0.364698 | lr 0.000403 | 37.4min
  VAL 0.05%
  step 17500 | loss 0.355214 | lr 0.000377 | 37.5min
  step 18000 | loss 0.348827 | lr 0.000352 | 37.7min
  VAL 0.05%
  step 18500 | loss 0.353634 | lr 0.000327 | 37.9min
  step 19000 | loss 0.362677 | lr 0.000302 | 38.0min
  VAL 0.15%
  step 19500 | loss 0.359177 | lr 0.000278 | 38.2min
  step 20000 | loss 0.346149 | lr 0.000255 | 38.4min
  VAL 0.30%
  step 20500 | loss 0.335339 | lr 0.000232 | 38.6min
  step 21000 | loss 0.345612 | lr 0.000210 | 38.8min
  VAL 0.15%
  step 21500 | loss 0.336535 | lr 0.000189 | 39.0min
  step 22000 | loss 0.334261 | lr 0.000169 | 39.2min
  VAL 0.25%
  step 22500 | loss 0.348494 | lr 0.000149 | 39.4min
  step 23000 | loss 0.327984 | lr 0.000131 | 39.5min
  VAL 0.35%
  step 23500 | loss 0.323614 | lr 0.000114 | 39.7min
  step 24000 | loss 0.344110 | lr 0.000097 | 39.9min
  VAL 0.45%
  step 24500 | loss 0.342506 | lr 0.000082 | 40.0min
  step 25000 | loss 0.339822 | lr 0.000068 | 40.2min
  VAL 0.50%
  step 25500 | loss 0.335859 | lr 0.000056 | 40.4min
  step 26000 | loss 0.333344 | lr 0.000044 | 40.5min
  VAL 0.40%
  step 26500 | loss 0.331966 | lr 0.000034 | 40.7min
  step 27000 | loss 0.328020 | lr 0.000025 | 40.9min
  VAL 0.45%
  step 27500 | loss 0.327023 | lr 0.000017 | 41.1min
  step 28000 | loss 0.325302 | lr 0.000011 | 41.2min
  VAL 0.50%
  step 28500 | loss 0.325197 | lr 0.000006 | 41.6min
  step 29000 | loss 0.341218 | lr 0.000003 | 41.7min
  VAL 0.50%
  step 29500 | loss 0.333710 | lr 0.000001 | 41.9min
  step 30000 | loss 0.334063 | lr 0.000000 | 42.1min
  VAL 0.45%

Training complete in 42.1 minutes
Best test accuracy: 0.0000%
