Model: 2,676 parameters
Config: d=14, h=2, L=2, ff=19
Device: mps

Training for 75000 steps...
  step   500 | loss 1.799624 | lr 0.001000 | 0.1min
  step  1000 | loss 1.444100 | lr 0.000999 | 0.3min
  VAL 0.00%
  step  1500 | loss 1.384087 | lr 0.000998 | 0.4min
  step  2000 | loss 1.368426 | lr 0.000997 | 0.5min
  VAL 0.00%
  step  2500 | loss 1.354740 | lr 0.000995 | 0.6min
  step  3000 | loss 1.311620 | lr 0.000992 | 0.7min
  VAL 0.00%
  step  3500 | loss 1.324075 | lr 0.000989 | 0.9min
  step  4000 | loss 1.281870 | lr 0.000985 | 1.0min
  VAL 0.00%
  step  4500 | loss 1.190864 | lr 0.000981 | 1.1min
  step  5000 | loss 1.107766 | lr 0.000976 | 1.2min
  VAL 0.00%
  step  5500 | loss 1.004783 | lr 0.000970 | 1.3min
  step  6000 | loss 0.921113 | lr 0.000964 | 1.4min
  VAL 0.00%
  step  6500 | loss 0.870142 | lr 0.000958 | 1.5min
  step  7000 | loss 0.795163 | lr 0.000951 | 1.7min
  VAL 0.10%
  step  7500 | loss 0.701756 | lr 0.000944 | 1.8min
  step  8000 | loss 0.572387 | lr 0.000936 | 1.9min
  VAL 7.65%
  step  8500 | loss 0.491933 | lr 0.000927 | 2.0min
  step  9000 | loss 0.445791 | lr 0.000918 | 2.1min
  VAL 17.85%
  step  9500 | loss 0.365949 | lr 0.000909 | 2.3min
  step 10000 | loss 0.338700 | lr 0.000899 | 2.4min
  VAL 33.25%
  step 10500 | loss 0.310525 | lr 0.000889 | 2.5min
  step 11000 | loss 0.282856 | lr 0.000879 | 2.6min
  VAL 45.75%
  step 11500 | loss 0.283151 | lr 0.000868 | 2.7min
  step 12000 | loss 0.267913 | lr 0.000856 | 2.9min
  VAL 63.10%
  step 12500 | loss 0.274282 | lr 0.000844 | 3.0min
  step 13000 | loss 0.262349 | lr 0.000832 | 3.1min
  VAL 71.30%
  step 13500 | loss 0.268004 | lr 0.000820 | 3.2min
  step 14000 | loss 0.258377 | lr 0.000807 | 3.4min
  VAL 61.90%
  step 14500 | loss 0.263626 | lr 0.000794 | 3.5min
  step 15000 | loss 0.247780 | lr 0.000780 | 3.6min
  VAL 55.95%
  step 15500 | loss 0.259343 | lr 0.000767 | 3.8min
  step 16000 | loss 0.241191 | lr 0.000753 | 3.9min
  VAL 73.35%
  step 16500 | loss 0.248927 | lr 0.000739 | 4.0min
  step 17000 | loss 0.249847 | lr 0.000724 | 4.1min
  VAL 66.80%
  step 17500 | loss 0.239651 | lr 0.000709 | 4.2min
  step 18000 | loss 0.256961 | lr 0.000694 | 4.4min
  VAL 77.65%
  step 18500 | loss 0.249421 | lr 0.000679 | 4.5min
  step 19000 | loss 0.244587 | lr 0.000664 | 4.6min
  VAL 77.55%
  step 19500 | loss 0.232841 | lr 0.000649 | 4.7min
  step 20000 | loss 0.241461 | lr 0.000633 | 4.8min
  VAL 72.25%
  step 20500 | loss 0.243267 | lr 0.000618 | 5.0min
  step 21000 | loss 0.237562 | lr 0.000602 | 5.1min
  VAL 82.85%
  step 21500 | loss 0.239794 | lr 0.000586 | 5.2min
  step 22000 | loss 0.229061 | lr 0.000571 | 5.3min
  VAL 82.15%
  step 22500 | loss 0.232127 | lr 0.000555 | 5.4min
  step 23000 | loss 0.238431 | lr 0.000539 | 5.6min
  VAL 77.50%
  step 23500 | loss 0.232063 | lr 0.000523 | 5.7min
  step 24000 | loss 0.237001 | lr 0.000507 | 5.8min
  VAL 77.45%
  step 24500 | loss 0.229429 | lr 0.000492 | 5.9min
  step 25000 | loss 0.236991 | lr 0.000476 | 6.0min
  VAL 82.10%
  step 25500 | loss 0.232549 | lr 0.000460 | 6.2min
  step 26000 | loss 0.225663 | lr 0.000445 | 6.3min
  VAL 89.00%
  step 26500 | loss 0.218302 | lr 0.000430 | 6.4min
  step 27000 | loss 0.216686 | lr 0.000415 | 6.5min
  VAL 82.45%
  step 27500 | loss 0.216385 | lr 0.000400 | 6.7min
  step 28000 | loss 0.216224 | lr 0.000385 | 6.8min
  VAL 85.70%
  step 28500 | loss 0.203020 | lr 0.000370 | 6.9min
  step 29000 | loss 0.213724 | lr 0.000356 | 7.0min
  VAL 91.00%
  step 29500 | loss 0.213775 | lr 0.000342 | 7.2min
  step 30000 | loss 0.213772 | lr 0.000328 | 7.3min
  VAL 88.80%
  step 30500 | loss 0.205613 | lr 0.000314 | 7.4min
  step 31000 | loss 0.202263 | lr 0.000301 | 7.5min
  VAL 88.80%
  step 31500 | loss 0.193555 | lr 0.000288 | 7.6min
  step 32000 | loss 0.207596 | lr 0.000275 | 7.7min
  VAL 86.05%
  step 32500 | loss 0.192545 | lr 0.000263 | 7.9min
  step 33000 | loss 0.190318 | lr 0.000251 | 8.0min
  VAL 91.25%
  step 33500 | loss 0.189252 | lr 0.000239 | 8.1min
  step 34000 | loss 0.185331 | lr 0.000228 | 8.2min
  VAL 90.95%
  step 34500 | loss 0.174043 | lr 0.000217 | 8.4min
  step 35000 | loss 0.178027 | lr 0.000207 | 8.5min
  VAL 92.30%
  step 35500 | loss 0.174383 | lr 0.000197 | 8.6min
  step 36000 | loss 0.172756 | lr 0.000187 | 8.7min
  VAL 92.15%
  step 36500 | loss 0.169727 | lr 0.000178 | 8.9min
  step 37000 | loss 0.171783 | lr 0.000169 | 9.0min
  VAL 92.55%
  step 37500 | loss 0.165126 | lr 0.000161 | 9.1min
  step 38000 | loss 0.163203 | lr 0.000153 | 9.2min
  VAL 93.30%
  step 38500 | loss 0.159941 | lr 0.000146 | 9.4min
  step 39000 | loss 0.163774 | lr 0.000139 | 9.5min
  VAL 94.20%
  step 39500 | loss 0.154206 | lr 0.000133 | 9.6min
  step 40000 | loss 0.153497 | lr 0.000128 | 9.7min
  VAL 94.55%
  step 40500 | loss 0.154474 | lr 0.000122 | 9.8min
  step 41000 | loss 0.151459 | lr 0.000118 | 10.0min
  VAL 94.10%
  step 41500 | loss 0.148655 | lr 0.000114 | 10.1min
  step 42000 | loss 0.148823 | lr 0.000110 | 10.2min
  VAL 94.80%
  step 42500 | loss 0.144124 | lr 0.000107 | 10.3min
  step 43000 | loss 0.142570 | lr 0.000104 | 10.5min
  VAL 95.05%
  step 43500 | loss 0.138239 | lr 0.000102 | 10.6min
  step 44000 | loss 0.139056 | lr 0.000101 | 10.7min
  VAL 95.05%
  step 44500 | loss 0.135519 | lr 0.000100 | 10.8min
  step 45000 | loss 0.135350 | lr 0.000100 | 11.0min
  VAL 94.55%
  step 45500 | loss 0.135386 | lr 0.000100 | 11.1min
  step 46000 | loss 0.132765 | lr 0.000100 | 11.2min
  VAL 94.95%
  step 46500 | loss 0.132699 | lr 0.000100 | 11.3min
  step 47000 | loss 0.128048 | lr 0.000100 | 11.4min
  VAL 95.15%
  step 47500 | loss 0.128343 | lr 0.000100 | 11.6min
  step 48000 | loss 0.127788 | lr 0.000100 | 11.7min
  VAL 95.35%
  step 48500 | loss 0.130678 | lr 0.000100 | 11.8min
  step 49000 | loss 0.124344 | lr 0.000100 | 11.9min
  VAL 95.10%
  step 49500 | loss 0.123005 | lr 0.000100 | 12.1min
  step 50000 | loss 0.122524 | lr 0.000100 | 12.2min
  VAL 94.35%
  step 50500 | loss 0.119104 | lr 0.000100 | 12.3min
  step 51000 | loss 0.120139 | lr 0.000100 | 12.4min
  VAL 95.45%
  step 51500 | loss 0.117694 | lr 0.000100 | 12.5min
  step 52000 | loss 0.117415 | lr 0.000100 | 12.7min
  VAL 95.20%
  step 52500 | loss 0.117241 | lr 0.000100 | 12.8min
  step 53000 | loss 0.115009 | lr 0.000100 | 12.9min
  VAL 95.60%
  step 53500 | loss 0.111743 | lr 0.000100 | 13.0min
  step 54000 | loss 0.112597 | lr 0.000100 | 13.2min
  VAL 95.75%
  step 54500 | loss 0.110584 | lr 0.000100 | 13.3min
  step 55000 | loss 0.112882 | lr 0.000100 | 13.4min
  VAL 96.10%
  step 55500 | loss 0.110695 | lr 0.000100 | 13.5min
  step 56000 | loss 0.108639 | lr 0.000100 | 13.6min
  VAL 96.35%
  step 56500 | loss 0.108388 | lr 0.000100 | 13.7min
  step 57000 | loss 0.106027 | lr 0.000100 | 13.9min
  VAL 96.75%
  step 57500 | loss 0.106747 | lr 0.000100 | 14.0min
  step 58000 | loss 0.106649 | lr 0.000100 | 14.1min
  VAL 96.55%
  step 58500 | loss 0.106651 | lr 0.000100 | 14.2min
  step 59000 | loss 0.108932 | lr 0.000100 | 14.4min
  VAL 97.35%
  step 59500 | loss 0.103923 | lr 0.000100 | 14.5min
  step 60000 | loss 0.104297 | lr 0.000100 | 14.6min
  VAL 97.25%
  step 60500 | loss 0.102713 | lr 0.000100 | 14.7min
  step 61000 | loss 0.103116 | lr 0.000100 | 14.9min
  VAL 97.95%
  step 61500 | loss 0.100784 | lr 0.000100 | 15.0min
  step 62000 | loss 0.101445 | lr 0.000100 | 15.1min
  VAL 97.40%
  step 62500 | loss 0.101082 | lr 0.000100 | 15.2min
  step 63000 | loss 0.098641 | lr 0.000100 | 15.3min
  VAL 98.60%
  step 63500 | loss 0.099061 | lr 0.000100 | 15.5min
  step 64000 | loss 0.099353 | lr 0.000100 | 15.6min
  VAL 98.70%
  step 64500 | loss 0.099403 | lr 0.000100 | 15.7min
  step 65000 | loss 0.098903 | lr 0.000100 | 15.8min
  VAL 98.80%
  step 65500 | loss 0.096360 | lr 0.000100 | 15.9min
  step 66000 | loss 0.096552 | lr 0.000100 | 16.0min
  VAL 99.20%
  TEST 98.9100%
  *** New best: 98.9100% ***
  step 66500 | loss 0.096788 | lr 0.000100 | 16.2min
  step 67000 | loss 0.093709 | lr 0.000100 | 16.3min
  VAL 98.65%
  step 67500 | loss 0.099026 | lr 0.000100 | 16.5min
  step 68000 | loss 0.094797 | lr 0.000100 | 16.6min
  VAL 99.20%
  TEST 98.7000%
  step 68500 | loss 0.096795 | lr 0.000100 | 16.7min
  step 69000 | loss 0.094738 | lr 0.000100 | 16.8min
  VAL 98.95%
  step 69500 | loss 0.095298 | lr 0.000100 | 17.0min
  step 70000 | loss 0.092681 | lr 0.000100 | 17.1min
  VAL 99.55%
  TEST 99.1800%
  *** New best: 99.1800% ***
  step 70500 | loss 0.094825 | lr 0.000100 | 17.3min
  step 71000 | loss 0.095500 | lr 0.000100 | 17.3min
  VAL 99.15%
  TEST 98.5500%
  step 71500 | loss 0.094694 | lr 0.000100 | 17.5min
  step 72000 | loss 0.093432 | lr 0.000100 | 17.6min
  VAL 99.55%
  TEST 99.0900%
  step 72500 | loss 0.092099 | lr 0.000100 | 17.8min
  step 73000 | loss 0.091361 | lr 0.000100 | 17.9min
  VAL 99.65%
  TEST 99.2900%
  *** New best: 99.2900% ***
  step 73500 | loss 0.089461 | lr 0.000100 | 18.1min
  step 74000 | loss 0.089393 | lr 0.000100 | 18.2min
  VAL 99.40%
  TEST 99.1000%
  step 74500 | loss 0.090995 | lr 0.000100 | 18.4min
  step 75000 | loss 0.088219 | lr 0.000100 | 18.5min
  VAL 99.70%
  TEST 99.3500%
  *** New best: 99.3500% ***

Training complete in 18.5 minutes
Best test accuracy: 99.3500%
