Model: RL4RL Autoresearch candidate
Author: configured in run manifest
Parameters (unique): 2676
Architecture: decoder-only addition transformer d=14, h=2, L=2, ff=19, position_rank=3, tie_norms_across_layers=True, tie_attn_output_across_layers=True, tie_final_norm_to_pre_norm=True, no_norm_bias=True, factorized_positions=True, token_rank=4
Tricks: autoregressive greedy decoding, weights from checkpoint

  Progress: 1000/10010 (987/1000 correct) [7.0s]
  Progress: 2000/10010 (1983/2000 correct) [14.0s]
  Progress: 3000/10010 (2980/3000 correct) [21.1s]
  Progress: 4000/10010 (3975/4000 correct) [28.0s]
  Progress: 5000/10010 (4967/5000 correct) [35.1s]
  Progress: 6000/10010 (5957/6000 correct) [42.2s]
  Progress: 7000/10010 (6949/7000 correct) [49.2s]
  Progress: 8000/10010 (7946/8000 correct) [56.3s]
  Progress: 9000/10010 (8938/9000 correct) [63.3s]
  Progress: 10000/10010 (9936/10000 correct) [70.3s]

Results: 9946/10010 correct (99.36%)
Time: 70.4s (142 additions/sec)
Status: QUALIFIED (threshold: 99%)

First 20 failures (of 64):
  9999999999 + 1 = 10000000000, got 0
  9999999999 + 9999999999 = 19999999998, got 18888888888
  1111111111 + 8888888889 = 10000000000, got 10000000010
  9999999999 + 9999999999 = 19999999998, got 18888888888
  9773982893 + 9769054290 = 19543037183, got 18543037183
  9809325681 + 9732050258 = 19541375939, got 18541375939
  6399886150 + 1679699782 = 8079585932, got 8078585932
  1072386478 + 6024888770 = 7097275248, got 6097275248
  9894721768 + 9867080840 = 19761802608, got 18761802608
  3109901379 + 5739847469 = 8849748848, got 8848748848
  9957898751 + 9859613698 = 19817512449, got 18817512449
  7174588345 + 1141851719 = 8316440064, got 8316441064
  8282372149 + 2914319087 = 11196691236, got 11196690236
  1230409950 + 1257189941 = 2487599891, got 2487598891
  8549255188 + 1527181127 = 10076436315, got 11076436315
  6788363629 + 1522417762 = 8310781391, got 8320781391
  8599797322 + 8699266275 = 17299063597, got 17289063597
  9035118571 + 3031649771 = 12066768342, got 13066768342
  9785783910 + 9694358401 = 19480142311, got 18480142311
  140993302 + 1405997540 = 1546990842, got 1546890842
