Initialized from retained incumbent: /Users/utshaho/Documents/GitHub/rl4rl/data/raw/autoresearch/sol-xhigh-overnight-20260814/state/incumbent.pt
Model: 3,520 parameters
Config: d=16, h=2, L=2, ff=10
Device: mps

INITIAL VAL 1.00%

Fine-tuning for up to 10000 steps...
  step   500 | loss 0.597776 | lr 0.000100 | 0.2min
  VAL 45.65%
  step  1000 | loss 0.513349 | lr 0.000099 | 0.3min
  VAL 46.95%
  step  1500 | loss 0.467062 | lr 0.000096 | 0.4min
  VAL 48.25%
  step  2000 | loss 0.440949 | lr 0.000093 | 0.5min
  VAL 47.20%
  step  2500 | loss 0.404434 | lr 0.000088 | 0.6min
  VAL 46.60%
  step  3000 | loss 0.388996 | lr 0.000082 | 0.7min
  VAL 46.20%
  step  3500 | loss 0.372607 | lr 0.000075 | 0.8min
  VAL 46.20%
  step  4000 | loss 0.356029 | lr 0.000068 | 1.0min
  VAL 45.80%
  step  4500 | loss 0.350636 | lr 0.000060 | 1.0min
  VAL 45.70%
  step  5000 | loss 0.334372 | lr 0.000052 | 1.2min
  VAL 45.40%
  step  5500 | loss 0.329584 | lr 0.000044 | 1.3min
  VAL 46.80%
  step  6000 | loss 0.315482 | lr 0.000036 | 1.4min
  VAL 46.50%
  step  6500 | loss 0.316674 | lr 0.000029 | 1.5min
  VAL 49.30%
  step  7000 | loss 0.310594 | lr 0.000022 | 1.6min
  VAL 51.40%
  step  7500 | loss 0.304664 | lr 0.000016 | 1.7min
  VAL 55.75%
  step  8000 | loss 0.307832 | lr 0.000010 | 1.8min
  VAL 54.85%
  step  8500 | loss 0.301627 | lr 0.000006 | 1.9min
  VAL 57.45%
  step  9000 | loss 0.296757 | lr 0.000003 | 2.0min
  VAL 58.65%
  step  9500 | loss 0.298965 | lr 0.000001 | 2.1min
  VAL 59.45%
  step 10000 | loss 0.299312 | lr 0.000000 | 2.3min
  VAL 59.40%

Training complete in 2.3 minutes
Best test accuracy: 0.0000%
