Model: 5,056 parameters
Config: d=16, h=2, L=2, ff=32
Device: mps

Training for 15000 steps...
  step   500 | loss 1.386654 | lr 0.001000 | 0.2min
  step  1000 | loss 1.315748 | lr 0.000994 | 0.4min
  VAL 0.00%
  step  1500 | loss 0.995923 | lr 0.000984 | 0.6min
  step  2000 | loss 0.526124 | lr 0.000967 | 0.8min
  VAL 0.50%
  step  2500 | loss 0.250630 | lr 0.000946 | 1.0min
  step  3000 | loss 0.174840 | lr 0.000919 | 1.2min
  VAL 48.60%
  step  3500 | loss 0.118423 | lr 0.000888 | 1.4min
  step  4000 | loss 0.087826 | lr 0.000852 | 1.6min
  VAL 65.30%
  step  4500 | loss 0.063479 | lr 0.000812 | 1.7min
  step  5000 | loss 0.046727 | lr 0.000768 | 1.9min
  VAL 75.25%
  step  5500 | loss 0.038993 | lr 0.000722 | 2.1min
  step  6000 | loss 0.028919 | lr 0.000673 | 2.3min
  VAL 82.80%
  step  6500 | loss 0.026982 | lr 0.000622 | 2.4min
  step  7000 | loss 0.020413 | lr 0.000569 | 2.6min
  VAL 89.05%
  step  7500 | loss 0.016802 | lr 0.000516 | 2.7min
  step  8000 | loss 0.013950 | lr 0.000463 | 2.8min
  VAL 93.05%
  step  8500 | loss 0.010924 | lr 0.000410 | 2.9min
  step  9000 | loss 0.009170 | lr 0.000358 | 3.1min
  VAL 98.10%
  step  9500 | loss 0.007889 | lr 0.000307 | 3.2min
  step 10000 | loss 0.006619 | lr 0.000259 | 3.3min
  VAL 99.60%
  TEST 99.6700%
  *** New best: 99.6700% ***
  step 10500 | loss 0.005270 | lr 0.000214 | 3.5min
  step 11000 | loss 0.004151 | lr 0.000172 | 3.7min
  VAL 99.70%
  TEST 99.6000%
  step 11500 | loss 0.003529 | lr 0.000133 | 3.8min
  step 12000 | loss 0.003025 | lr 0.000099 | 3.9min
  VAL 99.85%
  TEST 99.9000%
  *** New best: 99.9000% ***
  step 12500 | loss 0.002659 | lr 0.000070 | 4.1min
  step 13000 | loss 0.002737 | lr 0.000045 | 4.3min
  VAL 100.00%
  TEST 100.0000%
  *** New best: 100.0000% ***
  step 13500 | loss 0.002643 | lr 0.000025 | 4.5min
  step 14000 | loss 0.002328 | lr 0.000011 | 4.6min
  VAL 100.00%
  TEST 99.9900%
  step 14500 | loss 0.002382 | lr 0.000003 | 4.8min
  step 15000 | loss 0.002245 | lr 0.000000 | 4.9min
  VAL 100.00%
  TEST 99.9900%

Training complete in 5.0 minutes
Best test accuracy: 100.0000%
