Model: RL4RL Autoresearch candidate
Author: configured in run manifest
Parameters (unique): 5056
Architecture: decoder-only addition transformer d=16, h=2, L=2, ff=32
Tricks: autoregressive greedy decoding, weights from checkpoint

  Progress: 1000/10010 (1000/1000 correct) [6.9s]
  Progress: 2000/10010 (1999/2000 correct) [13.7s]
  Progress: 3000/10010 (2999/3000 correct) [20.6s]
  Progress: 4000/10010 (3999/4000 correct) [27.4s]
  Progress: 5000/10010 (4999/5000 correct) [34.3s]
  Progress: 6000/10010 (5999/6000 correct) [41.3s]
  Progress: 7000/10010 (6999/7000 correct) [49.1s]
  Progress: 8000/10010 (7998/8000 correct) [57.9s]
  Progress: 9000/10010 (8998/9000 correct) [66.8s]
  Progress: 10000/10010 (9998/10000 correct) [75.6s]

Results: 10008/10010 correct (99.98%)
Time: 75.7s (132 additions/sec)
Status: QUALIFIED (threshold: 99%)

Failures (2):
  9081659111 + 9043816252 = 18125475363, got 8125475363
  9008090711 + 9014362921 = 18022453632, got 8022453632
