Model: 2,856 parameters
Config: d=14, h=2, L=2, ff=23
Device: mps

Training for 30000 steps...
  step   500 | loss 1.449680 | lr 0.001000 | 0.2min
  step  1000 | loss 1.383470 | lr 0.000999 | 0.3min
  VAL 0.00%
  step  1500 | loss 1.382895 | lr 0.000996 | 0.4min
  step  2000 | loss 1.367621 | lr 0.000992 | 0.6min
  VAL 0.00%
  step  2500 | loss 1.318127 | lr 0.000987 | 0.7min
  step  3000 | loss 1.333565 | lr 0.000980 | 0.9min
  VAL 0.00%
  step  3500 | loss 1.282094 | lr 0.000972 | 1.0min
  step  4000 | loss 1.238352 | lr 0.000962 | 1.2min
  VAL 0.00%
  step  4500 | loss 1.228580 | lr 0.000951 | 1.3min
  step  5000 | loss 1.195161 | lr 0.000939 | 1.4min
  VAL 0.00%
  step  5500 | loss 1.125237 | lr 0.000926 | 1.6min
  step  6000 | loss 0.695281 | lr 0.000912 | 1.7min
  VAL 0.00%
  step  6500 | loss 0.402022 | lr 0.000896 | 1.8min
  step  7000 | loss 0.302763 | lr 0.000880 | 2.0min
  VAL 1.85%
  step  7500 | loss 0.265275 | lr 0.000862 | 2.1min
  step  8000 | loss 0.137009 | lr 0.000843 | 2.2min
  VAL 27.85%
  step  8500 | loss 0.067679 | lr 0.000823 | 2.4min
  step  9000 | loss 0.042100 | lr 0.000803 | 2.5min
  VAL 63.50%
  step  9500 | loss 0.026413 | lr 0.000781 | 2.6min
  step 10000 | loss 0.019868 | lr 0.000759 | 2.8min
  VAL 81.20%
  step 10500 | loss 0.015563 | lr 0.000736 | 2.9min
  step 11000 | loss 0.010517 | lr 0.000713 | 3.0min
  VAL 91.10%
  step 11500 | loss 0.008247 | lr 0.000688 | 3.2min
  step 12000 | loss 0.004612 | lr 0.000664 | 3.3min
  VAL 96.55%
  step 12500 | loss 0.003306 | lr 0.000638 | 3.5min
  step 13000 | loss 0.002338 | lr 0.000613 | 3.6min
  VAL 98.75%
  step 13500 | loss 0.001673 | lr 0.000587 | 3.7min
  step 14000 | loss 0.001232 | lr 0.000561 | 3.9min
  VAL 98.70%
  step 14500 | loss 0.000793 | lr 0.000534 | 4.0min
  step 15000 | loss 0.001936 | lr 0.000508 | 4.2min
  VAL 98.70%
  step 15500 | loss 0.000548 | lr 0.000481 | 4.3min
  step 16000 | loss 0.000374 | lr 0.000455 | 4.5min
  VAL 100.00%
  TEST 99.8900%
  *** New best: 99.8900% ***
  step 16500 | loss 0.000303 | lr 0.000429 | 4.6min
  step 17000 | loss 0.000459 | lr 0.000403 | 4.8min
  VAL 99.50%
  TEST 99.2700%
  step 17500 | loss 0.000424 | lr 0.000377 | 5.0min
  step 18000 | loss 0.000365 | lr 0.000352 | 5.1min
  VAL 99.75%
  TEST 99.8200%
  step 18500 | loss 0.000167 | lr 0.000327 | 5.3min
  step 19000 | loss 0.000186 | lr 0.000302 | 5.4min
  VAL 99.90%
  TEST 99.9500%
  *** New best: 99.9500% ***
  step 19500 | loss 0.000142 | lr 0.000278 | 5.6min
  step 20000 | loss 0.000374 | lr 0.000255 | 5.8min
  VAL 99.85%
  TEST 99.8600%
  step 20500 | loss 0.000100 | lr 0.000232 | 6.0min
  step 21000 | loss 0.000138 | lr 0.000210 | 6.1min
  VAL 100.00%
  TEST 99.9600%
  *** New best: 99.9600% ***
  step 21500 | loss 0.000090 | lr 0.000189 | 6.3min
  step 22000 | loss 0.000070 | lr 0.000169 | 6.4min
  VAL 100.00%
  TEST 99.9800%
  *** New best: 99.9800% ***
  step 22500 | loss 0.000063 | lr 0.000149 | 6.6min
  step 23000 | loss 0.000098 | lr 0.000131 | 6.8min
  VAL 99.95%
  TEST 99.9000%
  step 23500 | loss 0.000058 | lr 0.000114 | 7.0min
  step 24000 | loss 0.000052 | lr 0.000097 | 7.1min
  VAL 99.60%
  TEST 99.6100%
  step 24500 | loss 0.000056 | lr 0.000082 | 7.3min
  step 25000 | loss 0.000040 | lr 0.000068 | 7.4min
  VAL 100.00%
  TEST 100.0000%
  *** New best: 100.0000% ***
  step 25500 | loss 0.000042 | lr 0.000056 | 7.6min
  step 26000 | loss 0.000035 | lr 0.000044 | 7.8min
  VAL 100.00%
  TEST 100.0000%
  step 26500 | loss 0.000035 | lr 0.000034 | 8.0min
  step 27000 | loss 0.000034 | lr 0.000025 | 8.2min
  VAL 100.00%
  TEST 100.0000%
  step 27500 | loss 0.000034 | lr 0.000017 | 8.4min
  step 28000 | loss 0.000041 | lr 0.000011 | 8.5min
  VAL 100.00%
  TEST 100.0000%
  step 28500 | loss 0.000033 | lr 0.000006 | 8.7min
  step 29000 | loss 0.000029 | lr 0.000003 | 8.9min
  VAL 100.00%
  TEST 100.0000%
  step 29500 | loss 0.000032 | lr 0.000001 | 9.1min
  step 30000 | loss 0.000032 | lr 0.000000 | 9.2min
  VAL 100.00%
  TEST 100.0000%

Training complete in 9.3 minutes
Best test accuracy: 100.0000%
