Model: RL4RL Autoresearch candidate
Author: configured in run manifest
Parameters (unique): 1582
Architecture: decoder-only addition transformer d=16, h=2, L=2, ff=16
Tricks: autoregressive greedy decoding, weights from checkpoint

  Progress: 1000/10010 (982/1000 correct) [6.9s]
  Progress: 2000/10010 (1974/2000 correct) [13.7s]
  Progress: 3000/10010 (2965/3000 correct) [20.2s]
  Progress: 4000/10010 (3958/4000 correct) [26.9s]
  Progress: 5000/10010 (4951/5000 correct) [33.6s]
  Progress: 6000/10010 (5944/6000 correct) [40.4s]
  Progress: 7000/10010 (6927/7000 correct) [47.3s]
  Progress: 8000/10010 (7918/8000 correct) [54.1s]
  Progress: 9000/10010 (8907/9000 correct) [61.1s]
  Progress: 10000/10010 (9900/10000 correct) [68.0s]

Results: 9910/10010 correct (99.00%)
Time: 68.1s (147 additions/sec)
Status: QUALIFIED (threshold: 99%)

First 20 failures (of 100):
  1822866090 + 4832899953 = 6655766043, got 6555766043
  7197773205 + 9077000387 = 16274773592, got 6274773592
  6509152292 + 9209120080 = 15718272372, got 15818272372
  6969938512 + 1800378914 = 8770317426, got 8670317426
  9229471617 + 9474184142 = 18703655759, got 17703655759
  9089267194 + 4171613667 = 13260880861, got 14260880861
  9802221894 + 7858087157 = 17660309051, got 17560309051
  1976493916 + 1906487771 = 3882981687, got 3782981687
  5468975900 + 1438734356 = 6907710256, got 5907710256
  2383813986 + 5194289640 = 7578103626, got 8578103626
  6832437373 + 3830048430 = 10662485803, got 10562485803
  2060434325 + 4050653496 = 6111087821, got 6011087821
  5909551252 + 6873659338 = 12783210590, got 12683210590
  1978347876 + 4802489172 = 6780837048, got 6680837048
  8922508953 + 8744108725 = 17666617678, got 27666617678
  9527466102 + 8003103222 = 17530569324, got 16530569324
  8953485676 + 8712760635 = 17666246311, got 27666246311
  6840669308 + 801434060 = 7642103368, got 7542103368
  4890126842 + 3800011500 = 8690138342, got 8590138342
  8608289211 + 6807338109 = 15415627320, got 14415627320
