Model: RL4RL Autoresearch candidate
Author: configured in run manifest
Parameters (unique): 2008
Architecture: decoder-only addition transformer d=16, h=2, L=2, ff=10, block1_ff=8, fixed_separators=True, tied_position_pairs=[[4, 15], [7, 18], [5, 16], [3, 14], [2, 13], [8, 19], [6, 17], [1, 12], [0, 11], [9, 20]], interpolated_positions=[23, 24, 25, 26, 27], qkv_pruned=40
Tricks: autoregressive greedy decoding, weights from checkpoint

  Progress: 1000/10010 (996/1000 correct) [4.4s]
  Progress: 2000/10010 (1993/2000 correct) [8.8s]
  Progress: 3000/10010 (2991/3000 correct) [13.1s]
  Progress: 4000/10010 (3990/4000 correct) [17.4s]
  Progress: 5000/10010 (4987/5000 correct) [21.8s]
  Progress: 6000/10010 (5986/6000 correct) [26.3s]
  Progress: 7000/10010 (6984/7000 correct) [30.7s]
  Progress: 8000/10010 (7982/8000 correct) [35.1s]
  Progress: 9000/10010 (8979/9000 correct) [39.5s]
  Progress: 10000/10010 (9977/10000 correct) [43.9s]

Results: 9987/10010 correct (99.77%)
Time: 44.0s (228 additions/sec)
Status: QUALIFIED (threshold: 99%)

First 20 failures (of 23):
  4504804686 + 9639218618 = 14144023304, got 14044023304
  522575479 + 8607633217 = 9130208696, got 9030208696
  2419324703 + 3516291980 = 5935616683, got 5835616683
  4501354141 + 9409669647 = 13911023788, got 13811023788
  2414276349 + 2517436867 = 4931713216, got 4831713216
  4624637094 + 517131976 = 5141769070, got 5041769070
  8619826738 + 4616944263 = 13236771001, got 13136771001
  6660112625 + 5142876686 = 11802989311, got 10802989311
  6502104084 + 3629980434 = 10132084518, got 10032084518
  1415015538 + 2519348781 = 3934364319, got 3834364319
  3669896045 + 5516370678 = 9186266723, got 9086266723
  5634381845 + 6168469548 = 11802851393, got 10802851393
  9402679499 + 9293095411 = 18695774910, got 19695774910
  9479323125 + 9453799615 = 18933122740, got 19933122740
  9611914057 + 7529885855 = 17141799912, got 17041799912
  1618177326 + 9562788083 = 11180965409, got 11080965409
  8663790250 + 5518332359 = 14182122609, got 14082122609
  5630600336 + 2509615267 = 8140215603, got 8040215603
  405989949 + 5525825456 = 5931815405, got 5831815405
  9516562991 + 9413390151 = 18929953142, got 19929953142
