Model: RL4RL Autoresearch candidate
Author: configured in run manifest
Parameters (unique): 1432
Architecture: decoder-only addition transformer d=16, h=2, L=2, ff=16
Tricks: autoregressive greedy decoding, weights from checkpoint

  Progress: 1000/10010 (991/1000 correct) [10.1s]
  Progress: 2000/10010 (1981/2000 correct) [18.8s]
  Progress: 3000/10010 (2977/3000 correct) [27.9s]
  Progress: 4000/10010 (3969/4000 correct) [39.1s]
  Progress: 5000/10010 (4961/5000 correct) [48.0s]
  Progress: 6000/10010 (5952/6000 correct) [56.6s]
  Progress: 7000/10010 (6938/7000 correct) [65.7s]
  Progress: 8000/10010 (7923/8000 correct) [75.1s]
  Progress: 9000/10010 (8912/9000 correct) [83.6s]
  Progress: 10000/10010 (9906/10000 correct) [91.8s]

Results: 9916/10010 correct (99.06%)
Time: 91.9s (109 additions/sec)
Status: QUALIFIED (threshold: 99%)

First 20 failures (of 94):
  7197773205 + 9077000387 = 16274773592, got 6274773592
  9229471617 + 9474184142 = 18703655759, got 17703655759
  5468975900 + 1438734356 = 6907710256, got 5907710256
  2383813986 + 5194289640 = 7578103626, got 8578103626
  1978347876 + 4802489172 = 6780837048, got 6680837048
  8953485676 + 8712760635 = 17666246311, got 27666246311
  9624214473 + 4329676626 = 13953891099, got 13953791099
  6840669308 + 801434060 = 7642103368, got 7542103368
  3971604760 + 6593147422 = 10564752182, got 10464752182
  4890126842 + 3800011500 = 8690138342, got 8590138342
  5603460909 + 6036423440 = 11639884349, got 1639884349
  3501935208 + 9726184827 = 13228120035, got 12228120035
  5068301911 + 2389048768 = 7457350679, got 8457350679
  2763076017 + 9267356007 = 12030432024, got 12030433024
  9093595501 + 9827769033 = 18921364534, got 17921364534
  3156085673 + 9095035109 = 12251120782, got 12241120782
  4852919719 + 6296009553 = 11148929272, got 11147929272
  7190183396 + 7497382532 = 14687565928, got 15687565928
  2194094483 + 6296971782 = 8491066265, got 9491066265
  4979903411 + 8570506424 = 13550409835, got 13450409835
