Model: RL4RL Autoresearch candidate
Author: configured in run manifest
Parameters (unique): 1935
Architecture: decoder-only addition transformer d=16, h=2, L=2, ff=10, block1_ff=8, fixed_separators=True, tied_position_pairs=[[4, 15], [7, 18], [5, 16], [3, 14], [2, 13], [8, 19], [6, 17], [1, 12], [0, 11], [9, 20]], interpolated_positions=[23, 24, 25, 26, 27], qkv_pruned=113
Tricks: autoregressive greedy decoding, weights from checkpoint

  Progress: 1000/10010 (1000/1000 correct) [4.4s]
  Progress: 2000/10010 (1998/2000 correct) [8.9s]
  Progress: 3000/10010 (2997/3000 correct) [13.3s]
  Progress: 4000/10010 (3996/4000 correct) [17.7s]
  Progress: 5000/10010 (4994/5000 correct) [22.1s]
  Progress: 6000/10010 (5992/6000 correct) [26.6s]
  Progress: 7000/10010 (6991/7000 correct) [31.1s]
  Progress: 8000/10010 (7991/8000 correct) [35.5s]
  Progress: 9000/10010 (8989/9000 correct) [40.0s]
  Progress: 10000/10010 (9988/10000 correct) [44.4s]

Results: 9998/10010 correct (99.88%)
Time: 44.5s (225 additions/sec)
Status: QUALIFIED (threshold: 99%)

Failures (12):
  2763076017 + 9267356007 = 12030432024, got 12530432024
  6765445328 + 1271516668 = 8036961996, got 8536961996
  9278473654 + 9413599947 = 18692073601, got 19692073601
  9217700662 + 9448597295 = 18666297957, got 19666297957
  9402679499 + 9293095411 = 18695774910, got 19695774910
  5760089229 + 7278678977 = 13038768206, got 13538768206
  1267455939 + 8766911568 = 10034367507, got 9534367507
  9479323125 + 9453799615 = 18933122740, got 19933122740
  274174937 + 2763226904 = 3037401841, got 3537401841
  2766313183 + 6270136608 = 9036449791, got 9536449791
  9201756155 + 9771972022 = 18973728177, got 19973728177
  9322270328 + 9340964837 = 18663235165, got 19663235165
