Initialized from retained incumbent: /Users/utshaho/Documents/GitHub/rl4rl/data/raw/autoresearch/sol-xhigh-overnight-20260814/state/incumbent.pt
Model: 4,288 parameters
Config: d=16, h=2, L=2, ff=20
Device: mps

INITIAL VAL 0.00%

Fine-tuning for up to 5000 steps...
  step   500 | loss 0.000544 | lr 0.000100 | 0.1min
  VAL 99.10%
  TEST 99.4500%
  *** New best: 99.4500% ***
  step  1000 | loss 0.000071 | lr 0.000095 | 0.3min
  VAL 99.95%
  TEST 99.9500%
  *** New best: 99.9500% ***
  step  1500 | loss 0.000047 | lr 0.000085 | 0.5min
  VAL 100.00%
  TEST 99.9800%
  *** New best: 99.9800% ***
  step  2000 | loss 0.000036 | lr 0.000071 | 0.6min
  VAL 100.00%
  TEST 99.9900%
  *** New best: 99.9900% ***
  step  2500 | loss 0.000030 | lr 0.000055 | 0.8min
  VAL 100.00%
  TEST 99.9900%
  step  3000 | loss 0.000025 | lr 0.000038 | 1.0min
  VAL 100.00%
  TEST 99.9900%
  step  3500 | loss 0.000023 | lr 0.000023 | 1.1min
  VAL 100.00%
  TEST 99.9900%
  step  4000 | loss 0.000021 | lr 0.000011 | 1.3min
  VAL 100.00%
  TEST 100.0000%
  *** New best: 100.0000% ***
Fine-tuned candidate reached the early-stop target.
