Initialized from retained incumbent: /Users/utshaho/Documents/GitHub/rl4rl/data/raw/autoresearch/sol-xhigh-overnight-20260814/state/incumbent.pt
Model: 2,288 parameters
Config: d=16, h=2, L=2, ff=10
Device: mps

INITIAL VAL 0.35%

Fine-tuning for up to 10000 steps...
  step   500 | loss 0.456083 | lr 0.000100 | 0.1min
  VAL 2.40%
  step  1000 | loss 0.364333 | lr 0.000099 | 0.2min
  VAL 4.05%
  step  1500 | loss 0.352866 | lr 0.000096 | 0.3min
  VAL 4.50%
  step  2000 | loss 0.346840 | lr 0.000093 | 0.4min
  VAL 5.25%
  step  2500 | loss 0.341582 | lr 0.000088 | 0.5min
  VAL 4.95%
  step  3000 | loss 0.339198 | lr 0.000082 | 0.6min
  VAL 4.90%
  step  3500 | loss 0.335655 | lr 0.000075 | 0.7min
  VAL 4.95%
  step  4000 | loss 0.338321 | lr 0.000068 | 0.8min
  VAL 5.30%
  step  4500 | loss 0.335327 | lr 0.000060 | 0.9min
  VAL 5.40%
  step  5000 | loss 0.337880 | lr 0.000052 | 1.0min
  VAL 6.05%
  step  5500 | loss 0.331571 | lr 0.000044 | 1.1min
  VAL 5.35%
  step  6000 | loss 0.329877 | lr 0.000036 | 1.2min
  VAL 6.25%
  step  6500 | loss 0.333176 | lr 0.000029 | 1.3min
  VAL 6.00%
  step  7000 | loss 0.334692 | lr 0.000022 | 1.4min
  VAL 5.55%
  step  7500 | loss 0.333265 | lr 0.000016 | 1.4min
  VAL 6.15%
  step  8000 | loss 0.329089 | lr 0.000010 | 1.6min
  VAL 6.25%
  step  8500 | loss 0.329272 | lr 0.000006 | 1.6min
  VAL 6.15%
  step  9000 | loss 0.332748 | lr 0.000003 | 1.7min
  VAL 6.10%
  step  9500 | loss 0.328752 | lr 0.000001 | 1.8min
  VAL 6.20%
  step 10000 | loss 0.333418 | lr 0.000000 | 1.9min
  VAL 5.90%

Training complete in 1.9 minutes
Best test accuracy: 0.0000%
