Model: RL4RL Autoresearch candidate
Author: configured in run manifest
Parameters (unique): 2009
Architecture: decoder-only addition transformer d=16, h=2, L=2, ff=10, block1_ff=8, fixed_separators=True, tied_position_pairs=[[4, 15], [7, 18], [5, 16], [3, 14], [2, 13], [8, 19], [6, 17], [1, 12], [0, 11], [9, 20]], interpolated_positions=[23, 24, 25, 26, 27], qkv_pruned=39
Tricks: autoregressive greedy decoding, weights from checkpoint

  Progress: 1000/10010 (995/1000 correct) [4.3s]
  Progress: 2000/10010 (1991/2000 correct) [8.7s]
  Progress: 3000/10010 (2990/3000 correct) [13.1s]
  Progress: 4000/10010 (3987/4000 correct) [17.4s]
  Progress: 5000/10010 (4983/5000 correct) [21.8s]
  Progress: 6000/10010 (5981/6000 correct) [26.3s]
  Progress: 7000/10010 (6979/7000 correct) [30.6s]
  Progress: 8000/10010 (7977/8000 correct) [35.1s]
  Progress: 9000/10010 (8974/9000 correct) [39.4s]
  Progress: 10000/10010 (9971/10000 correct) [43.9s]

Results: 9981/10010 correct (99.71%)
Time: 43.9s (228 additions/sec)
Status: QUALIFIED (threshold: 99%)

First 20 failures (of 29):
  6785680981 + 6097908899 = 12883589880, got 11883589880
  6198100021 + 4922017534 = 11120117555, got 10120117555
  2419324703 + 3516291980 = 5935616683, got 5835616683
  4501354141 + 9409669647 = 13911023788, got 13811023788
  6116232171 + 6692893101 = 12809125272, got 11809125272
  2414276349 + 2517436867 = 4931713216, got 4831713216
  4624637094 + 517131976 = 5141769070, got 5041769070
  6047119139 + 5060676488 = 11107795627, got 10107795627
  5199705329 + 6225705022 = 11425410351, got 10425410351
  6660112625 + 5142876686 = 11802989311, got 10802989311
  6220808416 + 5189773965 = 11410582381, got 10410582381
  1415015538 + 2519348781 = 3934364319, got 3834364319
  6194898600 + 6145852101 = 12340750701, got 11340750701
  3669896045 + 5516370678 = 9186266723, got 9086266723
  8191852004 + 7194996854 = 15386848858, got 15396848858
  4170940245 + 9199294247 = 13370234492, got 12370234492
  5634381845 + 6168469548 = 11802851393, got 10802851393
  8918493315 + 4192479048 = 13110972363, got 12110972363
  6191308326 + 5653373749 = 11844682075, got 10844682075
  9611914057 + 7529885855 = 17141799912, got 17041799912
