Model: 5,520 parameters
Config: d=16, h=2, L=2, ff=48
Device: mps

Training for 30000 steps...
  step   500 | loss 1.385321 | lr 0.001000 | 0.1min
  step  1000 | loss 1.346826 | lr 0.000999 | 0.3min
  VAL 0.00%
  step  1500 | loss 1.278134 | lr 0.000996 | 0.4min
  step  2000 | loss 1.311223 | lr 0.000992 | 0.5min
  VAL 0.00%
  step  2500 | loss 1.289556 | lr 0.000987 | 0.6min
  step  3000 | loss 1.281683 | lr 0.000980 | 0.7min
  VAL 0.00%
  step  3500 | loss 1.282143 | lr 0.000972 | 0.8min
  step  4000 | loss 1.227094 | lr 0.000962 | 0.9min
  VAL 0.00%
  step  4500 | loss 1.200567 | lr 0.000951 | 1.0min
  step  5000 | loss 1.191790 | lr 0.000939 | 1.2min
  VAL 0.00%
  step  5500 | loss 1.181141 | lr 0.000926 | 1.3min
  step  6000 | loss 1.125931 | lr 0.000912 | 1.4min
  VAL 0.00%
  step  6500 | loss 1.096864 | lr 0.000896 | 1.5min
  step  7000 | loss 1.089360 | lr 0.000880 | 1.6min
  VAL 0.00%
  step  7500 | loss 1.042934 | lr 0.000862 | 1.7min
  step  8000 | loss 1.067608 | lr 0.000843 | 1.9min
  VAL 0.00%
  step  8500 | loss 0.984381 | lr 0.000823 | 2.3min
  step  9000 | loss 0.983478 | lr 0.000803 | 2.4min
  VAL 0.00%
  step  9500 | loss 0.980469 | lr 0.000781 | 2.5min
  step 10000 | loss 0.942430 | lr 0.000759 | 2.7min
  VAL 0.00%
  step 10500 | loss 0.909562 | lr 0.000736 | 2.8min
  step 11000 | loss 0.927207 | lr 0.000713 | 2.9min
  VAL 0.00%
  step 11500 | loss 0.888646 | lr 0.000688 | 3.0min
  step 12000 | loss 0.818149 | lr 0.000664 | 3.7min
  VAL 0.00%
  step 12500 | loss 0.767918 | lr 0.000638 | 18.8min
  step 13000 | loss 0.638586 | lr 0.000613 | 18.9min
  VAL 0.00%
  step 13500 | loss 0.604310 | lr 0.000587 | 19.0min
  step 14000 | loss 0.571660 | lr 0.000561 | 19.2min
  VAL 0.00%
  step 14500 | loss 0.557793 | lr 0.000534 | 19.3min
  step 15000 | loss 0.550328 | lr 0.000508 | 19.4min
  VAL 0.10%
  step 15500 | loss 0.490905 | lr 0.000481 | 19.5min
  step 16000 | loss 0.427798 | lr 0.000455 | 20.2min
  VAL 0.80%
  step 16500 | loss 0.368837 | lr 0.000429 | 20.3min
  step 17000 | loss 0.255008 | lr 0.000403 | 20.4min
  VAL 5.30%
  step 17500 | loss 0.237386 | lr 0.000377 | 20.5min
  step 18000 | loss 0.230169 | lr 0.000352 | 21.9min
  VAL 6.95%
  step 18500 | loss 0.223024 | lr 0.000327 | 22.1min
  step 19000 | loss 0.217545 | lr 0.000302 | 22.2min
  VAL 8.95%
  step 19500 | loss 0.214640 | lr 0.000278 | 22.3min
  step 20000 | loss 0.211167 | lr 0.000255 | 22.4min
  VAL 9.15%
  step 20500 | loss 0.210029 | lr 0.000232 | 22.5min
  step 21000 | loss 0.206422 | lr 0.000210 | 22.6min
  VAL 9.80%
  step 21500 | loss 0.205761 | lr 0.000189 | 23.0min
  step 22000 | loss 0.204027 | lr 0.000169 | 23.1min
  VAL 9.55%
  step 22500 | loss 0.205122 | lr 0.000149 | 23.2min
  step 23000 | loss 0.203527 | lr 0.000131 | 23.3min
  VAL 9.20%
  step 23500 | loss 0.202816 | lr 0.000114 | 23.5min
  step 24000 | loss 0.201526 | lr 0.000097 | 23.6min
  VAL 10.00%
  step 24500 | loss 0.201755 | lr 0.000082 | 23.7min
  step 25000 | loss 0.200528 | lr 0.000068 | 24.1min
  VAL 9.65%
  step 25500 | loss 0.199849 | lr 0.000056 | 24.3min
  step 26000 | loss 0.199009 | lr 0.000044 | 24.4min
  VAL 10.45%
  step 26500 | loss 0.199098 | lr 0.000034 | 24.5min
  step 27000 | loss 0.198580 | lr 0.000025 | 24.6min
  VAL 10.35%
  step 27500 | loss 0.198474 | lr 0.000017 | 25.1min
  step 28000 | loss 0.198610 | lr 0.000011 | 25.2min
  VAL 10.05%
  step 28500 | loss 0.198340 | lr 0.000006 | 25.3min
  step 29000 | loss 0.198135 | lr 0.000003 | 25.4min
  VAL 10.85%
  step 29500 | loss 0.198375 | lr 0.000001 | 25.5min
  step 30000 | loss 0.198038 | lr 0.000000 | 25.6min
  VAL 10.80%

Training complete in 25.7 minutes
Best test accuracy: 0.0000%
