Model: RL4RL Autoresearch candidate
Author: configured in run manifest
Parameters (unique): 1865
Architecture: decoder-only addition transformer d=16, h=2, L=2, ff=10, block1_ff=8, fixed_separators=True, tied_position_pairs=[[4, 15], [7, 18], [5, 16], [3, 14], [2, 13], [8, 19], [6, 17], [1, 12], [0, 11], [9, 20]], interpolated_positions=[23, 24, 25, 26, 27], qkv_pruned=183
Tricks: autoregressive greedy decoding, weights from checkpoint

  Progress: 1000/10010 (997/1000 correct) [4.1s]
  Progress: 2000/10010 (1994/2000 correct) [8.4s]
  Progress: 3000/10010 (2989/3000 correct) [12.8s]
  Progress: 4000/10010 (3987/4000 correct) [17.3s]
  Progress: 5000/10010 (4985/5000 correct) [22.0s]
  Progress: 6000/10010 (5981/6000 correct) [26.6s]
  Progress: 7000/10010 (6980/7000 correct) [31.0s]
  Progress: 8000/10010 (7976/8000 correct) [35.5s]
  Progress: 9000/10010 (8972/9000 correct) [39.9s]
  Progress: 10000/10010 (9969/10000 correct) [44.3s]

Results: 9979/10010 correct (99.69%)
Time: 44.4s (226 additions/sec)
Status: QUALIFIED (threshold: 99%)

First 20 failures (of 31):
  2540728468 + 2766259025 = 5306987493, got 4306987493
  6780533471 + 5090190326 = 11870723797, got 10870723797
  5893580437 + 6075034739 = 11968615176, got 10968615176
  2306218232 + 2770008487 = 5076226719, got 4076226719
  2768988876 + 2639699150 = 5408688026, got 4408688026
  6047119139 + 5060676488 = 11107795627, got 10107795627
  2428350713 + 2613940027 = 5042290740, got 4042290740
  5073074988 + 6351264488 = 11424339476, got 10424339476
  6660112625 + 5142876686 = 11802989311, got 10802989311
  6081827802 + 5355690034 = 11437517836, got 10437517836
  6518372034 + 5016292194 = 11534664228, got 10534664228
  6220808416 + 5189773965 = 11410582381, got 10410582381
  6034185843 + 5879550316 = 11913736159, got 10913736159
  5634381845 + 6168469548 = 11802851393, got 10802851393
  6778965909 + 5155798510 = 11934764419, got 10934764419
  2729596844 + 2315812265 = 5045409109, got 4045409109
  6005893433 + 5803299494 = 11809192927, got 10809192927
  2828982940 + 2171822219 = 5000805159, got 4000805159
  2597748763 + 2430595917 = 5028344680, got 4028344680
  6783914258 + 5146864684 = 11930778942, got 10930778942
