Initialized from retained incumbent: /Users/utshaho/Documents/GitHub/rl4rl/data/raw/autoresearch/sol-xhigh-overnight-20260814/state/incumbent.pt
Model: 3,568 parameters
Config: d=16, h=2, L=2, ff=9
Device: mps

INITIAL VAL 0.00%

Fine-tuning for up to 10000 steps...
  step   500 | loss 1.842243 | lr 0.000100 | 0.2min
  VAL 0.00%
  step  1000 | loss 1.338724 | lr 0.000099 | 0.3min
  VAL 0.00%
  step  1500 | loss 1.024148 | lr 0.000096 | 0.4min
  VAL 0.00%
  step  2000 | loss 0.788872 | lr 0.000093 | 0.5min
  VAL 0.00%
  step  2500 | loss 0.583699 | lr 0.000088 | 0.6min
  VAL 0.05%
  step  3000 | loss 0.472651 | lr 0.000082 | 0.8min
  VAL 0.05%
  step  3500 | loss 0.415774 | lr 0.000075 | 0.9min
  VAL 0.10%
  step  4000 | loss 0.409700 | lr 0.000068 | 1.0min
  VAL 0.25%
  step  4500 | loss 0.351748 | lr 0.000060 | 1.1min
  VAL 0.30%
  step  5000 | loss 0.353694 | lr 0.000052 | 1.3min
  VAL 0.60%
  step  5500 | loss 0.249759 | lr 0.000044 | 1.4min
  VAL 2.80%
  step  6000 | loss 0.183612 | lr 0.000036 | 1.5min
  VAL 4.95%
  step  6500 | loss 0.171559 | lr 0.000029 | 1.6min
  VAL 6.85%
  step  7000 | loss 0.148341 | lr 0.000022 | 1.8min
  VAL 7.85%
  step  7500 | loss 0.152948 | lr 0.000016 | 1.9min
  VAL 8.90%
  step  8000 | loss 0.130270 | lr 0.000010 | 2.0min
  VAL 10.30%
  step  8500 | loss 0.149150 | lr 0.000006 | 2.1min
  VAL 10.50%
  step  9000 | loss 0.130080 | lr 0.000003 | 2.3min
  VAL 11.10%
  step  9500 | loss 0.115971 | lr 0.000001 | 2.4min
  VAL 11.30%
  step 10000 | loss 0.119176 | lr 0.000000 | 2.6min
  VAL 11.40%

Training complete in 2.6 minutes
Best test accuracy: 0.0000%
