Model: RL4RL Autoresearch candidate
Author: configured in run manifest
Parameters (unique): 1686
Architecture: decoder-only addition transformer d=16, h=2, L=2, ff=16
Tricks: autoregressive greedy decoding, weights from checkpoint

  Progress: 1000/10010 (14/1000 correct) [7.1s]
  Progress: 2000/10010 (22/2000 correct) [13.9s]
  Progress: 3000/10010 (29/3000 correct) [20.3s]
  Progress: 4000/10010 (34/4000 correct) [27.1s]
  Progress: 5000/10010 (38/5000 correct) [33.9s]
  Progress: 6000/10010 (48/6000 correct) [40.9s]
  Progress: 7000/10010 (52/7000 correct) [47.6s]
  Progress: 8000/10010 (61/8000 correct) [54.1s]
  Progress: 9000/10010 (70/9000 correct) [60.9s]
  Progress: 10000/10010 (77/10000 correct) [67.7s]

Results: 77/10010 correct (0.77%)
Time: 67.7s (148 additions/sec)
Status: NOT QUALIFIED (threshold: 99%)

First 20 failures (of 9933):
  9999999999 + 1 = 10000000000, got 9999999999
  9999999999 + 9999999999 = 19999999998, got 18999999998
  5000000000 + 5000000000 = 10000000000, got 0
  1111111111 + 8888888889 = 10000000000, got 9989000999
  1234567890 + 9876543210 = 11111111100, got 11112111110
  9999999999 + 9999999999 = 19999999998, got 18999999998
  1 + 9999999999 = 10000000000, got 9999999999
  2395527356 + 9334186774 = 11729714130, got 10840824140
  4296888873 + 8475224721 = 12772113594, got 13673123594
  2446880696 + 4577514554 = 7024395250, got 7033506260
  1721735679 + 186192860 = 1907928539, got 91897931539
  3295396137 + 8512642381 = 11808038518, got 11708138617
  4721664841 + 8801376086 = 13523040927, got 24513141027
  8709633390 + 2191376109 = 10901009499, got 10800019399
  813236058 + 3041824170 = 3855060228, got 92815060328
  7038162399 + 8251837442 = 15289999841, got 26299010050
  3917771074 + 2558389380 = 6476160454, got 6466261254
  2345623234 + 894115330 = 3239738564, got 93250839474
  9635552803 + 139097711 = 9774650514, got 9784661514
  3369214745 + 1580376784 = 4949591529, got 95049501529
