Model: 4,544 parameters
Config: d=16, h=2, L=2, ff=24
Device: mps

Training for 30000 steps...
  step   500 | loss 1.507897 | lr 0.001000 | 0.2min
  step  1000 | loss 1.390154 | lr 0.000999 | 0.3min
  VAL 0.00%
  step  1500 | loss 1.371623 | lr 0.000996 | 0.5min
  step  2000 | loss 1.331458 | lr 0.000992 | 0.6min
  VAL 0.00%
  step  2500 | loss 1.201846 | lr 0.000987 | 0.7min
  step  3000 | loss 0.538088 | lr 0.000980 | 0.9min
  VAL 0.25%
  step  3500 | loss 0.206749 | lr 0.000972 | 1.0min
  step  4000 | loss 0.137879 | lr 0.000962 | 1.1min
  VAL 62.10%
  step  4500 | loss 0.090013 | lr 0.000951 | 1.3min
  step  5000 | loss 0.071039 | lr 0.000939 | 1.4min
  VAL 77.10%
  step  5500 | loss 0.058126 | lr 0.000926 | 1.6min
  step  6000 | loss 0.043946 | lr 0.000912 | 1.7min
  VAL 85.15%
  step  6500 | loss 0.032034 | lr 0.000896 | 1.8min
  step  7000 | loss 0.024032 | lr 0.000880 | 2.0min
  VAL 91.30%
  step  7500 | loss 0.017539 | lr 0.000862 | 2.1min
  step  8000 | loss 0.015535 | lr 0.000843 | 2.2min
  VAL 95.05%
  step  8500 | loss 0.020402 | lr 0.000823 | 2.4min
  step  9000 | loss 0.012653 | lr 0.000803 | 2.5min
  VAL 95.00%
  step  9500 | loss 0.012698 | lr 0.000781 | 2.7min
  step 10000 | loss 0.010276 | lr 0.000759 | 2.8min
  VAL 94.80%
  step 10500 | loss 0.009206 | lr 0.000736 | 2.9min
  step 11000 | loss 0.008414 | lr 0.000713 | 3.1min
  VAL 97.40%
  step 11500 | loss 0.009009 | lr 0.000688 | 3.2min
  step 12000 | loss 0.007594 | lr 0.000664 | 3.3min
  VAL 98.25%
  step 12500 | loss 0.007144 | lr 0.000638 | 3.5min
  step 13000 | loss 0.006528 | lr 0.000613 | 3.6min
  VAL 97.80%
  step 13500 | loss 0.006729 | lr 0.000587 | 3.7min
  step 14000 | loss 0.005743 | lr 0.000561 | 3.9min
  VAL 98.40%
  step 14500 | loss 0.005156 | lr 0.000534 | 4.0min
  step 15000 | loss 0.004597 | lr 0.000508 | 4.2min
  VAL 98.75%
  step 15500 | loss 0.004251 | lr 0.000481 | 4.3min
  step 16000 | loss 0.003347 | lr 0.000455 | 4.4min
  VAL 98.90%
  step 16500 | loss 0.002820 | lr 0.000429 | 4.6min
  step 17000 | loss 0.002402 | lr 0.000403 | 4.7min
  VAL 99.70%
  TEST 99.6600%
  *** New best: 99.6600% ***
  step 17500 | loss 0.002072 | lr 0.000377 | 4.9min
  step 18000 | loss 0.001602 | lr 0.000352 | 5.1min
  VAL 99.55%
  TEST 99.5400%
  step 18500 | loss 0.001542 | lr 0.000327 | 5.2min
  step 19000 | loss 0.001213 | lr 0.000302 | 5.4min
  VAL 99.80%
  TEST 99.6900%
  *** New best: 99.6900% ***
  step 19500 | loss 0.001164 | lr 0.000278 | 5.5min
  step 20000 | loss 0.000998 | lr 0.000255 | 5.7min
  VAL 100.00%
  TEST 99.9300%
  *** New best: 99.9300% ***
  step 20500 | loss 0.000963 | lr 0.000232 | 5.9min
  step 21000 | loss 0.000747 | lr 0.000210 | 6.0min
  VAL 100.00%
  TEST 99.8500%
  step 21500 | loss 0.000728 | lr 0.000189 | 6.3min
  step 22000 | loss 0.000629 | lr 0.000169 | 6.4min
  VAL 99.95%
  TEST 99.8900%
  step 22500 | loss 0.000571 | lr 0.000149 | 6.6min
  step 23000 | loss 0.000463 | lr 0.000131 | 6.7min
  VAL 100.00%
  TEST 99.9500%
  *** New best: 99.9500% ***
  step 23500 | loss 0.000458 | lr 0.000114 | 6.9min
  step 24000 | loss 0.000428 | lr 0.000097 | 7.0min
  VAL 100.00%
  TEST 99.9200%
  step 24500 | loss 0.000368 | lr 0.000082 | 7.2min
  step 25000 | loss 0.000333 | lr 0.000068 | 7.3min
  VAL 100.00%
  TEST 99.9800%
  *** New best: 99.9800% ***
  step 25500 | loss 0.000313 | lr 0.000056 | 7.5min
  step 26000 | loss 0.000295 | lr 0.000044 | 7.6min
  VAL 100.00%
  TEST 99.9800%
  step 26500 | loss 0.000282 | lr 0.000034 | 7.8min
  step 27000 | loss 0.000253 | lr 0.000025 | 8.0min
  VAL 100.00%
  TEST 99.9800%
  step 27500 | loss 0.000246 | lr 0.000017 | 8.2min
  step 28000 | loss 0.000252 | lr 0.000011 | 8.3min
  VAL 100.00%
  TEST 99.9800%
  step 28500 | loss 0.000241 | lr 0.000006 | 8.5min
  step 29000 | loss 0.000238 | lr 0.000003 | 8.6min
  VAL 100.00%
  TEST 99.9800%
  step 29500 | loss 0.000241 | lr 0.000001 | 8.8min
  step 30000 | loss 0.000239 | lr 0.000000 | 8.9min
  VAL 100.00%
  TEST 99.9800%

Training complete in 9.0 minutes
Best test accuracy: 99.9800%
