Model: RL4RL Autoresearch candidate
Author: configured in run manifest
Parameters (unique): 4544
Architecture: decoder-only addition transformer d=16, h=2, L=2, ff=24
Tricks: autoregressive greedy decoding, weights from checkpoint

  Progress: 1000/10010 (1000/1000 correct) [6.9s]
  Progress: 2000/10010 (2000/2000 correct) [14.9s]
  Progress: 3000/10010 (2999/3000 correct) [23.4s]
  Progress: 4000/10010 (3999/4000 correct) [32.0s]
  Progress: 5000/10010 (4999/5000 correct) [40.5s]
  Progress: 6000/10010 (5999/6000 correct) [49.0s]
  Progress: 7000/10010 (6999/7000 correct) [57.5s]
  Progress: 8000/10010 (7999/8000 correct) [66.0s]
  Progress: 9000/10010 (8999/9000 correct) [74.6s]
  Progress: 10000/10010 (9999/10000 correct) [83.1s]

Results: 10009/10010 correct (99.99%)
Time: 83.2s (120 additions/sec)
Status: QUALIFIED (threshold: 99%)

Failures (1):
  7031074082 + 3112768751 = 10143842833, got 143842833
